
> trade-exportscore-plp@6.27.2 pretest
> npm run test:lint


> trade-exportscore-plp@6.27.2 test:lint
> prettier . --write

[90m.azuredevops/build.yaml[39m 28ms (unchanged)
[90m.azuredevops/diMigrate.yaml[39m 9ms (unchanged)
[90m.azuredevops/scripts/diMigrate.js[39m 55ms (unchanged)
[90m.azuredevops/templates/di-migrate-template.yml[39m 9ms (unchanged)
[90m.pre-commit-config.yaml[39m 2ms (unchanged)
[90m.spec/coo/AB591514-asda3-coo-validation-implementation.md[39m 117ms (unchanged)
[90m.spec/coo/AB591514-asda3-coo-validation-spec.md[39m 36ms (unchanged)
[90m.spec/coo/AB591516-bandm-coo-validation-spec.md[39m 32ms (unchanged)
[90m.spec/coo/AB591527-giovanni1-coo-validation-implementation.md[39m 43ms (unchanged)
[90m.spec/coo/AB591527-giovanni1-coo-validation-spec.md[39m 19ms (unchanged)
[90m.spec/coo/AB591532-kepak-coo-validation-spec.md[39m 51ms (unchanged)
[90m.spec/coo/AB591536-nisa2-coo-validation-implementation.md[39m 48ms (unchanged)
[90m.spec/coo/AB591536-nisa2-coo-validation-spec.md[39m 19ms (unchanged)
[90m.spec/coo/AB591539-sainsburys-coo-validation-spec.md[39m 17ms (unchanged)
[90m.spec/coo/AB591540-savers-coo-validation-spec.md[39m 22ms (unchanged)
[90m.spec/coo/AB599300-mars-coo-validation-spec.md[39m 50ms (unchanged)
[90m.spec/coo/AB603666-asda4-coo-validation-spec.md[39m 30ms (unchanged)
[90m.spec/coo/Overview.md[39m 13ms (unchanged)
[90m.spec/coo/README.md[39m 44ms (unchanged)
[90m.vscode/launch.json[39m 1ms (unchanged)
[90m.vscode/settings.json[39m 1ms (unchanged)
[90madditional-info.md[39m 6ms (unchanged)
[90mapp/config/constants.js[39m 1ms (unchanged)
[90mapp/config/database-config.js[39m 3ms (unchanged)
[90mapp/config/dynamics-config.js[39m 1ms (unchanged)
[90mapp/config/index.js[39m 5ms (unchanged)
[90mapp/config/mdm-config.js[39m 2ms (unchanged)
[90mapp/config/mq-config.js[39m 2ms (unchanged)
[90mapp/index.js[39m 1ms (unchanged)
[90mapp/messaging/create-message.js[39m 1ms (unchanged)
[90mapp/messaging/index.js[39m 2ms (unchanged)
[90mapp/messaging/process-plp-message.js[39m 3ms (unchanged)
[90mapp/messaging/send-parsed-message.js[39m 2ms (unchanged)
[90mapp/models/item.js[39m 2ms (unchanged)
[90mapp/models/packing-list.js[39m 1ms (unchanged)
[90mapp/packing-list/index.js[39m 3ms (unchanged)
[90mapp/plugins/router.js[39m 1ms (unchanged)
[90mapp/routes/ai.js[39m 2ms (unchanged)
[90mapp/routes/create-packinglist-message.js[39m 2ms (unchanged)
[90mapp/routes/csv-non-ai.js[39m 1ms (unchanged)
[90mapp/routes/get-dispatch-location.js[39m 2ms (unchanged)
[90mapp/routes/healthy.js[39m 2ms (unchanged)
[90mapp/routes/healthz.js[39m 2ms (unchanged)
[90mapp/routes/mdm-cache-invalidate.js[39m 2ms (unchanged)
[90mapp/routes/non-ai.js[39m 1ms (unchanged)
[90mapp/routes/pdf-non-ai.js[39m 2ms (unchanged)
[90mapp/routes/test-di-conn.js[39m 1ms (unchanged)
[90mapp/routes/test-mdm-conn.js[39m 2ms (unchanged)
[90mapp/routes/upsert-idcoms.js[39m 2ms (unchanged)
[90mapp/server.js[39m 2ms (unchanged)
[90mapp/services/app-insights.js[39m 1ms (unchanged)
[90mapp/services/cache/mdm-blob-cache-service.js[39m 9ms (unchanged)
[90mapp/services/data/data-iso-codes.json[39m 2ms (unchanged)
[90mapp/services/data/data-prohibited-items.json[39m 22ms (unchanged)
[90mapp/services/data/data-prohibited-items/data-prohibited-items.v1.3.json[39m 9ms (unchanged)
[90mapp/services/data/data-prohibited-items/data-prohibited-items.v1.4.json[39m 6ms (unchanged)
[90mapp/services/data/data-prohibited-items/data-prohibited-items.v1.5.json[39m 19ms (unchanged)
[90mapp/services/data/data-prohibited-items/data-prohibited-items.v1.6.json[39m 20ms (unchanged)
[90mapp/services/data/data-prohibited-items/data-prohibited-items.v1.7.json[39m 12ms (unchanged)
[90mapp/services/data/data-prohibited-items/data-prohibited-items.v1.8.json[39m 11ms (unchanged)
[90mapp/services/database-service.js[39m 3ms (unchanged)
[90mapp/services/document-intelligence.js[39m 4ms (unchanged)
[90mapp/services/dynamics-service.js[39m 5ms (unchanged)
[90mapp/services/ineligible-items-service.js[39m 2ms (unchanged)
[90mapp/services/matcher-result.js[39m 1ms (unchanged)
[90mapp/services/matchers/asda/model1.js[39m 2ms (unchanged)
[90mapp/services/matchers/asda/model2.js[39m 2ms (unchanged)
[90mapp/services/matchers/asda/model3.js[39m 2ms (unchanged)
[90mapp/services/matchers/asda/model4.js[39m 2ms (unchanged)
[90mapp/services/matchers/bandm/model1.js[39m 2ms (unchanged)
[90mapp/services/matchers/booker/model1.js[39m 2ms (unchanged)
[90mapp/services/matchers/booker/model2.js[39m 1ms (unchanged)
[90mapp/services/matchers/boots/model1.js[39m 2ms (unchanged)
[90mapp/services/matchers/buffaload-logistics/model1.js[39m 2ms (unchanged)
[90mapp/services/matchers/cds/model1.js[39m 2ms (unchanged)
[90mapp/services/matchers/cds/model2.js[39m 2ms (unchanged)
[90mapp/services/matchers/co-op/model1.js[39m 2ms (unchanged)
[90mapp/services/matchers/davenport/model1.js[39m 2ms (unchanged)
[90mapp/services/matchers/davenport/model2.js[39m 2ms (unchanged)
[90mapp/services/matchers/fowlerwelch/model1.js[39m 2ms (unchanged)
[90mapp/services/matchers/fowlerwelch/model2.js[39m 1ms (unchanged)
[90mapp/services/matchers/giovanni/model1.js[39m 2ms (unchanged)
[90mapp/services/matchers/giovanni/model2.js[39m 2ms (unchanged)
[90mapp/services/matchers/giovanni/model3.js[39m 2ms (unchanged)
[90mapp/services/matchers/greggs/model1.js[39m 2ms (unchanged)
[90mapp/services/matchers/iceland/model1.js[39m 2ms (unchanged)
[90mapp/services/matchers/iceland/model2.js[39m 2ms (unchanged)
[90mapp/services/matchers/kepak/model1.js[39m 1ms (unchanged)
[90mapp/services/matchers/mands/model1.js[39m 2ms (unchanged)
[90mapp/services/matchers/mars/model1.js[39m 2ms (unchanged)
[90mapp/services/matchers/nisa/model1.js[39m 2ms (unchanged)
[90mapp/services/matchers/nisa/model2.js[39m 1ms (unchanged)
[90mapp/services/matchers/no-match/model1.js[39m 2ms (unchanged)
[90mapp/services/matchers/nutricia/model1.js[39m 1ms (unchanged)
[90mapp/services/matchers/nutricia/model2.js[39m 2ms (unchanged)
[90mapp/services/matchers/sainsburys/model1.js[39m 2ms (unchanged)
[90mapp/services/matchers/savers/model1.js[39m 2ms (unchanged)
[90mapp/services/matchers/tescos/model1.js[39m 2ms (unchanged)
[90mapp/services/matchers/tescos/model2.js[39m 2ms (unchanged)
[90mapp/services/matchers/tescos/model3.js[39m 2ms (unchanged)
[90mapp/services/matchers/tjmorris/model1.js[39m 2ms (unchanged)
[90mapp/services/matchers/tjmorris/model2.js[39m 1ms (unchanged)
[90mapp/services/matchers/turners/model1.js[39m 1ms (unchanged)
[90mapp/services/matchers/warrens/model1.js[39m 1ms (unchanged)
[90mapp/services/matchers/warrens/model2.js[39m 2ms (unchanged)
[90mapp/services/matches-header.js[39m 1ms (unchanged)
[90mapp/services/mdm-service.js[39m 4ms (unchanged)
[90mapp/services/model-headers-csv.js[39m 1ms (unchanged)
[90mapp/services/model-headers-pdf.js[39m 1ms (unchanged)
[90mapp/services/model-headers.js[39m 1ms (unchanged)
[90mapp/services/model-headers/asda.js[39m 1ms (unchanged)
[90mapp/services/model-headers/bandm.js[39m 1ms (unchanged)
[90mapp/services/model-headers/booker.js[39m 2ms (unchanged)
[90mapp/services/model-headers/boots.js[39m 1ms (unchanged)
[90mapp/services/model-headers/buffaload.js[39m 1ms (unchanged)
[90mapp/services/model-headers/cds.js[39m 1ms (unchanged)
[90mapp/services/model-headers/coop.js[39m 1ms (unchanged)
[90mapp/services/model-headers/davenport.js[39m 1ms (unchanged)
[90mapp/services/model-headers/fowlerwelch.js[39m 1ms (unchanged)
[90mapp/services/model-headers/giovanni.js[39m 2ms (unchanged)
[90mapp/services/model-headers/greggs.js[39m 1ms (unchanged)
[90mapp/services/model-headers/iceland.js[39m 1ms (unchanged)
[90mapp/services/model-headers/kepak.js[39m 1ms (unchanged)
[90mapp/services/model-headers/mands.js[39m 1ms (unchanged)
[90mapp/services/model-headers/mars.js[39m 1ms (unchanged)
[90mapp/services/model-headers/nisa.js[39m 1ms (unchanged)
[90mapp/services/model-headers/nutricia.js[39m 1ms (unchanged)
[90mapp/services/model-headers/sainsburys.js[39m 1ms (unchanged)
[90mapp/services/model-headers/savers.js[39m 1ms (unchanged)
[90mapp/services/model-headers/tesco.js[39m 1ms (unchanged)
[90mapp/services/model-headers/tjmorris.js[39m 1ms (unchanged)
[90mapp/services/model-headers/turners.js[39m 1ms (unchanged)
[90mapp/services/model-headers/warrens.js[39m 1ms (unchanged)
[90mapp/services/model-parsers.js[39m 11ms (unchanged)
[90mapp/services/parser-combine.js[39m 1ms (unchanged)
[90mapp/services/parser-map.js[39m 9ms (unchanged)
[90mapp/services/parser-model.js[39m 1ms (unchanged)
[90mapp/services/parser-service.js[39m 2ms (unchanged)
[90mapp/services/parsers/asda/model1.js[39m 2ms (unchanged)
[90mapp/services/parsers/asda/model2.js[39m 2ms (unchanged)
[90mapp/services/parsers/asda/model3.js[39m 2ms (unchanged)
[90mapp/services/parsers/asda/model4.js[39m 2ms (unchanged)
[90mapp/services/parsers/bandm/model1.js[39m 2ms (unchanged)
[90mapp/services/parsers/booker/model1.js[39m 4ms (unchanged)
[90mapp/services/parsers/booker/model2.js[39m 2ms (unchanged)
[90mapp/services/parsers/boots/model1.js[39m 2ms (unchanged)
[90mapp/services/parsers/buffaload-logistics/model1.js[39m 2ms (unchanged)
[90mapp/services/parsers/cds/model1.js[39m 2ms (unchanged)
[90mapp/services/parsers/cds/model2.js[39m 2ms (unchanged)
[90mapp/services/parsers/co-op/model1.js[39m 2ms (unchanged)
[90mapp/services/parsers/davenport/model1.js[39m 2ms (unchanged)
[90mapp/services/parsers/davenport/model2.js[39m 2ms (unchanged)
[90mapp/services/parsers/fowlerwelch/model1.js[39m 2ms (unchanged)
[90mapp/services/parsers/fowlerwelch/model2.js[39m 1ms (unchanged)
[90mapp/services/parsers/giovanni/model1.js[39m 2ms (unchanged)
[90mapp/services/parsers/giovanni/model2.js[39m 2ms (unchanged)
[90mapp/services/parsers/giovanni/model3.js[39m 3ms (unchanged)
[90mapp/services/parsers/greggs/model1.js[39m 2ms (unchanged)
[90mapp/services/parsers/iceland/model1.js[39m 1ms (unchanged)
[90mapp/services/parsers/iceland/model2.js[39m 2ms (unchanged)
[90mapp/services/parsers/kepak/model1.js[39m 2ms (unchanged)
[90mapp/services/parsers/mands/model1.js[39m 1ms (unchanged)
[90mapp/services/parsers/mars/model1.js[39m 2ms (unchanged)
[90mapp/services/parsers/nisa/model1.js[39m 2ms (unchanged)
[90mapp/services/parsers/nisa/model2.js[39m 2ms (unchanged)
[90mapp/services/parsers/nisa/utilities.js[39m 1ms (unchanged)
[90mapp/services/parsers/no-match/model1.js[39m 1ms (unchanged)
[90mapp/services/parsers/nutricia/model1.js[39m 2ms (unchanged)
[90mapp/services/parsers/nutricia/model2.js[39m 2ms (unchanged)
[90mapp/services/parsers/parser-factory.js[39m 2ms (unchanged)
[90mapp/services/parsers/parsers.js[39m 3ms (unchanged)
[90mapp/services/parsers/sainsburys/model1.js[39m 2ms (unchanged)
[90mapp/services/parsers/savers/model1.js[39m 2ms (unchanged)
[90mapp/services/parsers/tescos/model1.js[39m 2ms (unchanged)
[90mapp/services/parsers/tescos/model2.js[39m 3ms (unchanged)
[90mapp/services/parsers/tescos/model3.js[39m 2ms (unchanged)
[90mapp/services/parsers/tjmorris/model1.js[39m 3ms (unchanged)
[90mapp/services/parsers/tjmorris/model2.js[39m 2ms (unchanged)
[90mapp/services/parsers/turners/model1.js[39m 2ms (unchanged)
[90mapp/services/parsers/warrens/model1.js[39m 1ms (unchanged)
[90mapp/services/parsers/warrens/model2.js[39m 2ms (unchanged)
[90mapp/services/storage-account.js[39m 2ms (unchanged)
[90mapp/services/validators/packing-list-column-validator.js[39m 7ms (unchanged)
[90mapp/services/validators/packing-list-failure-reasons.js[39m 1ms (unchanged)
[90mapp/services/validators/packing-list-validator-utilities.js[39m 5ms (unchanged)
[90mapp/utilities/csv-utility.js[39m 1ms (unchanged)
[90mapp/utilities/excel-utility.js[39m 1ms (unchanged)
[90mapp/utilities/file-extension.js[39m 1ms (unchanged)
[90mapp/utilities/file-processor.js[39m 2ms (unchanged)
[90mapp/utilities/json-file.js[39m 2ms (unchanged)
[90mapp/utilities/logger.js[39m 1ms (unchanged)
[90mapp/utilities/pdf-helper.js[39m 3ms (unchanged)
[90mapp/utilities/random-int.js[39m 1ms (unchanged)
[90mapp/utilities/regex.js[39m 3ms (unchanged)
[90mapp/utilities/row-finder.js[39m 1ms (unchanged)
[90mappConfig/appConfig.dev1.yaml[39m 2ms (unchanged)
[90mappConfig/appConfig.prd1.yaml[39m 1ms (unchanged)
[90mappConfig/appConfig.pre1.yaml[39m 1ms (unchanged)
[90mappConfig/appConfig.snd4.yaml[39m 2ms (unchanged)
[90mappConfig/appConfig.tst1.yaml[39m 1ms (unchanged)
[90mappConfig/appConfig.yaml[39m 5ms (unchanged)
[90mbranching-and-linking.md[39m 6ms (unchanged)
[90mcatalog-info.yaml[39m 3ms (unchanged)
[90mdebugging.md[39m 6ms (unchanged)
[90mdocker-compose.debug.yaml[39m 1ms (unchanged)
[90mdocker-compose.link.yaml[39m 1ms (unchanged)
[90mdocker-compose.migrate.yaml[39m 3ms (unchanged)
[90mdocker-compose.override.yaml[39m 1ms (unchanged)
[90mdocker-compose.test.debug.yaml[39m 1ms (unchanged)
[90mdocker-compose.test.watch.yaml[39m 1ms (unchanged)
[90mdocker-compose.test.yaml[39m 1ms (unchanged)
[90mdocker-compose.yaml[39m 3ms (unchanged)
[90mjest.config.js[39m 1ms (unchanged)
[90mjest.setup.js[39m 1ms (unchanged)
[90mjsconfig.json[39m 0ms (unchanged)
[90mLOCAL-TESTING-MDM-CACHE.md[39m 16ms (unchanged)
[90mMDM-INTEGRATION.md[39m 18ms (unchanged)
[90mpackage-lock.json[39m 34ms (unchanged)
[90mpackage.json[39m 1ms (unchanged)
[90mpostman/MDM API.postman_collection.json[39m 1ms (unchanged)
[90mpostman/MDM TST APIM Example.postman_environment.json[39m 1ms (unchanged)
[90mpull_request_template.md[39m 3ms (unchanged)
[90mREADME.md[39m 17ms (unchanged)
[90mtest/integration/narrow/index.test.js[39m 2ms (unchanged)
[90mtest/integration/narrow/routes/healthy.test.js[39m 2ms (unchanged)
[90mtest/integration/narrow/routes/healthz.test.js[39m 1ms (unchanged)
[90mtest/integration/narrow/routes/non-ai.test.js[39m 1ms (unchanged)
[90mtest/regression/process-non-ai.test.js[39m 9ms (unchanged)
[90mtest/unit/app/utilities/csv-utility.test.js[39m 1ms (unchanged)
[90mtest/unit/config/constants.test.js[39m 1ms (unchanged)
[90mtest/unit/config/database-config.test.js[39m 2ms (unchanged)
[90mtest/unit/config/index.test.js[39m 2ms (unchanged)
[90mtest/unit/config/mdm-config.test.js[39m 2ms (unchanged)
[90mtest/unit/index.test.js[39m 2ms (unchanged)
[90mtest/unit/messaging/create-message.test.js[39m 1ms (unchanged)
[90mtest/unit/messaging/index.error.test.js[39m 2ms (unchanged)
[90mtest/unit/messaging/index.test.js[39m 2ms (unchanged)
[90mtest/unit/messaging/process-plp-message.test.js[39m 3ms (unchanged)
[90mtest/unit/messaging/send-parsed-message.test.js[39m 4ms (unchanged)
[90mtest/unit/models/item.test.js[39m 1ms (unchanged)
[90mtest/unit/models/packing-list.test.js[39m 1ms (unchanged)
[90mtest/unit/packing-list/index.test.js[39m 7ms (unchanged)
[90mtest/unit/plugins/router.test.js[39m 3ms (unchanged)
[90mtest/unit/routes/ai.test.js[39m 4ms (unchanged)
[90mtest/unit/routes/create-packinglist-message.test.js[39m 3ms (unchanged)
[90mtest/unit/routes/csv-non-ai.test.js[39m 3ms (unchanged)
[90mtest/unit/routes/get-dispatch-location.test.js[39m 4ms (unchanged)
[90mtest/unit/routes/healthy.test.js[39m 3ms (unchanged)
[90mtest/unit/routes/healthz.test.js[39m 1ms (unchanged)
[90mtest/unit/routes/non-ai.test.js[39m 3ms (unchanged)
[90mtest/unit/routes/pdf-non-ai.test.js[39m 5ms (unchanged)
[90mtest/unit/routes/upsert-idcoms.test.js[39m 3ms (unchanged)
[90mtest/unit/server.hapi.server.test.js[39m 2ms (unchanged)
[90mtest/unit/server.test.js[39m 2ms (unchanged)
[90mtest/unit/services/app-insights.test.js[39m 1ms (unchanged)
[90mtest/unit/services/cache/mdm-blob-cache-service.test.js[39m 8ms (unchanged)
[90mtest/unit/services/database-service.test.js[39m 2ms (unchanged)
[90mtest/unit/services/document-intelligence.test.js[39m 4ms (unchanged)
[90mtest/unit/services/dynamics-service.test.js[39m 10ms (unchanged)
[90mtest/unit/services/ineligible-items-service.test.js[39m 4ms (unchanged)
[90mtest/unit/services/matcher-result.test.js[39m 2ms (unchanged)
[90mtest/unit/services/matchers/asda/model1.test.deprecated.js[39m 2ms (unchanged)
[90mtest/unit/services/matchers/asda/model2.test.js[39m 2ms (unchanged)
[90mtest/unit/services/matchers/asda/model3.test.js[39m 2ms (unchanged)
[90mtest/unit/services/matchers/asda/model4.test.js[39m 2ms (unchanged)
[90mtest/unit/services/matchers/bandm/model1.test.js[39m 2ms (unchanged)
[90mtest/unit/services/matchers/booker/model1.test.js[39m 3ms (unchanged)
[90mtest/unit/services/matchers/booker/model2.test.js[39m 2ms (unchanged)
[90mtest/unit/services/matchers/boots/model1.test.js[39m 1ms (unchanged)
[90mtest/unit/services/matchers/buffaload-logistics/model1.test.js[39m 2ms (unchanged)
[90mtest/unit/services/matchers/cds/model1.test.js[39m 2ms (unchanged)
[90mtest/unit/services/matchers/cds/model2.test.js[39m 2ms (unchanged)
[90mtest/unit/services/matchers/co-op/model1.test.js[39m 2ms (unchanged)
[90mtest/unit/services/matchers/davenport/model1.test.js[39m 2ms (unchanged)
[90mtest/unit/services/matchers/davenport/model2.test.js[39m 2ms (unchanged)
[90mtest/unit/services/matchers/fowlerwelch/model1.test.js[39m 3ms (unchanged)
[90mtest/unit/services/matchers/fowlerwelch/model2.test.js[39m 2ms (unchanged)
[90mtest/unit/services/matchers/giovanni/model1.test.js[39m 2ms (unchanged)
[90mtest/unit/services/matchers/giovanni/model2.test.js[39m 2ms (unchanged)
[90mtest/unit/services/matchers/giovanni/model3.test.js[39m 2ms (unchanged)
[90mtest/unit/services/matchers/greggs/model1.test.js[39m 1ms (unchanged)
[90mtest/unit/services/matchers/iceland/model1.test.js[39m 1ms (unchanged)
[90mtest/unit/services/matchers/iceland/model2.test.js[39m 2ms (unchanged)
[90mtest/unit/services/matchers/kepak/model1.test.js[39m 2ms (unchanged)
[90mtest/unit/services/matchers/mands/model1.test.js[39m 1ms (unchanged)
[90mtest/unit/services/matchers/mars/model1.test.js[39m 2ms (unchanged)
[90mtest/unit/services/matchers/nisa/model1.test.js[39m 2ms (unchanged)
[90mtest/unit/services/matchers/nisa/model2.test.js[39m 2ms (unchanged)
[90mtest/unit/services/matchers/no-match/model1.test.js[39m 1ms (unchanged)
[90mtest/unit/services/matchers/nutricia/model1.test.js[39m 1ms (unchanged)
[90mtest/unit/services/matchers/nutricia/model2.test.js[39m 1ms (unchanged)
[90mtest/unit/services/matchers/sainsburys/model1.test.js[39m 2ms (unchanged)
[90mtest/unit/services/matchers/savers/model1.test.js[39m 1ms (unchanged)
[90mtest/unit/services/matchers/tescos/model1.test.js[39m 2ms (unchanged)
[90mtest/unit/services/matchers/tescos/model2.test.js[39m 2ms (unchanged)
[90mtest/unit/services/matchers/tescos/model3.test.js[39m 2ms (unchanged)
[90mtest/unit/services/matchers/tjmorris/model1.test.js[39m 2ms (unchanged)
[90mtest/unit/services/matchers/tjmorris/model2.test.js[39m 2ms (unchanged)
[90mtest/unit/services/matchers/turners/model1.test.js[39m 2ms (unchanged)
[90mtest/unit/services/matchers/warrens/model1.test.js[39m 2ms (unchanged)
[90mtest/unit/services/matchers/warrens/model2.test.js[39m 2ms (unchanged)
[90mtest/unit/services/matches-header.test.js[39m 2ms (unchanged)
[90mtest/unit/services/mdm-service.test.js[39m 8ms (unchanged)
[90mtest/unit/services/parser-combine.test.js[39m 1ms (unchanged)
[90mtest/unit/services/parser-map.test.js[39m 6ms (unchanged)
[90mtest/unit/services/parser-service.test.js[39m 6ms (unchanged)
[90mtest/unit/services/parser-service/asda/model1.test.deprecated.js[39m 1ms (unchanged)
[90mtest/unit/services/parser-service/asda/model2.test.js[39m 1ms (unchanged)
[90mtest/unit/services/parser-service/asda/model3.test.js[39m 6ms (unchanged)
[90mtest/unit/services/parser-service/asda/model4.test.js[39m 2ms (unchanged)
[90mtest/unit/services/parser-service/bandm/model1.test.js[39m 4ms (unchanged)
[90mtest/unit/services/parser-service/booker/model1.test.js[39m 2ms (unchanged)
[90mtest/unit/services/parser-service/booker/model2.test.js[39m 1ms (unchanged)
[90mtest/unit/services/parser-service/boots/model1.test.js[39m 1ms (unchanged)
[90mtest/unit/services/parser-service/buffaload-logistics/model1.test.js[39m 5ms (unchanged)
[90mtest/unit/services/parser-service/cds/model1.test.js[39m 1ms (unchanged)
[90mtest/unit/services/parser-service/cds/model2.test.js[39m 3ms (unchanged)
[90mtest/unit/services/parser-service/co-op/model1.test.js[39m 3ms (unchanged)
[90mtest/unit/services/parser-service/davenport/model1.test.js[39m 1ms (unchanged)
[90mtest/unit/services/parser-service/davenport/model2.test.js[39m 3ms (unchanged)
[90mtest/unit/services/parser-service/fowlerwelch/model1.test.js[39m 1ms (unchanged)
[90mtest/unit/services/parser-service/fowlerwelch/model2.test.js[39m 4ms (unchanged)
[90mtest/unit/services/parser-service/giovanni/model1.test.js[39m 3ms (unchanged)
[90mtest/unit/services/parser-service/giovanni/model2.test.js[39m 1ms (unchanged)
[90mtest/unit/services/parser-service/giovanni/model3.test.js[39m 2ms (unchanged)
[90mtest/unit/services/parser-service/greggs/model1.test.js[39m 3ms (unchanged)
[90mtest/unit/services/parser-service/iceland/model1.test.js[39m 2ms (unchanged)
[90mtest/unit/services/parser-service/iceland/model2.test.js[39m 4ms (unchanged)
[90mtest/unit/services/parser-service/kepak/model1.test.js[39m 4ms (unchanged)
[90mtest/unit/services/parser-service/mands/model1.test.js[39m 6ms (unchanged)
[90mtest/unit/services/parser-service/mars/model1.test.js[39m 2ms (unchanged)
[90mtest/unit/services/parser-service/nisa/model1.test.js[39m 3ms (unchanged)
[90mtest/unit/services/parser-service/nisa/model2.test.js[39m 4ms (unchanged)
[90mtest/unit/services/parser-service/nutricia/model1.test.js[39m 1ms (unchanged)
[90mtest/unit/services/parser-service/nutricia/model2.test.js[39m 2ms (unchanged)
[90mtest/unit/services/parser-service/sainsburys/model1.test.js[39m 3ms (unchanged)
[90mtest/unit/services/parser-service/savers/model1.test.js[39m 2ms (unchanged)
[90mtest/unit/services/parser-service/tescos/model1.test.js[39m 1ms (unchanged)
[90mtest/unit/services/parser-service/tescos/model2.test.js[39m 4ms (unchanged)
[90mtest/unit/services/parser-service/tescos/model3.test.js[39m 3ms (unchanged)
[90mtest/unit/services/parser-service/test-setup.js[39m 1ms (unchanged)
[90mtest/unit/services/parser-service/tjmorris/model1.test.js[39m 1ms (unchanged)
[90mtest/unit/services/parser-service/tjmorris/model2.test.js[39m 2ms (unchanged)
[90mtest/unit/services/parser-service/turners/model1.test.js[39m 2ms (unchanged)
[90mtest/unit/services/parser-service/warrens/model1.test.js[39m 2ms (unchanged)
[90mtest/unit/services/parser-service/warrens/model2.test.js[39m 4ms (unchanged)
[90mtest/unit/services/parsers/asda/model1.test.deprecated.js[39m 1ms (unchanged)
[90mtest/unit/services/parsers/asda/model2.test.js[39m 1ms (unchanged)
[90mtest/unit/services/parsers/asda/model3.test.js[39m 1ms (unchanged)
[90mtest/unit/services/parsers/asda/model4.test.js[39m 1ms (unchanged)
[90mtest/unit/services/parsers/bandm/model1.test.js[39m 2ms (unchanged)
[90mtest/unit/services/parsers/booker/model1.test.js[39m 1ms (unchanged)
[90mtest/unit/services/parsers/booker/model2.test.js[39m 1ms (unchanged)
[90mtest/unit/services/parsers/boots/model1.test.js[39m 1ms (unchanged)
[90mtest/unit/services/parsers/buffaload-logistics/model1.test.js[39m 1ms (unchanged)
[90mtest/unit/services/parsers/cds/model1.test.js[39m 1ms (unchanged)
[90mtest/unit/services/parsers/co-op/model1.test.js[39m 1ms (unchanged)
[90mtest/unit/services/parsers/davenport/model1.test.js[39m 1ms (unchanged)
[90mtest/unit/services/parsers/davenport/model2.test.js[39m 1ms (unchanged)
[90mtest/unit/services/parsers/fowlerwelch/model1.test.js[39m 1ms (unchanged)
[90mtest/unit/services/parsers/fowlerwelch/model2.test.js[39m 1ms (unchanged)
[90mtest/unit/services/parsers/giovanni/model1.test.js[39m 1ms (unchanged)
[90mtest/unit/services/parsers/giovanni/model2.test.js[39m 1ms (unchanged)
[90mtest/unit/services/parsers/giovanni/model3.test.js[39m 1ms (unchanged)
[90mtest/unit/services/parsers/greggs/model1.test.js[39m 1ms (unchanged)
[90mtest/unit/services/parsers/iceland/model1.test.js[39m 2ms (unchanged)
[90mtest/unit/services/parsers/iceland/model2.test.js[39m 1ms (unchanged)
[90mtest/unit/services/parsers/kepak/model1.test.js[39m 1ms (unchanged)
[90mtest/unit/services/parsers/mands/model1.test.js[39m 1ms (unchanged)
[90mtest/unit/services/parsers/mars/model1.test.js[39m 1ms (unchanged)
[90mtest/unit/services/parsers/nisa/model1.test.js[39m 1ms (unchanged)
[90mtest/unit/services/parsers/nisa/model2.test.js[39m 1ms (unchanged)
[90mtest/unit/services/parsers/nisa/utilities.test.js[39m 1ms (unchanged)
[90mtest/unit/services/parsers/nutricia/model1.test.js[39m 1ms (unchanged)
[90mtest/unit/services/parsers/nutricia/model2.test.js[39m 1ms (unchanged)
[90mtest/unit/services/parsers/parser-factory.test.js[39m 4ms (unchanged)
[90mtest/unit/services/parsers/sainsburys/model1.test.js[39m 1ms (unchanged)
[90mtest/unit/services/parsers/savers/model1.test.js[39m 1ms (unchanged)
[90mtest/unit/services/parsers/tescos/model1.test.js[39m 1ms (unchanged)
[90mtest/unit/services/parsers/tescos/model2.test.js[39m 1ms (unchanged)
[90mtest/unit/services/parsers/tescos/model3.test.js[39m 2ms (unchanged)
[90mtest/unit/services/parsers/tjmorris/model1.test.js[39m 1ms (unchanged)
[90mtest/unit/services/parsers/tjmorris/model2.test.js[39m 1ms (unchanged)
[90mtest/unit/services/parsers/turners/model1.test.js[39m 2ms (unchanged)
[90mtest/unit/services/parsers/warrens/model1.test.js[39m 1ms (unchanged)
[90mtest/unit/services/parsers/warrens/model2.test.js[39m 1ms (unchanged)
[90mtest/unit/services/storage-account.test.js[39m 8ms (unchanged)
[90mtest/unit/services/validators/packing-list-column-validator.test.js[39m 18ms (unchanged)
[90mtest/unit/services/validators/packing-list-validator-utilities.test.js[39m 9ms (unchanged)
[90mtest/unit/test-data-and-results/models/asda/model1.js[39m 3ms (unchanged)
[90mtest/unit/test-data-and-results/models/asda/model2.js[39m 3ms (unchanged)
[90mtest/unit/test-data-and-results/models/asda/model3.js[39m 11ms (unchanged)
[90mtest/unit/test-data-and-results/models/asda/model4.js[39m 2ms (unchanged)
[90mtest/unit/test-data-and-results/models/bandm/model1.js[39m 11ms (unchanged)
[90mtest/unit/test-data-and-results/models/booker/model1.js[39m 7ms (unchanged)
[90mtest/unit/test-data-and-results/models/booker/model2.js[39m 9ms (unchanged)
[90mtest/unit/test-data-and-results/models/boots/model1.js[39m 10ms (unchanged)
[90mtest/unit/test-data-and-results/models/buffaload-logistics/model1.js[39m 10ms (unchanged)
[90mtest/unit/test-data-and-results/models/cds/model1.js[39m 4ms (unchanged)
[90mtest/unit/test-data-and-results/models/cds/model2.js[39m 11ms (unchanged)
[90mtest/unit/test-data-and-results/models/co-op/model1.js[39m 7ms (unchanged)
[90mtest/unit/test-data-and-results/models/davenport/model1.js[39m 6ms (unchanged)
[90mtest/unit/test-data-and-results/models/davenport/model2.js[39m 5ms (unchanged)
[90mtest/unit/test-data-and-results/models/fowlerwelch/model1.js[39m 14ms (unchanged)
[90mtest/unit/test-data-and-results/models/fowlerwelch/model2.js[39m 19ms (unchanged)
[90mtest/unit/test-data-and-results/models/giovanni/model1.js[39m 7ms (unchanged)
[90mtest/unit/test-data-and-results/models/giovanni/model2.js[39m 4ms (unchanged)
[90mtest/unit/test-data-and-results/models/giovanni/model3.js[39m 11ms (unchanged)
[90mtest/unit/test-data-and-results/models/greggs/model1.js[39m 2ms (unchanged)
[90mtest/unit/test-data-and-results/models/iceland/model1.js[39m 1ms (unchanged)
[90mtest/unit/test-data-and-results/models/iceland/model2.js[39m 3ms (unchanged)
[90mtest/unit/test-data-and-results/models/kepak/model1.js[39m 10ms (unchanged)
[90mtest/unit/test-data-and-results/models/mands/model1.js[39m 7ms (unchanged)
[90mtest/unit/test-data-and-results/models/mars/model1.js[39m 4ms (unchanged)
[90mtest/unit/test-data-and-results/models/nisa/model1.js[39m 4ms (unchanged)
[90mtest/unit/test-data-and-results/models/nisa/model2.js[39m 11ms (unchanged)
[90mtest/unit/test-data-and-results/models/nutricia/model1.js[39m 4ms (unchanged)
[90mtest/unit/test-data-and-results/models/nutricia/model2.js[39m 4ms (unchanged)
[90mtest/unit/test-data-and-results/models/sainsburys/model1.js[39m 7ms (unchanged)
[90mtest/unit/test-data-and-results/models/savers/model1.js[39m 19ms (unchanged)
[90mtest/unit/test-data-and-results/models/tescos/model1.js[39m 3ms (unchanged)
[90mtest/unit/test-data-and-results/models/tescos/model2.js[39m 16ms (unchanged)
[90mtest/unit/test-data-and-results/models/tescos/model3.js[39m 7ms (unchanged)
[90mtest/unit/test-data-and-results/models/tjmorris/model1.js[39m 4ms (unchanged)
[90mtest/unit/test-data-and-results/models/tjmorris/model2.js[39m 7ms (unchanged)
[90mtest/unit/test-data-and-results/models/turners/model1.js[39m 4ms (unchanged)
[90mtest/unit/test-data-and-results/models/warrens/model1.js[39m 7ms (unchanged)
[90mtest/unit/test-data-and-results/models/warrens/model2.js[39m 19ms (unchanged)
[90mtest/unit/test-data-and-results/results/asda/model1.js[39m 2ms (unchanged)
[90mtest/unit/test-data-and-results/results/asda/model2.js[39m 1ms (unchanged)
[90mtest/unit/test-data-and-results/results/asda/model3.js[39m 2ms (unchanged)
[90mtest/unit/test-data-and-results/results/asda/model4.js[39m 1ms (unchanged)
[90mtest/unit/test-data-and-results/results/bandm/model1.js[39m 5ms (unchanged)
[90mtest/unit/test-data-and-results/results/booker/model1.js[39m 1ms (unchanged)
[90mtest/unit/test-data-and-results/results/booker/model2.js[39m 3ms (unchanged)
[90mtest/unit/test-data-and-results/results/boots/model1.js[39m 2ms (unchanged)
[90mtest/unit/test-data-and-results/results/buffaload-logistics/model1.js[39m 2ms (unchanged)
[90mtest/unit/test-data-and-results/results/cds/model1.js[39m 2ms (unchanged)
[90mtest/unit/test-data-and-results/results/cds/model2.js[39m 5ms (unchanged)
[90mtest/unit/test-data-and-results/results/co-op/model1.js[39m 2ms (unchanged)
[90mtest/unit/test-data-and-results/results/davenport/model1.js[39m 2ms (unchanged)
[90mtest/unit/test-data-and-results/results/davenport/model2.js[39m 2ms (unchanged)
[90mtest/unit/test-data-and-results/results/fowlerwelch/model1.js[39m 2ms (unchanged)
[90mtest/unit/test-data-and-results/results/fowlerwelch/model2.js[39m 2ms (unchanged)
[90mtest/unit/test-data-and-results/results/giovanni/model1.js[39m 2ms (unchanged)
[90mtest/unit/test-data-and-results/results/giovanni/model2.js[39m 2ms (unchanged)
[90mtest/unit/test-data-and-results/results/giovanni/model3.js[39m 1ms (unchanged)
[90mtest/unit/test-data-and-results/results/greggs/model1.js[39m 1ms (unchanged)
[90mtest/unit/test-data-and-results/results/iceland/model1.js[39m 1ms (unchanged)
[90mtest/unit/test-data-and-results/results/iceland/model2.js[39m 1ms (unchanged)
[90mtest/unit/test-data-and-results/results/kepak/model1.js[39m 6ms (unchanged)
[90mtest/unit/test-data-and-results/results/mands/model1.js[39m 4ms (unchanged)
[90mtest/unit/test-data-and-results/results/mars/model1.js[39m 2ms (unchanged)
[90mtest/unit/test-data-and-results/results/nisa/model1.js[39m 2ms (unchanged)
[90mtest/unit/test-data-and-results/results/nisa/model2.js[39m 2ms (unchanged)
[90mtest/unit/test-data-and-results/results/no-match-for-incorrect-file-extension.js[39m 0ms (unchanged)
[90mtest/unit/test-data-and-results/results/nutricia/model1.js[39m 2ms (unchanged)
[90mtest/unit/test-data-and-results/results/nutricia/model2.js[39m 2ms (unchanged)
[90mtest/unit/test-data-and-results/results/sainsburys/model1.js[39m 2ms (unchanged)
[90mtest/unit/test-data-and-results/results/savers/model1.js[39m 2ms (unchanged)
[90mtest/unit/test-data-and-results/results/tescos/model1.js[39m 2ms (unchanged)
[90mtest/unit/test-data-and-results/results/tescos/model2.js[39m 6ms (unchanged)
[90mtest/unit/test-data-and-results/results/tescos/model3.js[39m 2ms (unchanged)
[90mtest/unit/test-data-and-results/results/tjmorris/model1.js[39m 2ms (unchanged)
[90mtest/unit/test-data-and-results/results/tjmorris/model2.js[39m 2ms (unchanged)
[90mtest/unit/test-data-and-results/results/turners/model1.js[39m 4ms (unchanged)
[90mtest/unit/test-data-and-results/results/warrens/model1.js[39m 2ms (unchanged)
[90mtest/unit/test-data-and-results/results/warrens/model2.js[39m 2ms (unchanged)
[90mtest/unit/utilities/csv-utility.test.js[39m 2ms (unchanged)
[90mtest/unit/utilities/file-extension.test.js[39m 1ms (unchanged)
[90mtest/unit/utilities/json-file.test.js[39m 1ms (unchanged)
[90mtest/unit/utilities/pdf-helper.test.js[39m 5ms (unchanged)
[90mtest/unit/utilities/regex.test.js[39m 12ms (unchanged)
[90mtest/unit/utilities/row-finder.test.js[39m 1ms (unchanged)

> trade-exportscore-plp@6.27.2 test
> jest --runInBand --forceExit

npm : [baseline-browser-mapping] The data in this module is over two months 
old.  To ensure accurate Baseline data, please update: `npm i 
baseline-browser-mapping@latest -D`
At line:1 char:1
+ npm test 2>&1 | Out-File -FilePath test-output.txt; Get-Content test- ...
+ ~~~~~~~~~~~~~
    + CategoryInfo          : NotSpecified: ([baseline-brows...ping@latest -D` 
   :String) [], RemoteException
    + FullyQualifiedErrorId : NativeCommandError
 
  console.log
    MDM Config loaded: {
      apiUrl: undefined,
      subscriptionKey: 'undefined',
      authUrl: undefined,
      clientId: undefined,
      scope: undefined
    }

      at Object.log (app/config/mdm-config.js:28:9)

  console.log
    ­ƒôü Scanning directory: C:\Users\deabrown\source\repos\trade-exportscore-plp\app\packing-lists

      at Object.log (test/regression/process-non-ai.test.js:134:13)

  console.log
    ­ƒôè Smart folder logic enabled

      at Object.log (test/regression/process-non-ai.test.js:138:13)

FAIL test/regression/process-non-ai.test.js (6.999 s)
  Excel Process Non-AI
    ├ù should process multiple Excel files and return responses (5012 ms)

  ÔùÅ Excel Process Non-AI ÔÇ║ should process multiple Excel files and return 
responses

    thrown: "Exceeded timeout of 5000 ms for a test.
    Add a timeout value to this test to increase the timeout, if this is a 
long-running test. See https://jestjs.io/docs/api#testname-fn-timeout."

    [0m [90m 122 |[39m   })[33m;[39m
     [90m 123 |[39m
    [31m[1m>[22m[39m[90m 124 |[39m   test([32m"should process multiple 
Excel files and return responses"[39m[33m,[39m [36masync[39m () 
[33m=>[39m {
     [90m     |[39m   [31m[1m^[22m[39m
     [90m 125 |[39m     [90m// Allow custom root path via environment 
variable or use default[39m
     [90m 126 |[39m     [36mconst[39m customPath [33m=[39m 
process[33m.[39menv[33m.[39m[33mTEST_FOLDER_PATH[39m[33m;[39m
     [90m 127 |[39m     [36mconst[39m packingListDir [33m=[39m 
customPath[0m

      at test (test/regression/process-non-ai.test.js:124:3)
      at Object.describe (test/regression/process-non-ai.test.js:117:1)

  console.log
    MDM Config loaded: {
      apiUrl: undefined,
      subscriptionKey: 'undefined',
      authUrl: undefined,
      clientId: undefined,
      scope: undefined
    }

      at Object.log (app/config/mdm-config.js:28:9)

FAIL test/unit/services/validators/packing-list-column-validator.test.js
  validatePackingListByIndexAndType
    ├ù valid data (2 ms)
    ├ù missing remos number
    ├ù missing commodity code (1 ms)
    ├ù missing treatment type
    ├ù missing nature of products (1 ms)
    ├ù missing description
    ├ù missing packages
    ├ù missing net weight
    ├ù missing net weight unit (1 ms)
    ├ù invalid packages (1 ms)
    ├ù invalid net weight
    ├ù multiple failures (1 ms)
  generateFailuresByIndexAndTypes
    ÔêÜ valid data
    ÔêÜ no data (1 ms)
    ÔêÜ missing identifier
    ÔêÜ missing description
    ÔêÜ missing packages (1 ms)
    ÔêÜ missing net weight
    ÔêÜ missing net weight unit
    ÔêÜ invalid packages (2 ms)
    ÔêÜ invalid net weight (1 ms)
    ÔêÜ invalid product code
    ÔêÜ missing nirms
    ÔêÜ invalid nirms (1 ms)
    ÔêÜ missing coo
    ÔêÜ invalid coo
    ÔêÜ prohibited items (1 ms)
    ÔêÜ all failures
    ÔêÜ multiple failures (1 ms)
  generateFailureReasonFromRows
    ÔêÜ generateFailureReasonFromRows
    ÔêÜ generateFailureReasonFromRows
    ÔêÜ generateFailureReasonFromRows
    ÔêÜ generateFailureReasonFromRows
    ÔêÜ generateFailureReasonFromRows (1 ms)
    ÔêÜ generateFailureReasonFromRows
    ÔêÜ generateFailureReasonFromRows
    ÔêÜ generateFailureReasonFromRows
    ÔêÜ generateFailureReasonFromRows
    ÔêÜ generateFailureReasonFromRows
    ÔêÜ generateFailureReasonFromRows
    ÔêÜ generateFailureReasonFromRows
    ÔêÜ generateFailureReasonFromRows

  ÔùÅ validatePackingListByIndexAndType ÔÇ║ valid data

    expect(received).toBeTruthy()

    Received: undefined

    [0m [90m 27 |[39m       packingListValidator[33m.[39mvalidatePackingLi
stByIndexAndType(packingList)[33m;[39m
     [90m 28 |[39m
    [31m[1m>[22m[39m[90m 29 |[39m     
expect(result[33m.[39mhasAllFields)[33m.[39mtoBeTruthy()[33m;[39m
     [90m    |[39m                                 [31m[1m^[22m[39m
     [90m 30 |[39m     expect(result[33m.[39mmissingIdentifier[33m.[39mle
ngth)[33m.[39mtoBe([35m0[39m)[33m;[39m
     [90m 31 |[39m     expect(result[33m.[39minvalidProductCodes[33m.[39m
length)[33m.[39mtoBe([35m0[39m)[33m;[39m
     [90m 32 |[39m     expect(result[33m.[39mmissingDescription[33m.[39ml
ength)[33m.[39mtoBe([35m0[39m)[33m;[39m[0m

      at Object.toBeTruthy 
(test/unit/services/validators/packing-list-column-validator.test.js:29:33)

  ÔùÅ validatePackingListByIndexAndType ÔÇ║ missing remos number

    TypeError: Cannot read properties of undefined (reading 'length')

    [0m [90m 65 |[39m
     [90m 66 |[39m     
expect(result[33m.[39mhasAllFields)[33m.[39mtoBeFalsy()[33m;[39m
    [31m[1m>[22m[39m[90m 67 |[39m     expect(result[33m.[39mmissingIden
tifier[33m.[39mlength)[33m.[39mtoBe([35m0[39m)[33m;[39m
     [90m    |[39m                                     [31m[1m^[22m[39m
     [90m 68 |[39m     expect(result[33m.[39minvalidProductCodes[33m.[39m
length)[33m.[39mtoBe([35m0[39m)[33m;[39m
     [90m 69 |[39m     expect(result[33m.[39mmissingDescription[33m.[39ml
ength)[33m.[39mtoBe([35m0[39m)[33m;[39m
     [90m 70 |[39m     expect(result[33m.[39mmissingPackages[33m.[39mleng
th)[33m.[39mtoBe([35m0[39m)[33m;[39m[0m

      at Object.length 
(test/unit/services/validators/packing-list-column-validator.test.js:67:37)

  ÔùÅ validatePackingListByIndexAndType ÔÇ║ missing commodity code

    TypeError: Cannot read properties of undefined (reading 'length')

    [0m [90m 105 |[39m
     [90m 106 |[39m     
expect(result[33m.[39mhasAllFields)[33m.[39mtoBeFalsy()[33m;[39m
    [31m[1m>[22m[39m[90m 107 |[39m     expect(result[33m.[39mmissingIde
ntifier[33m.[39mlength)[33m.[39mtoBe([35m1[39m)[33m;[39m
     [90m     |[39m                                     [31m[1m^[22m[39m
     [90m 108 |[39m     expect(result[33m.[39minvalidProductCodes[33m.[39
mlength)[33m.[39mtoBe([35m0[39m)[33m;[39m
     [90m 109 |[39m     expect(result[33m.[39mmissingDescription[33m.[39m
length)[33m.[39mtoBe([35m0[39m)[33m;[39m
     [90m 110 |[39m     expect(result[33m.[39mmissingPackages[33m.[39mlen
gth)[33m.[39mtoBe([35m0[39m)[33m;[39m[0m

      at Object.length 
(test/unit/services/validators/packing-list-column-validator.test.js:107:37)

  ÔùÅ validatePackingListByIndexAndType ÔÇ║ missing treatment type

    TypeError: Cannot read properties of undefined (reading 'length')

    [0m [90m 145 |[39m
     [90m 146 |[39m     
expect(result[33m.[39mhasAllFields)[33m.[39mtoBeFalsy()[33m;[39m
    [31m[1m>[22m[39m[90m 147 |[39m     expect(result[33m.[39mmissingIde
ntifier[33m.[39mlength)[33m.[39mtoBe([35m1[39m)[33m;[39m
     [90m     |[39m                                     [31m[1m^[22m[39m
     [90m 148 |[39m     expect(result[33m.[39minvalidProductCodes[33m.[39
mlength)[33m.[39mtoBe([35m0[39m)[33m;[39m
     [90m 149 |[39m     expect(result[33m.[39mmissingDescription[33m.[39m
length)[33m.[39mtoBe([35m0[39m)[33m;[39m
     [90m 150 |[39m     expect(result[33m.[39mmissingPackages[33m.[39mlen
gth)[33m.[39mtoBe([35m0[39m)[33m;[39m[0m

      at Object.length 
(test/unit/services/validators/packing-list-column-validator.test.js:147:37)

  ÔùÅ validatePackingListByIndexAndType ÔÇ║ missing nature of products

    TypeError: Cannot read properties of undefined (reading 'length')

    [0m [90m 185 |[39m
     [90m 186 |[39m     
expect(result[33m.[39mhasAllFields)[33m.[39mtoBeFalsy()[33m;[39m
    [31m[1m>[22m[39m[90m 187 |[39m     expect(result[33m.[39mmissingIde
ntifier[33m.[39mlength)[33m.[39mtoBe([35m1[39m)[33m;[39m
     [90m     |[39m                                     [31m[1m^[22m[39m
     [90m 188 |[39m     expect(result[33m.[39minvalidProductCodes[33m.[39
mlength)[33m.[39mtoBe([35m0[39m)[33m;[39m
     [90m 189 |[39m     expect(result[33m.[39mmissingDescription[33m.[39m
length)[33m.[39mtoBe([35m0[39m)[33m;[39m
     [90m 190 |[39m     expect(result[33m.[39mmissingPackages[33m.[39mlen
gth)[33m.[39mtoBe([35m0[39m)[33m;[39m[0m

      at Object.length 
(test/unit/services/validators/packing-list-column-validator.test.js:187:37)

  ÔùÅ validatePackingListByIndexAndType ÔÇ║ missing description

    TypeError: Cannot read properties of undefined (reading 'length')

    [0m [90m 225 |[39m
     [90m 226 |[39m     
expect(result[33m.[39mhasAllFields)[33m.[39mtoBeFalsy()[33m;[39m
    [31m[1m>[22m[39m[90m 227 |[39m     expect(result[33m.[39mmissingIde
ntifier[33m.[39mlength)[33m.[39mtoBe([35m0[39m)[33m;[39m
     [90m     |[39m                                     [31m[1m^[22m[39m
     [90m 228 |[39m     expect(result[33m.[39minvalidProductCodes[33m.[39
mlength)[33m.[39mtoBe([35m0[39m)[33m;[39m
     [90m 229 |[39m     expect(result[33m.[39mmissingDescription[33m.[39m
length)[33m.[39mtoBe([35m1[39m)[33m;[39m
     [90m 230 |[39m     expect(result[33m.[39mmissingPackages[33m.[39mlen
gth)[33m.[39mtoBe([35m0[39m)[33m;[39m[0m

      at Object.length 
(test/unit/services/validators/packing-list-column-validator.test.js:227:37)

  ÔùÅ validatePackingListByIndexAndType ÔÇ║ missing packages

    TypeError: Cannot read properties of undefined (reading 'length')

    [0m [90m 265 |[39m
     [90m 266 |[39m     
expect(result[33m.[39mhasAllFields)[33m.[39mtoBeFalsy()[33m;[39m
    [31m[1m>[22m[39m[90m 267 |[39m     expect(result[33m.[39mmissingIde
ntifier[33m.[39mlength)[33m.[39mtoBe([35m0[39m)[33m;[39m
     [90m     |[39m                                     [31m[1m^[22m[39m
     [90m 268 |[39m     expect(result[33m.[39minvalidProductCodes[33m.[39
mlength)[33m.[39mtoBe([35m0[39m)[33m;[39m
     [90m 269 |[39m     expect(result[33m.[39mmissingDescription[33m.[39m
length)[33m.[39mtoBe([35m0[39m)[33m;[39m
     [90m 270 |[39m     expect(result[33m.[39mmissingPackages[33m.[39mlen
gth)[33m.[39mtoBe([35m1[39m)[33m;[39m[0m

      at Object.length 
(test/unit/services/validators/packing-list-column-validator.test.js:267:37)

  ÔùÅ validatePackingListByIndexAndType ÔÇ║ missing net weight

    TypeError: Cannot read properties of undefined (reading 'length')

    [0m [90m 305 |[39m
     [90m 306 |[39m     
expect(result[33m.[39mhasAllFields)[33m.[39mtoBeFalsy()[33m;[39m
    [31m[1m>[22m[39m[90m 307 |[39m     expect(result[33m.[39mmissingIde
ntifier[33m.[39mlength)[33m.[39mtoBe([35m0[39m)[33m;[39m
     [90m     |[39m                                     [31m[1m^[22m[39m
     [90m 308 |[39m     expect(result[33m.[39minvalidProductCodes[33m.[39
mlength)[33m.[39mtoBe([35m0[39m)[33m;[39m
     [90m 309 |[39m     expect(result[33m.[39mmissingDescription[33m.[39m
length)[33m.[39mtoBe([35m0[39m)[33m;[39m
     [90m 310 |[39m     expect(result[33m.[39mmissingPackages[33m.[39mlen
gth)[33m.[39mtoBe([35m0[39m)[33m;[39m[0m

      at Object.length 
(test/unit/services/validators/packing-list-column-validator.test.js:307:37)

  ÔùÅ validatePackingListByIndexAndType ÔÇ║ missing net weight unit

    TypeError: Cannot read properties of undefined (reading 'length')

    [0m [90m 345 |[39m
     [90m 346 |[39m     
expect(result[33m.[39mhasAllFields)[33m.[39mtoBeFalsy()[33m;[39m
    [31m[1m>[22m[39m[90m 347 |[39m     expect(result[33m.[39mmissingIde
ntifier[33m.[39mlength)[33m.[39mtoBe([35m0[39m)[33m;[39m
     [90m     |[39m                                     [31m[1m^[22m[39m
     [90m 348 |[39m     expect(result[33m.[39minvalidProductCodes[33m.[39
mlength)[33m.[39mtoBe([35m0[39m)[33m;[39m
     [90m 349 |[39m     expect(result[33m.[39mmissingDescription[33m.[39m
length)[33m.[39mtoBe([35m0[39m)[33m;[39m
     [90m 350 |[39m     expect(result[33m.[39mmissingPackages[33m.[39mlen
gth)[33m.[39mtoBe([35m0[39m)[33m;[39m[0m

      at Object.length 
(test/unit/services/validators/packing-list-column-validator.test.js:347:37)

  ÔùÅ validatePackingListByIndexAndType ÔÇ║ invalid packages

    TypeError: Cannot read properties of undefined (reading 'length')

    [0m [90m 384 |[39m
     [90m 385 |[39m     
expect(result[33m.[39mhasAllFields)[33m.[39mtoBeFalsy()[33m;[39m
    [31m[1m>[22m[39m[90m 386 |[39m     expect(result[33m.[39minvalidPro
ductCodes[33m.[39mlength)[33m.[39mtoBe([35m0[39m)[33m;[39m
     [90m     |[39m                                       
[31m[1m^[22m[39m
     [90m 387 |[39m     expect(result[33m.[39mmissingIdentifier[33m.[39ml
ength)[33m.[39mtoBe([35m0[39m)[33m;[39m
     [90m 388 |[39m     expect(result[33m.[39mmissingDescription[33m.[39m
length)[33m.[39mtoBe([35m0[39m)[33m;[39m
     [90m 389 |[39m     expect(result[33m.[39mmissingPackages[33m.[39mlen
gth)[33m.[39mtoBe([35m0[39m)[33m;[39m[0m

      at Object.length 
(test/unit/services/validators/packing-list-column-validator.test.js:386:39)

  ÔùÅ validatePackingListByIndexAndType ÔÇ║ invalid net weight

    TypeError: Cannot read properties of undefined (reading 'length')

    [0m [90m 424 |[39m
     [90m 425 |[39m     
expect(result[33m.[39mhasAllFields)[33m.[39mtoBeFalsy()[33m;[39m
    [31m[1m>[22m[39m[90m 426 |[39m     expect(result[33m.[39minvalidPro
ductCodes[33m.[39mlength)[33m.[39mtoBe([35m0[39m)[33m;[39m
     [90m     |[39m                                       
[31m[1m^[22m[39m
     [90m 427 |[39m     expect(result[33m.[39mmissingIdentifier[33m.[39ml
ength)[33m.[39mtoBe([35m0[39m)[33m;[39m
     [90m 428 |[39m     expect(result[33m.[39mmissingDescription[33m.[39m
length)[33m.[39mtoBe([35m0[39m)[33m;[39m
     [90m 429 |[39m     expect(result[33m.[39mmissingPackages[33m.[39mlen
gth)[33m.[39mtoBe([35m0[39m)[33m;[39m[0m

      at Object.length 
(test/unit/services/validators/packing-list-column-validator.test.js:426:39)

  ÔùÅ validatePackingListByIndexAndType ÔÇ║ multiple failures

    TypeError: Cannot read properties of undefined (reading 'length')

    [0m [90m 488 |[39m
     [90m 489 |[39m     
expect(result[33m.[39mhasAllFields)[33m.[39mtoBeFalsy()[33m;[39m
    [31m[1m>[22m[39m[90m 490 |[39m     expect(result[33m.[39mmissingIde
ntifier[33m.[39mlength)[33m.[39mtoBe([35m1[39m)[33m;[39m
     [90m     |[39m                                     [31m[1m^[22m[39m
     [90m 491 |[39m     expect(result[33m.[39minvalidProductCodes[33m.[39
mlength)[33m.[39mtoBe([35m1[39m)[33m;[39m
     [90m 492 |[39m     expect(result[33m.[39mmissingDescription[33m.[39m
length)[33m.[39mtoBe([35m0[39m)[33m;[39m
     [90m 493 |[39m     expect(result[33m.[39mmissingPackages[33m.[39mlen
gth)[33m.[39mtoBe([35m0[39m)[33m;[39m[0m

      at Object.length 
(test/unit/services/validators/packing-list-column-validator.test.js:490:37)

  console.log
    MDM Config loaded: {
      apiUrl: undefined,
      subscriptionKey: 'undefined',
      authUrl: undefined,
      clientId: undefined,
      scope: undefined
    }

      at Object.log (app/config/mdm-config.js:28:9)

  console.info
    Whilst running the 'matches()' method in 'app\services\matchers\giovanni\model1.js', the PLP application logged info: Packing list matches giovanni Model 1 with filename: packinglist-giovanni-model1.xlsx

      at Object.info [as logInfo] (app/utilities/logger.js:20:11)

  console.error
    Whilst running the 'getBlanketValueFromOffset()' method in 'app\services\parser-map.js', the PLP application encounterd: Error: Position not found.

    [0m [90m  6 |[39m [90m */[39m
     [90m  7 |[39m [36mfunction[39m logError(fileName[33m,[39m method[33m,[39m error) {
    [31m[1m>[22m[39m[90m  8 |[39m   console[33m.[39merror(
     [90m    |[39m           [31m[1m^[22m[39m
     [90m  9 |[39m     [32m`Whilst running the '${method}' method in '${fileName}', the PLP application encounterd: ${error}`[39m[33m,[39m
     [90m 10 |[39m   )[33m;[39m
     [90m 11 |[39m }[0m

      at Object.error [as logError] (app/utilities/logger.js:8:11)
      at logError (app/services/parser-map.js:167:12)
      at getBlanketValueFromOffset (app/services/parser-map.js:133:28)
      at extractBlanketValues (app/services/parser-map.js:70:25)
      at Object.mapParser [as parse] (app/services/parsers/giovanni/model1.js:41:33)
      at Object.parse (app/services/model-parsers.js:163:22)
      at Object.parse [as generateParsedPackingList] (app/services/parsers/parser-factory.js:54:42)
      at generateParsedPackingList (app/services/parser-service.js:32:34)

  console.info
    Whilst running the 'matches()' method in 'app\services\matchers\giovanni\model1.js', the PLP application logged info: Packing list matches giovanni Model 1 with filename: packinglist-giovanni-model1.xlsx

      at Object.info [as logInfo] (app/utilities/logger.js:20:11)

  console.error
    Whilst running the 'getBlanketValueFromOffset()' method in 'app\services\parser-map.js', the PLP application encounterd: Error: Position not found.

    [0m [90m  6 |[39m [90m */[39m
     [90m  7 |[39m [36mfunction[39m logError(fileName[33m,[39m method[33m,[39m error) {
    [31m[1m>[22m[39m[90m  8 |[39m   console[33m.[39merror(
     [90m    |[39m           [31m[1m^[22m[39m
     [90m  9 |[39m     [32m`Whilst running the '${method}' method in '${fileName}', the PLP application encounterd: ${error}`[39m[33m,[39m
     [90m 10 |[39m   )[33m;[39m
     [90m 11 |[39m }[0m

      at Object.error [as logError] (app/utilities/logger.js:8:11)
      at logError (app/services/parser-map.js:167:12)
      at getBlanketValueFromOffset (app/services/parser-map.js:133:28)
      at extractBlanketValues (app/services/parser-map.js:70:25)
      at Object.mapParser [as parse] (app/services/parsers/giovanni/model1.js:41:33)
      at Object.parse (app/services/model-parsers.js:163:22)
      at Object.parse [as generateParsedPackingList] (app/services/parsers/parser-factory.js:54:42)
      at generateParsedPackingList (app/services/parser-service.js:32:34)

  console.info
    Whilst running the 'findParser' method in 'app\services\parsers\parser-factory.js', the PLP application logged info: Failed to parse packing list with filename: packinglist.wrong, no match

      at Object.info [as logInfo] (app/utilities/logger.js:20:11)

  console.info
    Whilst running the 'matches()' method in 'app\services\matchers\giovanni\model1.js', the PLP application logged info: Packing list matches giovanni Model 1 with filename: packinglist-giovanni-model1.xlsx

      at Object.info [as logInfo] (app/utilities/logger.js:20:11)

  console.error
    Whilst running the 'getBlanketValueFromOffset()' method in 'app\services\parser-map.js', the PLP application encounterd: Error: Position not found.

    [0m [90m  6 |[39m [90m */[39m
     [90m  7 |[39m [36mfunction[39m logError(fileName[33m,[39m method[33m,[39m error) {
    [31m[1m>[22m[39m[90m  8 |[39m   console[33m.[39merror(
     [90m    |[39m           [31m[1m^[22m[39m
     [90m  9 |[39m     [32m`Whilst running the '${method}' method in '${fileName}', the PLP application encounterd: ${error}`[39m[33m,[39m
     [90m 10 |[39m   )[33m;[39m
     [90m 11 |[39m }[0m

      at Object.error [as logError] (app/utilities/logger.js:8:11)
      at logError (app/services/parser-map.js:167:12)
      at getBlanketValueFromOffset (app/services/parser-map.js:133:28)
      at extractBlanketValues (app/services/parser-map.js:70:25)
      at Object.mapParser [as parse] (app/services/parsers/giovanni/model1.js:41:33)
      at Object.parse (app/services/model-parsers.js:163:22)
      at Object.parse [as generateParsedPackingList] (app/services/parsers/parser-factory.js:54:42)
      at generateParsedPackingList (app/services/parser-service.js:32:34)

  console.info
    Whilst running the 'matches()' method in 'app\services\matchers\giovanni\model1.js', the PLP application logged info: Packing list matches giovanni Model 1 with filename: packinglist-giovanni-model1.xlsx

      at Object.info [as logInfo] (app/utilities/logger.js:20:11)

  console.error
    Whilst running the 'getBlanketValueFromOffset()' method in 'app\services\parser-map.js', the PLP application encounterd: Error: Position not found.

    [0m [90m  6 |[39m [90m */[39m
     [90m  7 |[39m [36mfunction[39m logError(fileName[33m,[39m method[33m,[39m error) {
    [31m[1m>[22m[39m[90m  8 |[39m   console[33m.[39merror(
     [90m    |[39m           [31m[1m^[22m[39m
     [90m  9 |[39m     [32m`Whilst running the '${method}' method in '${fileName}', the PLP application encounterd: ${error}`[39m[33m,[39m
     [90m 10 |[39m   )[33m;[39m
     [90m 11 |[39m }[0m

      at Object.error [as logError] (app/utilities/logger.js:8:11)
      at logError (app/services/parser-map.js:167:12)
      at getBlanketValueFromOffset (app/services/parser-map.js:133:28)
      at extractBlanketValues (app/services/parser-map.js:70:25)
      at Object.mapParser [as parse] (app/services/parsers/giovanni/model1.js:41:33)
      at Object.parse (app/services/model-parsers.js:163:22)
      at Object.parse [as generateParsedPackingList] (app/services/parsers/parser-factory.js:54:42)
      at generateParsedPackingList (app/services/parser-service.js:32:34)

  console.info
    Whilst running the 'matches()' method in 'app\services\matchers\giovanni\model1.js', the PLP application logged info: Packing list matches giovanni Model 1 with filename: packinglist-giovanni-model1.xlsx

      at Object.info [as logInfo] (app/utilities/logger.js:20:11)

  console.error
    Whilst running the 'getBlanketValueFromOffset()' method in 'app\services\parser-map.js', the PLP application encounterd: Error: Position not found.

    [0m [90m  6 |[39m [90m */[39m
     [90m  7 |[39m [36mfunction[39m logError(fileName[33m,[39m method[33m,[39m error) {
    [31m[1m>[22m[39m[90m  8 |[39m   console[33m.[39merror(
     [90m    |[39m           [31m[1m^[22m[39m
     [90m  9 |[39m     [32m`Whilst running the '${method}' method in '${fileName}', the PLP application encounterd: ${error}`[39m[33m,[39m
     [90m 10 |[39m   )[33m;[39m
     [90m 11 |[39m }[0m

      at Object.error [as logError] (app/utilities/logger.js:8:11)
      at logError (app/services/parser-map.js:167:12)
      at getBlanketValueFromOffset (app/services/parser-map.js:133:28)
      at extractBlanketValues (app/services/parser-map.js:70:25)
      at Object.mapParser [as parse] (app/services/parsers/giovanni/model1.js:41:33)
      at Object.parse (app/services/model-parsers.js:163:22)
      at Object.parse [as generateParsedPackingList] (app/services/parsers/parser-factory.js:54:42)
      at generateParsedPackingList (app/services/parser-service.js:32:34)

  console.info
    Whilst running the 'matches()' method in 'app\services\matchers\giovanni\model1.js', the PLP application logged info: Packing list matches giovanni Model 1 with filename: packinglist-giovanni-model1.xlsx

      at Object.info [as logInfo] (app/utilities/logger.js:20:11)

  console.error
    Whilst running the 'getBlanketValueFromOffset()' method in 'app\services\parser-map.js', the PLP application encounterd: Error: Position not found.

    [0m [90m  6 |[39m [90m */[39m
     [90m  7 |[39m [36mfunction[39m logError(fileName[33m,[39m method[33m,[39m error) {
    [31m[1m>[22m[39m[90m  8 |[39m   console[33m.[39merror(
     [90m    |[39m           [31m[1m^[22m[39m
     [90m  9 |[39m     [32m`Whilst running the '${method}' method in '${fileName}', the PLP application encounterd: ${error}`[39m[33m,[39m
     [90m 10 |[39m   )[33m;[39m
     [90m 11 |[39m }[0m

      at Object.error [as logError] (app/utilities/logger.js:8:11)
      at logError (app/services/parser-map.js:167:12)
      at getBlanketValueFromOffset (app/services/parser-map.js:133:28)
      at extractBlanketValues (app/services/parser-map.js:70:25)
      at Object.mapParser [as parse] (app/services/parsers/giovanni/model1.js:41:33)
      at Object.parse (app/services/model-parsers.js:163:22)
      at Object.parse [as generateParsedPackingList] (app/services/parsers/parser-factory.js:54:42)
      at generateParsedPackingList (app/services/parser-service.js:32:34)

  console.info
    Whilst running the 'matches()' method in 'app\services\matchers\giovanni\model1.js', the PLP application logged info: Packing list matches giovanni Model 1 with filename: packinglist-giovanni-model1.xlsx

      at Object.info [as logInfo] (app/utilities/logger.js:20:11)

  console.error
    Whilst running the 'getBlanketValueFromOffset()' method in 'app\services\parser-map.js', the PLP application encounterd: Error: Position not found.

    [0m [90m  6 |[39m [90m */[39m
     [90m  7 |[39m [36mfunction[39m logError(fileName[33m,[39m method[33m,[39m error) {
    [31m[1m>[22m[39m[90m  8 |[39m   console[33m.[39merror(
     [90m    |[39m           [31m[1m^[22m[39m
     [90m  9 |[39m     [32m`Whilst running the '${method}' method in '${fileName}', the PLP application encounterd: ${error}`[39m[33m,[39m
     [90m 10 |[39m   )[33m;[39m
     [90m 11 |[39m }[0m

      at Object.error [as logError] (app/utilities/logger.js:8:11)
      at logError (app/services/parser-map.js:167:12)
      at getBlanketValueFromOffset (app/services/parser-map.js:133:28)
      at extractBlanketValues (app/services/parser-map.js:70:25)
      at Object.mapParser [as parse] (app/services/parsers/giovanni/model1.js:41:33)
      at Object.parse (app/services/model-parsers.js:163:22)
      at Object.parse [as generateParsedPackingList] (app/services/parsers/parser-factory.js:54:42)
      at generateParsedPackingList (app/services/parser-service.js:32:34)

  console.info
    Whilst running the 'matches()' method in 'app\services\matchers\giovanni\model1.js', the PLP application logged info: Packing list matches giovanni Model 1 with filename: packinglist-giovanni-model1.xlsx

      at Object.info [as logInfo] (app/utilities/logger.js:20:11)

  console.error
    Whilst running the 'getBlanketValueFromOffset()' method in 'app\services\parser-map.js', the PLP application encounterd: Error: Position not found.

    [0m [90m  6 |[39m [90m */[39m
     [90m  7 |[39m [36mfunction[39m logError(fileName[33m,[39m method[33m,[39m error) {
    [31m[1m>[22m[39m[90m  8 |[39m   console[33m.[39merror(
     [90m    |[39m           [31m[1m^[22m[39m
     [90m  9 |[39m     [32m`Whilst running the '${method}' method in '${fileName}', the PLP application encounterd: ${error}`[39m[33m,[39m
     [90m 10 |[39m   )[33m;[39m
     [90m 11 |[39m }[0m

      at Object.error [as logError] (app/utilities/logger.js:8:11)
      at logError (app/services/parser-map.js:167:12)
      at getBlanketValueFromOffset (app/services/parser-map.js:133:28)
      at extractBlanketValues (app/services/parser-map.js:70:25)
      at Object.mapParser [as parse] (app/services/parsers/giovanni/model1.js:41:33)
      at Object.parse (app/services/model-parsers.js:163:22)
      at Object.parse [as generateParsedPackingList] (app/services/parsers/parser-factory.js:54:42)
      at generateParsedPackingList (app/services/parser-service.js:32:34)

  console.info
    Whilst running the 'matches()' method in 'app\services\matchers\giovanni\model1.js', the PLP application logged info: Packing list matches giovanni Model 1 with filename: packinglist-giovanni-model1.xlsx

      at Object.info [as logInfo] (app/utilities/logger.js:20:11)

  console.error
    Whilst running the 'getBlanketValueFromOffset()' method in 'app\services\parser-map.js', the PLP application encounterd: Error: Position not found.

    [0m [90m  6 |[39m [90m */[39m
     [90m  7 |[39m [36mfunction[39m logError(fileName[33m,[39m method[33m,[39m error) {
    [31m[1m>[22m[39m[90m  8 |[39m   console[33m.[39merror(
     [90m    |[39m           [31m[1m^[22m[39m
     [90m  9 |[39m     [32m`Whilst running the '${method}' method in '${fileName}', the PLP application encounterd: ${error}`[39m[33m,[39m
     [90m 10 |[39m   )[33m;[39m
     [90m 11 |[39m }[0m

      at Object.error [as logError] (app/utilities/logger.js:8:11)
      at logError (app/services/parser-map.js:167:12)
      at getBlanketValueFromOffset (app/services/parser-map.js:133:28)
      at extractBlanketValues (app/services/parser-map.js:70:25)
      at Object.mapParser [as parse] (app/services/parsers/giovanni/model1.js:41:33)
      at Object.parse (app/services/model-parsers.js:163:22)
      at Object.parse [as generateParsedPackingList] (app/services/parsers/parser-factory.js:54:42)
      at generateParsedPackingList (app/services/parser-service.js:32:34)

  console.info
    Whilst running the 'matches()' method in 'app\services\matchers\giovanni\model1.js', the PLP application logged info: Packing list matches giovanni Model 1 with filename: packinglist-giovanni-model1.xlsx

      at Object.info [as logInfo] (app/utilities/logger.js:20:11)

  console.error
    Whilst running the 'getBlanketValueFromOffset()' method in 'app\services\parser-map.js', the PLP application encounterd: Error: Position not found.

    [0m [90m  6 |[39m [90m */[39m
     [90m  7 |[39m [36mfunction[39m logError(fileName[33m,[39m method[33m,[39m error) {
    [31m[1m>[22m[39m[90m  8 |[39m   console[33m.[39merror(
     [90m    |[39m           [31m[1m^[22m[39m
     [90m  9 |[39m     [32m`Whilst running the '${method}' method in '${fileName}', the PLP application encounterd: ${error}`[39m[33m,[39m
     [90m 10 |[39m   )[33m;[39m
     [90m 11 |[39m }[0m

      at Object.error [as logError] (app/utilities/logger.js:8:11)
      at logError (app/services/parser-map.js:167:12)
      at getBlanketValueFromOffset (app/services/parser-map.js:133:28)
      at extractBlanketValues (app/services/parser-map.js:70:25)
      at Object.mapParser [as parse] (app/services/parsers/giovanni/model1.js:41:33)
      at Object.parse (app/services/model-parsers.js:163:22)
      at Object.parse [as generateParsedPackingList] (app/services/parsers/parser-factory.js:54:42)
      at generateParsedPackingList (app/services/parser-service.js:32:34)

  console.info
    Whilst running the 'matches()' method in 'app\services\matchers\giovanni\model1.js', the PLP application logged info: Packing list matches giovanni Model 1 with filename: packinglist-giovanni-model1.xlsx

      at Object.info [as logInfo] (app/utilities/logger.js:20:11)

  console.error
    Whilst running the 'getBlanketValueFromOffset()' method in 'app\services\parser-map.js', the PLP application encounterd: Error: Position not found.

    [0m [90m  6 |[39m [90m */[39m
     [90m  7 |[39m [36mfunction[39m logError(fileName[33m,[39m method[33m,[39m error) {
    [31m[1m>[22m[39m[90m  8 |[39m   console[33m.[39merror(
     [90m    |[39m           [31m[1m^[22m[39m
     [90m  9 |[39m     [32m`Whilst running the '${method}' method in '${fileName}', the PLP application encounterd: ${error}`[39m[33m,[39m
     [90m 10 |[39m   )[33m;[39m
     [90m 11 |[39m }[0m

      at Object.error [as logError] (app/utilities/logger.js:8:11)
      at logError (app/services/parser-map.js:167:12)
      at getBlanketValueFromOffset (app/services/parser-map.js:133:28)
      at extractBlanketValues (app/services/parser-map.js:70:25)
      at Object.mapParser [as parse] (app/services/parsers/giovanni/model1.js:41:33)
      at Object.parse (app/services/model-parsers.js:163:22)
      at Object.parse [as generateParsedPackingList] (app/services/parsers/parser-factory.js:54:42)
      at generateParsedPackingList (app/services/parser-service.js:32:34)

  console.info
    Whilst running the 'matches()' method in 'app\services\matchers\giovanni\model1.js', the PLP application logged info: Packing list matches giovanni Model 1 with filename: packinglist-giovanni-model1.xlsx

      at Object.info [as logInfo] (app/utilities/logger.js:20:11)

  console.info
    Whilst running the 'matches()' method in 'app\services\matchers\giovanni\model1.js', the PLP application logged info: Packing list matches giovanni Model 1 with filename: packinglist-giovanni-model1.xlsx

      at Object.info [as logInfo] (app/utilities/logger.js:20:11)

  console.error
    Whilst running the 'getBlanketValueFromOffset()' method in 'app\services\parser-map.js', the PLP application encounterd: Error: Position not found.

    [0m [90m  6 |[39m [90m */[39m
     [90m  7 |[39m [36mfunction[39m logError(fileName[33m,[39m method[33m,[39m error) {
    [31m[1m>[22m[39m[90m  8 |[39m   console[33m.[39merror(
     [90m    |[39m           [31m[1m^[22m[39m
     [90m  9 |[39m     [32m`Whilst running the '${method}' method in '${fileName}', the PLP application encounterd: ${error}`[39m[33m,[39m
     [90m 10 |[39m   )[33m;[39m
     [90m 11 |[39m }[0m

      at Object.error [as logError] (app/utilities/logger.js:8:11)
      at logError (app/services/parser-map.js:167:12)
      at getBlanketValueFromOffset (app/services/parser-map.js:133:28)
      at extractBlanketValues (app/services/parser-map.js:70:25)
      at Object.mapParser [as parse] (app/services/parsers/giovanni/model1.js:41:33)
      at Object.parse (app/services/model-parsers.js:163:22)
      at Object.parse [as generateParsedPackingList] (app/services/parsers/parser-factory.js:54:42)
      at generateParsedPackingList (app/services/parser-service.js:32:34)

  console.error
    Whilst running the 'sanitise()' method in 'app\utilities\json-file.js', the PLP application encounterd: Invalid JSON string provided: SyntaxError: "undefined" is not valid JSON

    [0m [90m  6 |[39m [90m */[39m
     [90m  7 |[39m [36mfunction[39m logError(fileName[33m,[39m method[33m,[39m error) {
    [31m[1m>[22m[39m[90m  8 |[39m   console[33m.[39merror(
     [90m    |[39m           [31m[1m^[22m[39m
     [90m  9 |[39m     [32m`Whilst running the '${method}' method in '${fileName}', the PLP application encounterd: ${error}`[39m[33m,[39m
     [90m 10 |[39m   )[33m;[39m
     [90m 11 |[39m }[0m

      at Object.error [as logError] (app/utilities/logger.js:8:11)
      at Object.logError (app/utilities/json-file.js:40:12)
      at sanitise (app/services/parser-service.js:48:47)
      at sanitizeInput (app/services/parser-service.js:15:34)
      at Object.parsePackingList [as findParser] (app/services/parser-service.js:10:10)
      at Object.findParser (test/unit/services/parser-service/giovanni/model1.test.js:152:40)

  console.error
    Whilst running the 'parsePackingList()' method in 'app\services\parser-service.js', the PLP application encounterd: TypeError: Cannot convert undefined or null to object

    [0m [90m  6 |[39m [90m */[39m
     [90m  7 |[39m [36mfunction[39m logError(fileName[33m,[39m method[33m,[39m error) {
    [31m[1m>[22m[39m[90m  8 |[39m   console[33m.[39merror(
     [90m    |[39m           [31m[1m^[22m[39m
     [90m  9 |[39m     [32m`Whilst running the '${method}' method in '${fileName}', the PLP application encounterd: ${error}`[39m[33m,[39m
     [90m 10 |[39m   )[33m;[39m
     [90m 11 |[39m }[0m

      at Object.error [as logError] (app/utilities/logger.js:8:11)
      at logError (app/services/parser-service.js:39:12)

FAIL test/unit/services/parser-service/giovanni/model1.test.js
  matchesGiovanniModel1
    ÔêÜ matches valid Giovanni Model 1 file, calls parser and returns 
all_required_fields_present as true (20 ms)
    ÔêÜ matches valid Giovanni Model 1 file, calls parser, but returns 
all_required_fields_present as false when cells missing (4 ms)
    ÔêÜ returns 'No Match' for incorrect file extension (1 ms)
    ÔêÜ matches valid Giovanni Model 1 file, calls parser and returns 
all_required_fields_present as false for multiple rms (3 ms)
    ÔêÜ matches valid Giovanni Model 1 file, calls parser and returns 
all_required_fields_present as false for missing kg unit (3 ms)
  GIOVANNI1 CoO Validation Tests - Type 4
    ÔêÜ BAC1: Missing dynamic blanket statement - validation fails (3 ms)
    ÔêÜ BAC2: Missing CoO values with blanket statement - validation errors (2 
ms)
    ÔêÜ BAC3: Invalid CoO format - validation errors (3 ms)
    ÔêÜ BAC4-5: Multiple CoO errors aggregation - shows first 3 and "in 
addition to" message (6 ms)
    ÔêÜ BAC6: Valid packing list with dynamic blanket statement passes 
validation (4 ms)
    ÔêÜ BAC6: CoO placeholder X/x values pass validation (3 ms)
    ÔêÜ Dynamic blanket statement sets all items to NIRMS (3 ms)
    ÔêÜ BAC7: Prohibited items validation with treatment type (2 ms)
    ÔêÜ BAC8,10: Multiple prohibited items aggregation - shows first 3 and "in 
addition to" message (3 ms)
    ├ù BAC9: Prohibited items validation without treatment type (2 ms)

  ÔùÅ GIOVANNI1 CoO Validation Tests - Type 4 ÔÇ║ BAC9: Prohibited items 
validation without treatment type

    TypeError: Cannot read properties of undefined (reading 'failure_reasons')

    [0m [90m 154 |[39m       filename[33m,[39m
     [90m 155 |[39m     )[33m;[39m
    [31m[1m>[22m[39m[90m 156 |[39m     expect(result[33m.[39mbusiness_c
hecks[33m.[39mfailure_reasons)[33m.[39mtoContain(
     [90m     |[39m                                   [31m[1m^[22m[39m
     [90m 157 |[39m       [32m"Prohibited item identified on the packing 
list"[39m[33m,[39m
     [90m 158 |[39m     )[33m;[39m
     [90m 159 |[39m     expect(result[33m.[39mbusiness_checks[33m.[39mall
_required_fields_present)[33m.[39mtoBe([36mfalse[39m)[33m;[39m[0m

      at Object.failure_reasons 
(test/unit/services/parser-service/giovanni/model1.test.js:156:35)

  console.log
    MDM Config loaded: {
      apiUrl: undefined,
      subscriptionKey: 'undefined',
      authUrl: undefined,
      clientId: undefined,
      scope: undefined
    }

      at Object.log (app/config/mdm-config.js:28:9)

  console.info
    Whilst running the 'matches()' method in 'app\services\matchers\turners\model1.js', the PLP application logged info: Packing list matches Turners Model 1 with filename: packinglist-turners-model1.xlsx

      at Object.info [as logInfo] (app/utilities/logger.js:20:11)

  console.info
    Whilst running the 'matches()' method in 'app\services\matchers\turners\model1.js', the PLP application logged info: Packing list matches Turners Model 1 with filename: packinglist-turners-model1.xlsx

      at Object.info [as logInfo] (app/utilities/logger.js:20:11)

  console.info
    Whilst running the 'matches()' method in 'app\services\matchers\turners\model1.js', the PLP application logged info: Packing list matches Turners Model 1 with filename: packinglist-turners-model1.xlsx

      at Object.info [as logInfo] (app/utilities/logger.js:20:11)

  console.info
    Whilst running the 'findParser' method in 'app\services\parsers\parser-factory.js', the PLP application logged info: Failed to parse packing list with filename: packinglist.wrong, no match

      at Object.info [as logInfo] (app/utilities/logger.js:20:11)

  console.info
    Whilst running the 'matches()' method in 'app\services\matchers\turners\model1.js', the PLP application logged info: Packing list matches Turners Model 1 with filename: packinglist-turners-model1.xlsx

      at Object.info [as logInfo] (app/utilities/logger.js:20:11)

  console.info
    Whilst running the 'matches()' method in 'app\services\matchers\turners\model1.js', the PLP application logged info: Packing list matches Turners Model 1 with filename: packinglist-turners-model1.xlsx

      at Object.info [as logInfo] (app/utilities/logger.js:20:11)

  console.info
    Whilst running the 'matches()' method in 'app\services\matchers\turners\model1.js', the PLP application logged info: Packing list matches Turners Model 1 with filename: packinglist-turners-model1.xlsx

      at Object.info [as logInfo] (app/utilities/logger.js:20:11)

  console.info
    Whilst running the 'matches()' method in 'app\services\matchers\turners\model1.js', the PLP application logged info: Packing list matches Turners Model 1 with filename: packinglist-turners-model1.xlsx

      at Object.info [as logInfo] (app/utilities/logger.js:20:11)

  console.info
    Whilst running the 'matches()' method in 'app\services\matchers\turners\model1.js', the PLP application logged info: Packing list matches Turners Model 1 with filename: packinglist-turners-model1.xlsx

      at Object.info [as logInfo] (app/utilities/logger.js:20:11)

  console.info
    Whilst running the 'matches()' method in 'app\services\matchers\turners\model1.js', the PLP application logged info: Packing list matches Turners Model 1 with filename: packinglist-turners-model1.xlsx

      at Object.info [as logInfo] (app/utilities/logger.js:20:11)

  console.info
    Whilst running the 'matches()' method in 'app\services\matchers\turners\model1.js', the PLP application logged info: Packing list matches Turners Model 1 with filename: packinglist-turners-model1.xlsx

      at Object.info [as logInfo] (app/utilities/logger.js:20:11)

  console.info
    Whilst running the 'matches()' method in 'app\services\matchers\turners\model1.js', the PLP application logged info: Packing list matches Turners Model 1 with filename: packinglist-turners-model1.xlsx

      at Object.info [as logInfo] (app/utilities/logger.js:20:11)

  console.error
    Whilst running the 'sanitise()' method in 'app\utilities\json-file.js', the PLP application encounterd: Invalid JSON string provided: SyntaxError: "undefined" is not valid JSON

    [0m [90m  6 |[39m [90m */[39m
     [90m  7 |[39m [36mfunction[39m logError(fileName[33m,[39m method[33m,[39m error) {
    [31m[1m>[22m[39m[90m  8 |[39m   console[33m.[39merror(
     [90m    |[39m           [31m[1m^[22m[39m
     [90m  9 |[39m     [32m`Whilst running the '${method}' method in '${fileName}', the PLP application encounterd: ${error}`[39m[33m,[39m
     [90m 10 |[39m   )[33m;[39m
     [90m 11 |[39m }[0m

      at Object.error [as logError] (app/utilities/logger.js:8:11)
      at Object.logError (app/utilities/json-file.js:40:12)
      at sanitise (app/services/parser-service.js:48:47)
      at sanitizeInput (app/services/parser-service.js:15:34)
      at Object.parsePackingList [as findParser] (app/services/parser-service.js:10:10)
      at Object.findParser (test/unit/services/parser-service/turners/model1.test.js:120:40)

  console.error
    Whilst running the 'parsePackingList()' method in 'app\services\parser-service.js', the PLP application encounterd: TypeError: Cannot convert undefined or null to object

    [0m [90m  6 |[39m [90m */[39m
     [90m  7 |[39m [36mfunction[39m logError(fileName[33m,[39m method[33m,[39m error) {
    [31m[1m>[22m[39m[90m  8 |[39m   console[33m.[39merror(
     [90m    |[39m           [31m[1m^[22m[39m
     [90m  9 |[39m     [32m`Whilst running the '${method}' method in '${fileName}', the PLP application encounterd: ${error}`[39m[33m,[39m
     [90m 10 |[39m   )[33m;[39m
     [90m 11 |[39m }[0m

      at Object.error [as logError] (app/utilities/logger.js:8:11)
      at logError (app/services/parser-service.js:39:12)

FAIL test/unit/services/parser-service/turners/model1.test.js
  matchesTurnersModel1
    ÔêÜ matches valid TURNERS Model 1 file, calls parser and returns 
all_required_fields_present as true (10 ms)
    ÔêÜ matches valid TURNERS Model 1 file with multiple sheets, calls parser 
and returns all_required_fields_present as true (2 ms)
    ÔêÜ matches valid TURNERS Model 1 file, calls parser, but returns 
all_required_fields_present as false when cells missing (2 ms)
    ÔêÜ returns 'No Match' for incorrect file extension (1 ms)
    ÔêÜ matches valid TURNERS Model 1 file, calls parser and returns 
all_required_fields_present as false for multiple rms (2 ms)
    ÔêÜ matches valid TURNERS Model 1 file, calls parser and returns 
all_required_fields_present as false for missing kg unit (2 ms)
    ÔêÜ matches valid TURNERS Model 1 file, calls parser and returns 
all_required_fields_present as false for invalid NIRMS (2 ms)
    ÔêÜ matches valid TURNERS Model 1 file, calls parser and returns 
all_required_fields_present as true for valid non-NIRMS (1 ms)
    ÔêÜ matches valid TURNERS Model 1 file, calls parser and returns 
all_required_fields_present as false for missing NIRMS (2 ms)
    ÔêÜ matches valid TURNERS Model 1 file, calls parser and returns 
all_required_fields_present as false for missing CoO (2 ms)
    ÔêÜ matches valid TURNERS Model 1 file, calls parser and returns 
all_required_fields_present as false for invalid CoO (2 ms)
    ÔêÜ matches valid TURNERS Model 1 file, calls parser and returns 
all_required_fields_present as true for X CoO (1 ms)
    ├ù matches valid TURNERS Model 1 file, calls parser and returns 
all_required_fields_present as false for prohibited items (3 ms)

  ÔùÅ matchesTurnersModel1 ÔÇ║ matches valid TURNERS Model 1 file, calls 
parser and returns all_required_fields_present as false for prohibited items

    expect(received).toMatchObject(expected)

    Matcher error: expected value must be a non-null object

    Expected has value: undefined

    [0m [90m 123 |[39m     )[33m;[39m
     [90m 124 |[39m
    [31m[1m>[22m[39m[90m 125 |[39m     expect(result)[33m.[39mtoMatchOb
ject(test_results[33m.[39mprohibitedItemsTestResult)[33m;[39m
     [90m     |[39m                    [31m[1m^[22m[39m
     [90m 126 |[39m   })[33m;[39m
     [90m 127 |[39m })[33m;[39m
     [90m 128 |[39m[0m

      at Object.toMatchObject 
(test/unit/services/parser-service/turners/model1.test.js:125:20)

  console.log
    MDM Config loaded: {
      apiUrl: undefined,
      subscriptionKey: 'undefined',
      authUrl: undefined,
      clientId: undefined,
      scope: undefined
    }

      at Object.log (app/config/mdm-config.js:28:9)

  console.info
    Whilst running the 'matches()' method in 'app\services\matchers\buffaload-logistics\model1.js', the PLP application logged info: Packing list matches buffaload-logistics Model 1 with filename: PackingList-Buffaload-model1.xlsx

      at Object.info [as logInfo] (app/utilities/logger.js:20:11)

  console.info
    Whilst running the 'matches()' method in 'app\services\matchers\buffaload-logistics\model1.js', the PLP application logged info: Packing list matches buffaload-logistics Model 1 with filename: PackingList-Buffaload-model1.xlsx

      at Object.info [as logInfo] (app/utilities/logger.js:20:11)

  console.info
    Whilst running the 'matches()' method in 'app\services\matchers\buffaload-logistics\model1.js', the PLP application logged info: Packing list matches buffaload-logistics Model 1 with filename: PackingList-Buffaload-model1.xlsx

      at Object.info [as logInfo] (app/utilities/logger.js:20:11)

  console.info
    Whilst running the 'findParser' method in 'app\services\parsers\parser-factory.js', the PLP application logged info: Failed to parse packing list with filename: packinglist.wrong, no match

      at Object.info [as logInfo] (app/utilities/logger.js:20:11)

  console.info
    Whilst running the 'matches()' method in 'app\services\matchers\buffaload-logistics\model1.js', the PLP application logged info: Packing list matches buffaload-logistics Model 1 with filename: PackingList-Buffaload-model1.xlsx

      at Object.info [as logInfo] (app/utilities/logger.js:20:11)

  console.info
    Whilst running the 'matches()' method in 'app\services\matchers\buffaload-logistics\model1.js', the PLP application logged info: Packing list matches buffaload-logistics Model 1 with filename: PackingList-Buffaload-model1.xlsx

      at Object.info [as logInfo] (app/utilities/logger.js:20:11)

  console.info
    Whilst running the 'matches()' method in 'app\services\matchers\buffaload-logistics\model1.js', the PLP application logged info: Packing list matches buffaload-logistics Model 1 with filename: PackingList-Buffaload-model1.xlsx

      at Object.info [as logInfo] (app/utilities/logger.js:20:11)

  console.info
    Whilst running the 'matches()' method in 'app\services\matchers\buffaload-logistics\model1.js', the PLP application logged info: Packing list matches buffaload-logistics Model 1 with filename: PackingList-Buffaload-model1.xlsx

      at Object.info [as logInfo] (app/utilities/logger.js:20:11)

  console.info
    Whilst running the 'matches()' method in 'app\services\matchers\buffaload-logistics\model1.js', the PLP application logged info: Packing list matches buffaload-logistics Model 1 with filename: PackingList-Buffaload-model1.xlsx

      at Object.info [as logInfo] (app/utilities/logger.js:20:11)

  console.info
    Whilst running the 'matches()' method in 'app\services\matchers\buffaload-logistics\model1.js', the PLP application logged info: Packing list matches buffaload-logistics Model 1 with filename: PackingList-Buffaload-model1.xlsx

      at Object.info [as logInfo] (app/utilities/logger.js:20:11)

  console.info
    Whilst running the 'matches()' method in 'app\services\matchers\buffaload-logistics\model1.js', the PLP application logged info: Packing list matches buffaload-logistics Model 1 with filename: PackingList-Buffaload-model1.xlsx

      at Object.info [as logInfo] (app/utilities/logger.js:20:11)

  console.info
    Whilst running the 'matches()' method in 'app\services\matchers\buffaload-logistics\model1.js', the PLP application logged info: Packing list matches buffaload-logistics Model 1 with filename: PackingList-Buffaload-model1.xlsx

      at Object.info [as logInfo] (app/utilities/logger.js:20:11)

  console.info
    Whilst running the 'matches()' method in 'app\services\matchers\buffaload-logistics\model1.js', the PLP application logged info: Packing list matches buffaload-logistics Model 1 with filename: PackingList-Buffaload-model1.xlsx

      at Object.info [as logInfo] (app/utilities/logger.js:20:11)

  console.info
    Whilst running the 'matches()' method in 'app\services\matchers\buffaload-logistics\model1.js', the PLP application logged info: Packing list matches buffaload-logistics Model 1 with filename: PackingList-Buffaload-model1.xlsx

      at Object.info [as logInfo] (app/utilities/logger.js:20:11)

  console.error
    Whilst running the 'sanitise()' method in 'app\utilities\json-file.js', the PLP application encounterd: Invalid JSON string provided: SyntaxError: "undefined" is not valid JSON

    [0m [90m  6 |[39m [90m */[39m
     [90m  7 |[39m [36mfunction[39m logError(fileName[33m,[39m method[33m,[39m error) {
    [31m[1m>[22m[39m[90m  8 |[39m   console[33m.[39merror(
     [90m    |[39m           [31m[1m^[22m[39m
     [90m  9 |[39m     [32m`Whilst running the '${method}' method in '${fileName}', the PLP application encounterd: ${error}`[39m[33m,[39m
     [90m 10 |[39m   )[33m;[39m
     [90m 11 |[39m }[0m

      at Object.error [as logError] (app/utilities/logger.js:8:11)
      at Object.logError (app/utilities/json-file.js:40:12)
      at sanitise (app/services/parser-service.js:48:47)
      at sanitizeInput (app/services/parser-service.js:15:34)
      at Object.parsePackingList [as findParser] (app/services/parser-service.js:10:10)
      at Object.findParser (test/unit/services/parser-service/buffaload-logistics/model1.test.js:190:40)

  console.error
    Whilst running the 'parsePackingList()' method in 'app\services\parser-service.js', the PLP application encounterd: TypeError: Cannot convert undefined or null to object

    [0m [90m  6 |[39m [90m */[39m
     [90m  7 |[39m [36mfunction[39m logError(fileName[33m,[39m method[33m,[39m error) {
    [31m[1m>[22m[39m[90m  8 |[39m   console[33m.[39merror(
     [90m    |[39m           [31m[1m^[22m[39m
     [90m  9 |[39m     [32m`Whilst running the '${method}' method in '${fileName}', the PLP application encounterd: ${error}`[39m[33m,[39m
     [90m 10 |[39m   )[33m;[39m
     [90m 11 |[39m }[0m

      at Object.error [as logError] (app/utilities/logger.js:8:11)
      at logError (app/services/parser-service.js:39:12)

  console.error
    Whilst running the 'sanitise()' method in 'app\utilities\json-file.js', the PLP application encounterd: Invalid JSON string provided: SyntaxError: "undefined" is not valid JSON

    [0m [90m  6 |[39m [90m */[39m
     [90m  7 |[39m [36mfunction[39m logError(fileName[33m,[39m method[33m,[39m error) {
    [31m[1m>[22m[39m[90m  8 |[39m   console[33m.[39merror(
     [90m    |[39m           [31m[1m^[22m[39m
     [90m  9 |[39m     [32m`Whilst running the '${method}' method in '${fileName}', the PLP application encounterd: ${error}`[39m[33m,[39m
     [90m 10 |[39m   )[33m;[39m
     [90m 11 |[39m }[0m

      at Object.error [as logError] (app/utilities/logger.js:8:11)
      at Object.logError (app/utilities/json-file.js:40:12)
      at sanitise (app/services/parser-service.js:48:47)
      at sanitizeInput (app/services/parser-service.js:15:34)
      at Object.parsePackingList [as findParser] (app/services/parser-service.js:10:10)
      at Object.findParser (test/unit/services/parser-service/buffaload-logistics/model1.test.js:202:40)

  console.error
    Whilst running the 'parsePackingList()' method in 'app\services\parser-service.js', the PLP application encounterd: TypeError: Cannot convert undefined or null to object

    [0m [90m  6 |[39m [90m */[39m
     [90m  7 |[39m [36mfunction[39m logError(fileName[33m,[39m method[33m,[39m error) {
    [31m[1m>[22m[39m[90m  8 |[39m   console[33m.[39merror(
     [90m    |[39m           [31m[1m^[22m[39m
     [90m  9 |[39m     [32m`Whilst running the '${method}' method in '${fileName}', the PLP application encounterd: ${error}`[39m[33m,[39m
     [90m 10 |[39m   )[33m;[39m
     [90m 11 |[39m }[0m

      at Object.error [as logError] (app/utilities/logger.js:8:11)
      at logError (app/services/parser-service.js:39:12)

  console.error
    Whilst running the 'sanitise()' method in 'app\utilities\json-file.js', the PLP application encounterd: Invalid JSON string provided: SyntaxError: "undefined" is not valid JSON

    [0m [90m  6 |[39m [90m */[39m
     [90m  7 |[39m [36mfunction[39m logError(fileName[33m,[39m method[33m,[39m error) {
    [31m[1m>[22m[39m[90m  8 |[39m   console[33m.[39merror(
     [90m    |[39m           [31m[1m^[22m[39m
     [90m  9 |[39m     [32m`Whilst running the '${method}' method in '${fileName}', the PLP application encounterd: ${error}`[39m[33m,[39m
     [90m 10 |[39m   )[33m;[39m
     [90m 11 |[39m }[0m

      at Object.error [as logError] (app/utilities/logger.js:8:11)
      at Object.logError (app/utilities/json-file.js:40:12)
      at sanitise (app/services/parser-service.js:48:47)
      at sanitizeInput (app/services/parser-service.js:15:34)
      at Object.parsePackingList [as findParser] (app/services/parser-service.js:10:10)
      at Object.findParser (test/unit/services/parser-service/buffaload-logistics/model1.test.js:215:40)

  console.error
    Whilst running the 'parsePackingList()' method in 'app\services\parser-service.js', the PLP application encounterd: TypeError: Cannot convert undefined or null to object

    [0m [90m  6 |[39m [90m */[39m
     [90m  7 |[39m [36mfunction[39m logError(fileName[33m,[39m method[33m,[39m error) {
    [31m[1m>[22m[39m[90m  8 |[39m   console[33m.[39merror(
     [90m    |[39m           [31m[1m^[22m[39m
     [90m  9 |[39m     [32m`Whilst running the '${method}' method in '${fileName}', the PLP application encounterd: ${error}`[39m[33m,[39m
     [90m 10 |[39m   )[33m;[39m
     [90m 11 |[39m }[0m

      at Object.error [as logError] (app/utilities/logger.js:8:11)
      at logError (app/services/parser-service.js:39:12)

  console.error
    Whilst running the 'sanitise()' method in 'app\utilities\json-file.js', the PLP application encounterd: Invalid JSON string provided: SyntaxError: "undefined" is not valid JSON

    [0m [90m  6 |[39m [90m */[39m
     [90m  7 |[39m [36mfunction[39m logError(fileName[33m,[39m method[33m,[39m error) {
    [31m[1m>[22m[39m[90m  8 |[39m   console[33m.[39merror(
     [90m    |[39m           [31m[1m^[22m[39m
     [90m  9 |[39m     [32m`Whilst running the '${method}' method in '${fileName}', the PLP application encounterd: ${error}`[39m[33m,[39m
     [90m 10 |[39m   )[33m;[39m
     [90m 11 |[39m }[0m

      at Object.error [as logError] (app/utilities/logger.js:8:11)
      at Object.logError (app/utilities/json-file.js:40:12)
      at sanitise (app/services/parser-service.js:48:47)
      at sanitizeInput (app/services/parser-service.js:15:34)
      at Object.parsePackingList [as findParser] (app/services/parser-service.js:10:10)
      at Object.findParser (test/unit/services/parser-service/buffaload-logistics/model1.test.js:227:40)

  console.error
    Whilst running the 'parsePackingList()' method in 'app\services\parser-service.js', the PLP application encounterd: TypeError: Cannot convert undefined or null to object

    [0m [90m  6 |[39m [90m */[39m
     [90m  7 |[39m [36mfunction[39m logError(fileName[33m,[39m method[33m,[39m error) {
    [31m[1m>[22m[39m[90m  8 |[39m   console[33m.[39merror(
     [90m    |[39m           [31m[1m^[22m[39m
     [90m  9 |[39m     [32m`Whilst running the '${method}' method in '${fileName}', the PLP application encounterd: ${error}`[39m[33m,[39m
     [90m 10 |[39m   )[33m;[39m
     [90m 11 |[39m }[0m

      at Object.error [as logError] (app/utilities/logger.js:8:11)
      at logError (app/services/parser-service.js:39:12)

  console.info
    Whilst running the 'matches()' method in 'app\services\matchers\buffaload-logistics\model1.js', the PLP application logged info: Packing list matches buffaload-logistics Model 1 with filename: PackingList-Buffaload-model1.xlsx

      at Object.info [as logInfo] (app/utilities/logger.js:20:11)

FAIL test/unit/services/parser-service/buffaload-logistics/model1.test.js
  matchesBuffaloadModel1
    ÔêÜ matches valid Buffaload Model 1 file, calls parser and returns 
all_required_fields_present as true (7 ms)
    ÔêÜ matches valid Buffaload Model 1 file, calls parser, but returns 
all_required_fields_present as false when cells missing (2 ms)
    ÔêÜ matches valid Buffaload Model 1 file, calls parser, but returns 
all_required_fields_present as false when multiple rms numbers (1 ms)
    ÔêÜ returns 'No Match' for incorrect file extension (1 ms)
  BUFFALOAD1 CoO Validation Tests
    ÔêÜ NOT within NIRMS Scheme - passes validation (2 ms)
    ÔêÜ Null NIRMS value - validation errors (1 ms)
    ÔêÜ Null NIRMS value multiple - validation errors (2 ms)
    ÔêÜ Invalid NIRMS value - validation errors (1 ms)
    ÔêÜ Invalid NIRMS value multiple - validation errors (1 ms)
    ÔêÜ Null CoO Value - validation errors (2 ms)
    ÔêÜ Null CoO Value multiple - validation errors (1 ms)
    ÔêÜ Invalid CoO Value - validation errors (1 ms)
    ÔêÜ Invalid CoO Value multiple - validation errors (1 ms)
    ÔêÜ CoO Value is X or x - passes validation (2 ms)
    ├ù Item Present on Prohibited Item List (Treatment Type specified) - 
validation errors (2 ms)
    ├ù Item Present on Prohibited Item List (Treatment Type specified) - 
validation errors (4 ms)
    ├ù Item Present on Prohibited Item List (no Treatment Type specified) - 
validation errors (2 ms)
    ├ù Item Present on Prohibited Item List (no Treatment Type specified) - 
validation errors (1 ms)
    ÔêÜ Valid CoO Validation - Complete packing list with all fields valid (2 
ms)

  ÔùÅ BUFFALOAD1 CoO Validation Tests ÔÇ║ Item Present on Prohibited Item List 
(Treatment Type specified) - validation errors

    TypeError: Cannot read properties of undefined (reading 
'all_required_fields_present')

    [0m [90m 193 |[39m     )[33m;[39m
     [90m 194 |[39m
    [31m[1m>[22m[39m[90m 195 |[39m     expect(result[33m.[39mbusiness_c
hecks[33m.[39mall_required_fields_present)[33m.[39mtoBe([36mfalse[39m)[3
3m;[39m
     [90m     |[39m                                   [31m[1m^[22m[39m
     [90m 196 |[39m     expect(result[33m.[39mbusiness_checks[33m.[39mfai
lure_reasons)[33m.[39mtoBe(
     [90m 197 |[39m       failureReasons[33m.[39m[33mPROHIBITED_ITEM[39m 
[33m+[39m [32m' in sheet "Tabelle1" row 3.\n'[39m[33m,[39m
     [90m 198 |[39m     )[33m;[39m[0m

      at Object.all_required_fields_present 
(test/unit/services/parser-service/buffaload-logistics/model1.test.js:195:35)

  ÔùÅ BUFFALOAD1 CoO Validation Tests ÔÇ║ Item Present on Prohibited Item List 
(Treatment Type specified) - validation errors

    TypeError: Cannot read properties of undefined (reading 
'all_required_fields_present')

    [0m [90m 205 |[39m     )[33m;[39m
     [90m 206 |[39m
    [31m[1m>[22m[39m[90m 207 |[39m     expect(result[33m.[39mbusiness_c
hecks[33m.[39mall_required_fields_present)[33m.[39mtoBe([36mfalse[39m)[3
3m;[39m
     [90m     |[39m                                   [31m[1m^[22m[39m
     [90m 208 |[39m     expect(result[33m.[39mbusiness_checks[33m.[39mfai
lure_reasons)[33m.[39mtoBe(
     [90m 209 |[39m       failureReasons[33m.[39m[33mPROHIBITED_ITEM[39m 
[33m+[39m
     [90m 210 |[39m         [32m' in sheet "Tabelle1" row 3, sheet 
"Tabelle1" row 4, sheet "Tabelle1" row 5 in addition to 1 other 
locations.\n'[39m[33m,[39m[0m

      at Object.all_required_fields_present 
(test/unit/services/parser-service/buffaload-logistics/model1.test.js:207:35)

  ÔùÅ BUFFALOAD1 CoO Validation Tests ÔÇ║ Item Present on Prohibited Item List 
(no Treatment Type specified) - validation errors

    TypeError: Cannot read properties of undefined (reading 
'all_required_fields_present')

    [0m [90m 218 |[39m     )[33m;[39m
     [90m 219 |[39m
    [31m[1m>[22m[39m[90m 220 |[39m     expect(result[33m.[39mbusiness_c
hecks[33m.[39mall_required_fields_present)[33m.[39mtoBe([36mfalse[39m)[3
3m;[39m
     [90m     |[39m                                   [31m[1m^[22m[39m
     [90m 221 |[39m     expect(result[33m.[39mbusiness_checks[33m.[39mfai
lure_reasons)[33m.[39mtoBe(
     [90m 222 |[39m       failureReasons[33m.[39m[33mPROHIBITED_ITEM[39m 
[33m+[39m [32m' in sheet "Tabelle1" row 3.\n'[39m[33m,[39m
     [90m 223 |[39m     )[33m;[39m[0m

      at Object.all_required_fields_present 
(test/unit/services/parser-service/buffaload-logistics/model1.test.js:220:35)

  ÔùÅ BUFFALOAD1 CoO Validation Tests ÔÇ║ Item Present on Prohibited Item List 
(no Treatment Type specified) - validation errors

    TypeError: Cannot read properties of undefined (reading 
'all_required_fields_present')

    [0m [90m 230 |[39m     )[33m;[39m
     [90m 231 |[39m
    [31m[1m>[22m[39m[90m 232 |[39m     expect(result[33m.[39mbusiness_c
hecks[33m.[39mall_required_fields_present)[33m.[39mtoBe([36mfalse[39m)[3
3m;[39m
     [90m     |[39m                                   [31m[1m^[22m[39m
     [90m 233 |[39m     expect(result[33m.[39mbusiness_checks[33m.[39mfai
lure_reasons)[33m.[39mtoBe(
     [90m 234 |[39m       failureReasons[33m.[39m[33mPROHIBITED_ITEM[39m 
[33m+[39m
     [90m 235 |[39m         [32m' in sheet "Tabelle1" row 3, sheet 
"Tabelle1" row 4, sheet "Tabelle1" row 5 in addition to 1 other 
locations.\n'[39m[33m,[39m[0m

      at Object.all_required_fields_present 
(test/unit/services/parser-service/buffaload-logistics/model1.test.js:232:35)

  console.log
    MDM Config loaded: {
      apiUrl: undefined,
      subscriptionKey: 'undefined',
      authUrl: undefined,
      clientId: undefined,
      scope: undefined
    }

      at Object.log (app/config/mdm-config.js:28:9)

  console.info
    Whilst running the 'matches()' method in 'app\services\matchers\nisa\model1.js', the PLP application logged info: Packing list matches nisa Model 1 with filename: packinglist-nisa-model1.xlsx

      at Object.info [as logInfo] (app/utilities/logger.js:20:11)

  console.info
    Whilst running the 'matches()' method in 'app\services\matchers\nisa\model1.js', the PLP application logged info: Packing list matches nisa Model 1 with filename: packinglist-nisa-model1.xlsx

      at Object.info [as logInfo] (app/utilities/logger.js:20:11)

  console.info
    Whilst running the 'findParser' method in 'app\services\parsers\parser-factory.js', the PLP application logged info: Failed to parse packing list with filename: packinglist.wrong, no match

      at Object.info [as logInfo] (app/utilities/logger.js:20:11)

  console.info
    Whilst running the 'matches()' method in 'app\services\matchers\nisa\model1.js', the PLP application logged info: Packing list matches nisa Model 1 with filename: packinglist-nisa-model1.xlsx

      at Object.info [as logInfo] (app/utilities/logger.js:20:11)

  console.info
    Whilst running the 'matches()' method in 'app\services\matchers\nisa\model1.js', the PLP application logged info: Packing list matches nisa Model 1 with filename: packinglist-nisa-model1.xlsx

      at Object.info [as logInfo] (app/utilities/logger.js:20:11)

  console.info
    Whilst running the 'matches()' method in 'app\services\matchers\nisa\model1.js', the PLP application logged info: Packing list matches nisa Model 1 with filename: packinglist-nisa-model1.xlsx

      at Object.info [as logInfo] (app/utilities/logger.js:20:11)

  console.info
    Whilst running the 'matches()' method in 'app\services\matchers\nisa\model1.js', the PLP application logged info: Packing list matches nisa Model 1 with filename: packinglist-nisa-model1.xlsx

      at Object.info [as logInfo] (app/utilities/logger.js:20:11)

  console.info
    Whilst running the 'matches()' method in 'app\services\matchers\nisa\model1.js', the PLP application logged info: Packing list matches nisa Model 1 with filename: packinglist-nisa-model1.xlsx

      at Object.info [as logInfo] (app/utilities/logger.js:20:11)

  console.info
    Whilst running the 'matches()' method in 'app\services\matchers\nisa\model1.js', the PLP application logged info: Packing list matches nisa Model 1 with filename: packinglist-nisa-model1.xlsx

      at Object.info [as logInfo] (app/utilities/logger.js:20:11)

  console.info
    Whilst running the 'matches()' method in 'app\services\matchers\nisa\model1.js', the PLP application logged info: Packing list matches nisa Model 1 with filename: packinglist-nisa-model1.xlsx

      at Object.info [as logInfo] (app/utilities/logger.js:20:11)

  console.info
    Whilst running the 'matches()' method in 'app\services\matchers\nisa\model1.js', the PLP application logged info: Packing list matches nisa Model 1 with filename: packinglist-nisa-model1.xlsx

      at Object.info [as logInfo] (app/utilities/logger.js:20:11)

  console.error
    Whilst running the 'sanitise()' method in 'app\utilities\json-file.js', the PLP application encounterd: Invalid JSON string provided: SyntaxError: "undefined" is not valid JSON

    [0m [90m  6 |[39m [90m */[39m
     [90m  7 |[39m [36mfunction[39m logError(fileName[33m,[39m method[33m,[39m error) {
    [31m[1m>[22m[39m[90m  8 |[39m   console[33m.[39merror(
     [90m    |[39m           [31m[1m^[22m[39m
     [90m  9 |[39m     [32m`Whilst running the '${method}' method in '${fileName}', the PLP application encounterd: ${error}`[39m[33m,[39m
     [90m 10 |[39m   )[33m;[39m
     [90m 11 |[39m }[0m

      at Object.error [as logError] (app/utilities/logger.js:8:11)
      at Object.logError (app/utilities/json-file.js:40:12)
      at sanitise (app/services/parser-service.js:48:47)
      at sanitizeInput (app/services/parser-service.js:15:34)
      at Object.parsePackingList [as findParser] (app/services/parser-service.js:10:10)
      at Object.findParser (test/unit/services/parser-service/nisa/model1.test.js:116:40)

  console.error
    Whilst running the 'parsePackingList()' method in 'app\services\parser-service.js', the PLP application encounterd: TypeError: Cannot convert undefined or null to object

    [0m [90m  6 |[39m [90m */[39m
     [90m  7 |[39m [36mfunction[39m logError(fileName[33m,[39m method[33m,[39m error) {
    [31m[1m>[22m[39m[90m  8 |[39m   console[33m.[39merror(
     [90m    |[39m           [31m[1m^[22m[39m
     [90m  9 |[39m     [32m`Whilst running the '${method}' method in '${fileName}', the PLP application encounterd: ${error}`[39m[33m,[39m
     [90m 10 |[39m   )[33m;[39m
     [90m 11 |[39m }[0m

      at Object.error [as logError] (app/utilities/logger.js:8:11)
      at logError (app/services/parser-service.js:39:12)

FAIL test/unit/services/parser-service/nisa/model1.test.js
  findParser
    ÔêÜ matches valid Nisa Model 1 file, calls parser and returns 
all_required_fields_present as true (11 ms)
    ÔêÜ matches valid Nisa Model 1 file, calls parser, but returns 
all_required_fields_present as false when cells missing (2 ms)
    ÔêÜ returns 'No Match' for incorrect file extension (1 ms)
    ÔêÜ matches valid Nisa Model 1 file, calls parser and returns 
all_required_fields_present as false for multiple rms (2 ms)
    ÔêÜ matches valid Nisa Model 1 file, calls parser and returns 
all_required_fields_present as false for missing kg unit (2 ms)
    ÔêÜ matches valid NISA Model 1 file, calls parser and returns 
all_required_fields_present as false for invalid NIRMS (1 ms)
    ÔêÜ matches valid NISA Model 1 file, calls parser and returns 
all_required_fields_present as true for valid NIRMS (1 ms)
    ÔêÜ matches valid NISA Model 1 file, calls parser and returns 
all_required_fields_present as false for missing NIRMS (2 ms)
    ÔêÜ matches valid NISA Model 1 file, calls parser and returns 
all_required_fields_present as false for missing CoO (3 ms)
    ÔêÜ matches valid NISA Model 1 file, calls parser and returns 
all_required_fields_present as false for invalid CoO (2 ms)
    ÔêÜ matches valid NISA Model 1 file, calls parser and returns 
all_required_fields_present as true for X CoO (2 ms)
    ├ù matches valid NISA Model 1 file, calls parser and returns 
all_required_fields_present as false for prohibited items (2 ms)

  ÔùÅ findParser ÔÇ║ matches valid NISA Model 1 file, calls parser and returns 
all_required_fields_present as false for prohibited items

    TypeError: Cannot read properties of undefined (reading 'failure_reasons')

    [0m [90m 119 |[39m     )[33m;[39m
     [90m 120 |[39m
    [31m[1m>[22m[39m[90m 121 |[39m     expect(result[33m.[39mbusiness_c
hecks[33m.[39mfailure_reasons)[33m.[39mtoBe(
     [90m     |[39m                                   [31m[1m^[22m[39m
     [90m 122 |[39m       failureReasons[33m.[39m[33mPROHIBITED_ITEM[39m 
[33m+[39m
     [90m 123 |[39m         [32m' in sheet "Customer Order" row 2 and sheet 
"Customer Order" row 4.\n'[39m[33m,[39m
     [90m 124 |[39m     )[33m;[39m[0m

      at Object.failure_reasons 
(test/unit/services/parser-service/nisa/model1.test.js:121:35)

  console.log
    MDM Config loaded: {
      apiUrl: undefined,
      subscriptionKey: 'undefined',
      authUrl: undefined,
      clientId: undefined,
      scope: undefined
    }

      at Object.log (app/config/mdm-config.js:28:9)

  console.info
    Whilst running the 'matches()' method in 'app\services\matchers\tjmorris\model2.js', the PLP application logged info: Packing list matches Tjmorris Model 2 with filename: packinglist-tjmorris-model2.xls

      at Object.info [as logInfo] (app/utilities/logger.js:20:11)

  console.info
    Whilst running the 'matches()' method in 'app\services\matchers\tjmorris\model2.js', the PLP application logged info: Packing list matches Tjmorris Model 2 with filename: packinglist-tjmorris-model2.xls

      at Object.info [as logInfo] (app/utilities/logger.js:20:11)

  console.info
    Whilst running the 'findParser' method in 'app\services\parsers\parser-factory.js', the PLP application logged info: Failed to parse packing list with filename: packinglist.wrong, no match

      at Object.info [as logInfo] (app/utilities/logger.js:20:11)

  console.info
    Whilst running the 'matches()' method in 'app\services\matchers\tjmorris\model2.js', the PLP application logged info: Packing list matches Tjmorris Model 2 with filename: packinglist-tjmorris-model2.xls

      at Object.info [as logInfo] (app/utilities/logger.js:20:11)

  console.info
    Whilst running the 'matches()' method in 'app\services\matchers\tjmorris\model2.js', the PLP application logged info: Packing list matches Tjmorris Model 2 with filename: packinglist-tjmorris-model2.xls

      at Object.info [as logInfo] (app/utilities/logger.js:20:11)

  console.info
    Whilst running the 'matches()' method in 'app\services\matchers\tjmorris\model2.js', the PLP application logged info: Packing list matches Tjmorris Model 2 with filename: packinglist-tjmorris-model2.xls

      at Object.info [as logInfo] (app/utilities/logger.js:20:11)

  console.info
    Whilst running the 'matches()' method in 'app\services\matchers\tjmorris\model2.js', the PLP application logged info: Packing list matches Tjmorris Model 2 with filename: packinglist-tjmorris-model2.xls

      at Object.info [as logInfo] (app/utilities/logger.js:20:11)

  console.info
    Whilst running the 'matches()' method in 'app\services\matchers\tjmorris\model2.js', the PLP application logged info: Packing list matches Tjmorris Model 2 with filename: packinglist-tjmorris-model2.xls

      at Object.info [as logInfo] (app/utilities/logger.js:20:11)

  console.info
    Whilst running the 'matches()' method in 'app\services\matchers\tjmorris\model2.js', the PLP application logged info: Packing list matches Tjmorris Model 2 with filename: packinglist-tjmorris-model2.xls

      at Object.info [as logInfo] (app/utilities/logger.js:20:11)

  console.info
    Whilst running the 'matches()' method in 'app\services\matchers\tjmorris\model2.js', the PLP application logged info: Packing list matches Tjmorris Model 2 with filename: packinglist-tjmorris-model2.xls

      at Object.info [as logInfo] (app/utilities/logger.js:20:11)

  console.info
    Whilst running the 'matches()' method in 'app\services\matchers\tjmorris\model2.js', the PLP application logged info: Packing list matches Tjmorris Model 2 with filename: packinglist-tjmorris-model2.xls

      at Object.info [as logInfo] (app/utilities/logger.js:20:11)

  console.error
    Whilst running the 'sanitise()' method in 'app\utilities\json-file.js', the PLP application encounterd: Invalid JSON string provided: SyntaxError: "undefined" is not valid JSON

    [0m [90m  6 |[39m [90m */[39m
     [90m  7 |[39m [36mfunction[39m logError(fileName[33m,[39m method[33m,[39m error) {
    [31m[1m>[22m[39m[90m  8 |[39m   console[33m.[39merror(
     [90m    |[39m           [31m[1m^[22m[39m
     [90m  9 |[39m     [32m`Whilst running the '${method}' method in '${fileName}', the PLP application encounterd: ${error}`[39m[33m,[39m
     [90m 10 |[39m   )[33m;[39m
     [90m 11 |[39m }[0m

      at Object.error [as logError] (app/utilities/logger.js:8:11)
      at Object.logError (app/utilities/json-file.js:40:12)
      at sanitise (app/services/parser-service.js:48:47)
      at sanitizeInput (app/services/parser-service.js:15:34)
      at Object.parsePackingList [as findParser] (app/services/parser-service.js:10:10)
      at Object.findParser (test/unit/services/parser-service/tjmorris/model2.test.js:116:40)

  console.error
    Whilst running the 'parsePackingList()' method in 'app\services\parser-service.js', the PLP application encounterd: TypeError: Cannot convert undefined or null to object

    [0m [90m  6 |[39m [90m */[39m
     [90m  7 |[39m [36mfunction[39m logError(fileName[33m,[39m method[33m,[39m error) {
    [31m[1m>[22m[39m[90m  8 |[39m   console[33m.[39merror(
     [90m    |[39m           [31m[1m^[22m[39m
     [90m  9 |[39m     [32m`Whilst running the '${method}' method in '${fileName}', the PLP application encounterd: ${error}`[39m[33m,[39m
     [90m 10 |[39m   )[33m;[39m
     [90m 11 |[39m }[0m

      at Object.error [as logError] (app/utilities/logger.js:8:11)
      at logError (app/services/parser-service.js:39:12)

FAIL test/unit/services/parser-service/tjmorris/model2.test.js
  matchesTJMorrisModel2
    ÔêÜ matches valid TJMorris Model 2 file, calls parser and returns 
all_required_fields_present as true (10 ms)
    ÔêÜ matches valid TJMorris Model 2 file, calls parser, but returns 
all_required_fields_present as false when cells missing (3 ms)
    ÔêÜ returns 'No Match' for incorrect file extension (1 ms)
    ÔêÜ matches valid TJMorris Model 2 file, calls parser and returns 
all_required_fields_present as false for multiple rms (1 ms)
    ÔêÜ matches valid TJMorris Model 2 file, calls parser and returns 
all_required_fields_present as false for missing kg unit (2 ms)
    ÔêÜ matches valid TJMorris Model 2 file, calls parser and returns 
all_required_fields_present as false for invalid NIRMS (2 ms)
    ÔêÜ matches valid TJMorris Model 2 file, calls parser and returns 
all_required_fields_present as true for valid NIRMS (2 ms)
    ÔêÜ matches valid TJMorris Model 2 file, calls parser and returns 
all_required_fields_present as false for missing NIRMS (2 ms)
    ÔêÜ matches valid TJMorris Model 2 file, calls parser and returns 
all_required_fields_present as false for missing CoO (2 ms)
    ÔêÜ matches valid TJMorris Model 2 file, calls parser and returns 
all_required_fields_present as false for invalid CoO (5 ms)
    ÔêÜ matches valid TJMorris Model 2 file, calls parser and returns 
all_required_fields_present as true for X CoO (2 ms)
    ├ù matches valid TJMorris Model 2 file, calls parser and returns 
all_required_fields_present as false for prohibited items (2 ms)

  ÔùÅ matchesTJMorrisModel2 ÔÇ║ matches valid TJMorris Model 2 file, calls 
parser and returns all_required_fields_present as false for prohibited items

    TypeError: Cannot read properties of undefined (reading 'failure_reasons')

    [0m [90m 119 |[39m     )[33m;[39m
     [90m 120 |[39m
    [31m[1m>[22m[39m[90m 121 |[39m     expect(result[33m.[39mbusiness_c
hecks[33m.[39mfailure_reasons)[33m.[39mtoBe(
     [90m     |[39m                                   [31m[1m^[22m[39m
     [90m 122 |[39m       failureReasons[33m.[39m[33mPROHIBITED_ITEM[39m 
[33m+[39m
     [90m 123 |[39m         [32m' in sheet "Sheet1" row 2 and sheet 
"Sheet1" row 4.\n'[39m[33m,[39m
     [90m 124 |[39m     )[33m;[39m[0m

      at Object.failure_reasons 
(test/unit/services/parser-service/tjmorris/model2.test.js:121:35)

  console.log
    MDM Config loaded: {
      apiUrl: undefined,
      subscriptionKey: 'undefined',
      authUrl: undefined,
      clientId: undefined,
      scope: undefined
    }

      at Object.log (app/config/mdm-config.js:28:9)

  console.info
    Whilst running the 'matches()' method in 'app\services\matchers\cds\model2.js', the PLP application logged info: Packing list matches cds Model 2 with filename: packinglist-cds-model2.xlsx

      at Object.info [as logInfo] (app/utilities/logger.js:20:11)

  console.info
    Whilst running the 'matches()' method in 'app\services\matchers\cds\model2.js', the PLP application logged info: Packing list matches cds Model 2 with filename: packinglist-cds-model2.xlsx

      at Object.info [as logInfo] (app/utilities/logger.js:20:11)

  console.info
    Whilst running the 'findParser' method in 'app\services\parsers\parser-factory.js', the PLP application logged info: Failed to parse packing list with filename: packinglist.wrong, no match

      at Object.info [as logInfo] (app/utilities/logger.js:20:11)

  console.info
    Whilst running the 'matches()' method in 'app\services\matchers\cds\model2.js', the PLP application logged info: Packing list matches cds Model 2 with filename: packinglist-cds-model2.xlsx

      at Object.info [as logInfo] (app/utilities/logger.js:20:11)

  console.info
    Whilst running the 'matches()' method in 'app\services\matchers\cds\model2.js', the PLP application logged info: Packing list matches cds Model 2 with filename: packinglist-cds-model2.xlsx

      at Object.info [as logInfo] (app/utilities/logger.js:20:11)

  console.info
    Whilst running the 'matches()' method in 'app\services\matchers\cds\model2.js', the PLP application logged info: Packing list matches cds Model 2 with filename: packinglist-cds-model2.xlsx

      at Object.info [as logInfo] (app/utilities/logger.js:20:11)

  console.info
    Whilst running the 'matches()' method in 'app\services\matchers\cds\model2.js', the PLP application logged info: Packing list matches cds Model 2 with filename: packinglist-cds-model2.xlsx

      at Object.info [as logInfo] (app/utilities/logger.js:20:11)

  console.info
    Whilst running the 'matches()' method in 'app\services\matchers\cds\model2.js', the PLP application logged info: Packing list matches cds Model 2 with filename: packinglist-cds-model2.xlsx

      at Object.info [as logInfo] (app/utilities/logger.js:20:11)

  console.info
    Whilst running the 'matches()' method in 'app\services\matchers\cds\model2.js', the PLP application logged info: Packing list matches cds Model 2 with filename: packinglist-cds-model2.xlsx

      at Object.info [as logInfo] (app/utilities/logger.js:20:11)

  console.info
    Whilst running the 'matches()' method in 'app\services\matchers\cds\model2.js', the PLP application logged info: Packing list matches cds Model 2 with filename: packinglist-cds-model2.xlsx

      at Object.info [as logInfo] (app/utilities/logger.js:20:11)

  console.info
    Whilst running the 'matches()' method in 'app\services\matchers\cds\model2.js', the PLP application logged info: Packing list matches cds Model 2 with filename: packinglist-cds-model2.xlsx

      at Object.info [as logInfo] (app/utilities/logger.js:20:11)

  console.info
    Whilst running the 'matches()' method in 'app\services\matchers\cds\model2.js', the PLP application logged info: Packing list matches cds Model 2 with filename: packinglist-cds-model2.xlsx

      at Object.info [as logInfo] (app/utilities/logger.js:20:11)

  console.error
    Whilst running the 'sanitise()' method in 'app\utilities\json-file.js', the PLP application encounterd: Invalid JSON string provided: SyntaxError: "undefined" is not valid JSON

    [0m [90m  6 |[39m [90m */[39m
     [90m  7 |[39m [36mfunction[39m logError(fileName[33m,[39m method[33m,[39m error) {
    [31m[1m>[22m[39m[90m  8 |[39m   console[33m.[39merror(
     [90m    |[39m           [31m[1m^[22m[39m
     [90m  9 |[39m     [32m`Whilst running the '${method}' method in '${fileName}', the PLP application encounterd: ${error}`[39m[33m,[39m
     [90m 10 |[39m   )[33m;[39m
     [90m 11 |[39m }[0m

      at Object.error [as logError] (app/utilities/logger.js:8:11)
      at Object.logError (app/utilities/json-file.js:40:12)
      at sanitise (app/services/parser-service.js:48:47)
      at sanitizeInput (app/services/parser-service.js:15:34)
      at Object.parsePackingList [as findParser] (app/services/parser-service.js:10:10)
      at Object.findParser (test/unit/services/parser-service/cds/model2.test.js:137:40)

  console.error
    Whilst running the 'parsePackingList()' method in 'app\services\parser-service.js', the PLP application encounterd: TypeError: Cannot convert undefined or null to object

    [0m [90m  6 |[39m [90m */[39m
     [90m  7 |[39m [36mfunction[39m logError(fileName[33m,[39m method[33m,[39m error) {
    [31m[1m>[22m[39m[90m  8 |[39m   console[33m.[39merror(
     [90m    |[39m           [31m[1m^[22m[39m
     [90m  9 |[39m     [32m`Whilst running the '${method}' method in '${fileName}', the PLP application encounterd: ${error}`[39m[33m,[39m
     [90m 10 |[39m   )[33m;[39m
     [90m 11 |[39m }[0m

      at Object.error [as logError] (app/utilities/logger.js:8:11)
      at logError (app/services/parser-service.js:39:12)

  console.error
    Whilst running the 'sanitise()' method in 'app\utilities\json-file.js', the PLP application encounterd: Invalid JSON string provided: SyntaxError: "undefined" is not valid JSON

    [0m [90m  6 |[39m [90m */[39m
     [90m  7 |[39m [36mfunction[39m logError(fileName[33m,[39m method[33m,[39m error) {
    [31m[1m>[22m[39m[90m  8 |[39m   console[33m.[39merror(
     [90m    |[39m           [31m[1m^[22m[39m
     [90m  9 |[39m     [32m`Whilst running the '${method}' method in '${fileName}', the PLP application encounterd: ${error}`[39m[33m,[39m
     [90m 10 |[39m   )[33m;[39m
     [90m 11 |[39m }[0m

      at Object.error [as logError] (app/utilities/logger.js:8:11)
      at Object.logError (app/utilities/json-file.js:40:12)
      at sanitise (app/services/parser-service.js:48:47)
      at sanitizeInput (app/services/parser-service.js:15:34)
      at Object.parsePackingList [as findParser] (app/services/parser-service.js:10:10)
      at Object.findParser (test/unit/services/parser-service/cds/model2.test.js:147:40)

  console.error
    Whilst running the 'parsePackingList()' method in 'app\services\parser-service.js', the PLP application encounterd: TypeError: Cannot convert undefined or null to object

    [0m [90m  6 |[39m [90m */[39m
     [90m  7 |[39m [36mfunction[39m logError(fileName[33m,[39m method[33m,[39m error) {
    [31m[1m>[22m[39m[90m  8 |[39m   console[33m.[39merror(
     [90m    |[39m           [31m[1m^[22m[39m
     [90m  9 |[39m     [32m`Whilst running the '${method}' method in '${fileName}', the PLP application encounterd: ${error}`[39m[33m,[39m
     [90m 10 |[39m   )[33m;[39m
     [90m 11 |[39m }[0m

      at Object.error [as logError] (app/utilities/logger.js:8:11)
      at logError (app/services/parser-service.js:39:12)

  console.error
    Whilst running the 'sanitise()' method in 'app\utilities\json-file.js', the PLP application encounterd: Invalid JSON string provided: SyntaxError: "undefined" is not valid JSON

    [0m [90m  6 |[39m [90m */[39m
     [90m  7 |[39m [36mfunction[39m logError(fileName[33m,[39m method[33m,[39m error) {
    [31m[1m>[22m[39m[90m  8 |[39m   console[33m.[39merror(
     [90m    |[39m           [31m[1m^[22m[39m
     [90m  9 |[39m     [32m`Whilst running the '${method}' method in '${fileName}', the PLP application encounterd: ${error}`[39m[33m,[39m
     [90m 10 |[39m   )[33m;[39m
     [90m 11 |[39m }[0m

      at Object.error [as logError] (app/utilities/logger.js:8:11)
      at Object.logError (app/utilities/json-file.js:40:12)
      at sanitise (app/services/parser-service.js:48:47)
      at sanitizeInput (app/services/parser-service.js:15:34)
      at Object.parsePackingList [as findParser] (app/services/parser-service.js:10:10)
      at Object.findParser (test/unit/services/parser-service/cds/model2.test.js:157:40)

  console.error
    Whilst running the 'parsePackingList()' method in 'app\services\parser-service.js', the PLP application encounterd: TypeError: Cannot convert undefined or null to object

    [0m [90m  6 |[39m [90m */[39m
     [90m  7 |[39m [36mfunction[39m logError(fileName[33m,[39m method[33m,[39m error) {
    [31m[1m>[22m[39m[90m  8 |[39m   console[33m.[39merror(
     [90m    |[39m           [31m[1m^[22m[39m
     [90m  9 |[39m     [32m`Whilst running the '${method}' method in '${fileName}', the PLP application encounterd: ${error}`[39m[33m,[39m
     [90m 10 |[39m   )[33m;[39m
     [90m 11 |[39m }[0m

      at Object.error [as logError] (app/utilities/logger.js:8:11)
      at logError (app/services/parser-service.js:39:12)

  console.error
    Whilst running the 'sanitise()' method in 'app\utilities\json-file.js', the PLP application encounterd: Invalid JSON string provided: SyntaxError: "undefined" is not valid JSON

    [0m [90m  6 |[39m [90m */[39m
     [90m  7 |[39m [36mfunction[39m logError(fileName[33m,[39m method[33m,[39m error) {
    [31m[1m>[22m[39m[90m  8 |[39m   console[33m.[39merror(
     [90m    |[39m           [31m[1m^[22m[39m
     [90m  9 |[39m     [32m`Whilst running the '${method}' method in '${fileName}', the PLP application encounterd: ${error}`[39m[33m,[39m
     [90m 10 |[39m   )[33m;[39m
     [90m 11 |[39m }[0m

      at Object.error [as logError] (app/utilities/logger.js:8:11)
      at Object.logError (app/utilities/json-file.js:40:12)
      at sanitise (app/services/parser-service.js:48:47)
      at sanitizeInput (app/services/parser-service.js:15:34)
      at Object.parsePackingList [as findParser] (app/services/parser-service.js:10:10)
      at Object.findParser (test/unit/services/parser-service/cds/model2.test.js:167:40)

  console.error
    Whilst running the 'parsePackingList()' method in 'app\services\parser-service.js', the PLP application encounterd: TypeError: Cannot convert undefined or null to object

    [0m [90m  6 |[39m [90m */[39m
     [90m  7 |[39m [36mfunction[39m logError(fileName[33m,[39m method[33m,[39m error) {
    [31m[1m>[22m[39m[90m  8 |[39m   console[33m.[39merror(
     [90m    |[39m           [31m[1m^[22m[39m
     [90m  9 |[39m     [32m`Whilst running the '${method}' method in '${fileName}', the PLP application encounterd: ${error}`[39m[33m,[39m
     [90m 10 |[39m   )[33m;[39m
     [90m 11 |[39m }[0m

      at Object.error [as logError] (app/utilities/logger.js:8:11)
      at logError (app/services/parser-service.js:39:12)

FAIL test/unit/services/parser-service/cds/model2.test.js
  matchesCdsModel2
    ÔêÜ matches valid CDS Model 2 file, calls parser and returns 
all_required_fields_present as true (10 ms)
    ÔêÜ matches valid CDS Model 2 file, calls parser, but returns 
all_required_fields_present as false when cells missing (2 ms)
    ÔêÜ returns 'No Match' for incorrect file extension (1 ms)
    ÔêÜ matches valid CDS Model 2 file, calls parser and returns 
all_required_fields_present as false for multiple rms (2 ms)
    ÔêÜ matches valid CDS Model 2 file, calls parser and returns 
all_required_fields_present as false for multiple sheets (2 ms)
    ÔêÜ matches valid CDS Model 2 file, calls parser and returns 
all_required_fields_present as false for missing kg unit (2 ms)
    ÔêÜ matches empty CDS Model 2 file and handles empty results appropriately
  matchesCdsModel2_CoOValidation
    ÔêÜ handles Non-NIRMS items with null country of origin correctly (1 ms)
    ÔêÜ fails validation when NIRMS item has missing country of origin (2 ms)
    ÔêÜ matches valid CDS Model 2 file with Non-NIRMS multiple formats (1 ms)
    ÔêÜ matches valid CDS Model 2 file with NIRMS multiple formats (1 ms)
    ÔêÜ matches CDS Model 2 file with invalid NIRMS values (more than 3 
issues) and returns validation errors (2 ms)
    ÔêÜ matches CDS Model 2 file with invalid NIRMS values (less than 3 
issues) and returns validation errors (1 ms)
    ├ù matches valid CDS Model 2 file with items not on prohibited list (3 ms)
    ├ù matches CDS Model 2 file with items on prohibited list and returns 
validation errors (2 ms)
    ├ù matches CDS Model 2 file with multiple prohibited items (more than 3) 
with no treatment type and returns validation errors (2 ms)
    ├ù matches CDS Model 2 file with multiple prohibited items (more than 3) 
with treatment type and returns validation errors (2 ms)

  ÔùÅ matchesCdsModel2_CoOValidation ÔÇ║ matches valid CDS Model 2 file with 
items not on prohibited list

    expect(received).toMatchObject(expected)

    Matcher error: expected value must be a non-null object

    Expected has value: undefined

    [0m [90m 139 |[39m       filename[33m,[39m
     [90m 140 |[39m     )[33m;[39m
    [31m[1m>[22m[39m[90m 141 |[39m     
expect(result)[33m.[39mtoMatchObject(
     [90m     |[39m                    [31m[1m^[22m[39m
     [90m 142 |[39m       
test_results[33m.[39mvalidTestResultNotOnProhibitedItemsList[33m,[39m
     [90m 143 |[39m     )[33m;[39m
     [90m 144 |[39m   })[33m;[39m[0m

      at Object.toMatchObject 
(test/unit/services/parser-service/cds/model2.test.js:141:20)

  ÔùÅ matchesCdsModel2_CoOValidation ÔÇ║ matches CDS Model 2 file with items 
on prohibited list and returns validation errors

    expect(received).toMatchObject(expected)

    Matcher error: expected value must be a non-null object

    Expected has value: undefined

    [0m [90m 149 |[39m       filename[33m,[39m
     [90m 150 |[39m     )[33m;[39m
    [31m[1m>[22m[39m[90m 151 |[39m     
expect(result)[33m.[39mtoMatchObject(
     [90m     |[39m                    [31m[1m^[22m[39m
     [90m 152 |[39m       
test_results[33m.[39mvalidTestResultOnProhibitedItemsList[33m,[39m
     [90m 153 |[39m     )[33m;[39m
     [90m 154 |[39m   })[33m;[39m[0m

      at Object.toMatchObject 
(test/unit/services/parser-service/cds/model2.test.js:151:20)

  ÔùÅ matchesCdsModel2_CoOValidation ÔÇ║ matches CDS Model 2 file with 
multiple prohibited items (more than 3) with no treatment type and returns 
validation errors

    expect(received).toMatchObject(expected)

    Matcher error: expected value must be a non-null object

    Expected has value: undefined

    [0m [90m 159 |[39m       filename[33m,[39m
     [90m 160 |[39m     )[33m;[39m
    [31m[1m>[22m[39m[90m 161 |[39m     
expect(result)[33m.[39mtoMatchObject(
     [90m     |[39m                    [31m[1m^[22m[39m
     [90m 162 |[39m       test_results[33m.[39mvalidTestResultMultipleProhi
bitedItemsList_NoTreatmentType[33m,[39m
     [90m 163 |[39m     )[33m;[39m
     [90m 164 |[39m   })[33m;[39m[0m

      at Object.toMatchObject 
(test/unit/services/parser-service/cds/model2.test.js:161:20)

  ÔùÅ matchesCdsModel2_CoOValidation ÔÇ║ matches CDS Model 2 file with 
multiple prohibited items (more than 3) with treatment type and returns 
validation errors

    expect(received).toMatchObject(expected)

    Matcher error: expected value must be a non-null object

    Expected has value: undefined

    [0m [90m 169 |[39m       filename[33m,[39m
     [90m 170 |[39m     )[33m;[39m
    [31m[1m>[22m[39m[90m 171 |[39m     
expect(result)[33m.[39mtoMatchObject(
     [90m     |[39m                    [31m[1m^[22m[39m
     [90m 172 |[39m       test_results[33m.[39mvalidTestResultMultipleProhi
bitedItemsListMoreThan3_TreatmentType[33m,[39m
     [90m 173 |[39m     )[33m;[39m
     [90m 174 |[39m   })[33m;[39m[0m

      at Object.toMatchObject 
(test/unit/services/parser-service/cds/model2.test.js:171:20)

  console.log
    MDM Config loaded: {
      apiUrl: undefined,
      subscriptionKey: 'undefined',
      authUrl: undefined,
      clientId: undefined,
      scope: undefined
    }

      at Object.log (app/config/mdm-config.js:28:9)

  console.info
    Whilst running the 'matches()' method in 'app\services\matchers\davenport\model2.js', the PLP application logged info: Packing list matches davenport Model 2 with filename: packinglist-davenport-model2.xlsx

      at Object.info [as logInfo] (app/utilities/logger.js:20:11)

  console.info
    Whilst running the 'matches()' method in 'app\services\matchers\davenport\model2.js', the PLP application logged info: Packing list matches davenport Model 2 with filename: packinglist-davenport-model2.xlsx

      at Object.info [as logInfo] (app/utilities/logger.js:20:11)

  console.info
    Whilst running the 'findParser' method in 'app\services\parsers\parser-factory.js', the PLP application logged info: Failed to parse packing list with filename: packinglist.wrong, no match

      at Object.info [as logInfo] (app/utilities/logger.js:20:11)

  console.info
    Whilst running the 'matches()' method in 'app\services\matchers\davenport\model2.js', the PLP application logged info: Packing list matches davenport Model 2 with filename: packinglist-davenport-model2.xlsx

      at Object.info [as logInfo] (app/utilities/logger.js:20:11)

  console.info
    Whilst running the 'matches()' method in 'app\services\matchers\davenport\model2.js', the PLP application logged info: Packing list matches davenport Model 2 with filename: packinglist-davenport-model2.xlsx

      at Object.info [as logInfo] (app/utilities/logger.js:20:11)

  console.info
    Whilst running the 'findParser' method in 'app\services\parsers\parser-factory.js', the PLP application logged info: Failed to parse packing list with filename: packinglist-davenport-model2.xlsx, no match

      at Object.info [as logInfo] (app/utilities/logger.js:20:11)

  console.info
    Whilst running the 'matches()' method in 'app\services\matchers\davenport\model2.js', the PLP application logged info: Packing list matches davenport Model 2 with filename: packinglist-davenport-model2.xlsx

      at Object.info [as logInfo] (app/utilities/logger.js:20:11)

  console.info
    Whilst running the 'matches()' method in 'app\services\matchers\davenport\model2.js', the PLP application logged info: Packing list matches davenport Model 2 with filename: packinglist-davenport-model2.xlsx

      at Object.info [as logInfo] (app/utilities/logger.js:20:11)

  console.info
    Whilst running the 'matches()' method in 'app\services\matchers\davenport\model2.js', the PLP application logged info: Packing list matches davenport Model 2 with filename: packinglist-davenport-model2.xlsx

      at Object.info [as logInfo] (app/utilities/logger.js:20:11)

  console.info
    Whilst running the 'matches()' method in 'app\services\matchers\davenport\model2.js', the PLP application logged info: Packing list matches davenport Model 2 with filename: packinglist-davenport-model2.xlsx

      at Object.info [as logInfo] (app/utilities/logger.js:20:11)

  console.info
    Whilst running the 'matches()' method in 'app\services\matchers\davenport\model2.js', the PLP application logged info: Packing list matches davenport Model 2 with filename: packinglist-davenport-model2.xlsx

      at Object.info [as logInfo] (app/utilities/logger.js:20:11)

  console.info
    Whilst running the 'matches()' method in 'app\services\matchers\davenport\model2.js', the PLP application logged info: Packing list matches davenport Model 2 with filename: packinglist-davenport-model2.xlsx

      at Object.info [as logInfo] (app/utilities/logger.js:20:11)

  console.error
    Whilst running the 'sanitise()' method in 'app\utilities\json-file.js', the PLP application encounterd: Invalid JSON string provided: SyntaxError: "undefined" is not valid JSON

    [0m [90m  6 |[39m [90m */[39m
     [90m  7 |[39m [36mfunction[39m logError(fileName[33m,[39m method[33m,[39m error) {
    [31m[1m>[22m[39m[90m  8 |[39m   console[33m.[39merror(
     [90m    |[39m           [31m[1m^[22m[39m
     [90m  9 |[39m     [32m`Whilst running the '${method}' method in '${fileName}', the PLP application encounterd: ${error}`[39m[33m,[39m
     [90m 10 |[39m   )[33m;[39m
     [90m 11 |[39m }[0m

      at Object.error [as logError] (app/utilities/logger.js:8:11)
      at Object.logError (app/utilities/json-file.js:40:12)
      at sanitise (app/services/parser-service.js:48:47)
      at sanitizeInput (app/services/parser-service.js:15:34)
      at Object.parsePackingList [as findParser] (app/services/parser-service.js:10:10)
      at Object.findParser (test/unit/services/parser-service/davenport/model2.test.js:134:40)

  console.error
    Whilst running the 'parsePackingList()' method in 'app\services\parser-service.js', the PLP application encounterd: TypeError: Cannot convert undefined or null to object

    [0m [90m  6 |[39m [90m */[39m
     [90m  7 |[39m [36mfunction[39m logError(fileName[33m,[39m method[33m,[39m error) {
    [31m[1m>[22m[39m[90m  8 |[39m   console[33m.[39merror(
     [90m    |[39m           [31m[1m^[22m[39m
     [90m  9 |[39m     [32m`Whilst running the '${method}' method in '${fileName}', the PLP application encounterd: ${error}`[39m[33m,[39m
     [90m 10 |[39m   )[33m;[39m
     [90m 11 |[39m }[0m

      at Object.error [as logError] (app/utilities/logger.js:8:11)
      at logError (app/services/parser-service.js:39:12)

FAIL test/unit/services/parser-service/davenport/model2.test.js
  matchesDavenportModel2
    ÔêÜ matches valid Davenport Model 2 file, calls parser and returns 
all_required_fields_present as true (8 ms)
    ÔêÜ matches valid Davenport Model 2 file, calls parser, but returns 
all_required_fields_present as false when cells missing (2 ms)
    ÔêÜ returns 'No Match' for incorrect file extension (1 ms)
    ÔêÜ matches valid Davenport Model 2 file, calls parser and returns 
all_required_fields_present as false for multiple rms (2 ms)
    ÔêÜ matches valid Davenport Model 2 file file, calls parser and returns 
all_required_fields_present as false for missing kg unit (2 ms)
    ÔêÜ returns 'No Match' when 'Commodity Code' header is missing (2 ms)
    ÔêÜ matches valid Davenport Model 2 file, calls parser and returns 
all_required_fields_present as false for invalid NIRMS (2 ms)
    ÔêÜ matches valid Davenport Model 2 file, calls parser and returns 
all_required_fields_present as true for valid NIRMS (1 ms)
    ÔêÜ matches valid Davenport Model 2 file, calls parser and returns 
all_required_fields_present as false for missing NIRMS (1 ms)
    ÔêÜ matches valid Davenport Model 2 file, calls parser and returns 
all_required_fields_present as false for missing CoO (2 ms)
    ÔêÜ matches valid Davenport Model 2 file, calls parser and returns 
all_required_fields_present as false for invalid CoO (2 ms)
    ÔêÜ matches valid Davenport Model 2 file, calls parser and returns 
all_required_fields_present as true for X CoO (1 ms)
    ├ù matches valid Davenport Model 2 file, calls parser and returns 
all_required_fields_present as false for prohibited items (2 ms)

  ÔùÅ matchesDavenportModel2 ÔÇ║ matches valid Davenport Model 2 file, calls 
parser and returns all_required_fields_present as false for prohibited items

    TypeError: Cannot read properties of undefined (reading 'failure_reasons')

    [0m [90m 137 |[39m     )[33m;[39m
     [90m 138 |[39m
    [31m[1m>[22m[39m[90m 139 |[39m     expect(result[33m.[39mbusiness_c
hecks[33m.[39mfailure_reasons)[33m.[39mtoBe(
     [90m     |[39m                                   [31m[1m^[22m[39m
     [90m 140 |[39m       failureReasons[33m.[39m[33mPROHIBITED_ITEM[39m 
[33m+[39m
     [90m 141 |[39m         [32m' in sheet "Revised" row 3 and sheet 
"Revised" row 4.\n'[39m[33m,[39m
     [90m 142 |[39m     )[33m;[39m[0m

      at Object.failure_reasons 
(test/unit/services/parser-service/davenport/model2.test.js:139:35)

  console.log
    MDM Config loaded: {
      apiUrl: undefined,
      subscriptionKey: 'undefined',
      authUrl: undefined,
      clientId: undefined,
      scope: undefined
    }

      at Object.log (app/config/mdm-config.js:28:9)

  console.info
    Whilst running the 'matches()' method in 'app\services\matchers\sainsburys\model1.js', the PLP application logged info: Packing list matches sainsburys Model 1 with filename: packinglist-sainsburys-model1.xlsx

      at Object.info [as logInfo] (app/utilities/logger.js:20:11)

  console.info
    Whilst running the 'matches()' method in 'app\services\matchers\sainsburys\model1.js', the PLP application logged info: Packing list matches sainsburys Model 1 with filename: packinglist-sainsburys-model1.xlsx

      at Object.info [as logInfo] (app/utilities/logger.js:20:11)

  console.info
    Whilst running the 'findParser' method in 'app\services\parsers\parser-factory.js', the PLP application logged info: Failed to parse packing list with filename: packinglist.wrong, no match

      at Object.info [as logInfo] (app/utilities/logger.js:20:11)

  console.info
    Whilst running the 'matches()' method in 'app\services\matchers\sainsburys\model1.js', the PLP application logged info: Packing list matches sainsburys Model 1 with filename: packinglist-sainsburys-model1.xlsx

      at Object.info [as logInfo] (app/utilities/logger.js:20:11)

  console.info
    Whilst running the 'matches()' method in 'app\services\matchers\sainsburys\model1.js', the PLP application logged info: Packing list matches sainsburys Model 1 with filename: packinglist-sainsburys-model1.xlsx

      at Object.info [as logInfo] (app/utilities/logger.js:20:11)

  console.info
    Whilst running the 'matches()' method in 'app\services\matchers\sainsburys\model1.js', the PLP application logged info: Packing list matches sainsburys Model 1 with filename: packinglist-sainsburys-model1.xlsx

      at Object.info [as logInfo] (app/utilities/logger.js:20:11)

  console.info
    Whilst running the 'matches()' method in 'app\services\matchers\sainsburys\model1.js', the PLP application logged info: Packing list matches sainsburys Model 1 with filename: packinglist-sainsburys-model1.xlsx

      at Object.info [as logInfo] (app/utilities/logger.js:20:11)

  console.info
    Whilst running the 'matches()' method in 'app\services\matchers\sainsburys\model1.js', the PLP application logged info: Packing list matches sainsburys Model 1 with filename: packinglist-sainsburys-model1.xlsx

      at Object.info [as logInfo] (app/utilities/logger.js:20:11)

  console.info
    Whilst running the 'matches()' method in 'app\services\matchers\sainsburys\model1.js', the PLP application logged info: Packing list matches sainsburys Model 1 with filename: packinglist-sainsburys-model1.xlsx

      at Object.info [as logInfo] (app/utilities/logger.js:20:11)

  console.info
    Whilst running the 'matches()' method in 'app\services\matchers\sainsburys\model1.js', the PLP application logged info: Packing list matches sainsburys Model 1 with filename: packinglist-sainsburys-model1.xlsx

      at Object.info [as logInfo] (app/utilities/logger.js:20:11)

  console.info
    Whilst running the 'matches()' method in 'app\services\matchers\sainsburys\model1.js', the PLP application logged info: Packing list matches sainsburys Model 1 with filename: packinglist-sainsburys-model1.xlsx

      at Object.info [as logInfo] (app/utilities/logger.js:20:11)

  console.error
    Whilst running the 'sanitise()' method in 'app\utilities\json-file.js', the PLP application encounterd: Invalid JSON string provided: SyntaxError: "undefined" is not valid JSON

    [0m [90m  6 |[39m [90m */[39m
     [90m  7 |[39m [36mfunction[39m logError(fileName[33m,[39m method[33m,[39m error) {
    [31m[1m>[22m[39m[90m  8 |[39m   console[33m.[39merror(
     [90m    |[39m           [31m[1m^[22m[39m
     [90m  9 |[39m     [32m`Whilst running the '${method}' method in '${fileName}', the PLP application encounterd: ${error}`[39m[33m,[39m
     [90m 10 |[39m   )[33m;[39m
     [90m 11 |[39m }[0m

      at Object.error [as logError] (app/utilities/logger.js:8:11)
      at Object.logError (app/utilities/json-file.js:40:12)
      at sanitise (app/services/parser-service.js:48:47)
      at sanitizeInput (app/services/parser-service.js:15:34)
      at Object.parsePackingList [as findParser] (app/services/parser-service.js:10:10)
      at Object.findParser (test/unit/services/parser-service/sainsburys/model1.test.js:117:40)

  console.error
    Whilst running the 'parsePackingList()' method in 'app\services\parser-service.js', the PLP application encounterd: TypeError: Cannot convert undefined or null to object

    [0m [90m  6 |[39m [90m */[39m
     [90m  7 |[39m [36mfunction[39m logError(fileName[33m,[39m method[33m,[39m error) {
    [31m[1m>[22m[39m[90m  8 |[39m   console[33m.[39merror(
     [90m    |[39m           [31m[1m^[22m[39m
     [90m  9 |[39m     [32m`Whilst running the '${method}' method in '${fileName}', the PLP application encounterd: ${error}`[39m[33m,[39m
     [90m 10 |[39m   )[33m;[39m
     [90m 11 |[39m }[0m

      at Object.error [as logError] (app/utilities/logger.js:8:11)
      at logError (app/services/parser-service.js:39:12)

FAIL test/unit/services/parser-service/sainsburys/model1.test.js
  matchesSainsburysModel1
    ÔêÜ matches valid Sainsburys Model 1 file, calls parser and returns 
all_required_fields_present as true (9 ms)
    ÔêÜ matches valid Sainsburys Model 1 file, calls parser, but returns 
all_required_fields_present as false when cells missing (2 ms)
    ÔêÜ returns 'No Match' for incorrect file extension (1 ms)
    ÔêÜ matches valid Sainsburys Model 1 file, calls parser and returns 
all_required_fields_present as false for multiple rms (1 ms)
    ÔêÜ matches valid Sainsburys Model 1 file file, calls parser and returns 
all_required_fields_present as false for missing kg unit (2 ms)
    ÔêÜ matches valid Sainsburys Model 1 file, calls parser and returns 
all_required_fields_present as false for invalid NIRMS (2 ms)
    ÔêÜ matches valid Sainsburys Model 1 file, calls parser and returns 
all_required_fields_present as true for valid NIRMS (2 ms)
    ÔêÜ matches valid Sainsburys Model 1 file, calls parser and returns 
all_required_fields_present as false for missing NIRMS (1 ms)
    ÔêÜ matches valid Sainsburys Model 1 file, calls parser and returns 
all_required_fields_present as false for missing CoO (2 ms)
    ÔêÜ matches valid Sainsburys Model 1 file, calls parser and returns 
all_required_fields_present as false for invalid CoO (2 ms)
    ÔêÜ matches valid Sainsburys Model 1 file, calls parser and returns 
all_required_fields_present as true for X CoO (5 ms)
    ├ù matches valid Sainsburys Model 1 file, calls parser and returns 
all_required_fields_present as false for prohibited items (3 ms)

  ÔùÅ matchesSainsburysModel1 ÔÇ║ matches valid Sainsburys Model 1 file, calls 
parser and returns all_required_fields_present as false for prohibited items

    TypeError: Cannot read properties of undefined (reading 'failure_reasons')

    [0m [90m 120 |[39m     )[33m;[39m
     [90m 121 |[39m
    [31m[1m>[22m[39m[90m 122 |[39m     expect(result[33m.[39mbusiness_c
hecks[33m.[39mfailure_reasons)[33m.[39mtoBe(
     [90m     |[39m                                   [31m[1m^[22m[39m
     [90m 123 |[39m       failureReasons[33m.[39m[33mPROHIBITED_ITEM[39m 
[33m+[39m
     [90m 124 |[39m         [32m' in sheet "Sheet1" row 2 and sheet 
"Sheet1" row 4.\n'[39m[33m,[39m
     [90m 125 |[39m     )[33m;[39m[0m

      at Object.failure_reasons 
(test/unit/services/parser-service/sainsburys/model1.test.js:122:35)

  console.log
    MDM Config loaded: {
      apiUrl: undefined,
      subscriptionKey: 'undefined',
      authUrl: undefined,
      clientId: undefined,
      scope: undefined
    }

      at Object.log (app/config/mdm-config.js:28:9)

  console.info
    Whilst running the 'matches()' method in 'app\services\matchers\co-op\model1.js', the PLP application logged info: Packing list matches co-op Model 1 with filename: packinglist-co-op-model1.xlsx

      at Object.info [as logInfo] (app/utilities/logger.js:20:11)

  console.info
    Whilst running the 'matches()' method in 'app\services\matchers\co-op\model1.js', the PLP application logged info: Packing list matches co-op Model 1 with filename: packinglist-co-op-model1.xlsx

      at Object.info [as logInfo] (app/utilities/logger.js:20:11)

  console.info
    Whilst running the 'findParser' method in 'app\services\parsers\parser-factory.js', the PLP application logged info: Failed to parse packing list with filename: packinglist.wrong, no match

      at Object.info [as logInfo] (app/utilities/logger.js:20:11)

  console.info
    Whilst running the 'matches()' method in 'app\services\matchers\co-op\model1.js', the PLP application logged info: Packing list matches co-op Model 1 with filename: packinglist-co-op-model1.xlsx

      at Object.info [as logInfo] (app/utilities/logger.js:20:11)

  console.info
    Whilst running the 'matches()' method in 'app\services\matchers\co-op\model1.js', the PLP application logged info: Packing list matches co-op Model 1 with filename: packinglist-co-op-model1.xlsx

      at Object.info [as logInfo] (app/utilities/logger.js:20:11)

  console.info
    Whilst running the 'matches()' method in 'app\services\matchers\co-op\model1.js', the PLP application logged info: Packing list matches co-op Model 1 with filename: packinglist-co-op-model1.xlsx

      at Object.info [as logInfo] (app/utilities/logger.js:20:11)

  console.info
    Whilst running the 'matches()' method in 'app\services\matchers\co-op\model1.js', the PLP application logged info: Packing list matches co-op Model 1 with filename: packinglist-co-op-model1.xlsx

      at Object.info [as logInfo] (app/utilities/logger.js:20:11)

  console.info
    Whilst running the 'matches()' method in 'app\services\matchers\co-op\model1.js', the PLP application logged info: Packing list matches co-op Model 1 with filename: packinglist-co-op-model1.xlsx

      at Object.info [as logInfo] (app/utilities/logger.js:20:11)

  console.info
    Whilst running the 'matches()' method in 'app\services\matchers\co-op\model1.js', the PLP application logged info: Packing list matches co-op Model 1 with filename: packinglist-co-op-model1.xlsx

      at Object.info [as logInfo] (app/utilities/logger.js:20:11)

  console.info
    Whilst running the 'matches()' method in 'app\services\matchers\co-op\model1.js', the PLP application logged info: Packing list matches co-op Model 1 with filename: packinglist-co-op-model1.xlsx

      at Object.info [as logInfo] (app/utilities/logger.js:20:11)

  console.info
    Whilst running the 'matches()' method in 'app\services\matchers\co-op\model1.js', the PLP application logged info: Packing list matches co-op Model 1 with filename: packinglist-co-op-model1.xlsx

      at Object.info [as logInfo] (app/utilities/logger.js:20:11)

  console.error
    Whilst running the 'sanitise()' method in 'app\utilities\json-file.js', the PLP application encounterd: Invalid JSON string provided: SyntaxError: "undefined" is not valid JSON

    [0m [90m  6 |[39m [90m */[39m
     [90m  7 |[39m [36mfunction[39m logError(fileName[33m,[39m method[33m,[39m error) {
    [31m[1m>[22m[39m[90m  8 |[39m   console[33m.[39merror(
     [90m    |[39m           [31m[1m^[22m[39m
     [90m  9 |[39m     [32m`Whilst running the '${method}' method in '${fileName}', the PLP application encounterd: ${error}`[39m[33m,[39m
     [90m 10 |[39m   )[33m;[39m
     [90m 11 |[39m }[0m

      at Object.error [as logError] (app/utilities/logger.js:8:11)
      at Object.logError (app/utilities/json-file.js:40:12)
      at sanitise (app/services/parser-service.js:48:47)
      at sanitizeInput (app/services/parser-service.js:15:34)
      at Object.parsePackingList [as findParser] (app/services/parser-service.js:10:10)
      at Object.findParser (test/unit/services/parser-service/co-op/model1.test.js:117:40)

  console.error
    Whilst running the 'parsePackingList()' method in 'app\services\parser-service.js', the PLP application encounterd: TypeError: Cannot convert undefined or null to object

    [0m [90m  6 |[39m [90m */[39m
     [90m  7 |[39m [36mfunction[39m logError(fileName[33m,[39m method[33m,[39m error) {
    [31m[1m>[22m[39m[90m  8 |[39m   console[33m.[39merror(
     [90m    |[39m           [31m[1m^[22m[39m
     [90m  9 |[39m     [32m`Whilst running the '${method}' method in '${fileName}', the PLP application encounterd: ${error}`[39m[33m,[39m
     [90m 10 |[39m   )[33m;[39m
     [90m 11 |[39m }[0m

      at Object.error [as logError] (app/utilities/logger.js:8:11)
      at logError (app/services/parser-service.js:39:12)

FAIL test/unit/services/parser-service/co-op/model1.test.js
  matchesCoopModel1
    ÔêÜ matches valid Co-op Model 1 file, calls parser and returns 
all_required_fields_present as true (8 ms)
    ÔêÜ matches valid Co-op Model 1 file, calls parser, but returns 
all_required_fields_present as false when cells missing (2 ms)
    ÔêÜ returns 'No Match' for incorrect file extension (1 ms)
    ÔêÜ matches valid Co-op Model 1 file, calls parser and returns 
all_required_fields_present as false for multiple rms (2 ms)
    ÔêÜ matches valid Co-op Model 1 file, calls parser and returns 
all_required_fields_present as false for missing kg unit (1 ms)
    ÔêÜ matches valid Co-op Model 1 file, calls parser and returns 
all_required_fields_present as false for invalid NIRMS (2 ms)
    ÔêÜ matches valid Co-op Model 1 file, calls parser and returns 
all_required_fields_present as true for valid NIRMS (2 ms)
    ÔêÜ matches valid Co-op Model 1 file, calls parser and returns 
all_required_fields_present as false for missing NIRMS (1 ms)
    ÔêÜ matches valid Co-op Model 1 file, calls parser and returns 
all_required_fields_present as false for missing CoO (2 ms)
    ÔêÜ matches valid Co-op Model 1 file, calls parser and returns 
all_required_fields_present as false for invalid CoO (2 ms)
    ÔêÜ matches valid Co-op Model 1 file, calls parser and returns 
all_required_fields_present as true for X CoO (1 ms)
    ├ù matches valid Co-op Model 1 file, calls parser and returns 
all_required_fields_present as false for prohibited items (3 ms)

  ÔùÅ matchesCoopModel1 ÔÇ║ matches valid Co-op Model 1 file, calls parser and 
returns all_required_fields_present as false for prohibited items

    TypeError: Cannot read properties of undefined (reading 'failure_reasons')

    [0m [90m 120 |[39m     )[33m;[39m
     [90m 121 |[39m
    [31m[1m>[22m[39m[90m 122 |[39m     expect(result[33m.[39mbusiness_c
hecks[33m.[39mfailure_reasons)[33m.[39mtoBe(
     [90m     |[39m                                   [31m[1m^[22m[39m
     [90m 123 |[39m       failureReasons[33m.[39m[33mPROHIBITED_ITEM[39m 
[33m+[39m
     [90m 124 |[39m         [32m' in sheet "Input Packing Sheet" row 2 and 
sheet "Input Packing Sheet" row 4.\n'[39m[33m,[39m
     [90m 125 |[39m     )[33m;[39m[0m

      at Object.failure_reasons 
(test/unit/services/parser-service/co-op/model1.test.js:122:35)

  console.log
    MDM Config loaded: {
      apiUrl: undefined,
      subscriptionKey: 'undefined',
      authUrl: undefined,
      clientId: undefined,
      scope: undefined
    }

      at Object.log (app/config/mdm-config.js:28:9)

  console.info
    Whilst running the 'matches()' method in 'app\services\matchers\savers\model1.js', the PLP application logged info: Packing list matches savers Model 1 with filename: packinglist-boots-model1.xlsx

      at Object.info [as logInfo] (app/utilities/logger.js:20:11)

  console.info
    Whilst running the 'matches()' method in 'app\services\matchers\savers\model1.js', the PLP application logged info: Packing list matches savers Model 1 with filename: packinglist-boots-model1.xlsx

      at Object.info [as logInfo] (app/utilities/logger.js:20:11)

  console.info
    Whilst running the 'findParser' method in 'app\services\parsers\parser-factory.js', the PLP application logged info: Failed to parse packing list with filename: packinglist.wrong, no match

      at Object.info [as logInfo] (app/utilities/logger.js:20:11)

  console.info
    Whilst running the 'matches()' method in 'app\services\matchers\savers\model1.js', the PLP application logged info: Packing list matches savers Model 1 with filename: packinglist-boots-model1.xlsx

      at Object.info [as logInfo] (app/utilities/logger.js:20:11)

  console.info
    Whilst running the 'matches()' method in 'app\services\matchers\savers\model1.js', the PLP application logged info: Packing list matches savers Model 1 with filename: packinglist-boots-model1.xlsx

      at Object.info [as logInfo] (app/utilities/logger.js:20:11)

  console.info
    Whilst running the 'matches()' method in 'app\services\matchers\savers\model1.js', the PLP application logged info: Packing list matches savers Model 1 with filename: packinglist-boots-model1.xlsx

      at Object.info [as logInfo] (app/utilities/logger.js:20:11)

  console.info
    Whilst running the 'matches()' method in 'app\services\matchers\savers\model1.js', the PLP application logged info: Packing list matches savers Model 1 with filename: packinglist-boots-model1.xlsx

      at Object.info [as logInfo] (app/utilities/logger.js:20:11)

  console.info
    Whilst running the 'matches()' method in 'app\services\matchers\savers\model1.js', the PLP application logged info: Packing list matches savers Model 1 with filename: packinglist-boots-model1.xlsx

      at Object.info [as logInfo] (app/utilities/logger.js:20:11)

  console.info
    Whilst running the 'matches()' method in 'app\services\matchers\savers\model1.js', the PLP application logged info: Packing list matches savers Model 1 with filename: packinglist-boots-model1.xlsx

      at Object.info [as logInfo] (app/utilities/logger.js:20:11)

  console.info
    Whilst running the 'matches()' method in 'app\services\matchers\savers\model1.js', the PLP application logged info: Packing list matches savers Model 1 with filename: packinglist-boots-model1.xlsx

      at Object.info [as logInfo] (app/utilities/logger.js:20:11)

  console.info
    Whilst running the 'matches()' method in 'app\services\matchers\savers\model1.js', the PLP application logged info: Packing list matches savers Model 1 with filename: packinglist-boots-model1.xlsx

      at Object.info [as logInfo] (app/utilities/logger.js:20:11)

  console.error
    Whilst running the 'sanitise()' method in 'app\utilities\json-file.js', the PLP application encounterd: Invalid JSON string provided: SyntaxError: "undefined" is not valid JSON

    [0m [90m  6 |[39m [90m */[39m
     [90m  7 |[39m [36mfunction[39m logError(fileName[33m,[39m method[33m,[39m error) {
    [31m[1m>[22m[39m[90m  8 |[39m   console[33m.[39merror(
     [90m    |[39m           [31m[1m^[22m[39m
     [90m  9 |[39m     [32m`Whilst running the '${method}' method in '${fileName}', the PLP application encounterd: ${error}`[39m[33m,[39m
     [90m 10 |[39m   )[33m;[39m
     [90m 11 |[39m }[0m

      at Object.error [as logError] (app/utilities/logger.js:8:11)
      at Object.logError (app/utilities/json-file.js:40:12)
      at sanitise (app/services/parser-service.js:48:47)
      at sanitizeInput (app/services/parser-service.js:15:34)
      at Object.parsePackingList [as findParser] (app/services/parser-service.js:10:10)
      at Object.findParser (test/unit/services/parser-service/savers/model1.test.js:117:40)

  console.error
    Whilst running the 'parsePackingList()' method in 'app\services\parser-service.js', the PLP application encounterd: TypeError: Cannot convert undefined or null to object

    [0m [90m  6 |[39m [90m */[39m
     [90m  7 |[39m [36mfunction[39m logError(fileName[33m,[39m method[33m,[39m error) {
    [31m[1m>[22m[39m[90m  8 |[39m   console[33m.[39merror(
     [90m    |[39m           [31m[1m^[22m[39m
     [90m  9 |[39m     [32m`Whilst running the '${method}' method in '${fileName}', the PLP application encounterd: ${error}`[39m[33m,[39m
     [90m 10 |[39m   )[33m;[39m
     [90m 11 |[39m }[0m

      at Object.error [as logError] (app/utilities/logger.js:8:11)
      at logError (app/services/parser-service.js:39:12)

FAIL test/unit/services/parser-service/savers/model1.test.js
  matchesSaversModel1
    ÔêÜ matches valid Savers Model 1 file, calls parser and returns 
all_required_fields_present as true (10 ms)
    ÔêÜ matches valid Savers Model 1 file, calls parser, but returns 
all_required_fields_present as false when cells missing (4 ms)
    ÔêÜ returns 'No Match' for incorrect file extension (2 ms)
    ÔêÜ matches valid Savers Model 1 file, calls parser and returns 
all_required_fields_present as false for multiple rms (3 ms)
    ÔêÜ matches valid Savers Model 1 file, calls parser and returns 
all_required_fields_present as false for missing kg unit (4 ms)
    ÔêÜ matches valid SAVERS Model 1 file, calls parser and returns 
all_required_fields_present as false for invalid NIRMS (2 ms)
    ÔêÜ matches valid SAVERS Model 1 file, calls parser and returns 
all_required_fields_present as true for valid NIRMS (2 ms)
    ÔêÜ matches valid SAVERS Model 1 file, calls parser and returns 
all_required_fields_present as false for missing NIRMS (1 ms)
    ÔêÜ matches valid SAVERS Model 1 file, calls parser and returns 
all_required_fields_present as false for missing CoO (2 ms)
    ÔêÜ matches valid SAVERS Model 1 file, calls parser and returns 
all_required_fields_present as false for invalid CoO (2 ms)
    ÔêÜ matches valid SAVERS Model 1 file, calls parser and returns 
all_required_fields_present as true for X CoO (2 ms)
    ├ù matches valid SAVERS Model 1 file, calls parser and returns 
all_required_fields_present as false for prohibited items (3 ms)

  ÔùÅ matchesSaversModel1 ÔÇ║ matches valid SAVERS Model 1 file, calls parser 
and returns all_required_fields_present as false for prohibited items

    TypeError: Cannot read properties of undefined (reading 'failure_reasons')

    [0m [90m 120 |[39m     )[33m;[39m
     [90m 121 |[39m
    [31m[1m>[22m[39m[90m 122 |[39m     expect(result[33m.[39mbusiness_c
hecks[33m.[39mfailure_reasons)[33m.[39mtoBe(
     [90m     |[39m                                   [31m[1m^[22m[39m
     [90m 123 |[39m       failureReasons[33m.[39m[33mPROHIBITED_ITEM[39m 
[33m+[39m
     [90m 124 |[39m         [32m' in sheet "(DO NOT SORT) Packing List" row 
6.\n'[39m[33m,[39m
     [90m 125 |[39m     )[33m;[39m[0m

      at Object.failure_reasons 
(test/unit/services/parser-service/savers/model1.test.js:122:35)

  console.log
    MDM Config loaded: {
      apiUrl: undefined,
      subscriptionKey: 'undefined',
      authUrl: undefined,
      clientId: undefined,
      scope: undefined
    }

      at Object.log (app/config/mdm-config.js:28:9)

  console.info
    Whilst running the 'matches()' method in 'app\services\matchers\tescos\model3.js', the PLP application logged info: Packing list matches tescos Model 3 with filename: PackingListTesco3.xlsx

      at Object.info [as logInfo] (app/utilities/logger.js:20:11)

  console.info
    Whilst running the 'matches()' method in 'app\services\matchers\tescos\model3.js', the PLP application logged info: Packing list matches tescos Model 3 with filename: PackingListTesco3.xlsx

      at Object.info [as logInfo] (app/utilities/logger.js:20:11)

  console.info
    Whilst running the 'findParser' method in 'app\services\parsers\parser-factory.js', the PLP application logged info: Failed to parse packing list with filename: packinglist.wrong, no match

      at Object.info [as logInfo] (app/utilities/logger.js:20:11)

  console.info
    Whilst running the 'matches()' method in 'app\services\matchers\tescos\model3.js', the PLP application logged info: Packing list matches tescos Model 3 with filename: PackingListTesco3.xlsx

      at Object.info [as logInfo] (app/utilities/logger.js:20:11)

  console.info
    Whilst running the 'matches()' method in 'app\services\matchers\tescos\model3.js', the PLP application logged info: Packing list matches tescos Model 3 with filename: PackingListTesco3.xlsx

      at Object.info [as logInfo] (app/utilities/logger.js:20:11)

  console.info
    Whilst running the 'matches()' method in 'app\services\matchers\tescos\model3.js', the PLP application logged info: Packing list matches tescos Model 3 with filename: PackingListTesco3.xlsx

      at Object.info [as logInfo] (app/utilities/logger.js:20:11)

  console.info
    Whilst running the 'matches()' method in 'app\services\matchers\tescos\model3.js', the PLP application logged info: Packing list matches tescos Model 3 with filename: PackingListTesco3.xlsx

      at Object.info [as logInfo] (app/utilities/logger.js:20:11)

  console.info
    Whilst running the 'matches()' method in 'app\services\matchers\tescos\model3.js', the PLP application logged info: Packing list matches tescos Model 3 with filename: PackingListTesco3.xlsx

      at Object.info [as logInfo] (app/utilities/logger.js:20:11)

  console.info
    Whilst running the 'matches()' method in 'app\services\matchers\tescos\model3.js', the PLP application logged info: Packing list matches tescos Model 3 with filename: PackingListTesco3.xlsx

      at Object.info [as logInfo] (app/utilities/logger.js:20:11)

  console.info
    Whilst running the 'matches()' method in 'app\services\matchers\tescos\model3.js', the PLP application logged info: Packing list matches tescos Model 3 with filename: PackingListTesco3.xlsx

      at Object.info [as logInfo] (app/utilities/logger.js:20:11)

  console.info
    Whilst running the 'matches()' method in 'app\services\matchers\tescos\model3.js', the PLP application logged info: Packing list matches tescos Model 3 with filename: PackingListTesco3.xlsx

      at Object.info [as logInfo] (app/utilities/logger.js:20:11)

  console.error
    Whilst running the 'sanitise()' method in 'app\utilities\json-file.js', the PLP application encounterd: Invalid JSON string provided: SyntaxError: "undefined" is not valid JSON

    [0m [90m  6 |[39m [90m */[39m
     [90m  7 |[39m [36mfunction[39m logError(fileName[33m,[39m method[33m,[39m error) {
    [31m[1m>[22m[39m[90m  8 |[39m   console[33m.[39merror(
     [90m    |[39m           [31m[1m^[22m[39m
     [90m  9 |[39m     [32m`Whilst running the '${method}' method in '${fileName}', the PLP application encounterd: ${error}`[39m[33m,[39m
     [90m 10 |[39m   )[33m;[39m
     [90m 11 |[39m }[0m

      at Object.error [as logError] (app/utilities/logger.js:8:11)
      at Object.logError (app/utilities/json-file.js:40:12)
      at sanitise (app/services/parser-service.js:48:47)
      at sanitizeInput (app/services/parser-service.js:15:34)
      at Object.parsePackingList [as findParser] (app/services/parser-service.js:10:10)
      at Object.findParser (test/unit/services/parser-service/tescos/model3.test.js:115:40)

  console.error
    Whilst running the 'parsePackingList()' method in 'app\services\parser-service.js', the PLP application encounterd: TypeError: Cannot convert undefined or null to object

    [0m [90m  6 |[39m [90m */[39m
     [90m  7 |[39m [36mfunction[39m logError(fileName[33m,[39m method[33m,[39m error) {
    [31m[1m>[22m[39m[90m  8 |[39m   console[33m.[39merror(
     [90m    |[39m           [31m[1m^[22m[39m
     [90m  9 |[39m     [32m`Whilst running the '${method}' method in '${fileName}', the PLP application encounterd: ${error}`[39m[33m,[39m
     [90m 10 |[39m   )[33m;[39m
     [90m 11 |[39m }[0m

      at Object.error [as logError] (app/utilities/logger.js:8:11)
      at logError (app/services/parser-service.js:39:12)

FAIL test/unit/services/parser-service/tescos/model3.test.js
  matchesTescosModel3
    ÔêÜ matches valid Tescos Model 3 file, calls parser and returns 
all_required_fields_present as true (10 ms)
    ÔêÜ matches valid Tescos Model 3 file, calls parser, but returns 
all_required_fields_present as false when cells missing (2 ms)
    ÔêÜ returns 'No Match' for incorrect file extension (1 ms)
    ÔêÜ matches valid Tesco Model 3 file, calls parser and returns 
all_required_fields_present as false for multiple rms (2 ms)
    ÔêÜ matches valid Tesco Model 3 file, calls parser and returns 
all_required_fields_present as false for missing kg unit (2 ms)
    ÔêÜ matches valid Tesco Model 3 file, calls parser and returns 
all_required_fields_present as false for invalid NIRMS (2 ms)
    ÔêÜ matches valid Tesco Model 3 file file, calls parser and returns 
all_required_fields_present as true for valid NIRMS (2 ms)
    ÔêÜ matches valid Tesco Model 3 file, calls parser and returns 
all_required_fields_present as false for missing NIRMS (2 ms)
    ÔêÜ matches valid Tesco Model 3 file, calls parser and returns 
all_required_fields_present as false for missing CoO (2 ms)
    ÔêÜ matches valid Tesco Model 3 file, calls parser and returns 
all_required_fields_present as false for invalid CoO (2 ms)
    ÔêÜ matches valid Tesco Model 3 file, calls parser and returns 
all_required_fields_present as true for X CoO (1 ms)
    ├ù matches valid Tesco Model 3 file, calls parser and returns 
all_required_fields_present as false for prohibited items (2 ms)

  ÔùÅ matchesTescosModel3 ÔÇ║ matches valid Tesco Model 3 file, calls parser 
and returns all_required_fields_present as false for prohibited items

    TypeError: Cannot read properties of undefined (reading 'failure_reasons')

    [0m [90m 118 |[39m     )[33m;[39m
     [90m 119 |[39m
    [31m[1m>[22m[39m[90m 120 |[39m     expect(result[33m.[39mbusiness_c
hecks[33m.[39mfailure_reasons)[33m.[39mtoBe(
     [90m     |[39m                                   [31m[1m^[22m[39m
     [90m 121 |[39m       failureReasons[33m.[39m[33mPROHIBITED_ITEM[39m 
[33m+[39m [32m' in sheet "Input Data Sheet" row 6.\n'[39m[33m,[39m
     [90m 122 |[39m     )[33m;[39m
     [90m 123 |[39m   })[33m;[39m[0m

      at Object.failure_reasons 
(test/unit/services/parser-service/tescos/model3.test.js:120:35)

  console.info
    Whilst running the 'matches()' method in 'app\services\matchers\mands\model1.js', the PLP application logged info: Packing list matches MandS Model 1 with filename: mands-model1.pdf

      at Object.info [as logInfo] (app/utilities/logger.js:20:11)

  console.info
    Whilst running the 'matches()' method in 'app\services\matchers\mands\model1.js', the PLP application logged info: Packing list matches MandS Model 1 with filename: mands-model1.pdf

      at Object.info [as logInfo] (app/utilities/logger.js:20:11)

  console.info
    Whilst running the 'findParser' method in 'app\services\parsers\parser-factory.js', the PLP application logged info: Failed to parse packing list with filename: packinglist.wrong, no match

      at Object.info [as logInfo] (app/utilities/logger.js:20:11)

  console.info
    Whilst running the 'matches()' method in 'app\services\matchers\mands\model1.js', the PLP application logged info: Packing list matches MandS Model 1 with filename: mands-model1.pdf

      at Object.info [as logInfo] (app/utilities/logger.js:20:11)

  console.info
    Whilst running the 'matches()' method in 'app\services\matchers\mands\model1.js', the PLP application logged info: Packing list matches MandS Model 1 with filename: mands-model1.pdf

      at Object.info [as logInfo] (app/utilities/logger.js:20:11)

  console.info
    Whilst running the 'matches()' method in 'app\services\matchers\mands\model1.js', the PLP application logged info: Packing list matches MandS Model 1 with filename: mands-model1.pdf

      at Object.info [as logInfo] (app/utilities/logger.js:20:11)

  console.info
    Whilst running the 'matches()' method in 'app\services\matchers\mands\model1.js', the PLP application logged info: Packing list matches MandS Model 1 with filename: mands-model1.pdf

      at Object.info [as logInfo] (app/utilities/logger.js:20:11)

  console.info
    Whilst running the 'matches()' method in 'app\services\matchers\mands\model1.js', the PLP application logged info: Packing list matches MandS Model 1 with filename: mands-model1.pdf

      at Object.info [as logInfo] (app/utilities/logger.js:20:11)

  console.info
    Whilst running the 'matches()' method in 'app\services\matchers\mands\model1.js', the PLP application logged info: Packing list matches MandS Model 1 with filename: mands-model1.pdf

      at Object.info [as logInfo] (app/utilities/logger.js:20:11)

  console.info
    Whilst running the 'matches()' method in 'app\services\matchers\mands\model1.js', the PLP application logged info: Packing list matches MandS Model 1 with filename: mands-model1.pdf

      at Object.info [as logInfo] (app/utilities/logger.js:20:11)

  console.info
    Whilst running the 'matches()' method in 'app\services\matchers\mands\model1.js', the PLP application logged info: Packing list matches MandS Model 1 with filename: mands-model1.pdf

      at Object.info [as logInfo] (app/utilities/logger.js:20:11)

  console.info
    Whilst running the 'matches()' method in 'app\services\matchers\mands\model1.js', the PLP application logged info: Packing list matches MandS Model 1 with filename: mands-model1.pdf

      at Object.info [as logInfo] (app/utilities/logger.js:20:11)

  console.error
    Whilst running the 'matches()' method in 'app\services\matchers\mands\model1.js', the PLP application encounterd: TypeError: Cannot read properties of undefined (reading 'fields')

    [0m [90m  6 |[39m [90m */[39m
     [90m  7 |[39m [36mfunction[39m logError(fileName[33m,[39m method[33m,[39m error) {
    [31m[1m>[22m[39m[90m  8 |[39m   console[33m.[39merror(
     [90m    |[39m           [31m[1m^[22m[39m
     [90m  9 |[39m     [32m`Whilst running the '${method}' method in '${fileName}', the PLP application encounterd: ${error}`[39m[33m,[39m
     [90m 10 |[39m   )[33m;[39m
     [90m 11 |[39m }[0m

      at Object.error [as logError] (app/utilities/logger.js:8:11)
      at Object.logError [as matches] (app/services/matchers/mands/model1.js:56:12)
      at getPdfParser (app/services/parsers/parsers.js:68:18)
      at Object.findParser (app/services/parsers/parser-factory.js:30:16)
      at parsePackingList (app/services/parser-service.js:16:20)
      at Object.<anonymous> (test/unit/services/parser-service/mands/model1.test.js:255:20)

  console.info
    Whilst running the 'findParser' method in 'app\services\parsers\parser-factory.js', the PLP application logged info: Failed to parse packing list with filename: mands-model1.pdf, no match

      at Object.info [as logInfo] (app/utilities/logger.js:20:11)

FAIL test/unit/services/parser-service/mands/model1.test.js
  findParser
    ÔêÜ matches valid MandS Model 1 file, calls parser and returns 
all_required_fields_present as true (6 ms)
    ÔêÜ matches valid MandS Model 1 file, calls parser, but returns 
all_required_fields_present as false when cells missing (2 ms)
    ÔêÜ wrong file extension (1 ms)
    ÔêÜ parses model multiple RMS (1 ms)
    ÔêÜ parses model missing unit of weight (1 ms)
    ÔêÜ extracts rms number from sentence string (1 ms)
    ÔêÜ matches valid MandS Model 1 file, calls parser and returns 
all_required_fields_present as false for invalid NIRMS (1 ms)
    ÔêÜ matches valid MandS Model 1 file, calls parser and returns 
all_required_fields_present as true for valid NIRMS (1 ms)
    ÔêÜ matches valid MandS Model 1 file, calls parser and returns 
all_required_fields_present as false for missing NIRMS (1 ms)
    ÔêÜ matches valid MandS Model 1 file, calls parser and returns 
all_required_fields_present as false for missing CoO (2 ms)
    ÔêÜ matches valid MandS Model 1 file, calls parser and returns 
all_required_fields_present as false for invalid CoO (1 ms)
    ÔêÜ matches valid MandS Model 1 file, calls parser and returns 
all_required_fields_present as true for X CoO (1 ms)
    ├ù matches valid MandS Model 1 file, calls parser and returns 
all_required_fields_present as false for prohibited items (2 ms)

  ÔùÅ findParser ÔÇ║ matches valid MandS Model 1 file, calls parser and 
returns all_required_fields_present as false for prohibited items

    expect(received).toBe(expected) // Object.is equality

    Expected: "Prohibited item identified on the packing list in page 1 row 1 
and page 1 row 3.
    "
    Received: null

    [0m [90m 258 |[39m     )[33m;[39m
     [90m 259 |[39m
    [31m[1m>[22m[39m[90m 260 |[39m     expect(result[33m.[39mbusiness_c
hecks[33m.[39mfailure_reasons)[33m.[39mtoBe(
     [90m     |[39m                                                    
[31m[1m^[22m[39m
     [90m 261 |[39m       
failureReasonsDescriptions[33m.[39m[33mPROHIBITED_ITEM[39m [33m+[39m
     [90m 262 |[39m         [32m" in page 1 row 1 and page 1 row 
3.\n"[39m[33m,[39m
     [90m 263 |[39m     )[33m;[39m[0m

      at Object.toBe 
(test/unit/services/parser-service/mands/model1.test.js:260:52)

  console.log
    MDM Config loaded: {
      apiUrl: undefined,
      subscriptionKey: 'undefined',
      authUrl: undefined,
      clientId: undefined,
      scope: undefined
    }

      at Object.log (app/config/mdm-config.js:28:9)

  console.info
    Whilst running the 'getIneligibleItems()' method in 'app\services\ineligible-items-service.js', the PLP application logged info: Fetching ineligible items from MDM API

      at Object.info [as logInfo] (app/utilities/logger.js:20:11)

  console.info
    Whilst running the 'get()' method in 'mdm-blob-cache-service', the PLP application logged info: Cache disabled

      at Object.info [as logInfo] (app/utilities/logger.js:20:11)

  console.error
    Whilst running the 'bearerTokenRequest()' method in 'app\services\mdm-service.js', the PLP application encounterd: TypeError: Failed to parse URL from undefined

    [0m [90m  6 |[39m [90m */[39m
     [90m  7 |[39m [36mfunction[39m logError(fileName[33m,[39m method[33m,[39m error) {
    [31m[1m>[22m[39m[90m  8 |[39m   console[33m.[39merror(
     [90m    |[39m           [31m[1m^[22m[39m
     [90m  9 |[39m     [32m`Whilst running the '${method}' method in '${fileName}', the PLP application encounterd: ${error}`[39m[33m,[39m
     [90m 10 |[39m   )[33m;[39m
     [90m 11 |[39m }[0m

      at Object.error [as logError] (app/utilities/logger.js:8:11)
      at logError (app/services/mdm-service.js:46:12)
      at Object.getNirmsIneligibleItems (app/services/mdm-service.js:120:27)
      at Object.getIneligibleItems (app/services/ineligible-items-service.js:34:19)
      at hasIneligibleItems (app/services/validators/packing-list-validator-utilities.js:116:27)
      at test/unit/services/validators/packing-list-validator-utilities.test.js:231:14

  console.error
    Whilst running the 'getNirmsIneligibleItems()' method in 'app\services\mdm-service.js', the PLP application encounterd: Attempt 1 failed with error: Failed to parse URL from undefined, retrying in 2000ms

    [0m [90m  6 |[39m [90m */[39m
     [90m  7 |[39m [36mfunction[39m logError(fileName[33m,[39m method[33m,[39m error) {
    [31m[1m>[22m[39m[90m  8 |[39m   console[33m.[39merror(
     [90m    |[39m           [31m[1m^[22m[39m
     [90m  9 |[39m     [32m`Whilst running the '${method}' method in '${fileName}', the PLP application encounterd: ${error}`[39m[33m,[39m
     [90m 10 |[39m   )[33m;[39m
     [90m 11 |[39m }[0m

      at Object.error [as logError] (app/utilities/logger.js:8:11)
      at logError (app/services/mdm-service.js:103:10)
      at Object.logCatchError [as getNirmsIneligibleItems] (app/services/mdm-service.js:176:7)
      at Object.getIneligibleItems (app/services/ineligible-items-service.js:34:19)
      at hasIneligibleItems (app/services/validators/packing-list-validator-utilities.js:116:27)
      at test/unit/services/validators/packing-list-validator-utilities.test.js:231:14

  console.error
    Whilst running the 'bearerTokenRequest()' method in 'app\services\mdm-service.js', the PLP application encounterd: TypeError: Failed to parse URL from undefined

    [0m [90m  6 |[39m [90m */[39m
     [90m  7 |[39m [36mfunction[39m logError(fileName[33m,[39m method[33m,[39m error) {
    [31m[1m>[22m[39m[90m  8 |[39m   console[33m.[39merror(
     [90m    |[39m           [31m[1m^[22m[39m
     [90m  9 |[39m     [32m`Whilst running the '${method}' method in '${fileName}', the PLP application encounterd: ${error}`[39m[33m,[39m
     [90m 10 |[39m   )[33m;[39m
     [90m 11 |[39m }[0m

      at Object.error [as logError] (app/utilities/logger.js:8:11)
      at logError (app/services/mdm-service.js:46:12)
      at Object.getNirmsIneligibleItems (app/services/mdm-service.js:120:27)
      at Object.getIneligibleItems (app/services/ineligible-items-service.js:34:19)
      at hasIneligibleItems (app/services/validators/packing-list-validator-utilities.js:116:27)
      at test/unit/services/validators/packing-list-validator-utilities.test.js:231:14

  console.error
    Whilst running the 'getNirmsIneligibleItems()' method in 'app\services\mdm-service.js', the PLP application encounterd: Attempt 2 failed with error: Failed to parse URL from undefined, retrying in 2000ms

    [0m [90m  6 |[39m [90m */[39m
     [90m  7 |[39m [36mfunction[39m logError(fileName[33m,[39m method[33m,[39m error) {
    [31m[1m>[22m[39m[90m  8 |[39m   console[33m.[39merror(
     [90m    |[39m           [31m[1m^[22m[39m
     [90m  9 |[39m     [32m`Whilst running the '${method}' method in '${fileName}', the PLP application encounterd: ${error}`[39m[33m,[39m
     [90m 10 |[39m   )[33m;[39m
     [90m 11 |[39m }[0m

      at Object.error [as logError] (app/utilities/logger.js:8:11)
      at logError (app/services/mdm-service.js:103:10)
      at Object.logCatchError [as getNirmsIneligibleItems] (app/services/mdm-service.js:176:7)
      at Object.getIneligibleItems (app/services/ineligible-items-service.js:34:19)
      at hasIneligibleItems (app/services/validators/packing-list-validator-utilities.js:116:27)
      at test/unit/services/validators/packing-list-validator-utilities.test.js:231:14

  console.error
    Whilst running the 'bearerTokenRequest()' method in 'app\services\mdm-service.js', the PLP application encounterd: TypeError: Failed to parse URL from undefined

    [0m [90m  6 |[39m [90m */[39m
     [90m  7 |[39m [36mfunction[39m logError(fileName[33m,[39m method[33m,[39m error) {
    [31m[1m>[22m[39m[90m  8 |[39m   console[33m.[39merror(
     [90m    |[39m           [31m[1m^[22m[39m
     [90m  9 |[39m     [32m`Whilst running the '${method}' method in '${fileName}', the PLP application encounterd: ${error}`[39m[33m,[39m
     [90m 10 |[39m   )[33m;[39m
     [90m 11 |[39m }[0m

      at Object.error [as logError] (app/utilities/logger.js:8:11)
      at logError (app/services/mdm-service.js:46:12)
      at Object.getNirmsIneligibleItems (app/services/mdm-service.js:120:27)
      at Object.getIneligibleItems (app/services/ineligible-items-service.js:34:19)
      at hasIneligibleItems (app/services/validators/packing-list-validator-utilities.js:116:27)
      at test/unit/services/validators/packing-list-validator-utilities.test.js:231:14

  console.error
    Whilst running the 'getNirmsIneligibleItems()' method in 'app\services\mdm-service.js', the PLP application encounterd: Final attempt failed with error: Failed to parse URL from undefined

    [0m [90m  6 |[39m [90m */[39m
     [90m  7 |[39m [36mfunction[39m logError(fileName[33m,[39m method[33m,[39m error) {
    [31m[1m>[22m[39m[90m  8 |[39m   console[33m.[39merror(
     [90m    |[39m           [31m[1m^[22m[39m
     [90m  9 |[39m     [32m`Whilst running the '${method}' method in '${fileName}', the PLP application encounterd: ${error}`[39m[33m,[39m
     [90m 10 |[39m   )[33m;[39m
     [90m 11 |[39m }[0m

      at Object.error [as logError] (app/utilities/logger.js:8:11)
      at logError (app/services/mdm-service.js:103:10)
      at Object.logCatchError [as getNirmsIneligibleItems] (app/services/mdm-service.js:176:7)
      at Object.getIneligibleItems (app/services/ineligible-items-service.js:34:19)
      at hasIneligibleItems (app/services/validators/packing-list-validator-utilities.js:116:27)
      at test/unit/services/validators/packing-list-validator-utilities.test.js:231:14

  console.info
    Whilst running the 'getStale()' method in 'mdm-blob-cache-service', the PLP application logged info: Cache disabled

      at Object.info [as logInfo] (app/utilities/logger.js:20:11)

  console.info
    Whilst running the 'getIneligibleItems()' method in 'app\services\ineligible-items-service.js', the PLP application logged info: MDM API returned null - falling back to local data

      at Object.info [as logInfo] (app/utilities/logger.js:20:11)

  console.info
    Whilst running the 'getIneligibleItems()' method in 'app\services\ineligible-items-service.js', the PLP application logged info: Fetching ineligible items from MDM API

      at Object.info [as logInfo] (app/utilities/logger.js:20:11)

  console.info
    Whilst running the 'get()' method in 'mdm-blob-cache-service', the PLP application logged info: Cache disabled

      at Object.info [as logInfo] (app/utilities/logger.js:20:11)

  console.error
    Whilst running the 'bearerTokenRequest()' method in 'app\services\mdm-service.js', the PLP application encounterd: TypeError: Failed to parse URL from undefined

    [0m [90m  6 |[39m [90m */[39m
     [90m  7 |[39m [36mfunction[39m logError(fileName[33m,[39m method[33m,[39m error) {
    [31m[1m>[22m[39m[90m  8 |[39m   console[33m.[39merror(
     [90m    |[39m           [31m[1m^[22m[39m
     [90m  9 |[39m     [32m`Whilst running the '${method}' method in '${fileName}', the PLP application encounterd: ${error}`[39m[33m,[39m
     [90m 10 |[39m   )[33m;[39m
     [90m 11 |[39m }[0m

      at Object.error [as logError] (app/utilities/logger.js:8:11)
      at logError (app/services/mdm-service.js:46:12)
      at Object.getNirmsIneligibleItems (app/services/mdm-service.js:120:27)
      at Object.getIneligibleItems (app/services/ineligible-items-service.js:34:19)
      at hasIneligibleItems (app/services/validators/packing-list-validator-utilities.js:116:27)
      at test/unit/services/validators/packing-list-validator-utilities.test.js:231:14

  console.error
    Whilst running the 'getNirmsIneligibleItems()' method in 'app\services\mdm-service.js', the PLP application encounterd: Attempt 1 failed with error: Failed to parse URL from undefined, retrying in 2000ms

    [0m [90m  6 |[39m [90m */[39m
     [90m  7 |[39m [36mfunction[39m logError(fileName[33m,[39m method[33m,[39m error) {
    [31m[1m>[22m[39m[90m  8 |[39m   console[33m.[39merror(
     [90m    |[39m           [31m[1m^[22m[39m
     [90m  9 |[39m     [32m`Whilst running the '${method}' method in '${fileName}', the PLP application encounterd: ${error}`[39m[33m,[39m
     [90m 10 |[39m   )[33m;[39m
     [90m 11 |[39m }[0m

      at Object.error [as logError] (app/utilities/logger.js:8:11)
      at logError (app/services/mdm-service.js:103:10)
      at Object.logCatchError [as getNirmsIneligibleItems] (app/services/mdm-service.js:176:7)
      at Object.getIneligibleItems (app/services/ineligible-items-service.js:34:19)
      at hasIneligibleItems (app/services/validators/packing-list-validator-utilities.js:116:27)
      at test/unit/services/validators/packing-list-validator-utilities.test.js:231:14


  ÔùÅ  Cannot log after tests are done. Did you forget to wait for something 
async in your test?
    Attempted to log "Ô£à Processed 8 files from 
C:\Users\deabrown\source\repos\trade-exportscore-plp\app\packing-lists".

    [0m [90m 235 |[39m     [36mconst[39m csvPath [33m=[39m 
path[33m.[39mjoin(testOutputDir[33m,[39m csvFilename)[33m;[39m
     [90m 236 |[39m     fs[33m.[39mwriteFileSync(csvPath[33m,[39m 
csvRows[33m.[39mjoin([32m"\n"[39m)[33m,[39m [32m"utf8"[39m)[33m;[39m
    [31m[1m>[22m[39m[90m 237 |[39m     console[33m.[39mlog(
     [90m     |[39m             [31m[1m^[22m[39m
     [90m 238 |[39m       [32m`Ô£à Processed ${responses.length} files from 
${packingListDir}`[39m[33m,[39m
     [90m 239 |[39m     )[33m;[39m
     [90m 240 |[39m     console[33m.[39mlog([32m`ƒôä CSV saved: 
${csvFilename}`[39m)[33m;[39m[0m

      at console.log (node_modules/@jest/console/build/CustomConsole.js:141:10)
      at Object.log (test/regression/process-non-ai.test.js:237:13)


  ÔùÅ  Cannot log after tests are done. Did you forget to wait for something 
async in your test?
    Attempted to log "­ƒôä CSV saved: 20251203115210-test-results.csv".

    [0m [90m 238 |[39m       [32m`Ô£à Processed ${responses.length} files 
from ${packingListDir}`[39m[33m,[39m
     [90m 239 |[39m     )[33m;[39m
    [31m[1m>[22m[39m[90m 240 |[39m     console[33m.[39mlog([32m`ƒôä 
CSV saved: ${csvFilename}`[39m)[33m;[39m
     [90m     |[39m             [31m[1m^[22m[39m
     [90m 241 |[39m
     [90m 242 |[39m     expect(responses[33m.[39mlength)[33m.[39mtoBeGrea
terThanOrEqual([35m0[39m)[33m;[39m
     [90m 243 |[39m     expect(responses)[33m.[39mtoEqual([0m

      at console.log (node_modules/@jest/console/build/CustomConsole.js:141:10)
      at Object.log (test/regression/process-non-ai.test.js:240:13)

  console.error
    Whilst running the 'bearerTokenRequest()' method in 'app\services\mdm-service.js', the PLP application encounterd: TypeError: Failed to parse URL from undefined

    [0m [90m  6 |[39m [90m */[39m
     [90m  7 |[39m [36mfunction[39m logError(fileName[33m,[39m method[33m,[39m error) {
    [31m[1m>[22m[39m[90m  8 |[39m   console[33m.[39merror(
     [90m    |[39m           [31m[1m^[22m[39m
     [90m  9 |[39m     [32m`Whilst running the '${method}' method in '${fileName}', the PLP application encounterd: ${error}`[39m[33m,[39m
     [90m 10 |[39m   )[33m;[39m
     [90m 11 |[39m }[0m

      at Object.error [as logError] (app/utilities/logger.js:8:11)
      at logError (app/services/mdm-service.js:46:12)
      at Object.getNirmsIneligibleItems (app/services/mdm-service.js:120:27)
      at Object.getIneligibleItems (app/services/ineligible-items-service.js:34:19)
      at hasIneligibleItems (app/services/validators/packing-list-validator-utilities.js:116:27)
      at test/unit/services/validators/packing-list-validator-utilities.test.js:231:14

  console.error
    Whilst running the 'getNirmsIneligibleItems()' method in 'app\services\mdm-service.js', the PLP application encounterd: Attempt 2 failed with error: Failed to parse URL from undefined, retrying in 2000ms

    [0m [90m  6 |[39m [90m */[39m
     [90m  7 |[39m [36mfunction[39m logError(fileName[33m,[39m method[33m,[39m error) {
    [31m[1m>[22m[39m[90m  8 |[39m   console[33m.[39merror(
     [90m    |[39m           [31m[1m^[22m[39m
     [90m  9 |[39m     [32m`Whilst running the '${method}' method in '${fileName}', the PLP application encounterd: ${error}`[39m[33m,[39m
     [90m 10 |[39m   )[33m;[39m
     [90m 11 |[39m }[0m

      at Object.error [as logError] (app/utilities/logger.js:8:11)
      at logError (app/services/mdm-service.js:103:10)
      at Object.logCatchError [as getNirmsIneligibleItems] (app/services/mdm-service.js:176:7)
      at Object.getIneligibleItems (app/services/ineligible-items-service.js:34:19)
      at hasIneligibleItems (app/services/validators/packing-list-validator-utilities.js:116:27)
      at test/unit/services/validators/packing-list-validator-utilities.test.js:231:14

  console.error
    Whilst running the 'bearerTokenRequest()' method in 'app\services\mdm-service.js', the PLP application encounterd: TypeError: Failed to parse URL from undefined

    [0m [90m  6 |[39m [90m */[39m
     [90m  7 |[39m [36mfunction[39m logError(fileName[33m,[39m method[33m,[39m error) {
    [31m[1m>[22m[39m[90m  8 |[39m   console[33m.[39merror(
     [90m    |[39m           [31m[1m^[22m[39m
     [90m  9 |[39m     [32m`Whilst running the '${method}' method in '${fileName}', the PLP application encounterd: ${error}`[39m[33m,[39m
     [90m 10 |[39m   )[33m;[39m
     [90m 11 |[39m }[0m

      at Object.error [as logError] (app/utilities/logger.js:8:11)
      at logError (app/services/mdm-service.js:46:12)
      at Object.getNirmsIneligibleItems (app/services/mdm-service.js:120:27)
      at Object.getIneligibleItems (app/services/ineligible-items-service.js:34:19)
      at hasIneligibleItems (app/services/validators/packing-list-validator-utilities.js:116:27)
      at test/unit/services/validators/packing-list-validator-utilities.test.js:231:14

  console.error
    Whilst running the 'getNirmsIneligibleItems()' method in 'app\services\mdm-service.js', the PLP application encounterd: Final attempt failed with error: Failed to parse URL from undefined

    [0m [90m  6 |[39m [90m */[39m
     [90m  7 |[39m [36mfunction[39m logError(fileName[33m,[39m method[33m,[39m error) {
    [31m[1m>[22m[39m[90m  8 |[39m   console[33m.[39merror(
     [90m    |[39m           [31m[1m^[22m[39m
     [90m  9 |[39m     [32m`Whilst running the '${method}' method in '${fileName}', the PLP application encounterd: ${error}`[39m[33m,[39m
     [90m 10 |[39m   )[33m;[39m
     [90m 11 |[39m }[0m

      at Object.error [as logError] (app/utilities/logger.js:8:11)
      at logError (app/services/mdm-service.js:103:10)
      at Object.logCatchError [as getNirmsIneligibleItems] (app/services/mdm-service.js:176:7)
      at Object.getIneligibleItems (app/services/ineligible-items-service.js:34:19)
      at hasIneligibleItems (app/services/validators/packing-list-validator-utilities.js:116:27)
      at test/unit/services/validators/packing-list-validator-utilities.test.js:231:14

  console.info
    Whilst running the 'getStale()' method in 'mdm-blob-cache-service', the PLP application logged info: Cache disabled

      at Object.info [as logInfo] (app/utilities/logger.js:20:11)

  console.info
    Whilst running the 'getIneligibleItems()' method in 'app\services\ineligible-items-service.js', the PLP application logged info: MDM API returned null - falling back to local data

      at Object.info [as logInfo] (app/utilities/logger.js:20:11)

  console.info
    Whilst running the 'getIneligibleItems()' method in 'app\services\ineligible-items-service.js', the PLP application logged info: Fetching ineligible items from MDM API

      at Object.info [as logInfo] (app/utilities/logger.js:20:11)

  console.info
    Whilst running the 'get()' method in 'mdm-blob-cache-service', the PLP application logged info: Cache disabled

      at Object.info [as logInfo] (app/utilities/logger.js:20:11)

  console.error
    Whilst running the 'bearerTokenRequest()' method in 'app\services\mdm-service.js', the PLP application encounterd: TypeError: Failed to parse URL from undefined

    [0m [90m  6 |[39m [90m */[39m
     [90m  7 |[39m [36mfunction[39m logError(fileName[33m,[39m method[33m,[39m error) {
    [31m[1m>[22m[39m[90m  8 |[39m   console[33m.[39merror(
     [90m    |[39m           [31m[1m^[22m[39m
     [90m  9 |[39m     [32m`Whilst running the '${method}' method in '${fileName}', the PLP application encounterd: ${error}`[39m[33m,[39m
     [90m 10 |[39m   )[33m;[39m
     [90m 11 |[39m }[0m

      at Object.error [as logError] (app/utilities/logger.js:8:11)
      at logError (app/services/mdm-service.js:46:12)
      at Object.getNirmsIneligibleItems (app/services/mdm-service.js:120:27)
      at Object.getIneligibleItems (app/services/ineligible-items-service.js:34:19)
      at hasIneligibleItems (app/services/validators/packing-list-validator-utilities.js:116:27)
      at test/unit/services/validators/packing-list-validator-utilities.test.js:231:14

  console.error
    Whilst running the 'getNirmsIneligibleItems()' method in 'app\services\mdm-service.js', the PLP application encounterd: Attempt 1 failed with error: Failed to parse URL from undefined, retrying in 2000ms

    [0m [90m  6 |[39m [90m */[39m
     [90m  7 |[39m [36mfunction[39m logError(fileName[33m,[39m method[33m,[39m error) {
    [31m[1m>[22m[39m[90m  8 |[39m   console[33m.[39merror(
     [90m    |[39m           [31m[1m^[22m[39m
     [90m  9 |[39m     [32m`Whilst running the '${method}' method in '${fileName}', the PLP application encounterd: ${error}`[39m[33m,[39m
     [90m 10 |[39m   )[33m;[39m
     [90m 11 |[39m }[0m

      at Object.error [as logError] (app/utilities/logger.js:8:11)
      at logError (app/services/mdm-service.js:103:10)
      at Object.logCatchError [as getNirmsIneligibleItems] (app/services/mdm-service.js:176:7)
      at Object.getIneligibleItems (app/services/ineligible-items-service.js:34:19)
      at hasIneligibleItems (app/services/validators/packing-list-validator-utilities.js:116:27)
      at test/unit/services/validators/packing-list-validator-utilities.test.js:231:14

  console.error
    Whilst running the 'bearerTokenRequest()' method in 'app\services\mdm-service.js', the PLP application encounterd: TypeError: Failed to parse URL from undefined

    [0m [90m  6 |[39m [90m */[39m
     [90m  7 |[39m [36mfunction[39m logError(fileName[33m,[39m method[33m,[39m error) {
    [31m[1m>[22m[39m[90m  8 |[39m   console[33m.[39merror(
     [90m    |[39m           [31m[1m^[22m[39m
     [90m  9 |[39m     [32m`Whilst running the '${method}' method in '${fileName}', the PLP application encounterd: ${error}`[39m[33m,[39m
     [90m 10 |[39m   )[33m;[39m
     [90m 11 |[39m }[0m

      at Object.error [as logError] (app/utilities/logger.js:8:11)
      at logError (app/services/mdm-service.js:46:12)
      at Object.getNirmsIneligibleItems (app/services/mdm-service.js:120:27)
      at Object.getIneligibleItems (app/services/ineligible-items-service.js:34:19)
      at hasIneligibleItems (app/services/validators/packing-list-validator-utilities.js:116:27)
      at test/unit/services/validators/packing-list-validator-utilities.test.js:231:14

  console.error
    Whilst running the 'getNirmsIneligibleItems()' method in 'app\services\mdm-service.js', the PLP application encounterd: Attempt 2 failed with error: Failed to parse URL from undefined, retrying in 2000ms

    [0m [90m  6 |[39m [90m */[39m
     [90m  7 |[39m [36mfunction[39m logError(fileName[33m,[39m method[33m,[39m error) {
    [31m[1m>[22m[39m[90m  8 |[39m   console[33m.[39merror(
     [90m    |[39m           [31m[1m^[22m[39m
     [90m  9 |[39m     [32m`Whilst running the '${method}' method in '${fileName}', the PLP application encounterd: ${error}`[39m[33m,[39m
     [90m 10 |[39m   )[33m;[39m
     [90m 11 |[39m }[0m

      at Object.error [as logError] (app/utilities/logger.js:8:11)
      at logError (app/services/mdm-service.js:103:10)
      at Object.logCatchError [as getNirmsIneligibleItems] (app/services/mdm-service.js:176:7)
      at Object.getIneligibleItems (app/services/ineligible-items-service.js:34:19)
      at hasIneligibleItems (app/services/validators/packing-list-validator-utilities.js:116:27)
      at test/unit/services/validators/packing-list-validator-utilities.test.js:231:14

  console.error
    Whilst running the 'bearerTokenRequest()' method in 'app\services\mdm-service.js', the PLP application encounterd: TypeError: Failed to parse URL from undefined

    [0m [90m  6 |[39m [90m */[39m
     [90m  7 |[39m [36mfunction[39m logError(fileName[33m,[39m method[33m,[39m error) {
    [31m[1m>[22m[39m[90m  8 |[39m   console[33m.[39merror(
     [90m    |[39m           [31m[1m^[22m[39m
     [90m  9 |[39m     [32m`Whilst running the '${method}' method in '${fileName}', the PLP application encounterd: ${error}`[39m[33m,[39m
     [90m 10 |[39m   )[33m;[39m
     [90m 11 |[39m }[0m

      at Object.error [as logError] (app/utilities/logger.js:8:11)
      at logError (app/services/mdm-service.js:46:12)
      at Object.getNirmsIneligibleItems (app/services/mdm-service.js:120:27)
      at Object.getIneligibleItems (app/services/ineligible-items-service.js:34:19)
      at hasIneligibleItems (app/services/validators/packing-list-validator-utilities.js:116:27)
      at test/unit/services/validators/packing-list-validator-utilities.test.js:231:14

  console.error
    Whilst running the 'getNirmsIneligibleItems()' method in 'app\services\mdm-service.js', the PLP application encounterd: Final attempt failed with error: Failed to parse URL from undefined

    [0m [90m  6 |[39m [90m */[39m
     [90m  7 |[39m [36mfunction[39m logError(fileName[33m,[39m method[33m,[39m error) {
    [31m[1m>[22m[39m[90m  8 |[39m   console[33m.[39merror(
     [90m    |[39m           [31m[1m^[22m[39m
     [90m  9 |[39m     [32m`Whilst running the '${method}' method in '${fileName}', the PLP application encounterd: ${error}`[39m[33m,[39m
     [90m 10 |[39m   )[33m;[39m
     [90m 11 |[39m }[0m

      at Object.error [as logError] (app/utilities/logger.js:8:11)
      at logError (app/services/mdm-service.js:103:10)
      at Object.logCatchError [as getNirmsIneligibleItems] (app/services/mdm-service.js:176:7)
      at Object.getIneligibleItems (app/services/ineligible-items-service.js:34:19)
      at hasIneligibleItems (app/services/validators/packing-list-validator-utilities.js:116:27)
      at test/unit/services/validators/packing-list-validator-utilities.test.js:231:14

  console.info
    Whilst running the 'getStale()' method in 'mdm-blob-cache-service', the PLP application logged info: Cache disabled

      at Object.info [as logInfo] (app/utilities/logger.js:20:11)

  console.info
    Whilst running the 'getIneligibleItems()' method in 'app\services\ineligible-items-service.js', the PLP application logged info: MDM API returned null - falling back to local data

      at Object.info [as logInfo] (app/utilities/logger.js:20:11)

  console.info
    Whilst running the 'getIneligibleItems()' method in 'app\services\ineligible-items-service.js', the PLP application logged info: Fetching ineligible items from MDM API

      at Object.info [as logInfo] (app/utilities/logger.js:20:11)

  console.info
    Whilst running the 'get()' method in 'mdm-blob-cache-service', the PLP application logged info: Cache disabled

      at Object.info [as logInfo] (app/utilities/logger.js:20:11)

  console.error
    Whilst running the 'bearerTokenRequest()' method in 'app\services\mdm-service.js', the PLP application encounterd: TypeError: Failed to parse URL from undefined

    [0m [90m  6 |[39m [90m */[39m
     [90m  7 |[39m [36mfunction[39m logError(fileName[33m,[39m method[33m,[39m error) {
    [31m[1m>[22m[39m[90m  8 |[39m   console[33m.[39merror(
     [90m    |[39m           [31m[1m^[22m[39m
     [90m  9 |[39m     [32m`Whilst running the '${method}' method in '${fileName}', the PLP application encounterd: ${error}`[39m[33m,[39m
     [90m 10 |[39m   )[33m;[39m
     [90m 11 |[39m }[0m

      at Object.error [as logError] (app/utilities/logger.js:8:11)
      at logError (app/services/mdm-service.js:46:12)
      at Object.getNirmsIneligibleItems (app/services/mdm-service.js:120:27)
      at Object.getIneligibleItems (app/services/ineligible-items-service.js:34:19)
      at hasIneligibleItems (app/services/validators/packing-list-validator-utilities.js:116:27)
      at test/unit/services/validators/packing-list-validator-utilities.test.js:231:14

  console.error
    Whilst running the 'getNirmsIneligibleItems()' method in 'app\services\mdm-service.js', the PLP application encounterd: Attempt 1 failed with error: Failed to parse URL from undefined, retrying in 2000ms

    [0m [90m  6 |[39m [90m */[39m
     [90m  7 |[39m [36mfunction[39m logError(fileName[33m,[39m method[33m,[39m error) {
    [31m[1m>[22m[39m[90m  8 |[39m   console[33m.[39merror(
     [90m    |[39m           [31m[1m^[22m[39m
     [90m  9 |[39m     [32m`Whilst running the '${method}' method in '${fileName}', the PLP application encounterd: ${error}`[39m[33m,[39m
     [90m 10 |[39m   )[33m;[39m
     [90m 11 |[39m }[0m

      at Object.error [as logError] (app/utilities/logger.js:8:11)
      at logError (app/services/mdm-service.js:103:10)
      at Object.logCatchError [as getNirmsIneligibleItems] (app/services/mdm-service.js:176:7)
      at Object.getIneligibleItems (app/services/ineligible-items-service.js:34:19)
      at hasIneligibleItems (app/services/validators/packing-list-validator-utilities.js:116:27)
      at test/unit/services/validators/packing-list-validator-utilities.test.js:231:14

  console.error
    Whilst running the 'bearerTokenRequest()' method in 'app\services\mdm-service.js', the PLP application encounterd: TypeError: Failed to parse URL from undefined

    [0m [90m  6 |[39m [90m */[39m
     [90m  7 |[39m [36mfunction[39m logError(fileName[33m,[39m method[33m,[39m error) {
    [31m[1m>[22m[39m[90m  8 |[39m   console[33m.[39merror(
     [90m    |[39m           [31m[1m^[22m[39m
     [90m  9 |[39m     [32m`Whilst running the '${method}' method in '${fileName}', the PLP application encounterd: ${error}`[39m[33m,[39m
     [90m 10 |[39m   )[33m;[39m
     [90m 11 |[39m }[0m

      at Object.error [as logError] (app/utilities/logger.js:8:11)
      at logError (app/services/mdm-service.js:46:12)
      at Object.getNirmsIneligibleItems (app/services/mdm-service.js:120:27)
      at Object.getIneligibleItems (app/services/ineligible-items-service.js:34:19)
      at hasIneligibleItems (app/services/validators/packing-list-validator-utilities.js:116:27)
      at test/unit/services/validators/packing-list-validator-utilities.test.js:231:14

  console.error
    Whilst running the 'getNirmsIneligibleItems()' method in 'app\services\mdm-service.js', the PLP application encounterd: Attempt 2 failed with error: Failed to parse URL from undefined, retrying in 2000ms

    [0m [90m  6 |[39m [90m */[39m
     [90m  7 |[39m [36mfunction[39m logError(fileName[33m,[39m method[33m,[39m error) {
    [31m[1m>[22m[39m[90m  8 |[39m   console[33m.[39merror(
     [90m    |[39m           [31m[1m^[22m[39m
     [90m  9 |[39m     [32m`Whilst running the '${method}' method in '${fileName}', the PLP application encounterd: ${error}`[39m[33m,[39m
     [90m 10 |[39m   )[33m;[39m
     [90m 11 |[39m }[0m

      at Object.error [as logError] (app/utilities/logger.js:8:11)
      at logError (app/services/mdm-service.js:103:10)
      at Object.logCatchError [as getNirmsIneligibleItems] (app/services/mdm-service.js:176:7)
      at Object.getIneligibleItems (app/services/ineligible-items-service.js:34:19)
      at hasIneligibleItems (app/services/validators/packing-list-validator-utilities.js:116:27)
      at test/unit/services/validators/packing-list-validator-utilities.test.js:231:14

  console.error
    Whilst running the 'bearerTokenRequest()' method in 'app\services\mdm-service.js', the PLP application encounterd: TypeError: Failed to parse URL from undefined

    [0m [90m  6 |[39m [90m */[39m
     [90m  7 |[39m [36mfunction[39m logError(fileName[33m,[39m method[33m,[39m error) {
    [31m[1m>[22m[39m[90m  8 |[39m   console[33m.[39merror(
     [90m    |[39m           [31m[1m^[22m[39m
     [90m  9 |[39m     [32m`Whilst running the '${method}' method in '${fileName}', the PLP application encounterd: ${error}`[39m[33m,[39m
     [90m 10 |[39m   )[33m;[39m
     [90m 11 |[39m }[0m

      at Object.error [as logError] (app/utilities/logger.js:8:11)
      at logError (app/services/mdm-service.js:46:12)
      at Object.getNirmsIneligibleItems (app/services/mdm-service.js:120:27)
      at Object.getIneligibleItems (app/services/ineligible-items-service.js:34:19)
      at hasIneligibleItems (app/services/validators/packing-list-validator-utilities.js:116:27)
      at test/unit/services/validators/packing-list-validator-utilities.test.js:231:14

  console.error
    Whilst running the 'getNirmsIneligibleItems()' method in 'app\services\mdm-service.js', the PLP application encounterd: Final attempt failed with error: Failed to parse URL from undefined

    [0m [90m  6 |[39m [90m */[39m
     [90m  7 |[39m [36mfunction[39m logError(fileName[33m,[39m method[33m,[39m error) {
    [31m[1m>[22m[39m[90m  8 |[39m   console[33m.[39merror(
     [90m    |[39m           [31m[1m^[22m[39m
     [90m  9 |[39m     [32m`Whilst running the '${method}' method in '${fileName}', the PLP application encounterd: ${error}`[39m[33m,[39m
     [90m 10 |[39m   )[33m;[39m
     [90m 11 |[39m }[0m

      at Object.error [as logError] (app/utilities/logger.js:8:11)
      at logError (app/services/mdm-service.js:103:10)
      at Object.logCatchError [as getNirmsIneligibleItems] (app/services/mdm-service.js:176:7)
      at Object.getIneligibleItems (app/services/ineligible-items-service.js:34:19)
      at hasIneligibleItems (app/services/validators/packing-list-validator-utilities.js:116:27)
      at test/unit/services/validators/packing-list-validator-utilities.test.js:231:14

  console.info
    Whilst running the 'getStale()' method in 'mdm-blob-cache-service', the PLP application logged info: Cache disabled

      at Object.info [as logInfo] (app/utilities/logger.js:20:11)

  console.info
    Whilst running the 'getIneligibleItems()' method in 'app\services\ineligible-items-service.js', the PLP application logged info: MDM API returned null - falling back to local data

      at Object.info [as logInfo] (app/utilities/logger.js:20:11)

  console.info
    Whilst running the 'getIneligibleItems()' method in 'app\services\ineligible-items-service.js', the PLP application logged info: Fetching ineligible items from MDM API

      at Object.info [as logInfo] (app/utilities/logger.js:20:11)

  console.info
    Whilst running the 'get()' method in 'mdm-blob-cache-service', the PLP application logged info: Cache disabled

      at Object.info [as logInfo] (app/utilities/logger.js:20:11)

  console.error
    Whilst running the 'bearerTokenRequest()' method in 'app\services\mdm-service.js', the PLP application encounterd: TypeError: Failed to parse URL from undefined

    [0m [90m  6 |[39m [90m */[39m
     [90m  7 |[39m [36mfunction[39m logError(fileName[33m,[39m method[33m,[39m error) {
    [31m[1m>[22m[39m[90m  8 |[39m   console[33m.[39merror(
     [90m    |[39m           [31m[1m^[22m[39m
     [90m  9 |[39m     [32m`Whilst running the '${method}' method in '${fileName}', the PLP application encounterd: ${error}`[39m[33m,[39m
     [90m 10 |[39m   )[33m;[39m
     [90m 11 |[39m }[0m

      at Object.error [as logError] (app/utilities/logger.js:8:11)
      at logError (app/services/mdm-service.js:46:12)
      at Object.getNirmsIneligibleItems (app/services/mdm-service.js:120:27)
      at Object.getIneligibleItems (app/services/ineligible-items-service.js:34:19)
      at hasIneligibleItems (app/services/validators/packing-list-validator-utilities.js:116:27)
      at test/unit/services/validators/packing-list-validator-utilities.test.js:231:14

  console.error
    Whilst running the 'getNirmsIneligibleItems()' method in 'app\services\mdm-service.js', the PLP application encounterd: Attempt 1 failed with error: Failed to parse URL from undefined, retrying in 2000ms

    [0m [90m  6 |[39m [90m */[39m
     [90m  7 |[39m [36mfunction[39m logError(fileName[33m,[39m method[33m,[39m error) {
    [31m[1m>[22m[39m[90m  8 |[39m   console[33m.[39merror(
     [90m    |[39m           [31m[1m^[22m[39m
     [90m  9 |[39m     [32m`Whilst running the '${method}' method in '${fileName}', the PLP application encounterd: ${error}`[39m[33m,[39m
     [90m 10 |[39m   )[33m;[39m
     [90m 11 |[39m }[0m

      at Object.error [as logError] (app/utilities/logger.js:8:11)
      at logError (app/services/mdm-service.js:103:10)
      at Object.logCatchError [as getNirmsIneligibleItems] (app/services/mdm-service.js:176:7)
      at Object.getIneligibleItems (app/services/ineligible-items-service.js:34:19)
      at hasIneligibleItems (app/services/validators/packing-list-validator-utilities.js:116:27)
      at test/unit/services/validators/packing-list-validator-utilities.test.js:231:14

  console.error
    Whilst running the 'bearerTokenRequest()' method in 'app\services\mdm-service.js', the PLP application encounterd: TypeError: Failed to parse URL from undefined

    [0m [90m  6 |[39m [90m */[39m
     [90m  7 |[39m [36mfunction[39m logError(fileName[33m,[39m method[33m,[39m error) {
    [31m[1m>[22m[39m[90m  8 |[39m   console[33m.[39merror(
     [90m    |[39m           [31m[1m^[22m[39m
     [90m  9 |[39m     [32m`Whilst running the '${method}' method in '${fileName}', the PLP application encounterd: ${error}`[39m[33m,[39m
     [90m 10 |[39m   )[33m;[39m
     [90m 11 |[39m }[0m

      at Object.error [as logError] (app/utilities/logger.js:8:11)
      at logError (app/services/mdm-service.js:46:12)
      at Object.getNirmsIneligibleItems (app/services/mdm-service.js:120:27)
      at Object.getIneligibleItems (app/services/ineligible-items-service.js:34:19)
      at hasIneligibleItems (app/services/validators/packing-list-validator-utilities.js:116:27)
      at test/unit/services/validators/packing-list-validator-utilities.test.js:231:14

  console.error
    Whilst running the 'getNirmsIneligibleItems()' method in 'app\services\mdm-service.js', the PLP application encounterd: Attempt 2 failed with error: Failed to parse URL from undefined, retrying in 2000ms

    [0m [90m  6 |[39m [90m */[39m
     [90m  7 |[39m [36mfunction[39m logError(fileName[33m,[39m method[33m,[39m error) {
    [31m[1m>[22m[39m[90m  8 |[39m   console[33m.[39merror(
     [90m    |[39m           [31m[1m^[22m[39m
     [90m  9 |[39m     [32m`Whilst running the '${method}' method in '${fileName}', the PLP application encounterd: ${error}`[39m[33m,[39m
     [90m 10 |[39m   )[33m;[39m
     [90m 11 |[39m }[0m

      at Object.error [as logError] (app/utilities/logger.js:8:11)
      at logError (app/services/mdm-service.js:103:10)
      at Object.logCatchError [as getNirmsIneligibleItems] (app/services/mdm-service.js:176:7)
      at Object.getIneligibleItems (app/services/ineligible-items-service.js:34:19)
      at hasIneligibleItems (app/services/validators/packing-list-validator-utilities.js:116:27)
      at test/unit/services/validators/packing-list-validator-utilities.test.js:231:14

  console.error
    Whilst running the 'bearerTokenRequest()' method in 'app\services\mdm-service.js', the PLP application encounterd: TypeError: Failed to parse URL from undefined

    [0m [90m  6 |[39m [90m */[39m
     [90m  7 |[39m [36mfunction[39m logError(fileName[33m,[39m method[33m,[39m error) {
    [31m[1m>[22m[39m[90m  8 |[39m   console[33m.[39merror(
     [90m    |[39m           [31m[1m^[22m[39m
     [90m  9 |[39m     [32m`Whilst running the '${method}' method in '${fileName}', the PLP application encounterd: ${error}`[39m[33m,[39m
     [90m 10 |[39m   )[33m;[39m
     [90m 11 |[39m }[0m

      at Object.error [as logError] (app/utilities/logger.js:8:11)
      at logError (app/services/mdm-service.js:46:12)
      at Object.getNirmsIneligibleItems (app/services/mdm-service.js:120:27)
      at Object.getIneligibleItems (app/services/ineligible-items-service.js:34:19)
      at hasIneligibleItems (app/services/validators/packing-list-validator-utilities.js:116:27)
      at test/unit/services/validators/packing-list-validator-utilities.test.js:231:14

  console.error
    Whilst running the 'getNirmsIneligibleItems()' method in 'app\services\mdm-service.js', the PLP application encounterd: Final attempt failed with error: Failed to parse URL from undefined

    [0m [90m  6 |[39m [90m */[39m
     [90m  7 |[39m [36mfunction[39m logError(fileName[33m,[39m method[33m,[39m error) {
    [31m[1m>[22m[39m[90m  8 |[39m   console[33m.[39merror(
     [90m    |[39m           [31m[1m^[22m[39m
     [90m  9 |[39m     [32m`Whilst running the '${method}' method in '${fileName}', the PLP application encounterd: ${error}`[39m[33m,[39m
     [90m 10 |[39m   )[33m;[39m
     [90m 11 |[39m }[0m

      at Object.error [as logError] (app/utilities/logger.js:8:11)
      at logError (app/services/mdm-service.js:103:10)
      at Object.logCatchError [as getNirmsIneligibleItems] (app/services/mdm-service.js:176:7)
      at Object.getIneligibleItems (app/services/ineligible-items-service.js:34:19)
      at hasIneligibleItems (app/services/validators/packing-list-validator-utilities.js:116:27)
      at test/unit/services/validators/packing-list-validator-utilities.test.js:231:14

  console.info
    Whilst running the 'getStale()' method in 'mdm-blob-cache-service', the PLP application logged info: Cache disabled

      at Object.info [as logInfo] (app/utilities/logger.js:20:11)

  console.info
    Whilst running the 'getIneligibleItems()' method in 'app\services\ineligible-items-service.js', the PLP application logged info: MDM API returned null - falling back to local data

      at Object.info [as logInfo] (app/utilities/logger.js:20:11)

  console.info
    Whilst running the 'getIneligibleItems()' method in 'app\services\ineligible-items-service.js', the PLP application logged info: Fetching ineligible items from MDM API

      at Object.info [as logInfo] (app/utilities/logger.js:20:11)

  console.info
    Whilst running the 'get()' method in 'mdm-blob-cache-service', the PLP application logged info: Cache disabled

      at Object.info [as logInfo] (app/utilities/logger.js:20:11)

  console.error
    Whilst running the 'bearerTokenRequest()' method in 'app\services\mdm-service.js', the PLP application encounterd: TypeError: Failed to parse URL from undefined

    [0m [90m  6 |[39m [90m */[39m
     [90m  7 |[39m [36mfunction[39m logError(fileName[33m,[39m method[33m,[39m error) {
    [31m[1m>[22m[39m[90m  8 |[39m   console[33m.[39merror(
     [90m    |[39m           [31m[1m^[22m[39m
     [90m  9 |[39m     [32m`Whilst running the '${method}' method in '${fileName}', the PLP application encounterd: ${error}`[39m[33m,[39m
     [90m 10 |[39m   )[33m;[39m
     [90m 11 |[39m }[0m

      at Object.error [as logError] (app/utilities/logger.js:8:11)
      at logError (app/services/mdm-service.js:46:12)
      at Object.getNirmsIneligibleItems (app/services/mdm-service.js:120:27)
      at Object.getIneligibleItems (app/services/ineligible-items-service.js:34:19)
      at hasIneligibleItems (app/services/validators/packing-list-validator-utilities.js:116:27)
      at test/unit/services/validators/packing-list-validator-utilities.test.js:231:14

  console.error
    Whilst running the 'getNirmsIneligibleItems()' method in 'app\services\mdm-service.js', the PLP application encounterd: Attempt 1 failed with error: Failed to parse URL from undefined, retrying in 2000ms

    [0m [90m  6 |[39m [90m */[39m
     [90m  7 |[39m [36mfunction[39m logError(fileName[33m,[39m method[33m,[39m error) {
    [31m[1m>[22m[39m[90m  8 |[39m   console[33m.[39merror(
     [90m    |[39m           [31m[1m^[22m[39m
     [90m  9 |[39m     [32m`Whilst running the '${method}' method in '${fileName}', the PLP application encounterd: ${error}`[39m[33m,[39m
     [90m 10 |[39m   )[33m;[39m
     [90m 11 |[39m }[0m

      at Object.error [as logError] (app/utilities/logger.js:8:11)
      at logError (app/services/mdm-service.js:103:10)
      at Object.logCatchError [as getNirmsIneligibleItems] (app/services/mdm-service.js:176:7)
      at Object.getIneligibleItems (app/services/ineligible-items-service.js:34:19)
      at hasIneligibleItems (app/services/validators/packing-list-validator-utilities.js:116:27)
      at test/unit/services/validators/packing-list-validator-utilities.test.js:231:14

  console.error
    Whilst running the 'bearerTokenRequest()' method in 'app\services\mdm-service.js', the PLP application encounterd: TypeError: Failed to parse URL from undefined

    [0m [90m  6 |[39m [90m */[39m
     [90m  7 |[39m [36mfunction[39m logError(fileName[33m,[39m method[33m,[39m error) {
    [31m[1m>[22m[39m[90m  8 |[39m   console[33m.[39merror(
     [90m    |[39m           [31m[1m^[22m[39m
     [90m  9 |[39m     [32m`Whilst running the '${method}' method in '${fileName}', the PLP application encounterd: ${error}`[39m[33m,[39m
     [90m 10 |[39m   )[33m;[39m
     [90m 11 |[39m }[0m

      at Object.error [as logError] (app/utilities/logger.js:8:11)
      at logError (app/services/mdm-service.js:46:12)
      at Object.getNirmsIneligibleItems (app/services/mdm-service.js:120:27)
      at Object.getIneligibleItems (app/services/ineligible-items-service.js:34:19)
      at hasIneligibleItems (app/services/validators/packing-list-validator-utilities.js:116:27)
      at test/unit/services/validators/packing-list-validator-utilities.test.js:231:14

  console.error
    Whilst running the 'getNirmsIneligibleItems()' method in 'app\services\mdm-service.js', the PLP application encounterd: Attempt 2 failed with error: Failed to parse URL from undefined, retrying in 2000ms

    [0m [90m  6 |[39m [90m */[39m
     [90m  7 |[39m [36mfunction[39m logError(fileName[33m,[39m method[33m,[39m error) {
    [31m[1m>[22m[39m[90m  8 |[39m   console[33m.[39merror(
     [90m    |[39m           [31m[1m^[22m[39m
     [90m  9 |[39m     [32m`Whilst running the '${method}' method in '${fileName}', the PLP application encounterd: ${error}`[39m[33m,[39m
     [90m 10 |[39m   )[33m;[39m
     [90m 11 |[39m }[0m

      at Object.error [as logError] (app/utilities/logger.js:8:11)
      at logError (app/services/mdm-service.js:103:10)
      at Object.logCatchError [as getNirmsIneligibleItems] (app/services/mdm-service.js:176:7)
      at Object.getIneligibleItems (app/services/ineligible-items-service.js:34:19)
      at hasIneligibleItems (app/services/validators/packing-list-validator-utilities.js:116:27)
      at test/unit/services/validators/packing-list-validator-utilities.test.js:231:14

  console.error
    Whilst running the 'bearerTokenRequest()' method in 'app\services\mdm-service.js', the PLP application encounterd: TypeError: Failed to parse URL from undefined

    [0m [90m  6 |[39m [90m */[39m
     [90m  7 |[39m [36mfunction[39m logError(fileName[33m,[39m method[33m,[39m error) {
    [31m[1m>[22m[39m[90m  8 |[39m   console[33m.[39merror(
     [90m    |[39m           [31m[1m^[22m[39m
     [90m  9 |[39m     [32m`Whilst running the '${method}' method in '${fileName}', the PLP application encounterd: ${error}`[39m[33m,[39m
     [90m 10 |[39m   )[33m;[39m
     [90m 11 |[39m }[0m

      at Object.error [as logError] (app/utilities/logger.js:8:11)
      at logError (app/services/mdm-service.js:46:12)
      at Object.getNirmsIneligibleItems (app/services/mdm-service.js:120:27)
      at Object.getIneligibleItems (app/services/ineligible-items-service.js:34:19)
      at hasIneligibleItems (app/services/validators/packing-list-validator-utilities.js:116:27)
      at test/unit/services/validators/packing-list-validator-utilities.test.js:231:14

  console.error
    Whilst running the 'getNirmsIneligibleItems()' method in 'app\services\mdm-service.js', the PLP application encounterd: Final attempt failed with error: Failed to parse URL from undefined

    [0m [90m  6 |[39m [90m */[39m
     [90m  7 |[39m [36mfunction[39m logError(fileName[33m,[39m method[33m,[39m error) {
    [31m[1m>[22m[39m[90m  8 |[39m   console[33m.[39merror(
     [90m    |[39m           [31m[1m^[22m[39m
     [90m  9 |[39m     [32m`Whilst running the '${method}' method in '${fileName}', the PLP application encounterd: ${error}`[39m[33m,[39m
     [90m 10 |[39m   )[33m;[39m
     [90m 11 |[39m }[0m

      at Object.error [as logError] (app/utilities/logger.js:8:11)
      at logError (app/services/mdm-service.js:103:10)
      at Object.logCatchError [as getNirmsIneligibleItems] (app/services/mdm-service.js:176:7)
      at Object.getIneligibleItems (app/services/ineligible-items-service.js:34:19)
      at hasIneligibleItems (app/services/validators/packing-list-validator-utilities.js:116:27)
      at test/unit/services/validators/packing-list-validator-utilities.test.js:231:14

  console.info
    Whilst running the 'getStale()' method in 'mdm-blob-cache-service', the PLP application logged info: Cache disabled

      at Object.info [as logInfo] (app/utilities/logger.js:20:11)

  console.info
    Whilst running the 'getIneligibleItems()' method in 'app\services\ineligible-items-service.js', the PLP application logged info: MDM API returned null - falling back to local data

      at Object.info [as logInfo] (app/utilities/logger.js:20:11)

  console.info
    Whilst running the 'getIneligibleItems()' method in 'app\services\ineligible-items-service.js', the PLP application logged info: Fetching ineligible items from MDM API

      at Object.info [as logInfo] (app/utilities/logger.js:20:11)

  console.info
    Whilst running the 'get()' method in 'mdm-blob-cache-service', the PLP application logged info: Cache disabled

      at Object.info [as logInfo] (app/utilities/logger.js:20:11)

  console.error
    Whilst running the 'bearerTokenRequest()' method in 'app\services\mdm-service.js', the PLP application encounterd: TypeError: Failed to parse URL from undefined

    [0m [90m  6 |[39m [90m */[39m
     [90m  7 |[39m [36mfunction[39m logError(fileName[33m,[39m method[33m,[39m error) {
    [31m[1m>[22m[39m[90m  8 |[39m   console[33m.[39merror(
     [90m    |[39m           [31m[1m^[22m[39m
     [90m  9 |[39m     [32m`Whilst running the '${method}' method in '${fileName}', the PLP application encounterd: ${error}`[39m[33m,[39m
     [90m 10 |[39m   )[33m;[39m
     [90m 11 |[39m }[0m

      at Object.error [as logError] (app/utilities/logger.js:8:11)
      at logError (app/services/mdm-service.js:46:12)
      at Object.getNirmsIneligibleItems (app/services/mdm-service.js:120:27)
      at Object.getIneligibleItems (app/services/ineligible-items-service.js:34:19)
      at hasIneligibleItems (app/services/validators/packing-list-validator-utilities.js:116:27)
      at test/unit/services/validators/packing-list-validator-utilities.test.js:231:14

  console.error
    Whilst running the 'getNirmsIneligibleItems()' method in 'app\services\mdm-service.js', the PLP application encounterd: Attempt 1 failed with error: Failed to parse URL from undefined, retrying in 2000ms

    [0m [90m  6 |[39m [90m */[39m
     [90m  7 |[39m [36mfunction[39m logError(fileName[33m,[39m method[33m,[39m error) {
    [31m[1m>[22m[39m[90m  8 |[39m   console[33m.[39merror(
     [90m    |[39m           [31m[1m^[22m[39m
     [90m  9 |[39m     [32m`Whilst running the '${method}' method in '${fileName}', the PLP application encounterd: ${error}`[39m[33m,[39m
     [90m 10 |[39m   )[33m;[39m
     [90m 11 |[39m }[0m

      at Object.error [as logError] (app/utilities/logger.js:8:11)
      at logError (app/services/mdm-service.js:103:10)
      at Object.logCatchError [as getNirmsIneligibleItems] (app/services/mdm-service.js:176:7)
      at Object.getIneligibleItems (app/services/ineligible-items-service.js:34:19)
      at hasIneligibleItems (app/services/validators/packing-list-validator-utilities.js:116:27)
      at test/unit/services/validators/packing-list-validator-utilities.test.js:231:14

  console.error
    Whilst running the 'bearerTokenRequest()' method in 'app\services\mdm-service.js', the PLP application encounterd: TypeError: Failed to parse URL from undefined

    [0m [90m  6 |[39m [90m */[39m
     [90m  7 |[39m [36mfunction[39m logError(fileName[33m,[39m method[33m,[39m error) {
    [31m[1m>[22m[39m[90m  8 |[39m   console[33m.[39merror(
     [90m    |[39m           [31m[1m^[22m[39m
     [90m  9 |[39m     [32m`Whilst running the '${method}' method in '${fileName}', the PLP application encounterd: ${error}`[39m[33m,[39m
     [90m 10 |[39m   )[33m;[39m
     [90m 11 |[39m }[0m

      at Object.error [as logError] (app/utilities/logger.js:8:11)
      at logError (app/services/mdm-service.js:46:12)
      at Object.getNirmsIneligibleItems (app/services/mdm-service.js:120:27)
      at Object.getIneligibleItems (app/services/ineligible-items-service.js:34:19)
      at hasIneligibleItems (app/services/validators/packing-list-validator-utilities.js:116:27)
      at test/unit/services/validators/packing-list-validator-utilities.test.js:231:14

  console.error
    Whilst running the 'getNirmsIneligibleItems()' method in 'app\services\mdm-service.js', the PLP application encounterd: Attempt 2 failed with error: Failed to parse URL from undefined, retrying in 2000ms

    [0m [90m  6 |[39m [90m */[39m
     [90m  7 |[39m [36mfunction[39m logError(fileName[33m,[39m method[33m,[39m error) {
    [31m[1m>[22m[39m[90m  8 |[39m   console[33m.[39merror(
     [90m    |[39m           [31m[1m^[22m[39m
     [90m  9 |[39m     [32m`Whilst running the '${method}' method in '${fileName}', the PLP application encounterd: ${error}`[39m[33m,[39m
     [90m 10 |[39m   )[33m;[39m
     [90m 11 |[39m }[0m

      at Object.error [as logError] (app/utilities/logger.js:8:11)
      at logError (app/services/mdm-service.js:103:10)
      at Object.logCatchError [as getNirmsIneligibleItems] (app/services/mdm-service.js:176:7)
      at Object.getIneligibleItems (app/services/ineligible-items-service.js:34:19)
      at hasIneligibleItems (app/services/validators/packing-list-validator-utilities.js:116:27)
      at test/unit/services/validators/packing-list-validator-utilities.test.js:231:14

  console.error
    Whilst running the 'bearerTokenRequest()' method in 'app\services\mdm-service.js', the PLP application encounterd: TypeError: Failed to parse URL from undefined

    [0m [90m  6 |[39m [90m */[39m
     [90m  7 |[39m [36mfunction[39m logError(fileName[33m,[39m method[33m,[39m error) {
    [31m[1m>[22m[39m[90m  8 |[39m   console[33m.[39merror(
     [90m    |[39m           [31m[1m^[22m[39m
     [90m  9 |[39m     [32m`Whilst running the '${method}' method in '${fileName}', the PLP application encounterd: ${error}`[39m[33m,[39m
     [90m 10 |[39m   )[33m;[39m
     [90m 11 |[39m }[0m

      at Object.error [as logError] (app/utilities/logger.js:8:11)
      at logError (app/services/mdm-service.js:46:12)
      at Object.getNirmsIneligibleItems (app/services/mdm-service.js:120:27)
      at Object.getIneligibleItems (app/services/ineligible-items-service.js:34:19)
      at hasIneligibleItems (app/services/validators/packing-list-validator-utilities.js:116:27)
      at test/unit/services/validators/packing-list-validator-utilities.test.js:231:14

  console.error
    Whilst running the 'getNirmsIneligibleItems()' method in 'app\services\mdm-service.js', the PLP application encounterd: Final attempt failed with error: Failed to parse URL from undefined

    [0m [90m  6 |[39m [90m */[39m
     [90m  7 |[39m [36mfunction[39m logError(fileName[33m,[39m method[33m,[39m error) {
    [31m[1m>[22m[39m[90m  8 |[39m   console[33m.[39merror(
     [90m    |[39m           [31m[1m^[22m[39m
     [90m  9 |[39m     [32m`Whilst running the '${method}' method in '${fileName}', the PLP application encounterd: ${error}`[39m[33m,[39m
     [90m 10 |[39m   )[33m;[39m
     [90m 11 |[39m }[0m

      at Object.error [as logError] (app/utilities/logger.js:8:11)
      at logError (app/services/mdm-service.js:103:10)
      at Object.logCatchError [as getNirmsIneligibleItems] (app/services/mdm-service.js:176:7)
      at Object.getIneligibleItems (app/services/ineligible-items-service.js:34:19)
      at hasIneligibleItems (app/services/validators/packing-list-validator-utilities.js:116:27)
      at test/unit/services/validators/packing-list-validator-utilities.test.js:231:14

  console.info
    Whilst running the 'getStale()' method in 'mdm-blob-cache-service', the PLP application logged info: Cache disabled

      at Object.info [as logInfo] (app/utilities/logger.js:20:11)

  console.info
    Whilst running the 'getIneligibleItems()' method in 'app\services\ineligible-items-service.js', the PLP application logged info: MDM API returned null - falling back to local data

      at Object.info [as logInfo] (app/utilities/logger.js:20:11)

  console.info
    Whilst running the 'getIneligibleItems()' method in 'app\services\ineligible-items-service.js', the PLP application logged info: Fetching ineligible items from MDM API

      at Object.info [as logInfo] (app/utilities/logger.js:20:11)

  console.info
    Whilst running the 'get()' method in 'mdm-blob-cache-service', the PLP application logged info: Cache disabled

      at Object.info [as logInfo] (app/utilities/logger.js:20:11)

  console.error
    Whilst running the 'bearerTokenRequest()' method in 'app\services\mdm-service.js', the PLP application encounterd: TypeError: Failed to parse URL from undefined

    [0m [90m  6 |[39m [90m */[39m
     [90m  7 |[39m [36mfunction[39m logError(fileName[33m,[39m method[33m,[39m error) {
    [31m[1m>[22m[39m[90m  8 |[39m   console[33m.[39merror(
     [90m    |[39m           [31m[1m^[22m[39m
     [90m  9 |[39m     [32m`Whilst running the '${method}' method in '${fileName}', the PLP application encounterd: ${error}`[39m[33m,[39m
     [90m 10 |[39m   )[33m;[39m
     [90m 11 |[39m }[0m

      at Object.error [as logError] (app/utilities/logger.js:8:11)
      at logError (app/services/mdm-service.js:46:12)
      at Object.getNirmsIneligibleItems (app/services/mdm-service.js:120:27)
      at Object.getIneligibleItems (app/services/ineligible-items-service.js:34:19)
      at hasIneligibleItems (app/services/validators/packing-list-validator-utilities.js:116:27)
      at test/unit/services/validators/packing-list-validator-utilities.test.js:231:14

  console.error
    Whilst running the 'getNirmsIneligibleItems()' method in 'app\services\mdm-service.js', the PLP application encounterd: Attempt 1 failed with error: Failed to parse URL from undefined, retrying in 2000ms

    [0m [90m  6 |[39m [90m */[39m
     [90m  7 |[39m [36mfunction[39m logError(fileName[33m,[39m method[33m,[39m error) {
    [31m[1m>[22m[39m[90m  8 |[39m   console[33m.[39merror(
     [90m    |[39m           [31m[1m^[22m[39m
     [90m  9 |[39m     [32m`Whilst running the '${method}' method in '${fileName}', the PLP application encounterd: ${error}`[39m[33m,[39m
     [90m 10 |[39m   )[33m;[39m
     [90m 11 |[39m }[0m

      at Object.error [as logError] (app/utilities/logger.js:8:11)
      at logError (app/services/mdm-service.js:103:10)
      at Object.logCatchError [as getNirmsIneligibleItems] (app/services/mdm-service.js:176:7)
      at Object.getIneligibleItems (app/services/ineligible-items-service.js:34:19)
      at hasIneligibleItems (app/services/validators/packing-list-validator-utilities.js:116:27)
      at test/unit/services/validators/packing-list-validator-utilities.test.js:231:14

  console.error
    Whilst running the 'bearerTokenRequest()' method in 'app\services\mdm-service.js', the PLP application encounterd: TypeError: Failed to parse URL from undefined

    [0m [90m  6 |[39m [90m */[39m
     [90m  7 |[39m [36mfunction[39m logError(fileName[33m,[39m method[33m,[39m error) {
    [31m[1m>[22m[39m[90m  8 |[39m   console[33m.[39merror(
     [90m    |[39m           [31m[1m^[22m[39m
     [90m  9 |[39m     [32m`Whilst running the '${method}' method in '${fileName}', the PLP application encounterd: ${error}`[39m[33m,[39m
     [90m 10 |[39m   )[33m;[39m
     [90m 11 |[39m }[0m

      at Object.error [as logError] (app/utilities/logger.js:8:11)
      at logError (app/services/mdm-service.js:46:12)
      at Object.getNirmsIneligibleItems (app/services/mdm-service.js:120:27)
      at Object.getIneligibleItems (app/services/ineligible-items-service.js:34:19)
      at hasIneligibleItems (app/services/validators/packing-list-validator-utilities.js:116:27)
      at test/unit/services/validators/packing-list-validator-utilities.test.js:231:14

  console.error
    Whilst running the 'getNirmsIneligibleItems()' method in 'app\services\mdm-service.js', the PLP application encounterd: Attempt 2 failed with error: Failed to parse URL from undefined, retrying in 2000ms

    [0m [90m  6 |[39m [90m */[39m
     [90m  7 |[39m [36mfunction[39m logError(fileName[33m,[39m method[33m,[39m error) {
    [31m[1m>[22m[39m[90m  8 |[39m   console[33m.[39merror(
     [90m    |[39m           [31m[1m^[22m[39m
     [90m  9 |[39m     [32m`Whilst running the '${method}' method in '${fileName}', the PLP application encounterd: ${error}`[39m[33m,[39m
     [90m 10 |[39m   )[33m;[39m
     [90m 11 |[39m }[0m

      at Object.error [as logError] (app/utilities/logger.js:8:11)
      at logError (app/services/mdm-service.js:103:10)
      at Object.logCatchError [as getNirmsIneligibleItems] (app/services/mdm-service.js:176:7)
      at Object.getIneligibleItems (app/services/ineligible-items-service.js:34:19)
      at hasIneligibleItems (app/services/validators/packing-list-validator-utilities.js:116:27)
      at test/unit/services/validators/packing-list-validator-utilities.test.js:231:14

  console.error
    Whilst running the 'bearerTokenRequest()' method in 'app\services\mdm-service.js', the PLP application encounterd: TypeError: Failed to parse URL from undefined

    [0m [90m  6 |[39m [90m */[39m
     [90m  7 |[39m [36mfunction[39m logError(fileName[33m,[39m method[33m,[39m error) {
    [31m[1m>[22m[39m[90m  8 |[39m   console[33m.[39merror(
     [90m    |[39m           [31m[1m^[22m[39m
     [90m  9 |[39m     [32m`Whilst running the '${method}' method in '${fileName}', the PLP application encounterd: ${error}`[39m[33m,[39m
     [90m 10 |[39m   )[33m;[39m
     [90m 11 |[39m }[0m

      at Object.error [as logError] (app/utilities/logger.js:8:11)
      at logError (app/services/mdm-service.js:46:12)
      at Object.getNirmsIneligibleItems (app/services/mdm-service.js:120:27)
      at Object.getIneligibleItems (app/services/ineligible-items-service.js:34:19)
      at hasIneligibleItems (app/services/validators/packing-list-validator-utilities.js:116:27)
      at test/unit/services/validators/packing-list-validator-utilities.test.js:231:14

  console.error
    Whilst running the 'getNirmsIneligibleItems()' method in 'app\services\mdm-service.js', the PLP application encounterd: Final attempt failed with error: Failed to parse URL from undefined

    [0m [90m  6 |[39m [90m */[39m
     [90m  7 |[39m [36mfunction[39m logError(fileName[33m,[39m method[33m,[39m error) {
    [31m[1m>[22m[39m[90m  8 |[39m   console[33m.[39merror(
     [90m    |[39m           [31m[1m^[22m[39m
     [90m  9 |[39m     [32m`Whilst running the '${method}' method in '${fileName}', the PLP application encounterd: ${error}`[39m[33m,[39m
     [90m 10 |[39m   )[33m;[39m
     [90m 11 |[39m }[0m

      at Object.error [as logError] (app/utilities/logger.js:8:11)
      at logError (app/services/mdm-service.js:103:10)
      at Object.logCatchError [as getNirmsIneligibleItems] (app/services/mdm-service.js:176:7)
      at Object.getIneligibleItems (app/services/ineligible-items-service.js:34:19)
      at hasIneligibleItems (app/services/validators/packing-list-validator-utilities.js:116:27)
      at test/unit/services/validators/packing-list-validator-utilities.test.js:231:14

  console.info
    Whilst running the 'getStale()' method in 'mdm-blob-cache-service', the PLP application logged info: Cache disabled

      at Object.info [as logInfo] (app/utilities/logger.js:20:11)

  console.info
    Whilst running the 'getIneligibleItems()' method in 'app\services\ineligible-items-service.js', the PLP application logged info: MDM API returned null - falling back to local data

      at Object.info [as logInfo] (app/utilities/logger.js:20:11)

PASS test/unit/services/validators/packing-list-validator-utilities.test.js 
(32.848 s)
  validator function tests
    ÔêÜ hasMissingIdentifier (2 ms)
    ÔêÜ hasMissingIdentifier
    ÔêÜ hasMissingIdentifier
    ÔêÜ hasMissingIdentifier (1 ms)
    ÔêÜ hasMissingIdentifier
    ÔêÜ hasInvalidProductCode
    ÔêÜ hasInvalidProductCode
    ÔêÜ hasInvalidProductCode
    ÔêÜ hasInvalidProductCode
    ÔêÜ hasInvalidProductCode
    ÔêÜ hasInvalidProductCode
    ÔêÜ hasInvalidProductCode
    ÔêÜ hasInvalidProductCode
    ÔêÜ hasMissingDescription
    ÔêÜ hasMissingDescription
    ÔêÜ hasMissingNetWeight
    ÔêÜ hasMissingNetWeight
    ÔêÜ hasMissingNetWeight
    ÔêÜ hasMissingDescription (1 ms)
    ÔêÜ hasMissingDescription
    ÔêÜ hasMissingDescription
    ÔêÜ wrongTypeNetWeight
    ÔêÜ wrongTypeNetWeight
    ÔêÜ wrongTypeNetWeight
    ÔêÜ wrongTypeNetWeight
    ÔêÜ wrongTypeNetWeight
    ÔêÜ wrongTypeForPackages (1 ms)
    ÔêÜ wrongTypeForPackages
    ÔêÜ wrongTypeForPackages
    ÔêÜ wrongTypeForPackages
    ÔêÜ hasMissingNirms
    ÔêÜ hasMissingNirms
    ÔêÜ hasMissingNirms
    ÔêÜ hasInvalidNirms
    ÔêÜ hasInvalidNirms
    ÔêÜ hasInvalidNirms
    ÔêÜ hasInvalidNirms
    ÔêÜ hasInvalidNirms
    ÔêÜ hasInvalidNirms
    ÔêÜ hasInvalidNirms
    ÔêÜ hasInvalidNirms
    ÔêÜ hasInvalidNirms
    ÔêÜ hasInvalidNirms
    ÔêÜ hasInvalidNirms
    ÔêÜ hasInvalidNirms (1 ms)
    ÔêÜ hasInvalidNirms
    ÔêÜ hasInvalidNirms
    ÔêÜ hasInvalidNirms
    ÔêÜ hasInvalidNirms
    ÔêÜ hasMissingCoO
    ÔêÜ hasMissingCoO (1 ms)
    ÔêÜ hasMissingCoO
    ÔêÜ hasInvalidCoO
    ÔêÜ hasInvalidCoO
    ÔêÜ hasInvalidCoO
    ÔêÜ hasInvalidCoO
    ÔêÜ hasInvalidCoO (1 ms)
    ÔêÜ hasInvalidCoO
    ÔêÜ hasInvalidCoO
    ÔêÜ hasInvalidCoO
    ÔêÜ hasInvalidCoO
    ÔêÜ hasIneligibleItems (4039 ms)
    ÔêÜ hasIneligibleItems (4031 ms)
    ÔêÜ hasIneligibleItems (4021 ms)
    ÔêÜ hasIneligibleItems (4014 ms)
    ÔêÜ hasIneligibleItems (4033 ms)
    ÔêÜ hasIneligibleItems (4017 ms)
    ÔêÜ hasIneligibleItems (4038 ms)
    ÔêÜ hasIneligibleItems
    ÔêÜ hasIneligibleItems (4041 ms)
  removeBadData
    ÔêÜ Number of pkgs and total net weight are both NaN
    ÔêÜ Number of pkgs and total net weight are both numbers (1 ms)
  removeEmptyItems
    ÔêÜ return true for length greater than 0
    ÔêÜ return empty for null item
    ÔêÜ return empty for null item with row_location
    ÔêÜ multiple items

  console.log
    MDM Config loaded: {
      apiUrl: undefined,
      subscriptionKey: 'undefined',
      authUrl: undefined,
      clientId: undefined,
      scope: undefined
    }

      at Object.log (app/config/mdm-config.js:28:9)

  console.error
    Whilst running the 'start()' method in 'app\messaging\index.js', the PLP application encounterd: Service Bus connection has not been initialised because 'config.plpSubscription.name' is missing.

    [0m [90m  6 |[39m [90m */[39m
     [90m  7 |[39m [36mfunction[39m logError(fileName[33m,[39m method[33m,[39m error) {
    [31m[1m>[22m[39m[90m  8 |[39m   console[33m.[39merror(
     [90m    |[39m           [31m[1m^[22m[39m
     [90m  9 |[39m     [32m`Whilst running the '${method}' method in '${fileName}', the PLP application encounterd: ${error}`[39m[33m,[39m
     [90m 10 |[39m   )[33m;[39m
     [90m 11 |[39m }[0m

      at Object.error [as logError] (app/utilities/logger.js:8:11)
      at Object.logError [as start] (app/messaging/index.js:24:14)
      at start (app/server.js:71:26)
      at serverMessage (app/server.js:65:9)
      at Object.<anonymous> (test/integration/narrow/index.test.js:15:14)

  console.log
    MDM Config loaded: {
      apiUrl: undefined,
      subscriptionKey: 'undefined',
      authUrl: undefined,
      clientId: undefined,
      scope: undefined
    }

      at Object.log (app/config/mdm-config.js:28:9)

  console.error
    Whilst running the 'start()' method in 'app\messaging\index.js', the PLP application encounterd: Service Bus connection has not been initialised because 'config.plpSubscription.name' is missing.

    [0m [90m  6 |[39m [90m */[39m
     [90m  7 |[39m [36mfunction[39m logError(fileName[33m,[39m method[33m,[39m error) {
    [31m[1m>[22m[39m[90m  8 |[39m   console[33m.[39merror(
     [90m    |[39m           [31m[1m^[22m[39m
     [90m  9 |[39m     [32m`Whilst running the '${method}' method in '${fileName}', the PLP application encounterd: ${error}`[39m[33m,[39m
     [90m 10 |[39m   )[33m;[39m
     [90m 11 |[39m }[0m

      at Object.error [as logError] (app/utilities/logger.js:8:11)
      at Object.logError [as start] (app/messaging/index.js:24:14)
      at start (app/server.js:71:26)
      at serverMessage (app/server.js:65:9)
      at Object.<anonymous> (test/integration/narrow/index.test.js:30:14)

PASS test/integration/narrow/index.test.js
  Server tests
    ÔêÜ createServer returns server (1563 ms)
    ÔêÜ createServer returns server in development (1285 ms)

  console.log
    MDM Config loaded: {
      apiUrl: undefined,
      subscriptionKey: 'undefined',
      authUrl: undefined,
      clientId: undefined,
      scope: undefined
    }

      at Object.log (app/config/mdm-config.js:28:9)

  console.log
    MDM Config loaded: {
      apiUrl: undefined,
      subscriptionKey: 'undefined',
      authUrl: undefined,
      clientId: undefined,
      scope: undefined
    }

      at Object.log (app/config/mdm-config.js:28:9)

  console.log
    MDM Config loaded: {
      apiUrl: undefined,
      subscriptionKey: 'undefined',
      authUrl: undefined,
      clientId: undefined,
      scope: undefined
    }

      at Object.log (app/config/mdm-config.js:28:9)

  console.log
    MDM Config loaded: {
      apiUrl: undefined,
      subscriptionKey: 'undefined',
      authUrl: undefined,
      clientId: undefined,
      scope: undefined
    }

      at Object.log (app/config/mdm-config.js:28:9)

  console.info
    Whilst running the 'processPlpMessage()' method in 'app\messaging\process-plp-message.js', the PLP application logged info: Received message: {"packing_list_blob":"https://example.com/path/doesnt/matter"}

      at Object.info [as logInfo] (app/utilities/logger.js:20:11)

  console.error
    Whilst running the 'processPlpMessage() > findParser' method in 'app\messaging\process-plp-message.js', the PLP application encounterd: TypeError: Cannot read properties of undefined (reading 'DispatchLocation')

    [0m [90m  6 |[39m [90m */[39m
     [90m  7 |[39m [36mfunction[39m logError(fileName[33m,[39m method[33m,[39m error) {
    [31m[1m>[22m[39m[90m  8 |[39m   console[33m.[39merror(
     [90m    |[39m           [31m[1m^[22m[39m
     [90m  9 |[39m     [32m`Whilst running the '${method}' method in '${fileName}', the PLP application encounterd: ${error}`[39m[33m,[39m
     [90m 10 |[39m   )[33m;[39m
     [90m 11 |[39m }[0m

      at Object.error [as logError] (app/utilities/logger.js:8:11)
      at logError (app/messaging/process-plp-message.js:47:12)
      at getPackingList (app/messaging/process-plp-message.js:101:31)
      at Object.<anonymous> (test/unit/messaging/process-plp-message.test.js:76:5)

  console.error
    Whilst running the 'processPlpMessage() > createPackingList' method in 'app\messaging\process-plp-message.js', the PLP application encounterd: TypeError: Cannot read properties of undefined (reading 'all_required_fields_present')

    [0m [90m  6 |[39m [90m */[39m
     [90m  7 |[39m [36mfunction[39m logError(fileName[33m,[39m method[33m,[39m error) {
    [31m[1m>[22m[39m[90m  8 |[39m   console[33m.[39merror(
     [90m    |[39m           [31m[1m^[22m[39m
     [90m  9 |[39m     [32m`Whilst running the '${method}' method in '${fileName}', the PLP application encounterd: ${error}`[39m[33m,[39m
     [90m 10 |[39m   )[33m;[39m
     [90m 11 |[39m }[0m

      at Object.error [as logError] (app/utilities/logger.js:8:11)
      at logError (app/messaging/process-plp-message.js:66:14)
      at processPlpMessage (app/messaging/process-plp-message.js:102:5)
      at Object.<anonymous> (test/unit/messaging/process-plp-message.test.js:76:5)

  console.error
    Whilst running the 'processPlpMessage() > sendParsed' method in 'app\messaging\process-plp-message.js', the PLP application encounterd: TypeError: Cannot read properties of undefined (reading 'all_required_fields_present')

    [0m [90m  6 |[39m [90m */[39m
     [90m  7 |[39m [36mfunction[39m logError(fileName[33m,[39m method[33m,[39m error) {
    [31m[1m>[22m[39m[90m  8 |[39m   console[33m.[39merror(
     [90m    |[39m           [31m[1m^[22m[39m
     [90m  9 |[39m     [32m`Whilst running the '${method}' method in '${fileName}', the PLP application encounterd: ${error}`[39m[33m,[39m
     [90m 10 |[39m   )[33m;[39m
     [90m 11 |[39m }[0m

      at Object.error [as logError] (app/utilities/logger.js:8:11)
      at logError (app/messaging/process-plp-message.js:82:14)
      at processPlpMessage (app/messaging/process-plp-message.js:102:5)
      at Object.<anonymous> (test/unit/messaging/process-plp-message.test.js:76:5)

  console.error
    Whilst running the 'processPlpMessage()' method in 'app\messaging\process-plp-message.js', the PLP application encounterd: Error: Error

    [0m [90m  6 |[39m [90m */[39m
     [90m  7 |[39m [36mfunction[39m logError(fileName[33m,[39m method[33m,[39m error) {
    [31m[1m>[22m[39m[90m  8 |[39m   console[33m.[39merror(
     [90m    |[39m           [31m[1m^[22m[39m
     [90m  9 |[39m     [32m`Whilst running the '${method}' method in '${fileName}', the PLP application encounterd: ${error}`[39m[33m,[39m
     [90m 10 |[39m   )[33m;[39m
     [90m 11 |[39m }[0m

      at Object.error [as logError] (app/utilities/logger.js:8:11)
      at logError (app/messaging/process-plp-message.js:104:12)
      at Object.messageAction (test/unit/messaging/process-plp-message.test.js:91:11)

PASS test/unit/messaging/process-plp-message.test.js
  processPlpMessage
    ÔêÜ should process a message (5 ms)
    ÔêÜ handle error (2 ms)

  console.log
    MDM Config loaded: {
      apiUrl: undefined,
      subscriptionKey: 'undefined',
      authUrl: undefined,
      clientId: undefined,
      scope: undefined
    }

      at Object.log (app/config/mdm-config.js:28:9)

  console.log
    MDM Config loaded: {
      apiUrl: undefined,
      subscriptionKey: 'undefined',
      authUrl: undefined,
      clientId: undefined,
      scope: undefined
    }

      at Object.log (app/config/mdm-config.js:28:9)

  console.log
    MDM Config loaded: {
      apiUrl: undefined,
      subscriptionKey: 'undefined',
      authUrl: undefined,
      clientId: undefined,
      scope: undefined
    }

      at Object.log (app/config/mdm-config.js:28:9)

PASS test/unit/routes/non-ai.test.js
  /non-ai route handler
    ÔêÜ should return success (1 ms)
    ÔêÜ should handle excelToJson error (1 ms)

  console.log
    MDM Config loaded: {
      apiUrl: undefined,
      subscriptionKey: 'undefined',
      authUrl: undefined,
      clientId: undefined,
      scope: undefined
    }

      at Object.log (app/config/mdm-config.js:28:9)

  console.log
    MDM Config loaded: {
      apiUrl: undefined,
      subscriptionKey: 'undefined',
      authUrl: undefined,
      clientId: undefined,
      scope: undefined
    }

      at Object.log (app/config/mdm-config.js:28:9)

  console.error
    Whilst running the 'start()' method in 'app\messaging\index.js', the PLP application encounterd: Service Bus connection has not been initialised because 'config.plpSubscription.name' is missing.

    [0m [90m  6 |[39m [90m */[39m
     [90m  7 |[39m [36mfunction[39m logError(fileName[33m,[39m method[33m,[39m error) {
    [31m[1m>[22m[39m[90m  8 |[39m   console[33m.[39merror(
     [90m    |[39m           [31m[1m^[22m[39m
     [90m  9 |[39m     [32m`Whilst running the '${method}' method in '${fileName}', the PLP application encounterd: ${error}`[39m[33m,[39m
     [90m 10 |[39m   )[33m;[39m
     [90m 11 |[39m }[0m

      at Object.error [as logError] (app/utilities/logger.js:8:11)
      at Object.logError [as start] (app/messaging/index.js:24:14)
      at start (app/server.js:71:26)
      at serverMessage (app/server.js:65:9)
      at Object.<anonymous> (test/integration/narrow/routes/healthy.test.js:10:14)

  console.error
    Whilst running the 'start()' method in 'app\messaging\index.js', the PLP application encounterd: Service Bus connection has not been initialised because 'config.plpSubscription.name' is missing.

    [0m [90m  6 |[39m [90m */[39m
     [90m  7 |[39m [36mfunction[39m logError(fileName[33m,[39m method[33m,[39m error) {
    [31m[1m>[22m[39m[90m  8 |[39m   console[33m.[39merror(
     [90m    |[39m           [31m[1m^[22m[39m
     [90m  9 |[39m     [32m`Whilst running the '${method}' method in '${fileName}', the PLP application encounterd: ${error}`[39m[33m,[39m
     [90m 10 |[39m   )[33m;[39m
     [90m 11 |[39m }[0m

      at Object.error [as logError] (app/utilities/logger.js:8:11)
      at Object.logError [as start] (app/messaging/index.js:24:14)
      at start (app/server.js:71:26)
      at serverMessage (app/server.js:65:9)
      at Object.<anonymous> (test/integration/narrow/routes/healthy.test.js:10:14)

  console.error
    Whilst running the 'get()' method in 'app\routes\healthy.js', the PLP application encounterd: Error running healthy check: Error: database connection timeout

    [0m [90m  6 |[39m [90m */[39m
     [90m  7 |[39m [36mfunction[39m logError(fileName[33m,[39m method[33m,[39m error) {
    [31m[1m>[22m[39m[90m  8 |[39m   console[33m.[39merror(
     [90m    |[39m           [31m[1m^[22m[39m
     [90m  9 |[39m     [32m`Whilst running the '${method}' method in '${fileName}', the PLP application encounterd: ${error}`[39m[33m,[39m
     [90m 10 |[39m   )[33m;[39m
     [90m 11 |[39m }[0m

      at Object.error [as logError] (app/utilities/logger.js:8:11)
      at logError (app/routes/healthy.js:16:16)
      at Object.<anonymous>.exports.Manager.execute (node_modules/@hapi/hapi/lib/toolkit.js:57:29)
      at Object.<anonymous>.internals.handler (node_modules/@hapi/hapi/lib/handler.js:46:48)
      at Object.<anonymous>.exports.execute (node_modules/@hapi/hapi/lib/handler.js:31:36)
      at Request._lifecycle (node_modules/@hapi/hapi/lib/request.js:370:68)
      at Request._execute (node_modules/@hapi/hapi/lib/request.js:280:9)

PASS test/integration/narrow/routes/healthy.test.js
  Healthy test
    ÔêÜ GET /healthy returns 200 (64 ms)
    ÔêÜ GET /healthy returns 503 and error message if database check throws an 
error (14 ms)

  console.log
    MDM Config loaded: {
      apiUrl: undefined,
      subscriptionKey: 'undefined',
      authUrl: undefined,
      clientId: undefined,
      scope: undefined
    }

      at Object.log (app/config/mdm-config.js:28:9)

PASS test/unit/index.test.js
  Server setup
    ÔêÜ should setup app insights and start the server (5 ms)
    ÔêÜ should log error and exit process when server start fails

  console.log
    MDM Config loaded: {
      apiUrl: undefined,
      subscriptionKey: 'undefined',
      authUrl: undefined,
      clientId: undefined,
      scope: undefined
    }

      at Object.log (app/config/mdm-config.js:28:9)

  console.log
    MDM Config loaded: {
      apiUrl: undefined,
      subscriptionKey: 'undefined',
      authUrl: undefined,
      clientId: undefined,
      scope: undefined
    }

      at Object.log (app/config/mdm-config.js:28:9)

  console.log
    MDM Config loaded: {
      apiUrl: undefined,
      subscriptionKey: 'undefined',
      authUrl: undefined,
      clientId: undefined,
      scope: undefined
    }

      at Object.log (app/config/mdm-config.js:28:9)

PASS test/unit/routes/ai.test.js
  /ai route handler
    ÔêÜ should return success (2 ms)
    ÔêÜ should return no match
    ÔêÜ should handle readFileSync error (1 ms)

  console.log
    MDM Config loaded: {
      apiUrl: undefined,
      subscriptionKey: 'undefined',
      authUrl: undefined,
      clientId: undefined,
      scope: undefined
    }

      at Object.log (app/config/mdm-config.js:28:9)

  console.log
    MDM Config loaded: {
      apiUrl: undefined,
      subscriptionKey: 'undefined',
      authUrl: undefined,
      clientId: undefined,
      scope: undefined
    }

      at Object.log (app/config/mdm-config.js:28:9)

  console.log
    MDM Config loaded: {
      apiUrl: undefined,
      subscriptionKey: 'undefined',
      authUrl: undefined,
      clientId: undefined,
      scope: undefined
    }

      at Object.log (app/config/mdm-config.js:28:9)

PASS test/unit/routes/csv-non-ai.test.js
  /csv-non-ai route handler
    ÔêÜ should return success and call processCsvFile with filename and 
dispatchlocation (2 ms)
    ÔêÜ should handle processCsvFile error and still call response and log 
error (1 ms)

  console.log
    MDM Config loaded: {
      apiUrl: undefined,
      subscriptionKey: 'undefined',
      authUrl: undefined,
      clientId: undefined,
      scope: undefined
    }

      at Object.log (app/config/mdm-config.js:28:9)

  console.error
    Whilst running the 'start()' method in 'app\messaging\index.js', the PLP application encounterd: Service Bus connection has not been initialised because 'config.plpSubscription.name' is missing.

    [0m [90m  6 |[39m [90m */[39m
     [90m  7 |[39m [36mfunction[39m logError(fileName[33m,[39m method[33m,[39m error) {
    [31m[1m>[22m[39m[90m  8 |[39m   console[33m.[39merror(
     [90m    |[39m           [31m[1m^[22m[39m
     [90m  9 |[39m     [32m`Whilst running the '${method}' method in '${fileName}', the PLP application encounterd: ${error}`[39m[33m,[39m
     [90m 10 |[39m   )[33m;[39m
     [90m 11 |[39m }[0m

      at Object.error [as logError] (app/utilities/logger.js:8:11)
      at Object.logError [as start] (app/messaging/index.js:24:14)
      at start (app/server.js:71:26)
      at serverMessage (app/server.js:65:9)
      at Object.<anonymous> (test/integration/narrow/routes/healthz.test.js:10:14)

PASS test/integration/narrow/routes/healthz.test.js
  Healthz test
    ÔêÜ GET /healthz route returns 200 (38 ms)

  console.log
    MDM Config loaded: {
      apiUrl: undefined,
      subscriptionKey: 'undefined',
      authUrl: undefined,
      clientId: undefined,
      scope: undefined
    }

      at Object.log (app/config/mdm-config.js:28:9)

  console.error
    Whilst running the 'start()' method in 'app\messaging\index.js', the PLP application encounterd: Service Bus connection has not been initialised because 'config.plpSubscription.name' is missing.

    [0m [90m  6 |[39m [90m */[39m
     [90m  7 |[39m [36mfunction[39m logError(fileName[33m,[39m method[33m,[39m error) {
    [31m[1m>[22m[39m[90m  8 |[39m   console[33m.[39merror(
     [90m    |[39m           [31m[1m^[22m[39m
     [90m  9 |[39m     [32m`Whilst running the '${method}' method in '${fileName}', the PLP application encounterd: ${error}`[39m[33m,[39m
     [90m 10 |[39m   )[33m;[39m
     [90m 11 |[39m }[0m

      at Object.error [as logError] (app/utilities/logger.js:8:11)
      at Object.logError [as start] (app/messaging/index.js:24:14)
      at start (app/server.js:71:26)
      at serverMessage (app/server.js:65:9)
      at Object.<anonymous> (test/integration/narrow/routes/non-ai.test.js:7:14)

  console.error
    Whilst running the 'processExcelFile() > convertExcelToJson' method in 'app\utilities\file-processor.js', the PLP application encounterd: Error: ENOENT: no such file or directory, open 'C:\Users\deabrown\source\repos\trade-exportscore-plp\app\packing-lists\abc'

    [0m [90m  6 |[39m [90m */[39m
     [90m  7 |[39m [36mfunction[39m logError(fileName[33m,[39m method[33m,[39m error) {
    [31m[1m>[22m[39m[90m  8 |[39m   console[33m.[39merror(
     [90m    |[39m           [31m[1m^[22m[39m
     [90m  9 |[39m     [32m`Whilst running the '${method}' method in '${fileName}', the PLP application encounterd: ${error}`[39m[33m,[39m
     [90m 10 |[39m   )[33m;[39m
     [90m 11 |[39m }[0m

      at Object.error [as logError] (app/utilities/logger.js:8:11)
      at logError (app/utilities/file-processor.js:16:12)
      at processExcelFile (app/routes/non-ai.js:11:31)
      at Object.<anonymous>.exports.Manager.execute (node_modules/@hapi/hapi/lib/toolkit.js:57:29)
      at Object.<anonymous>.internals.handler (node_modules/@hapi/hapi/lib/handler.js:46:48)
      at Object.<anonymous>.exports.execute (node_modules/@hapi/hapi/lib/handler.js:31:36)
      at Request._lifecycle (node_modules/@hapi/hapi/lib/request.js:370:68)
      at Request._execute (node_modules/@hapi/hapi/lib/request.js:280:9)

  console.info
    Whilst running the 'findParser' method in 'app\services\parsers\parser-factory.js', the PLP application logged info: Failed to parse packing list with filename: C:\Users\deabrown\source\repos\trade-exportscore-plp\app\packing-lists\abc, no match

      at Object.info [as logInfo] (app/utilities/logger.js:20:11)

PASS test/integration/narrow/routes/non-ai.test.js
  Non-ai test
    ÔêÜ GET /non-ai route returns 200 (41 ms)

  console.log
    MDM Config loaded: {
      apiUrl: undefined,
      subscriptionKey: 'undefined',
      authUrl: undefined,
      clientId: undefined,
      scope: undefined
    }

      at Object.log (app/config/mdm-config.js:28:9)

PASS test/unit/services/mdm-service.test.js
  mdm-service
    getNirmsIneligibleItems
      ÔêÜ should successfully retrieve NIRMS data on first attempt (2 ms)
      ÔêÜ should log info when successful after retries (110 ms)
      ÔêÜ should return null and log error on HTTP error response (3 ms)
      ÔêÜ should retry on network errors up to maxRetries (214 ms)
      ÔêÜ should log retry attempts correctly (217 ms)
      ÔêÜ should succeed on second attempt after one failure (113 ms)
      ÔêÜ should handle 401 unauthorized error
      ÔêÜ should handle 500 server error (1 ms)
      ÔêÜ should use custom retry parameters (1 ms)
      ÔêÜ should return cached data when available (1 ms)
      ÔêÜ should fetch from API and cache on cache miss (1 ms)
      ÔêÜ should continue on cache write failure

  console.log
    MDM Config loaded: {
      apiUrl: undefined,
      subscriptionKey: 'undefined',
      authUrl: undefined,
      clientId: undefined,
      scope: undefined
    }

      at Object.log (app/config/mdm-config.js:28:9)

PASS test/unit/server.test.js
  createServer
    ÔêÜ should create server (963 ms)
    ÔêÜ should log the exception when an error occurs when authenticating to 
sequelize (10 ms)
    ÔêÜ should log the exception when an error occurs when starting the 
messaging server (9 ms)

  console.log
    MDM Config loaded: {
      apiUrl: undefined,
      subscriptionKey: 'undefined',
      authUrl: undefined,
      clientId: undefined,
      scope: undefined
    }

      at Object.log (app/config/mdm-config.js:28:9)

  console.log
    MDM Config loaded: {
      apiUrl: undefined,
      subscriptionKey: 'undefined',
      authUrl: undefined,
      clientId: undefined,
      scope: undefined
    }

      at Object.log (app/config/mdm-config.js:28:9)

PASS test/unit/routes/create-packinglist-message.test.js
  Tests for Route
    ÔêÜ Successful request (2 ms)
    ÔêÜ should handle excelToJson error (1 ms)

  console.log
    MDM Config loaded: {
      apiUrl: undefined,
      subscriptionKey: 'undefined',
      authUrl: undefined,
      clientId: undefined,
      scope: undefined
    }

      at Object.log (app/config/mdm-config.js:28:9)

  console.log
    MDM Config loaded: {
      apiUrl: undefined,
      subscriptionKey: 'undefined',
      authUrl: undefined,
      clientId: undefined,
      scope: undefined
    }

      at Object.log (app/config/mdm-config.js:28:9)

PASS test/unit/routes/pdf-non-ai.test.js
  /pdf-non-ai route handler
    ÔêÜ should return success (2 ms)
    ÔêÜ should return no match
    ÔêÜ should handle readFileSync error (1 ms)

  console.log
    MDM Config loaded: {
      apiUrl: undefined,
      subscriptionKey: 'undefined',
      authUrl: undefined,
      clientId: undefined,
      scope: undefined
    }

      at Object.log (app/config/mdm-config.js:28:9)

  console.info
    Whilst running the 'matches()' method in 'app\services\matchers\tjmorris\model1.js', the PLP application logged info: Packing list matches tjmorris Model 1 with filename: packinglist.xls

      at Object.info [as logInfo] (app/utilities/logger.js:20:11)

  console.info
    Whilst running the 'matches()' method in 'app\services\matchers\tjmorris\model1.js', the PLP application logged info: Packing list matches tjmorris Model 1 with filename: packinglist.xls

      at Object.info [as logInfo] (app/utilities/logger.js:20:11)

  console.info
    Whilst running the 'matches()' method in 'app\services\matchers\tjmorris\model1.js', the PLP application logged info: Packing list matches tjmorris Model 1 with filename: packinglist.xls

      at Object.info [as logInfo] (app/utilities/logger.js:20:11)

  console.info
    Whilst running the 'findParser' method in 'app\services\parsers\parser-factory.js', the PLP application logged info: Failed to parse packing list with filename: test.pdf, no match

      at Object.info [as logInfo] (app/utilities/logger.js:20:11)

PASS test/unit/services/parser-service.test.js
  findParser
    ÔêÜ removes empty items (14 ms)
    ÔêÜ Not matched Excel file
    ÔêÜ No remos number pdf (1 ms)
    ÔêÜ all_required_fields_present true (10 ms)
    ÔêÜ all_required_fields_present false for missing data (3 ms)
    ÔêÜ all_required_fields_present false for empty sheet (1 ms)
    ÔêÜ not matched pdf file (3 ms)
    ÔêÜ incorrect rms format (1 ms)
    ÔêÜ incorrect rms format (1 ms)
    ÔêÜ incorrect rms format (2 ms)
    ÔêÜ incorrect rms format (2 ms)
    ÔêÜ incorrect rms format (1 ms)
    ÔêÜ incorrect rms format (1 ms)
  sanitizeInput
    ÔêÜ sanitize a pdf - no change (1 ms)
    ÔêÜ sanitize an excel (1 ms)

  console.log
    MDM Config loaded: {
      apiUrl: undefined,
      subscriptionKey: 'undefined',
      authUrl: undefined,
      clientId: undefined,
      scope: undefined
    }

      at Object.log (app/config/mdm-config.js:28:9)

  console.info
    Whilst running the 'findParser' method in 'app\services\parsers\parser-factory.js', the PLP application logged info: Failed to parse packing list with filename: packingList.txt, no match

      at Object.info [as logInfo] (app/utilities/logger.js:20:11)

  console.info
    Whilst running the 'matches()' method in 'app\services\matchers\tjmorris\model1.js', the PLP application logged info: Packing list matches tjmorris Model 1 with filename: packinglist.xls

      at Object.info [as logInfo] (app/utilities/logger.js:20:11)

PASS test/unit/services/parsers/parser-factory.test.js
  parsePackingList - e2e
    ÔêÜ removes empty items (3 ms)
    ÔêÜ Not matched Excel file
    ÔêÜ No remos pdf file (1 ms)
    ÔêÜ all_required_fields_present true
    ÔêÜ all_required_fields_present false for missing data (1 ms)
    ÔêÜ all_required_fields_present false for empty sheet (1 ms)
  findParser
    ÔêÜ Unrecognised extension (1 ms)
    ÔêÜ Unrecognised excel (1 ms)
    ÔêÜ TJMORRIS1 excel Parser (4 ms)
    ÔêÜ Unrecognised csv

  console.log
    MDM Config loaded: {
      apiUrl: undefined,
      subscriptionKey: 'undefined',
      authUrl: undefined,
      clientId: undefined,
      scope: undefined
    }

      at Object.log (app/config/mdm-config.js:28:9)

  console.error
    Whilst running the 'matches()' method in 'app\services\parsers\fowlerwelch\model1.js', the PLP application encounterd: TypeError: Cannot convert undefined or null to object

    [0m [90m  6 |[39m [90m */[39m
     [90m  7 |[39m [36mfunction[39m logError(fileName[33m,[39m method[33m,[39m error) {
    [31m[1m>[22m[39m[90m  8 |[39m   console[33m.[39merror(
     [90m    |[39m           [31m[1m^[22m[39m
     [90m  9 |[39m     [32m`Whilst running the '${method}' method in '${fileName}', the PLP application encounterd: ${error}`[39m[33m,[39m
     [90m 10 |[39m   )[33m;[39m
     [90m 11 |[39m }[0m

      at Object.error (app/utilities/logger.js:8:11)
      at logError (app/services/parsers/fowlerwelch/model1.js:74:12)
      at Object.parseModel [as parse] (app/services/parsers/warrens/model1.js:6:10)
      at Object.parse (test/unit/services/parsers/warrens/model1.test.js:34:12)

PASS test/unit/services/parsers/warrens/model1.test.js
  parseWarrensModel1
    ÔêÜ parses json (4 ms)
    ÔêÜ parses multiple sheets (1 ms)
    ÔêÜ parses empty json (1 ms)
    ÔêÜ should call logger.logError when an error is thrown (3 ms)

  console.log
    MDM Config loaded: {
      apiUrl: undefined,
      subscriptionKey: 'undefined',
      authUrl: undefined,
      clientId: undefined,
      scope: undefined
    }

      at Object.log (app/config/mdm-config.js:28:9)

  console.info
    Whilst running the 'matches()' method in 'app\services\matchers\giovanni\model3.js', the PLP application logged info: Packing list matches Giovanni Model 3 with filename: test.pdf

      at Object.info [as logInfo] (app/utilities/logger.js:20:11)

  console.info
    Whilst running the 'matches()' method in 'app\services\matchers\giovanni\model3.js', the PLP application logged info: Packing list matches Giovanni Model 3 with filename: test.pdf

      at Object.info [as logInfo] (app/utilities/logger.js:20:11)

  console.info
    Whilst running the 'matches()' method in 'app\services\matchers\giovanni\model3.js', the PLP application logged info: Packing list matches Giovanni Model 3 with filename: test.pdf

      at Object.info [as logInfo] (app/utilities/logger.js:20:11)

  console.info
    Whilst running the 'matches()' method in 'app\services\matchers\giovanni\model3.js', the PLP application logged info: Packing list matches Giovanni Model 3 with filename: test.pdf

      at Object.info [as logInfo] (app/utilities/logger.js:20:11)

  console.info
    Whilst running the 'findParser' method in 'app\services\parsers\parser-factory.js', the PLP application logged info: Failed to parse packing list with filename: packinglist.wrong, no match

      at Object.info [as logInfo] (app/utilities/logger.js:20:11)

PASS test/unit/services/parser-service/giovanni/model3.test.js
  findParser
    ÔêÜ matches valid Giovanni Model 3 file, calls parser and returns 
all_required_fields_present as true (9 ms)
    ÔêÜ matches valid Giovanni Model 3 file, calls parser, but returns 
all_required_fields_present as false when cells missing (4 ms)
    ÔêÜ parses model multiple RMS (2 ms)
    ÔêÜ parses model missing unit of weight (1 ms)
    ÔêÜ returns 'No Match' for incorrect file extension (1 ms)

  console.log
    MDM Config loaded: {
      apiUrl: undefined,
      subscriptionKey: 'undefined',
      authUrl: undefined,
      clientId: undefined,
      scope: undefined
    }

      at Object.log (app/config/mdm-config.js:28:9)

  console.error
    Whilst running the 'matches()' method in 'app\services\parsers\nisa\model1.js', the PLP application encounterd: TypeError: Cannot convert undefined or null to object

    [0m [90m  6 |[39m [90m */[39m
     [90m  7 |[39m [36mfunction[39m logError(fileName[33m,[39m method[33m,[39m error) {
    [31m[1m>[22m[39m[90m  8 |[39m   console[33m.[39merror(
     [90m    |[39m           [31m[1m^[22m[39m
     [90m  9 |[39m     [32m`Whilst running the '${method}' method in '${fileName}', the PLP application encounterd: ${error}`[39m[33m,[39m
     [90m 10 |[39m   )[33m;[39m
     [90m 11 |[39m }[0m

      at Object.error (app/utilities/logger.js:8:11)
      at Object.logError [as parse] (app/services/parsers/nisa/model1.js:62:12)
      at Object.parse (test/unit/services/parsers/nisa/model1.test.js:29:12)

PASS test/unit/services/parsers/nisa/model1.test.js
  parseNisa1
    ÔêÜ parses populated json (7 ms)
    ÔêÜ parses multiple sheets (1 ms)
    ÔêÜ parses empty json (2 ms)
    ÔêÜ should call logger.logError when an error is thrown (5 ms)

  console.log
    MDM Config loaded: {
      apiUrl: undefined,
      subscriptionKey: 'undefined',
      authUrl: undefined,
      clientId: undefined,
      scope: undefined
    }

      at Object.log (app/config/mdm-config.js:28:9)

  console.error
    Whilst running the 'matches()' method in 'app\services\parsers\fowlerwelch\model1.js', the PLP application encounterd: TypeError: Cannot convert undefined or null to object

    [0m [90m  6 |[39m [90m */[39m
     [90m  7 |[39m [36mfunction[39m logError(fileName[33m,[39m method[33m,[39m error) {
    [31m[1m>[22m[39m[90m  8 |[39m   console[33m.[39merror(
     [90m    |[39m           [31m[1m^[22m[39m
     [90m  9 |[39m     [32m`Whilst running the '${method}' method in '${fileName}', the PLP application encounterd: ${error}`[39m[33m,[39m
     [90m 10 |[39m   )[33m;[39m
     [90m 11 |[39m }[0m

      at Object.error (app/utilities/logger.js:8:11)
      at logError (app/services/parsers/fowlerwelch/model1.js:74:12)
      at Object.parseModel [as parse] (app/services/parsers/fowlerwelch/model1.js:80:10)
      at Object.parse (test/unit/services/parsers/fowlerwelch/model1.test.js:35:12)

PASS test/unit/services/parsers/fowlerwelch/model1.test.js
  parseFowlerWelchModel1
    ÔêÜ parses valid json (8 ms)
    ÔêÜ parses valid json with dragdown (1 ms)
    ÔêÜ parses multiple sheets (1 ms)
    ÔêÜ parses empty json (1 ms)
    ÔêÜ should call logger.logError when an error is thrown (2 ms)

PASS test/unit/services/storage-account.test.js
  storage-account
    createStorageAccountClient
      ÔêÜ should create a BlobClient with the provided URI and 
DefaultAzureCredential (3 ms)
      ÔêÜ should create a new instance each time it is called (2 ms)
    getPackingListFromBlob
      successful file processing
        ÔêÜ should process Excel files correctly (2 ms)
        ÔêÜ should process CSV files correctly (1 ms)
        ÔêÜ should return raw buffer for unsupported file types (1 ms)
        ÔêÜ should handle multiple data chunks in stream
        ÔêÜ should handle Buffer and non-Buffer data chunks
      error handling
        ÔêÜ should handle blob download errors and return empty object (1 ms)
        ÔêÜ should handle stream errors properly
        ÔêÜ should handle conversion errors gracefully (1 ms)
        ÔêÜ should handle CSV conversion errors gracefully
      edge cases
        ÔêÜ should handle empty streams (1 ms)
        ÔêÜ should handle null/undefined blob URI
        ÔêÜ should handle very large files by processing in chunks (58 ms)
      file type detection
        ÔêÜ should call isExcel before isCsv for file type detection (1 ms)
        ÔêÜ should prioritize Excel detection over CSV when both return true

  console.log
    MDM Config loaded: {
      apiUrl: undefined,
      subscriptionKey: 'undefined',
      authUrl: undefined,
      clientId: undefined,
      scope: undefined
    }

      at Object.log (app/config/mdm-config.js:28:9)

  console.error
    Whilst running the 'matches()' method in 'app\services\parsers\nisa\model2.js', the PLP application encounterd: TypeError: Cannot convert undefined or null to object

    [0m [90m  6 |[39m [90m */[39m
     [90m  7 |[39m [36mfunction[39m logError(fileName[33m,[39m method[33m,[39m error) {
    [31m[1m>[22m[39m[90m  8 |[39m   console[33m.[39merror(
     [90m    |[39m           [31m[1m^[22m[39m
     [90m  9 |[39m     [32m`Whilst running the '${method}' method in '${fileName}', the PLP application encounterd: ${error}`[39m[33m,[39m
     [90m 10 |[39m   )[33m;[39m
     [90m 11 |[39m }[0m

      at Object.error (app/utilities/logger.js:8:11)
      at Object.logError [as parse] (app/services/parsers/nisa/model2.js:65:12)
      at Object.parse (test/unit/services/parsers/nisa/model2.test.js:34:12)

PASS test/unit/services/parsers/nisa/model2.test.js
  parseNisa2
    ÔêÜ parses populated json (4 ms)
    ÔêÜ parses populated json with totals row (1 ms)
    ÔêÜ parses multiple sheets (1 ms)
    ÔêÜ parses empty json
    ÔêÜ should call logger.logError when an error is thrown (2 ms)

  console.log
    MDM Config loaded: {
      apiUrl: undefined,
      subscriptionKey: 'undefined',
      authUrl: undefined,
      clientId: undefined,
      scope: undefined
    }

      at Object.log (app/config/mdm-config.js:28:9)

PASS test/unit/services/cache/mdm-blob-cache-service.test.js
  mdm-blob-cache-service
    get()
      ÔêÜ should return null when blob does not exist (2 ms)
      ÔêÜ should return cached data when valid (1 ms)
      ÔêÜ should return null when cache is expired but not delete it (for 
stale fallback) (1 ms)
      ÔêÜ should return null on error and log the error
      Ôùï skipped should return null when cache is disabled
    set()
      ÔêÜ should cache data successfully (1 ms)
      ÔêÜ should not throw on cache write failure (1 ms)
      Ôùï skipped should skip caching when cache is disabled
    getStale()
      ÔêÜ should return expired cache data as fallback
      ÔêÜ should return null when no stale cache exists
      ÔêÜ should return null on error and log the error
    clear()
      ÔêÜ should clear cache successfully (1 ms)
      ÔêÜ should handle non-existent blob gracefully
      ÔêÜ should throw error on delete failure (8 ms)

  console.log
    MDM Config loaded: {
      apiUrl: undefined,
      subscriptionKey: 'undefined',
      authUrl: undefined,
      clientId: undefined,
      scope: undefined
    }

      at Object.log (app/config/mdm-config.js:28:9)

  console.info
    Whilst running the 'createPackingList()' method in 'app\packing-list\index.js', the PLP application logged info: Saved packing list in database with application id: 123

      at Object.info [as logInfo] (app/utilities/logger.js:20:11)

  console.error
    Whilst running the 'itemsMapper()' method in 'app\packing-list\index.js', the PLP application encounterd: TypeError: Cannot read properties of undefined (reading 'description')

    [0m [90m  6 |[39m [90m */[39m
     [90m  7 |[39m [36mfunction[39m logError(fileName[33m,[39m method[33m,[39m error) {
    [31m[1m>[22m[39m[90m  8 |[39m   console[33m.[39merror(
     [90m    |[39m           [31m[1m^[22m[39m
     [90m  9 |[39m     [32m`Whilst running the '${method}' method in '${fileName}', the PLP application encounterd: ${error}`[39m[33m,[39m
     [90m 10 |[39m   )[33m;[39m
     [90m 11 |[39m }[0m

      at Object.error [as logError] (app/utilities/logger.js:8:11)
      at Object.logError [as itemsMapper] (app/packing-list/index.js:76:12)
      at Object.itemsMapper (test/unit/packing-list/index.test.js:82:37)

  console.error
    Whilst running the 'packingListMapper()' method in 'app\packing-list\index.js', the PLP application encounterd: TypeError: Cannot read properties of null (reading 'registration_approval_number')

    [0m [90m  6 |[39m [90m */[39m
     [90m  7 |[39m [36mfunction[39m logError(fileName[33m,[39m method[33m,[39m error) {
    [31m[1m>[22m[39m[90m  8 |[39m   console[33m.[39merror(
     [90m    |[39m           [31m[1m^[22m[39m
     [90m  9 |[39m     [32m`Whilst running the '${method}' method in '${fileName}', the PLP application encounterd: ${error}`[39m[33m,[39m
     [90m 10 |[39m   )[33m;[39m
     [90m 11 |[39m }[0m

      at Object.error [as logError] (app/utilities/logger.js:8:11)
      at Object.logError [as packingListMapper] (app/packing-list/index.js:44:12)
      at Object.packingListMapper (test/unit/packing-list/index.test.js:194:37)

PASS test/unit/packing-list/index.test.js
  Packing list
    ÔêÜ should create a new packing list if it not exists (3 ms)
    ÔêÜ itemsMapper should return correct object (1 ms)
    ÔêÜ itemsMapper undefined items (2 ms)
    ÔêÜ packingListMapper should map correctly for failure (1 ms)
    ÔêÜ packingListMapper should map correctly (1 ms)
    ÔêÜ packingListMapper errors  (2 ms)

  console.log
    MDM Config loaded: {
      apiUrl: undefined,
      subscriptionKey: 'undefined',
      authUrl: undefined,
      clientId: undefined,
      scope: undefined
    }

      at Object.log (app/config/mdm-config.js:28:9)

PASS test/unit/services/ineligible-items-service.test.js
  ineligible-items-service
    getLocalIneligibleItems
      ÔêÜ should return local ineligible items data (2 ms)
    getIneligibleItems
      ÔêÜ should return local data when MDM_USE_LOCAL_DATA is true (1 ms)
      ÔêÜ should fetch from MDM API when MDM_USE_LOCAL_DATA is false (1 ms)
      ÔêÜ should fall back to local data when MDM API returns null
      ÔêÜ should fall back to local data when MDM API throws error (1 ms)
      ÔêÜ should handle MDM API success and return data

  console.log
    MDM Config loaded: {
      apiUrl: undefined,
      subscriptionKey: 'undefined',
      authUrl: undefined,
      clientId: undefined,
      scope: undefined
    }

      at Object.log (app/config/mdm-config.js:28:9)

  console.info
    Whilst running the 'matches()' method in 'app\services\matchers\booker\model1.js', the PLP application logged info: Packing list matches Booker Model 1 with filename: test.pdf

      at Object.info [as logInfo] (app/utilities/logger.js:20:11)

  console.info
    Whilst running the 'matches()' method in 'app\services\matchers\booker\model1.js', the PLP application logged info: Packing list matches Booker Model 1 with filename: test.pdf

      at Object.info [as logInfo] (app/utilities/logger.js:20:11)

  console.info
    Whilst running the 'findParser' method in 'app\services\parsers\parser-factory.js', the PLP application logged info: Failed to parse packing list with filename: packinglist.wrong, no match

      at Object.info [as logInfo] (app/utilities/logger.js:20:11)

  console.info
    Whilst running the 'matches()' method in 'app\services\matchers\booker\model1.js', the PLP application logged info: Packing list matches Booker Model 1 with filename: test.pdf

      at Object.info [as logInfo] (app/utilities/logger.js:20:11)

PASS test/unit/services/parser-service/booker/model1.test.js
  findParser
    ÔêÜ matches valid Booker Model 1 file, calls parser and returns 
all_required_fields_present as true (8 ms)
    ÔêÜ matches valid Booker Model 1 file, calls parser, but returns 
all_required_fields_present as false when cells missing (2 ms)
    ÔêÜ returns 'No Match' for incorrect file extension (1 ms)
    ÔêÜ returns multiple rms failure reason (2 ms)

  console.log
    MDM Config loaded: {
      apiUrl: undefined,
      subscriptionKey: 'undefined',
      authUrl: undefined,
      clientId: undefined,
      scope: undefined
    }

      at Object.log (app/config/mdm-config.js:28:9)

PASS test/unit/services/parsers/nisa/utilities.test.js
  itilities tests
    ÔêÜ isTotalRow (1 ms)
    ÔêÜ isTotalRow
    ÔêÜ isTotalRow
    ÔêÜ isTotalRow
    ÔêÜ isTotalRow
    ÔêÜ isTotalRow
    ÔêÜ isTotalRow (1 ms)

  console.log
    MDM Config loaded: {
      apiUrl: undefined,
      subscriptionKey: 'undefined',
      authUrl: undefined,
      clientId: undefined,
      scope: undefined
    }

      at Object.log (app/config/mdm-config.js:28:9)

  console.info
    Whilst running the 'matches()' method in 'app\services\matchers\fowlerwelch\model1.js', the PLP application logged info: Packing list matches fowlerwelch Model 1 with filename: packinglist.xlsx

      at Object.info [as logInfo] (app/utilities/logger.js:20:11)

  console.info
    Whilst running the 'matches()' method in 'app\services\matchers\fowlerwelch\model1.js', the PLP application logged info: Packing list matches fowlerwelch Model 1 with filename: packinglist.xlsx

      at Object.info [as logInfo] (app/utilities/logger.js:20:11)

  console.info
    Whilst running the 'findParser' method in 'app\services\parsers\parser-factory.js', the PLP application logged info: Failed to parse packing list with filename: packinglist.wrong, no match

      at Object.info [as logInfo] (app/utilities/logger.js:20:11)

  console.info
    Whilst running the 'matches()' method in 'app\services\matchers\fowlerwelch\model1.js', the PLP application logged info: Packing list matches fowlerwelch Model 1 with filename: packinglist.xlsx

      at Object.info [as logInfo] (app/utilities/logger.js:20:11)

  console.info
    Whilst running the 'matches()' method in 'app\services\matchers\fowlerwelch\model1.js', the PLP application logged info: Packing list matches fowlerwelch Model 1 with filename: packinglist.xlsx

      at Object.info [as logInfo] (app/utilities/logger.js:20:11)

PASS test/unit/services/parser-service/warrens/model1.test.js
  matchesWarrensModel1
    ÔêÜ matches valid Warrens Model 1 file, calls parser and returns 
all_required_fields_present as true (10 ms)
    ÔêÜ matches valid Warrens Model 1 file, calls parser, but returns 
all_required_fields_present as false when cells missing (3 ms)
    ÔêÜ returns 'No Match' for incorrect file extension (1 ms)
    ÔêÜ matches valid Warrens Model 1 file, calls parser and returns 
all_required_fields_present as false for multiple rms (1 ms)
    ÔêÜ matches valid Warrens Model 1 file, calls parser and returns 
all_required_fields_present as false for missing kg unit (2 ms)

  console.log
    MDM Config loaded: {
      apiUrl: undefined,
      subscriptionKey: 'undefined',
      authUrl: undefined,
      clientId: undefined,
      scope: undefined
    }

      at Object.log (app/config/mdm-config.js:28:9)

  console.info
    Whilst running the 'matches()' method in 'app\services\matchers\asda\model3.js', the PLP application logged info: Packing list matches Asda Model 3 with filename: packinglist-asda-model3.xls

      at Object.info [as logInfo] (app/utilities/logger.js:20:11)

  console.info
    Whilst running the 'matches()' method in 'app\services\matchers\asda\model3.js', the PLP application logged info: Packing list matches Asda Model 3 with filename: packinglist-asda-model3.xls

      at Object.info [as logInfo] (app/utilities/logger.js:20:11)

  console.info
    Whilst running the 'findParser' method in 'app\services\parsers\parser-factory.js', the PLP application logged info: Failed to parse packing list with filename: packinglist.wrong, no match

      at Object.info [as logInfo] (app/utilities/logger.js:20:11)

  console.info
    Whilst running the 'matches()' method in 'app\services\matchers\asda\model3.js', the PLP application logged info: Packing list matches Asda Model 3 with filename: packinglist-asda-model3.xls

      at Object.info [as logInfo] (app/utilities/logger.js:20:11)

  console.info
    Whilst running the 'matches()' method in 'app\services\matchers\asda\model3.js', the PLP application logged info: Packing list matches Asda Model 3 with filename: packinglist-asda-model3.xls

      at Object.info [as logInfo] (app/utilities/logger.js:20:11)

  console.info
    Whilst running the 'matches()' method in 'app\services\matchers\asda\model3.js', the PLP application logged info: Packing list matches Asda Model 3 with filename: packinglist-asda-model3.xls

      at Object.info [as logInfo] (app/utilities/logger.js:20:11)

  console.info
    Whilst running the 'matches()' method in 'app\services\matchers\asda\model3.js', the PLP application logged info: Packing list matches Asda Model 3 with filename: packinglist-asda-model3.xls

      at Object.info [as logInfo] (app/utilities/logger.js:20:11)

  console.info
    Whilst running the 'matches()' method in 'app\services\matchers\asda\model3.js', the PLP application logged info: Packing list matches Asda Model 3 with filename: packinglist-asda-model3.xls

      at Object.info [as logInfo] (app/utilities/logger.js:20:11)

  console.info
    Whilst running the 'matches()' method in 'app\services\matchers\asda\model3.js', the PLP application logged info: Packing list matches Asda Model 3 with filename: packinglist-asda-model3.xls

      at Object.info [as logInfo] (app/utilities/logger.js:20:11)

  console.info
    Whilst running the 'matches()' method in 'app\services\matchers\asda\model3.js', the PLP application logged info: Packing list matches Asda Model 3 with filename: packinglist-asda-model3.xls

      at Object.info [as logInfo] (app/utilities/logger.js:20:11)

  console.info
    Whilst running the 'matches()' method in 'app\services\matchers\asda\model3.js', the PLP application logged info: Packing list matches Asda Model 3 with filename: packinglist-asda-model3.xls

      at Object.info [as logInfo] (app/utilities/logger.js:20:11)

  console.info
    Whilst running the 'matches()' method in 'app\services\matchers\asda\model3.js', the PLP application logged info: Packing list matches Asda Model 3 with filename: packinglist-asda-model3.xls

      at Object.info [as logInfo] (app/utilities/logger.js:20:11)

  console.info
    Whilst running the 'matches()' method in 'app\services\matchers\asda\model3.js', the PLP application logged info: Packing list matches Asda Model 3 with filename: packinglist-asda-model3.xls

      at Object.info [as logInfo] (app/utilities/logger.js:20:11)

  console.info
    Whilst running the 'matches()' method in 'app\services\matchers\asda\model3.js', the PLP application logged info: Packing list matches Asda Model 3 with filename: packinglist-asda-model3.xls

      at Object.info [as logInfo] (app/utilities/logger.js:20:11)

  console.info
    Whilst running the 'matches()' method in 'app\services\matchers\asda\model3.js', the PLP application logged info: Packing list matches Asda Model 3 with filename: packinglist-asda-model3.xls

      at Object.info [as logInfo] (app/utilities/logger.js:20:11)

  console.info
    Whilst running the 'matches()' method in 'app\services\matchers\asda\model3.js', the PLP application logged info: Packing list matches Asda Model 3 with filename: packinglist-asda-model3.xls

      at Object.info [as logInfo] (app/utilities/logger.js:20:11)

  console.info
    Whilst running the 'matches()' method in 'app\services\matchers\asda\model3.js', the PLP application logged info: Packing list matches Asda Model 3 with filename: packinglist-asda-model3.xls

      at Object.info [as logInfo] (app/utilities/logger.js:20:11)

  console.info
    Whilst running the 'matches()' method in 'app\services\matchers\asda\model3.js', the PLP application logged info: Packing list matches Asda Model 3 with filename: packinglist-asda-model3.xls

      at Object.info [as logInfo] (app/utilities/logger.js:20:11)

  console.info
    Whilst running the 'matches()' method in 'app\services\matchers\asda\model3.js', the PLP application logged info: Packing list matches Asda Model 3 with filename: packinglist-asda-model3.xls

      at Object.info [as logInfo] (app/utilities/logger.js:20:11)

  console.info
    Whilst running the 'matches()' method in 'app\services\matchers\asda\model3.js', the PLP application logged info: Packing list matches Asda Model 3 with filename: packinglist-asda-model3.xls

      at Object.info [as logInfo] (app/utilities/logger.js:20:11)

PASS test/unit/services/parser-service/asda/model3.test.js
  matchesAsdaModel3
    ÔêÜ matches valid Asda Model 3 file, calls parser and returns 
all_required_fields_present as true (8 ms)
    ÔêÜ matches valid Asda Model 3 file, calls parser, but returns 
all_required_fields_present as false when cells missing (2 ms)
    ÔêÜ returns 'No Match' for incorrect file extension (1 ms)
    ÔêÜ matches valid Asda Model 3 file, calls parser and returns 
all_required_fields_present as false for multiple rms (2 ms)
    ÔêÜ matches valid Asda Model 3 file, calls parser and returns 
all_required_fields_present as false for missing kg unit (1 ms)
  ASDA3 CoO Validation Tests - Type 1
    ÔêÜ BAC1: NOT within NIRMS Scheme - passes validation (1 ms)
    ÔêÜ BAC2: Null NIRMS value - validation errors (1 ms)
    ÔêÜ BAC3: Invalid NIRMS value - validation errors (1 ms)
    ÔêÜ BAC4: Null NIRMS value, more than 3 - validation errors with summary 
(2 ms)
    ÔêÜ BAC5: Invalid NIRMS value, more than 3 - validation errors with 
summary (5 ms)
    ÔêÜ BAC6: Null CoO Value - validation errors (2 ms)
    ÔêÜ BAC7: Invalid CoO Value - validation errors (1 ms)
    ÔêÜ BAC8: Null CoO Value, more than 3 - validation errors with summary (1 
ms)
    ÔêÜ BAC9: Invalid CoO Value, more than 3 - validation errors with summary 
(1 ms)
    ÔêÜ BAC10: CoO Value is X or x - passes validation (1 ms)
    ÔêÜ BAC11: Item Present on Prohibited Item List (Treatment Type specified) 
- validation errors (1 ms)
    ÔêÜ BAC12: Item Present on Prohibited Item List, more than 3 (Treatment 
Type specified) - validation errors with summary (2 ms)
    ÔêÜ BAC13: Item Present on Prohibited Item List (no Treatment Type 
specified) - validation errors (1 ms)
    ÔêÜ BAC14: Item Present on Prohibited Item List, more than 3 (no Treatment 
Type specified) - validation errors with summary (1 ms)
    ÔêÜ Valid CoO Validation: Complete packing list with all fields valid (3 
ms)

  console.log
    MDM Config loaded: {
      apiUrl: undefined,
      subscriptionKey: 'undefined',
      authUrl: undefined,
      clientId: undefined,
      scope: undefined
    }

      at Object.log (app/config/mdm-config.js:28:9)

  console.info
    Whilst running the 'matches()' method in 'app\services\matchers\tescos\model2.js', the PLP application logged info: Packing list matches tescos Model 2 with filename: PackingListTesco2.xlsx

      at Object.info [as logInfo] (app/utilities/logger.js:20:11)

  console.info
    Whilst running the 'matches()' method in 'app\services\matchers\tescos\model2.js', the PLP application logged info: Packing list matches tescos Model 2 with filename: PackingListTesco2.xlsx

      at Object.info [as logInfo] (app/utilities/logger.js:20:11)

  console.info
    Whilst running the 'findParser' method in 'app\services\parsers\parser-factory.js', the PLP application logged info: Failed to parse packing list with filename: packinglist.wrong, no match

      at Object.info [as logInfo] (app/utilities/logger.js:20:11)

  console.info
    Whilst running the 'matches()' method in 'app\services\matchers\tescos\model2.js', the PLP application logged info: Packing list matches tescos Model 2 with filename: PackingListTesco2.xlsx

      at Object.info [as logInfo] (app/utilities/logger.js:20:11)

  console.info
    Whilst running the 'matches()' method in 'app\services\matchers\tescos\model2.js', the PLP application logged info: Packing list matches tescos Model 2 with filename: PackingListTesco2.xlsx

      at Object.info [as logInfo] (app/utilities/logger.js:20:11)

  console.info
    Whilst running the 'matches()' method in 'app\services\matchers\tescos\model2.js', the PLP application logged info: Packing list matches tescos Model 2 with filename: PackingListTesco2.xlsx

      at Object.info [as logInfo] (app/utilities/logger.js:20:11)

  console.info
    Whilst running the 'matches()' method in 'app\services\matchers\tescos\model2.js', the PLP application logged info: Packing list matches tescos Model 2 with filename: PackingListTesco2.xlsx

      at Object.info [as logInfo] (app/utilities/logger.js:20:11)

  console.info
    Whilst running the 'matches()' method in 'app\services\matchers\tescos\model2.js', the PLP application logged info: Packing list matches tescos Model 2 with filename: PackingListTesco2.xlsx

      at Object.info [as logInfo] (app/utilities/logger.js:20:11)

  console.info
    Whilst running the 'matches()' method in 'app\services\matchers\tescos\model2.js', the PLP application logged info: Packing list matches tescos Model 2 with filename: PackingListTesco2.xlsx

      at Object.info [as logInfo] (app/utilities/logger.js:20:11)

  console.info
    Whilst running the 'matches()' method in 'app\services\matchers\tescos\model2.js', the PLP application logged info: Packing list matches tescos Model 2 with filename: PackingListTesco2.xlsx

      at Object.info [as logInfo] (app/utilities/logger.js:20:11)

  console.info
    Whilst running the 'matches()' method in 'app\services\matchers\tescos\model2.js', the PLP application logged info: Packing list matches tescos Model 2 with filename: PackingListTesco2.xlsx

      at Object.info [as logInfo] (app/utilities/logger.js:20:11)

  console.info
    Whilst running the 'matches()' method in 'app\services\matchers\tescos\model2.js', the PLP application logged info: Packing list matches tescos Model 2 with filename: PackingListTesco2.xlsx

      at Object.info [as logInfo] (app/utilities/logger.js:20:11)

  console.info
    Whilst running the 'matches()' method in 'app\services\matchers\tescos\model2.js', the PLP application logged info: Packing list matches tescos Model 2 with filename: PackingListTesco2.xlsx

      at Object.info [as logInfo] (app/utilities/logger.js:20:11)

  console.info
    Whilst running the 'matches()' method in 'app\services\matchers\tescos\model2.js', the PLP application logged info: Packing list matches tescos Model 2 with filename: PackingListTesco2.xlsx

      at Object.info [as logInfo] (app/utilities/logger.js:20:11)

  console.info
    Whilst running the 'matches()' method in 'app\services\matchers\tescos\model2.js', the PLP application logged info: Packing list matches tescos Model 2 with filename: PackingListTesco2.xlsx

      at Object.info [as logInfo] (app/utilities/logger.js:20:11)

  console.info
    Whilst running the 'matches()' method in 'app\services\matchers\tescos\model2.js', the PLP application logged info: Packing list matches tescos Model 2 with filename: PackingListTesco2.xlsx

      at Object.info [as logInfo] (app/utilities/logger.js:20:11)

  console.info
    Whilst running the 'matches()' method in 'app\services\matchers\tescos\model2.js', the PLP application logged info: Packing list matches tescos Model 2 with filename: PackingListTesco2.xlsx

      at Object.info [as logInfo] (app/utilities/logger.js:20:11)

  console.info
    Whilst running the 'matches()' method in 'app\services\matchers\tescos\model2.js', the PLP application logged info: Packing list matches tescos Model 2 with filename: PackingListTesco2.xlsx

      at Object.info [as logInfo] (app/utilities/logger.js:20:11)

  console.info
    Whilst running the 'matches()' method in 'app\services\matchers\tescos\model2.js', the PLP application logged info: Packing list matches tescos Model 2 with filename: PackingListTesco2.xlsx

      at Object.info [as logInfo] (app/utilities/logger.js:20:11)

  console.info
    Whilst running the 'matches()' method in 'app\services\matchers\tescos\model2.js', the PLP application logged info: Packing list matches tescos Model 2 with filename: PackingListTesco2.xlsx

      at Object.info [as logInfo] (app/utilities/logger.js:20:11)

  console.info
    Whilst running the 'matches()' method in 'app\services\matchers\tescos\model2.js', the PLP application logged info: Packing list matches tescos Model 2 with filename: PackingListTesco2.xlsx

      at Object.info [as logInfo] (app/utilities/logger.js:20:11)

PASS test/unit/services/parser-service/tescos/model2.test.js
  matchesTescosModel2
    ÔêÜ matches valid Tescos Model 2 file, calls parser and returns 
all_required_fields_present as true (13 ms)
    ÔêÜ matches valid Tescos Model 2 file, calls parser, but returns 
all_required_fields_present as false when cells missing (2 ms)
    ÔêÜ returns 'No Match' for incorrect file extension (1 ms)
    ÔêÜ matches valid Tesco Model 2 file, calls parser and returns 
all_required_fields_present as false for multiple rms (2 ms)
    ÔêÜ matches valid Tesco Model 2 file, calls parser and returns 
all_required_fields_present as false for missing kg unit (2 ms)
    ÔêÜ matches valid Tesco Model 2 file, calls parser and returns 
all_required_fields_present as true for missing row (2 ms)
  Tesco2 CoO Validation Tests
    ÔêÜ BAC1: NOT within NIRMS Scheme - passes validation (1 ms)
    ÔêÜ BAC2: Null NIRMS value - validation errors (2 ms)
    ÔêÜ BAC3: Invalid NIRMS value - validation errors (2 ms)
    ÔêÜ BAC4: Null NIRMS value, more than 3 - validation errors with summary 
(2 ms)
    ÔêÜ BAC5: Invalid NIRMS value, more than 3 - validation errors with 
summary (2 ms)
    ÔêÜ BAC6: Null CoO Value - validation errors (2 ms)
    ÔêÜ BAC7: Invalid CoO Value - validation errors (2 ms)
    ÔêÜ BAC8: Null CoO Value, more than 3 - validation errors with summary (2 
ms)
    ÔêÜ BAC9: Invalid CoO Value, more than 3 - validation errors with summary 
(1 ms)
    ÔêÜ BAC10: CoO Value is X or x - passes validation (1 ms)
    ÔêÜ BAC11: Item Present on Prohibited Item List (Treatment Type specified) 
- validation errors (1 ms)
    ÔêÜ BAC12: Item Present on Prohibited Item List, more than 3 (Treatment 
Type specified) - validation errors with summary (1 ms)
    ÔêÜ BAC13: Item Present on Prohibited Item List (no Treatment Type 
specified) - validation errors (5 ms)
    ÔêÜ BAC14: Item Present on Prohibited Item List, more than 3 (no Treatment 
Type specified) - validation errors with summary (1 ms)
    ÔêÜ Valid CoO Validation: Complete packing list with all fields valid (2 
ms)

  console.log
    MDM Config loaded: {
      apiUrl: undefined,
      subscriptionKey: 'undefined',
      authUrl: undefined,
      clientId: undefined,
      scope: undefined
    }

      at Object.log (app/config/mdm-config.js:28:9)

  console.info
    Whilst running the 'matches()' method in 'app\services\matchers\giovanni\model1.js', the PLP application logged info: Packing list matches giovanni Model 1 with filename: packinglist-kepak-model1.xlsx

      at Object.info [as logInfo] (app/utilities/logger.js:20:11)

  console.error
    Whilst running the 'getBlanketValueFromOffset()' method in 'app\services\parser-map.js', the PLP application encounterd: Error: Position not found.

    [0m [90m  6 |[39m [90m */[39m
     [90m  7 |[39m [36mfunction[39m logError(fileName[33m,[39m method[33m,[39m error) {
    [31m[1m>[22m[39m[90m  8 |[39m   console[33m.[39merror(
     [90m    |[39m           [31m[1m^[22m[39m
     [90m  9 |[39m     [32m`Whilst running the '${method}' method in '${fileName}', the PLP application encounterd: ${error}`[39m[33m,[39m
     [90m 10 |[39m   )[33m;[39m
     [90m 11 |[39m }[0m

      at Object.error [as logError] (app/utilities/logger.js:8:11)
      at logError (app/services/parser-map.js:167:12)
      at getBlanketValueFromOffset (app/services/parser-map.js:133:28)
      at extractBlanketValues (app/services/parser-map.js:70:25)
      at Object.mapParser [as parse] (app/services/parsers/kepak/model1.js:47:33)
      at Object.parse (app/services/model-parsers.js:174:51)
      at Object.parse [as generateParsedPackingList] (app/services/parsers/parser-factory.js:54:42)
      at generateParsedPackingList (app/services/parser-service.js:32:34)

  console.info
    Whilst running the 'matches()' method in 'app\services\matchers\giovanni\model1.js', the PLP application logged info: Packing list matches giovanni Model 1 with filename: packinglist-kepak-model1.xlsx

      at Object.info [as logInfo] (app/utilities/logger.js:20:11)

  console.error
    Whilst running the 'getBlanketValueFromOffset()' method in 'app\services\parser-map.js', the PLP application encounterd: Error: Position not found.

    [0m [90m  6 |[39m [90m */[39m
     [90m  7 |[39m [36mfunction[39m logError(fileName[33m,[39m method[33m,[39m error) {
    [31m[1m>[22m[39m[90m  8 |[39m   console[33m.[39merror(
     [90m    |[39m           [31m[1m^[22m[39m
     [90m  9 |[39m     [32m`Whilst running the '${method}' method in '${fileName}', the PLP application encounterd: ${error}`[39m[33m,[39m
     [90m 10 |[39m   )[33m;[39m
     [90m 11 |[39m }[0m

      at Object.error [as logError] (app/utilities/logger.js:8:11)
      at logError (app/services/parser-map.js:167:12)
      at getBlanketValueFromOffset (app/services/parser-map.js:133:28)
      at extractBlanketValues (app/services/parser-map.js:70:25)
      at Object.mapParser [as parse] (app/services/parsers/kepak/model1.js:47:33)
      at Object.parse (app/services/model-parsers.js:174:51)
      at Object.parse [as generateParsedPackingList] (app/services/parsers/parser-factory.js:54:42)
      at generateParsedPackingList (app/services/parser-service.js:32:34)

  console.info
    Whilst running the 'findParser' method in 'app\services\parsers\parser-factory.js', the PLP application logged info: Failed to parse packing list with filename: packinglist.wrong, no match

      at Object.info [as logInfo] (app/utilities/logger.js:20:11)

  console.info
    Whilst running the 'matches()' method in 'app\services\matchers\giovanni\model1.js', the PLP application logged info: Packing list matches giovanni Model 1 with filename: packinglist-kepak-model1.xlsx

      at Object.info [as logInfo] (app/utilities/logger.js:20:11)

  console.error
    Whilst running the 'getBlanketValueFromOffset()' method in 'app\services\parser-map.js', the PLP application encounterd: Error: Position not found.

    [0m [90m  6 |[39m [90m */[39m
     [90m  7 |[39m [36mfunction[39m logError(fileName[33m,[39m method[33m,[39m error) {
    [31m[1m>[22m[39m[90m  8 |[39m   console[33m.[39merror(
     [90m    |[39m           [31m[1m^[22m[39m
     [90m  9 |[39m     [32m`Whilst running the '${method}' method in '${fileName}', the PLP application encounterd: ${error}`[39m[33m,[39m
     [90m 10 |[39m   )[33m;[39m
     [90m 11 |[39m }[0m

      at Object.error [as logError] (app/utilities/logger.js:8:11)
      at logError (app/services/parser-map.js:167:12)
      at getBlanketValueFromOffset (app/services/parser-map.js:133:28)
      at extractBlanketValues (app/services/parser-map.js:70:25)
      at Object.mapParser [as parse] (app/services/parsers/kepak/model1.js:47:33)
      at Object.parse (app/services/model-parsers.js:174:51)
      at Object.parse [as generateParsedPackingList] (app/services/parsers/parser-factory.js:54:42)
      at generateParsedPackingList (app/services/parser-service.js:32:34)

  console.info
    Whilst running the 'matches()' method in 'app\services\matchers\giovanni\model1.js', the PLP application logged info: Packing list matches giovanni Model 1 with filename: packinglist-kepak-model1.xlsx

      at Object.info [as logInfo] (app/utilities/logger.js:20:11)

  console.error
    Whilst running the 'getBlanketValueFromOffset()' method in 'app\services\parser-map.js', the PLP application encounterd: Error: Position not found.

    [0m [90m  6 |[39m [90m */[39m
     [90m  7 |[39m [36mfunction[39m logError(fileName[33m,[39m method[33m,[39m error) {
    [31m[1m>[22m[39m[90m  8 |[39m   console[33m.[39merror(
     [90m    |[39m           [31m[1m^[22m[39m
     [90m  9 |[39m     [32m`Whilst running the '${method}' method in '${fileName}', the PLP application encounterd: ${error}`[39m[33m,[39m
     [90m 10 |[39m   )[33m;[39m
     [90m 11 |[39m }[0m

      at Object.error [as logError] (app/utilities/logger.js:8:11)
      at logError (app/services/parser-map.js:167:12)
      at getBlanketValueFromOffset (app/services/parser-map.js:133:28)
      at extractBlanketValues (app/services/parser-map.js:70:25)
      at Object.mapParser [as parse] (app/services/parsers/kepak/model1.js:47:33)
      at Object.parse (app/services/model-parsers.js:174:51)
      at Object.parse [as generateParsedPackingList] (app/services/parsers/parser-factory.js:54:42)
      at generateParsedPackingList (app/services/parser-service.js:32:34)

  console.info
    Whilst running the 'matches()' method in 'app\services\matchers\giovanni\model1.js', the PLP application logged info: Packing list matches giovanni Model 1 with filename: packinglist-kepak-model1.xlsx

      at Object.info [as logInfo] (app/utilities/logger.js:20:11)

  console.info
    Whilst running the 'matches()' method in 'app\services\matchers\giovanni\model1.js', the PLP application logged info: Packing list matches giovanni Model 1 with filename: packinglist-kepak-model1.xlsx

      at Object.info [as logInfo] (app/utilities/logger.js:20:11)

  console.info
    Whilst running the 'matches()' method in 'app\services\matchers\giovanni\model1.js', the PLP application logged info: Packing list matches giovanni Model 1 with filename: packinglist-kepak-model1.xlsx

      at Object.info [as logInfo] (app/utilities/logger.js:20:11)

  console.info
    Whilst running the 'matches()' method in 'app\services\matchers\giovanni\model1.js', the PLP application logged info: Packing list matches giovanni Model 1 with filename: packinglist-kepak-model1.xlsx

      at Object.info [as logInfo] (app/utilities/logger.js:20:11)

  console.info
    Whilst running the 'matches()' method in 'app\services\matchers\giovanni\model1.js', the PLP application logged info: Packing list matches giovanni Model 1 with filename: packinglist-kepak-model1.xlsx

      at Object.info [as logInfo] (app/utilities/logger.js:20:11)

  console.info
    Whilst running the 'matches()' method in 'app\services\matchers\giovanni\model1.js', the PLP application logged info: Packing list matches giovanni Model 1 with filename: packinglist-kepak-model1.xlsx

      at Object.info [as logInfo] (app/utilities/logger.js:20:11)

  console.info
    Whilst running the 'matches()' method in 'app\services\matchers\giovanni\model1.js', the PLP application logged info: Packing list matches giovanni Model 1 with filename: packinglist-kepak-model1.xlsx

      at Object.info [as logInfo] (app/utilities/logger.js:20:11)

  console.info
    Whilst running the 'matches()' method in 'app\services\matchers\giovanni\model1.js', the PLP application logged info: Packing list matches giovanni Model 1 with filename: packinglist-kepak-model1.xlsx

      at Object.info [as logInfo] (app/utilities/logger.js:20:11)

  console.info
    Whilst running the 'matches()' method in 'app\services\matchers\giovanni\model1.js', the PLP application logged info: Packing list matches giovanni Model 1 with filename: packinglist-kepak-model1.xlsx

      at Object.info [as logInfo] (app/utilities/logger.js:20:11)

  console.info
    Whilst running the 'matches()' method in 'app\services\matchers\giovanni\model1.js', the PLP application logged info: Packing list matches giovanni Model 1 with filename: packinglist-kepak-model1.xlsx

      at Object.info [as logInfo] (app/utilities/logger.js:20:11)

  console.info
    Whilst running the 'matches()' method in 'app\services\matchers\giovanni\model1.js', the PLP application logged info: Packing list matches giovanni Model 1 with filename: packinglist-kepak-model1.xlsx

      at Object.info [as logInfo] (app/utilities/logger.js:20:11)

PASS test/unit/services/parser-service/kepak/model1.test.js
  matchesKepakModel1
    ÔêÜ matches valid Kepak Model 1 file, calls parser and returns 
all_required_fields_present as true (12 ms)
    ÔêÜ matches valid Kepak Model 1 file, calls parser, but returns 
all_required_fields_present as false when cells missing (3 ms)
    ÔêÜ returns 'No Match' for incorrect file extension (1 ms)
    ÔêÜ matches valid KEPAK Model 1 file, calls parser and returns 
all_required_fields_present as false for multiple rms (3 ms)
    ÔêÜ matches valid KEPAK Model 1 file, calls parser and returns 
all_required_fields_present as false for missing kg unit (3 ms)
    ÔêÜ AC1: matches KEPAK Model 1 file, returns all_required_fields_present 
as false for missing NIRMS statement (6 ms)
    ÔêÜ AC2: matches KEPAK Model 1 file, returns all_required_fields_present 
as false for null CoO value (2 ms)
    ÔêÜ AC3: matches KEPAK Model 1 file, returns all_required_fields_present 
as false for invalid CoO value (2 ms)
    ÔêÜ AC4: matches KEPAK Model 1 file, returns all_required_fields_present 
as false for multiple null CoO values (2 ms)
    ÔêÜ AC5: matches KEPAK Model 1 file, returns all_required_fields_present 
as false for multiple invalid CoO values (2 ms)
    ÔêÜ AC6: matches KEPAK Model 1 file, returns all_required_fields_present 
as true for CoO value X or x (2 ms)
    ÔêÜ AC7: matches KEPAK Model 1 file, returns all_required_fields_present 
as false for prohibited item with treatment type (2 ms)
    ÔêÜ AC8: matches KEPAK Model 1 file, returns all_required_fields_present 
as false for multiple prohibited items with treatment type (3 ms)
    ÔêÜ AC9: matches KEPAK Model 1 file, returns all_required_fields_present 
as false for prohibited item without treatment type (4 ms)
    ÔêÜ AC10: matches KEPAK Model 1 file, returns all_required_fields_present 
as false for multiple prohibited items without treatment type (2 ms)
    ÔêÜ AC11: matches KEPAK Model 1 file, returns all_required_fields_present 
as false for null treatment type with null identifier (2 ms)

  console.log
    MDM Config loaded: {
      apiUrl: undefined,
      subscriptionKey: 'undefined',
      authUrl: undefined,
      clientId: undefined,
      scope: undefined
    }

      at Object.log (app/config/mdm-config.js:28:9)

  console.info
    Whilst running the 'matches()' method in 'app\services\matchers\nisa\model2.js', the PLP application logged info: Packing list matches nisa Model 2 with filename: packinglist-nisa-model2.xlsx

      at Object.info [as logInfo] (app/utilities/logger.js:20:11)

  console.info
    Whilst running the 'matches()' method in 'app\services\matchers\nisa\model2.js', the PLP application logged info: Packing list matches nisa Model 2 with filename: packinglist-nisa-model2.xlsx

      at Object.info [as logInfo] (app/utilities/logger.js:20:11)

  console.info
    Whilst running the 'findParser' method in 'app\services\parsers\parser-factory.js', the PLP application logged info: Failed to parse packing list with filename: packinglist.wrong, no match

      at Object.info [as logInfo] (app/utilities/logger.js:20:11)

  console.info
    Whilst running the 'matches()' method in 'app\services\matchers\nisa\model2.js', the PLP application logged info: Packing list matches nisa Model 2 with filename: packinglist-nisa-model2.xlsx

      at Object.info [as logInfo] (app/utilities/logger.js:20:11)

  console.info
    Whilst running the 'matches()' method in 'app\services\matchers\nisa\model2.js', the PLP application logged info: Packing list matches nisa Model 2 with filename: packinglist-nisa-model2.xlsx

      at Object.info [as logInfo] (app/utilities/logger.js:20:11)

  console.info
    Whilst running the 'matches()' method in 'app\services\matchers\nisa\model2.js', the PLP application logged info: Packing list matches nisa Model 2 with filename: packinglist-nisa-model2.xlsx

      at Object.info [as logInfo] (app/utilities/logger.js:20:11)

  console.info
    Whilst running the 'matches()' method in 'app\services\matchers\nisa\model2.js', the PLP application logged info: Packing list matches nisa Model 2 with filename: packinglist-nisa-model2.xlsx

      at Object.info [as logInfo] (app/utilities/logger.js:20:11)

  console.info
    Whilst running the 'matches()' method in 'app\services\matchers\nisa\model2.js', the PLP application logged info: Packing list matches nisa Model 2 with filename: packinglist-nisa-model2.xlsx

      at Object.info [as logInfo] (app/utilities/logger.js:20:11)

  console.info
    Whilst running the 'matches()' method in 'app\services\matchers\nisa\model2.js', the PLP application logged info: Packing list matches nisa Model 2 with filename: packinglist-nisa-model2.xlsx

      at Object.info [as logInfo] (app/utilities/logger.js:20:11)

  console.info
    Whilst running the 'matches()' method in 'app\services\matchers\nisa\model2.js', the PLP application logged info: Packing list matches nisa Model 2 with filename: packinglist-nisa-model2.xlsx

      at Object.info [as logInfo] (app/utilities/logger.js:20:11)

  console.info
    Whilst running the 'matches()' method in 'app\services\matchers\nisa\model2.js', the PLP application logged info: Packing list matches nisa Model 2 with filename: packinglist-nisa-model2.xlsx

      at Object.info [as logInfo] (app/utilities/logger.js:20:11)

  console.info
    Whilst running the 'matches()' method in 'app\services\matchers\nisa\model2.js', the PLP application logged info: Packing list matches nisa Model 2 with filename: packinglist-nisa-model2.xlsx

      at Object.info [as logInfo] (app/utilities/logger.js:20:11)

  console.info
    Whilst running the 'matches()' method in 'app\services\matchers\nisa\model2.js', the PLP application logged info: Packing list matches nisa Model 2 with filename: packinglist-nisa-model2.xlsx

      at Object.info [as logInfo] (app/utilities/logger.js:20:11)

  console.info
    Whilst running the 'matches()' method in 'app\services\matchers\nisa\model2.js', the PLP application logged info: Packing list matches nisa Model 2 with filename: packinglist-nisa-model2.xlsx

      at Object.info [as logInfo] (app/utilities/logger.js:20:11)

  console.info
    Whilst running the 'matches()' method in 'app\services\matchers\nisa\model2.js', the PLP application logged info: Packing list matches nisa Model 2 with filename: packinglist-nisa-model2.xlsx

      at Object.info [as logInfo] (app/utilities/logger.js:20:11)

  console.info
    Whilst running the 'matches()' method in 'app\services\matchers\nisa\model2.js', the PLP application logged info: Packing list matches nisa Model 2 with filename: packinglist-nisa-model2.xlsx

      at Object.info [as logInfo] (app/utilities/logger.js:20:11)

  console.info
    Whilst running the 'matches()' method in 'app\services\matchers\nisa\model2.js', the PLP application logged info: Packing list matches nisa Model 2 with filename: packinglist-nisa-model2.xlsx

      at Object.info [as logInfo] (app/utilities/logger.js:20:11)

  console.info
    Whilst running the 'matches()' method in 'app\services\matchers\nisa\model2.js', the PLP application logged info: Packing list matches nisa Model 2 with filename: packinglist-nisa-model2.xlsx

      at Object.info [as logInfo] (app/utilities/logger.js:20:11)

  console.info
    Whilst running the 'matches()' method in 'app\services\matchers\nisa\model2.js', the PLP application logged info: Packing list matches nisa Model 2 with filename: packinglist-nisa-model2.xlsx

      at Object.info [as logInfo] (app/utilities/logger.js:20:11)

  console.info
    Whilst running the 'matches()' method in 'app\services\matchers\nisa\model2.js', the PLP application logged info: Packing list matches nisa Model 2 with filename: packinglist-nisa-model2.xlsx

      at Object.info [as logInfo] (app/utilities/logger.js:20:11)

  console.info
    Whilst running the 'matches()' method in 'app\services\matchers\nisa\model2.js', the PLP application logged info: Packing list matches nisa Model 2 with filename: packinglist-nisa-model2.xlsx

      at Object.info [as logInfo] (app/utilities/logger.js:20:11)

PASS test/unit/services/parser-service/nisa/model2.test.js
  matchesNisaModel2
    ÔêÜ matches valid Nisa Model 2 file, calls parser and returns 
all_required_fields_present as true (9 ms)
    ÔêÜ matches valid Nisa Model 2 file, calls parser, but returns 
all_required_fields_present as false when cells missing (2 ms)
    ÔêÜ returns 'No Match' for incorrect file extension (1 ms)
    ÔêÜ matches valid Nisa Model 2 file, calls parser and returns 
all_required_fields_present as false for multiple rms (2 ms)
    ÔêÜ matches valid Nisa Model 2 file, calls parser and returns 
all_required_fields_present as false for missing kg unit (1 ms)
    ÔêÜ matches valid Nisa Model 2 file, calls parser and returns 
all_required_fields_present as false for missing mandatory data (2 ms)
  Nisa 2 CoO Validation Tests - Type 1
    ÔêÜ Valid packing list with conventional NIRMS values - passes all 
validation (2 ms)
    ÔêÜ BAC1: NOT within NIRMS Scheme - passes validation (2 ms)
    ÔêÜ BAC2: Null NIRMS value - validation errors (2 ms)
    ÔêÜ BAC3: Invalid NIRMS value - validation errors (2 ms)
    ÔêÜ BAC4: Null NIRMS value, more than 3 - multiple validation errors (1 ms)
    ÔêÜ BAC5: Invalid NIRMS value, more than 3 - multiple validation errors (1 
ms)
    ÔêÜ BAC6: Null CoO Value - validation errors (2 ms)
    ÔêÜ BAC7: Invalid CoO Value - validation errors (1 ms)
    ÔêÜ BAC8: Null CoO Value, more than 3 - multiple validation errors (2 ms)
    ÔêÜ BAC9: Invalid CoO Value, more than 3 - multiple validation errors (1 
ms)
    ÔêÜ BAC10: CoO Placeholder X - passes validation (1 ms)
    ÔêÜ BAC11: Prohibited Item with Treatment Type - validation errors (6 ms)
    ÔêÜ BAC12: Prohibited Items, more than 3 (Treatment Type specified) - 
multiple validation errors (1 ms)
    ÔêÜ BAC13: Prohibited Item without Treatment Type - validation errors (1 
ms)
    ÔêÜ BAC14: Prohibited Items, more than 3 (no Treatment Type specified) - 
multiple validation errors (2 ms)

  console.log
    MDM Config loaded: {
      apiUrl: undefined,
      subscriptionKey: 'undefined',
      authUrl: undefined,
      clientId: undefined,
      scope: undefined
    }

      at Object.log (app/config/mdm-config.js:28:9)

  console.info
    Whilst running the 'matches()' method in 'app\services\matchers\tescos\model1.js', the PLP application logged info: Packing list matches tescos Model 1 with filename: PackingListTesco1.xlsx

      at Object.info [as logInfo] (app/utilities/logger.js:20:11)

  console.info
    Whilst running the 'matches()' method in 'app\services\matchers\tescos\model1.js', the PLP application logged info: Packing list matches tescos Model 1 with filename: PackingListTesco1.xlsx

      at Object.info [as logInfo] (app/utilities/logger.js:20:11)

  console.info
    Whilst running the 'findParser' method in 'app\services\parsers\parser-factory.js', the PLP application logged info: Failed to parse packing list with filename: packinglist.wrong, no match

      at Object.info [as logInfo] (app/utilities/logger.js:20:11)

  console.info
    Whilst running the 'matches()' method in 'app\services\matchers\tescos\model1.js', the PLP application logged info: Packing list matches tescos Model 1 with filename: PackingListTesco1.xlsx

      at Object.info [as logInfo] (app/utilities/logger.js:20:11)

  console.info
    Whilst running the 'matches()' method in 'app\services\matchers\tescos\model1.js', the PLP application logged info: Packing list matches tescos Model 1 with filename: PackingListTesco1.xlsx

      at Object.info [as logInfo] (app/utilities/logger.js:20:11)

PASS test/unit/services/parser-service/tescos/model1.test.js
  matchesTescosModel1
    ÔêÜ matches valid Tescos Model 1 file, calls parser and returns 
all_required_fields_present as true (10 ms)
    ÔêÜ matches valid Tescos Model 1 file, calls parser, but returns 
all_required_fields_present as false when cells missing (2 ms)
    ÔêÜ returns 'No Match' for incorrect file extension (1 ms)
    ÔêÜ matches valid Tesco Model 1 file, calls parser and returns 
all_required_fields_present as false for multiple rms (2 ms)
    ÔêÜ matches valid Tesco Model 1 file, calls parser and returns 
all_required_fields_present as false for missing kg unit (2 ms)

  console.log
    MDM Config loaded: {
      apiUrl: undefined,
      subscriptionKey: 'undefined',
      authUrl: undefined,
      clientId: undefined,
      scope: undefined
    }

      at Object.log (app/config/mdm-config.js:28:9)

  console.info
    Whilst running the 'matches()' method in 'app\services\matchers\warrens\model2.js', the PLP application logged info: Packing list matches Warrens 2 with filename: packinglist.xlsx

      at Object.info [as logInfo] (app/utilities/logger.js:20:11)

  console.info
    Whilst running the 'matches()' method in 'app\services\matchers\warrens\model2.js', the PLP application logged info: Packing list matches Warrens 2 with filename: packinglist.xlsx

      at Object.info [as logInfo] (app/utilities/logger.js:20:11)

  console.info
    Whilst running the 'findParser' method in 'app\services\parsers\parser-factory.js', the PLP application logged info: Failed to parse packing list with filename: packinglist.wrong, no match

      at Object.info [as logInfo] (app/utilities/logger.js:20:11)

  console.info
    Whilst running the 'matches()' method in 'app\services\matchers\warrens\model2.js', the PLP application logged info: Packing list matches Warrens 2 with filename: packinglist.xlsx

      at Object.info [as logInfo] (app/utilities/logger.js:20:11)

  console.info
    Whilst running the 'matches()' method in 'app\services\matchers\warrens\model2.js', the PLP application logged info: Packing list matches Warrens 2 with filename: packinglist.xlsx

      at Object.info [as logInfo] (app/utilities/logger.js:20:11)

  console.info
    Whilst running the 'matches()' method in 'app\services\matchers\warrens\model2.js', the PLP application logged info: Packing list matches Warrens 2 with filename: packinglist.xlsx

      at Object.info [as logInfo] (app/utilities/logger.js:20:11)

  console.info
    Whilst running the 'matches()' method in 'app\services\matchers\warrens\model2.js', the PLP application logged info: Packing list matches Warrens 2 with filename: packinglist.xlsx

      at Object.info [as logInfo] (app/utilities/logger.js:20:11)

  console.info
    Whilst running the 'matches()' method in 'app\services\matchers\warrens\model2.js', the PLP application logged info: Packing list matches Warrens 2 with filename: packinglist.xlsx

      at Object.info [as logInfo] (app/utilities/logger.js:20:11)

  console.info
    Whilst running the 'matches()' method in 'app\services\matchers\warrens\model2.js', the PLP application logged info: Packing list matches Warrens 2 with filename: packinglist.xlsx

      at Object.info [as logInfo] (app/utilities/logger.js:20:11)

  console.info
    Whilst running the 'matches()' method in 'app\services\matchers\warrens\model2.js', the PLP application logged info: Packing list matches Warrens 2 with filename: packinglist.xlsx

      at Object.info [as logInfo] (app/utilities/logger.js:20:11)

  console.info
    Whilst running the 'matches()' method in 'app\services\matchers\warrens\model2.js', the PLP application logged info: Packing list matches Warrens 2 with filename: packinglist.xlsx

      at Object.info [as logInfo] (app/utilities/logger.js:20:11)

  console.info
    Whilst running the 'matches()' method in 'app\services\matchers\warrens\model2.js', the PLP application logged info: Packing list matches Warrens 2 with filename: packinglist.xlsx

      at Object.info [as logInfo] (app/utilities/logger.js:20:11)

  console.info
    Whilst running the 'matches()' method in 'app\services\matchers\warrens\model2.js', the PLP application logged info: Packing list matches Warrens 2 with filename: packinglist.xlsx

      at Object.info [as logInfo] (app/utilities/logger.js:20:11)

  console.info
    Whilst running the 'matches()' method in 'app\services\matchers\warrens\model2.js', the PLP application logged info: Packing list matches Warrens 2 with filename: packinglist.xlsx

      at Object.info [as logInfo] (app/utilities/logger.js:20:11)

  console.info
    Whilst running the 'matches()' method in 'app\services\matchers\warrens\model2.js', the PLP application logged info: Packing list matches Warrens 2 with filename: packinglist.xlsx

      at Object.info [as logInfo] (app/utilities/logger.js:20:11)

  console.info
    Whilst running the 'matches()' method in 'app\services\matchers\warrens\model2.js', the PLP application logged info: Packing list matches Warrens 2 with filename: packinglist.xlsx

      at Object.info [as logInfo] (app/utilities/logger.js:20:11)

  console.info
    Whilst running the 'matches()' method in 'app\services\matchers\warrens\model2.js', the PLP application logged info: Packing list matches Warrens 2 with filename: packinglist.xlsx

      at Object.info [as logInfo] (app/utilities/logger.js:20:11)

  console.info
    Whilst running the 'matches()' method in 'app\services\matchers\warrens\model2.js', the PLP application logged info: Packing list matches Warrens 2 with filename: packinglist.xlsx

      at Object.info [as logInfo] (app/utilities/logger.js:20:11)

  console.info
    Whilst running the 'matches()' method in 'app\services\matchers\warrens\model2.js', the PLP application logged info: Packing list matches Warrens 2 with filename: packinglist.xlsx

      at Object.info [as logInfo] (app/utilities/logger.js:20:11)

  console.info
    Whilst running the 'matches()' method in 'app\services\matchers\warrens\model2.js', the PLP application logged info: Packing list matches Warrens 2 with filename: packinglist.xlsx

      at Object.info [as logInfo] (app/utilities/logger.js:20:11)

PASS test/unit/services/parser-service/warrens/model2.test.js
  matchesWarrensModel2
    ÔêÜ matches valid Warrens Model 2 file, calls parser and returns 
all_required_fields_present as true (10 ms)
    ÔêÜ matches valid Warrens Model 2 file, calls parser, but returns 
all_required_fields_present as false when cells missing (3 ms)
    ÔêÜ returns 'No Match' for incorrect file extension (1 ms)
    ÔêÜ matches valid Warrens Model 2 file, calls parser and returns 
all_required_fields_present as false for multiple rms (2 ms)
    ÔêÜ matches valid Warrens Model 2 file, calls parser and returns 
all_required_fields_present as false for missing kg unit (2 ms)
  Warrens 2 CoO Validation Tests - Type 1
    ÔêÜ BAC1: NOT within NIRMS Scheme - passes validation (2 ms)
    ÔêÜ BAC2: Null NIRMS value - validation errors (2 ms)
    ÔêÜ BAC3: Invalid NIRMS value - validation errors (2 ms)
    ÔêÜ BAC4: Null NIRMS value, more than 3 - validation errors with summary 
(5 ms)
    ÔêÜ BAC5: Invalid NIRMS value, more than 3 - validation errors with 
summary (3 ms)
    ÔêÜ BAC6: Null CoO Value - validation errors (2 ms)
    ÔêÜ BAC7: Invalid CoO Value - validation errors (1 ms)
    ÔêÜ BAC8: Null CoO Value, more than 3 - validation errors with summary (2 
ms)
    ÔêÜ BAC9: Invalid CoO Value, more than 3 - validation errors with summary 
(1 ms)
    ÔêÜ BAC10: CoO Value is X or x - passes validation (2 ms)
    ÔêÜ BAC11: Item Present on Prohibited Item List (Treatment Type specified) 
- validation errors (1 ms)
    ÔêÜ BAC12: Item Present on Prohibited Item List, more than 3 (Treatment 
Type specified) - validation errors with summary (1 ms)
    ÔêÜ BAC13: Item Present on Prohibited Item List (no Treatment Type 
specified) - validation errors (2 ms)
    ÔêÜ BAC14: Item Present on Prohibited Item List, more than 3 (no Treatment 
Type specified) - validation errors with summary (1 ms)
    ÔêÜ Valid CoO Validation: Complete packing list with all fields valid (2 
ms)

  console.log
    MDM Config loaded: {
      apiUrl: undefined,
      subscriptionKey: 'undefined',
      authUrl: undefined,
      clientId: undefined,
      scope: undefined
    }

      at Object.log (app/config/mdm-config.js:28:9)

  console.info
    Whilst running the 'matches()' method in 'app\services\matchers\booker\model2.js', the PLP application logged info: Packing list matches Booker Model 2 with filename: packinglist-booker-model2.xls

      at Object.info [as logInfo] (app/utilities/logger.js:20:11)

  console.info
    Whilst running the 'matches()' method in 'app\services\matchers\booker\model2.js', the PLP application logged info: Packing list matches Booker Model 2 with filename: packinglist-booker-model2.xls

      at Object.info [as logInfo] (app/utilities/logger.js:20:11)

  console.info
    Whilst running the 'findParser' method in 'app\services\parsers\parser-factory.js', the PLP application logged info: Failed to parse packing list with filename: packinglist.wrong, no match

      at Object.info [as logInfo] (app/utilities/logger.js:20:11)

PASS test/unit/services/parser-service/booker/model2.test.js
  matchesBookerModel2
    ÔêÜ matches valid Booker Model 2 file, calls parser and returns 
all_required_fields_present as true (14 ms)
    ÔêÜ matches valid Booker Model 2 file, calls parser, but returns 
all_required_fields_present as false when cells missing (2 ms)
    ÔêÜ returns 'No Match' for incorrect file extension (1 ms)

  console.log
    MDM Config loaded: {
      apiUrl: undefined,
      subscriptionKey: 'undefined',
      authUrl: undefined,
      clientId: undefined,
      scope: undefined
    }

      at Object.log (app/config/mdm-config.js:28:9)

  console.info
    Whilst running the 'matches()' method in 'app\services\matchers\davenport\model1.js', the PLP application logged info: Packing list matches davenport Model 1 with filename: packinglist-davenport-model1.xlsx

      at Object.info [as logInfo] (app/utilities/logger.js:20:11)

  console.info
    Whilst running the 'matches()' method in 'app\services\matchers\davenport\model1.js', the PLP application logged info: Packing list matches davenport Model 1 with filename: packinglist-davenport-model1.xlsx

      at Object.info [as logInfo] (app/utilities/logger.js:20:11)

  console.info
    Whilst running the 'findParser' method in 'app\services\parsers\parser-factory.js', the PLP application logged info: Failed to parse packing list with filename: packinglist.wrong, no match

      at Object.info [as logInfo] (app/utilities/logger.js:20:11)

  console.info
    Whilst running the 'matches()' method in 'app\services\matchers\davenport\model1.js', the PLP application logged info: Packing list matches davenport Model 1 with filename: packinglist-davenport-model1.xlsx

      at Object.info [as logInfo] (app/utilities/logger.js:20:11)

  console.info
    Whilst running the 'matches()' method in 'app\services\matchers\davenport\model1.js', the PLP application logged info: Packing list matches davenport Model 1 with filename: packinglist-davenport-model1.xlsx

      at Object.info [as logInfo] (app/utilities/logger.js:20:11)

PASS test/unit/services/parser-service/davenport/model1.test.js
  matchesDavenportModel1
    ÔêÜ matches valid Davenport Model 1 file, calls parser and returns 
all_required_fields_present as true (9 ms)
    ÔêÜ matches valid Davenport Model 1 file, calls parser, but returns 
all_required_fields_present as false when cells missing (6 ms)
    ÔêÜ returns 'No Match' for incorrect file extension
    ÔêÜ matches valid Davenport Model 1 file, calls parser and returns 
all_required_fields_present as false for multiple rms (1 ms)
    ÔêÜ matches valid Davenport Model 1 file, calls parser and returns 
all_required_fields_present as false for missing kg unit (1 ms)

  console.log
    MDM Config loaded: {
      apiUrl: undefined,
      subscriptionKey: 'undefined',
      authUrl: undefined,
      clientId: undefined,
      scope: undefined
    }

      at Object.log (app/config/mdm-config.js:28:9)

  console.info
    Whilst running the 'matches()' method in 'app\services\matchers\warrens\model2.js', the PLP application logged info: Packing list matches Warrens 2 with filename: packinglist.xlsx

      at Object.info [as logInfo] (app/utilities/logger.js:20:11)

  console.info
    Whilst running the 'matches()' method in 'app\services\matchers\warrens\model2.js', the PLP application logged info: Packing list matches Warrens 2 with filename: packinglist.xlsx

      at Object.info [as logInfo] (app/utilities/logger.js:20:11)

  console.info
    Whilst running the 'findParser' method in 'app\services\parsers\parser-factory.js', the PLP application logged info: Failed to parse packing list with filename: packinglist.wrong, no match

      at Object.info [as logInfo] (app/utilities/logger.js:20:11)

  console.info
    Whilst running the 'matches()' method in 'app\services\matchers\warrens\model2.js', the PLP application logged info: Packing list matches Warrens 2 with filename: packinglist.xlsx

      at Object.info [as logInfo] (app/utilities/logger.js:20:11)

  console.info
    Whilst running the 'matches()' method in 'app\services\matchers\warrens\model2.js', the PLP application logged info: Packing list matches Warrens 2 with filename: packinglist.xlsx

      at Object.info [as logInfo] (app/utilities/logger.js:20:11)

  console.info
    Whilst running the 'matches()' method in 'app\services\matchers\warrens\model2.js', the PLP application logged info: Packing list matches Warrens 2 with filename: packinglist.xlsx

      at Object.info [as logInfo] (app/utilities/logger.js:20:11)

  console.info
    Whilst running the 'matches()' method in 'app\services\matchers\warrens\model2.js', the PLP application logged info: Packing list matches Warrens 2 with filename: packinglist.xlsx

      at Object.info [as logInfo] (app/utilities/logger.js:20:11)

  console.info
    Whilst running the 'matches()' method in 'app\services\matchers\warrens\model2.js', the PLP application logged info: Packing list matches Warrens 2 with filename: packinglist.xlsx

      at Object.info [as logInfo] (app/utilities/logger.js:20:11)

  console.info
    Whilst running the 'matches()' method in 'app\services\matchers\warrens\model2.js', the PLP application logged info: Packing list matches Warrens 2 with filename: packinglist.xlsx

      at Object.info [as logInfo] (app/utilities/logger.js:20:11)

  console.info
    Whilst running the 'matches()' method in 'app\services\matchers\warrens\model2.js', the PLP application logged info: Packing list matches Warrens 2 with filename: packinglist.xlsx

      at Object.info [as logInfo] (app/utilities/logger.js:20:11)

  console.info
    Whilst running the 'matches()' method in 'app\services\matchers\warrens\model2.js', the PLP application logged info: Packing list matches Warrens 2 with filename: packinglist.xlsx

      at Object.info [as logInfo] (app/utilities/logger.js:20:11)

  console.info
    Whilst running the 'matches()' method in 'app\services\matchers\warrens\model2.js', the PLP application logged info: Packing list matches Warrens 2 with filename: packinglist.xlsx

      at Object.info [as logInfo] (app/utilities/logger.js:20:11)

  console.info
    Whilst running the 'matches()' method in 'app\services\matchers\warrens\model2.js', the PLP application logged info: Packing list matches Warrens 2 with filename: packinglist.xlsx

      at Object.info [as logInfo] (app/utilities/logger.js:20:11)

  console.info
    Whilst running the 'matches()' method in 'app\services\matchers\warrens\model2.js', the PLP application logged info: Packing list matches Warrens 2 with filename: packinglist.xlsx

      at Object.info [as logInfo] (app/utilities/logger.js:20:11)

  console.info
    Whilst running the 'matches()' method in 'app\services\matchers\warrens\model2.js', the PLP application logged info: Packing list matches Warrens 2 with filename: packinglist.xlsx

      at Object.info [as logInfo] (app/utilities/logger.js:20:11)

  console.info
    Whilst running the 'matches()' method in 'app\services\matchers\warrens\model2.js', the PLP application logged info: Packing list matches Warrens 2 with filename: packinglist.xlsx

      at Object.info [as logInfo] (app/utilities/logger.js:20:11)

  console.info
    Whilst running the 'matches()' method in 'app\services\matchers\warrens\model2.js', the PLP application logged info: Packing list matches Warrens 2 with filename: packinglist.xlsx

      at Object.info [as logInfo] (app/utilities/logger.js:20:11)

  console.info
    Whilst running the 'matches()' method in 'app\services\matchers\warrens\model2.js', the PLP application logged info: Packing list matches Warrens 2 with filename: packinglist.xlsx

      at Object.info [as logInfo] (app/utilities/logger.js:20:11)

  console.info
    Whilst running the 'matches()' method in 'app\services\matchers\warrens\model2.js', the PLP application logged info: Packing list matches Warrens 2 with filename: packinglist.xlsx

      at Object.info [as logInfo] (app/utilities/logger.js:20:11)

  console.info
    Whilst running the 'matches()' method in 'app\services\matchers\warrens\model2.js', the PLP application logged info: Packing list matches Warrens 2 with filename: packinglist.xlsx

      at Object.info [as logInfo] (app/utilities/logger.js:20:11)

PASS test/unit/services/parser-service/fowlerwelch/model2.test.js
  matchesFowlerwelchModel2
    ÔêÜ matches valid Fowlerwelch Model 2 file, calls parser and returns 
all_required_fields_present as true (11 ms)
    ÔêÜ matches valid Fowlerwelch Model 2 file, calls parser, but returns 
all_required_fields_present as false when cells missing (2 ms)
    ÔêÜ returns 'No Match' for incorrect file extension (1 ms)
    ÔêÜ matches valid Fowlerwelch Model 2 file, calls parser and returns 
all_required_fields_present as false for multiple rms (1 ms)
    ÔêÜ matches valid Fowlerwelch Model 2 file, calls parser and returns 
all_required_fields_present as false for missing kg unit (2 ms)
  Fowlerwelch 2 CoO Validation Tests
    ÔêÜ BAC1: NOT within NIRMS Scheme - passes validation (2 ms)
    ÔêÜ BAC2: Null NIRMS value - validation errors (1 ms)
    ÔêÜ BAC3: Invalid NIRMS value - validation errors (2 ms)
    ÔêÜ BAC4: Null NIRMS value, more than 3 - validation errors with summary 
(1 ms)
    ÔêÜ BAC5: Invalid NIRMS value, more than 3 - validation errors with 
summary (1 ms)
    ÔêÜ BAC6: Null CoO Value - validation errors (2 ms)
    ÔêÜ BAC7: Invalid CoO Value - validation errors (2 ms)
    ÔêÜ BAC8: Null CoO Value, more than 3 - validation errors with summary (2 
ms)
    ÔêÜ BAC9: Invalid CoO Value, more than 3 - validation errors with summary 
(1 ms)
    ÔêÜ BAC10: CoO Value is X or x - passes validation (2 ms)
    ÔêÜ BAC11: Item Present on Prohibited Item List (Treatment Type specified) 
- validation errors (1 ms)
    ÔêÜ BAC12: Item Present on Prohibited Item List, more than 3 (Treatment 
Type specified) - validation errors with summary (1 ms)
    ÔêÜ BAC13: Item Present on Prohibited Item List (no Treatment Type 
specified) - validation errors (1 ms)
    ÔêÜ BAC14: Item Present on Prohibited Item List, more than 3 (no Treatment 
Type specified) - validation errors with summary (1 ms)
    ÔêÜ Valid CoO Validation: Complete packing list with all fields valid (1 
ms)

  console.log
    MDM Config loaded: {
      apiUrl: undefined,
      subscriptionKey: 'undefined',
      authUrl: undefined,
      clientId: undefined,
      scope: undefined
    }

      at Object.log (app/config/mdm-config.js:28:9)

  console.info
    Whilst running the 'matches()' method in 'app\services\matchers\asda\model2.js', the PLP application logged info: Packing list matches Asda Model 2 with filename: packinglist-asda-model2.xls

      at Object.info [as logInfo] (app/utilities/logger.js:20:11)

  console.info
    Whilst running the 'matches()' method in 'app\services\matchers\asda\model2.js', the PLP application logged info: Packing list matches Asda Model 2 with filename: packinglist-asda-model2.xls

      at Object.info [as logInfo] (app/utilities/logger.js:20:11)

  console.info
    Whilst running the 'findParser' method in 'app\services\parsers\parser-factory.js', the PLP application logged info: Failed to parse packing list with filename: packinglist.wrong, no match

      at Object.info [as logInfo] (app/utilities/logger.js:20:11)

PASS test/unit/services/parser-service/asda/model2.test.js
  matchesAsdaModel2
    ÔêÜ matches valid Asda Model 2 file, calls parser and returns 
all_required_fields_present as true (7 ms)
    ÔêÜ matches valid Asda Model 2 file, calls parser, but returns 
all_required_fields_present as false when cells missing (2 ms)
    ÔêÜ returns 'No Match' for incorrect file extension (1 ms)

  console.log
    MDM Config loaded: {
      apiUrl: undefined,
      subscriptionKey: 'undefined',
      authUrl: undefined,
      clientId: undefined,
      scope: undefined
    }

      at Object.log (app/config/mdm-config.js:28:9)

  console.info
    Whilst running the 'matches()' method in 'app\services\matchers\mars\model1.js', the PLP application logged info: Packing list matches Mars Model 1 with filename: packinglist-mars-model1.xlsx

      at Object.info [as logInfo] (app/utilities/logger.js:20:11)

  console.info
    Whilst running the 'matches()' method in 'app\services\matchers\mars\model1.js', the PLP application logged info: Packing list matches Mars Model 1 with filename: packinglist-mars-model1.xlsx

      at Object.info [as logInfo] (app/utilities/logger.js:20:11)

  console.info
    Whilst running the 'findParser' method in 'app\services\parsers\parser-factory.js', the PLP application logged info: Failed to parse packing list with filename: packinglist.wrong, no match

      at Object.info [as logInfo] (app/utilities/logger.js:20:11)

  console.info
    Whilst running the 'matches()' method in 'app\services\matchers\mars\model1.js', the PLP application logged info: Packing list matches Mars Model 1 with filename: packinglist-mars-model1.xlsx

      at Object.info [as logInfo] (app/utilities/logger.js:20:11)

  console.info
    Whilst running the 'matches()' method in 'app\services\matchers\mars\model1.js', the PLP application logged info: Packing list matches Mars Model 1 with filename: packinglist-mars-model1.xlsx

      at Object.info [as logInfo] (app/utilities/logger.js:20:11)

  console.log
    {
      registration_approval_number: 'RMS-GB-000213-001',
      items: [
        {
          description: 'DO BOL ORIGINAL LIGHT 6X500G GB/IR',
          nature_of_products: null,
          type_of_treatment: 'Ambient',
          commodity_code: '21032000',
          number_of_packages: 8,
          total_net_weight_kg: 24,
          total_net_weight_unit: null,
          country_of_origin: null,
          nirms: 'Red Lane - No OCR',
          row_location: [Object]
        }
      ],
      business_checks: {
        all_required_fields_present: false,
        failure_reasons: 'Net Weight Unit of Measure (kg) not found.\n'
      },
      parserModel: 'mars-1',
      establishment_numbers: [ 'RMS-GB-000213-001' ],
      unitInHeader: true,
      validateCountryOfOrigin: true,
      blanketNirms: false,
      dispatchLocationNumber: undefined
    }

      at Object.log (test/unit/services/parser-service/mars/model1.test.js:53:13)

  console.info
    Whilst running the 'matches()' method in 'app\services\matchers\mars\model1.js', the PLP application logged info: Packing list matches Mars Model 1 with filename: packinglist-mars-model1.xlsx

      at Object.info [as logInfo] (app/utilities/logger.js:20:11)

  console.info
    Whilst running the 'matches()' method in 'app\services\matchers\mars\model1.js', the PLP application logged info: Packing list matches Mars Model 1 with filename: packinglist-mars-model1.xlsx

      at Object.info [as logInfo] (app/utilities/logger.js:20:11)

  console.info
    Whilst running the 'matches()' method in 'app\services\matchers\mars\model1.js', the PLP application logged info: Packing list matches Mars Model 1 with filename: packinglist-mars-model1.xlsx

      at Object.info [as logInfo] (app/utilities/logger.js:20:11)

  console.info
    Whilst running the 'matches()' method in 'app\services\matchers\mars\model1.js', the PLP application logged info: Packing list matches Mars Model 1 with filename: packinglist-mars-model1.xlsx

      at Object.info [as logInfo] (app/utilities/logger.js:20:11)

  console.info
    Whilst running the 'matches()' method in 'app\services\matchers\mars\model1.js', the PLP application logged info: Packing list matches Mars Model 1 with filename: packinglist-mars-model1.xlsx

      at Object.info [as logInfo] (app/utilities/logger.js:20:11)

PASS test/unit/services/parser-service/mars/model1.test.js
  parsesMarsModel1
    ÔêÜ matches valid Mars Model 1 file, calls parser and returns 
all_required_fields_present as true (10 ms)
    ÔêÜ matches valid Mars Model 1 file, calls parser, but returns 
all_required_fields_present as false when cells missing (2 ms)
    ÔêÜ returns 'No Match' for incorrect file extension (2 ms)
    ÔêÜ matches valid Mars Model 1 file, calls parser and returns 
all_required_fields_present as false for multiple rms (1 ms)
    ÔêÜ matches valid Mars Model 1 file, calls parser and returns 
all_required_fields_present as false for missing kg unit (2 ms)
  CoO Validation Tests
    ÔêÜ checks CoO validation for valid Nirms (2 ms)
    ÔêÜ checks CoO validation for invalid Nirms (2 ms)
    ÔêÜ checks CoO validation for missing CoO (2 ms)
    ÔêÜ checks CoO validation for invalid CoO (3 ms)
    ÔêÜ checks CoO validation for prohibited item (34 ms)

  console.log
    MDM Config loaded: {
      apiUrl: undefined,
      subscriptionKey: 'undefined',
      authUrl: undefined,
      clientId: undefined,
      scope: undefined
    }

      at Object.log (app/config/mdm-config.js:28:9)

  console.info
    Whilst running the 'matches()' method in 'app\services\matchers\giovanni\model1.js', the PLP application logged info: Packing list matches giovanni Model 1 with filename: packinglist-nutricia-model1.xlsx

      at Object.info [as logInfo] (app/utilities/logger.js:20:11)

  console.info
    Whilst running the 'matches()' method in 'app\services\matchers\giovanni\model1.js', the PLP application logged info: Packing list matches giovanni Model 1 with filename: packinglist-nutricia-model1.xlsx

      at Object.info [as logInfo] (app/utilities/logger.js:20:11)

  console.info
    Whilst running the 'findParser' method in 'app\services\parsers\parser-factory.js', the PLP application logged info: Failed to parse packing list with filename: packinglist.wrong, no match

      at Object.info [as logInfo] (app/utilities/logger.js:20:11)

  console.info
    Whilst running the 'matches()' method in 'app\services\matchers\giovanni\model1.js', the PLP application logged info: Packing list matches giovanni Model 1 with filename: packinglist-nutricia-model1.xlsx

      at Object.info [as logInfo] (app/utilities/logger.js:20:11)

  console.info
    Whilst running the 'matches()' method in 'app\services\matchers\giovanni\model1.js', the PLP application logged info: Packing list matches giovanni Model 1 with filename: packinglist-nutricia-model1.xlsx

      at Object.info [as logInfo] (app/utilities/logger.js:20:11)

PASS test/unit/services/parser-service/nutricia/model1.test.js
  matchesNutriciaModel1
    ÔêÜ matches valid Nutricia Model 1 file, calls parser and returns 
all_required_fields_present as true (9 ms)
    ÔêÜ matches valid Nutricia Model 1 file, calls parser, but returns 
all_required_fields_present as false when cells missing (2 ms)
    ÔêÜ returns 'No Match' for incorrect file extension (1 ms)
    ÔêÜ matches valid Nutricia Model 1 file, calls parser and returns 
all_required_fields_present as false for multiple rms (2 ms)
    ÔêÜ matches valid Nutricia Model 1 file, calls parser and returns 
all_required_fields_present as false for missing kg unit (2 ms)

  console.log
    MDM Config loaded: {
      apiUrl: undefined,
      subscriptionKey: 'undefined',
      authUrl: undefined,
      clientId: undefined,
      scope: undefined
    }

      at Object.log (app/config/mdm-config.js:28:9)

  console.info
    Whilst running the 'matches()' method in 'app\services\matchers\bandm\model1.js', the PLP application logged info: Packing list matches bandm Model 1 with filename: packinglist-bandm-model1.xlsx

      at Object.info [as logInfo] (app/utilities/logger.js:20:11)

  console.info
    Whilst running the 'matches()' method in 'app\services\matchers\bandm\model1.js', the PLP application logged info: Packing list matches bandm Model 1 with filename: packinglist-bandm-model1.xlsx

      at Object.info [as logInfo] (app/utilities/logger.js:20:11)

  console.info
    Whilst running the 'findParser' method in 'app\services\parsers\parser-factory.js', the PLP application logged info: Failed to parse packing list with filename: packinglist.wrong, no match

      at Object.info [as logInfo] (app/utilities/logger.js:20:11)

  console.info
    Whilst running the 'matches()' method in 'app\services\matchers\bandm\model1.js', the PLP application logged info: Packing list matches bandm Model 1 with filename: packinglist-bandm-model1.xlsx

      at Object.info [as logInfo] (app/utilities/logger.js:20:11)

  console.info
    Whilst running the 'matches()' method in 'app\services\matchers\bandm\model1.js', the PLP application logged info: Packing list matches bandm Model 1 with filename: packinglist-bandm-model1.xlsx

      at Object.info [as logInfo] (app/utilities/logger.js:20:11)

  console.info
    Whilst running the 'matches()' method in 'app\services\matchers\bandm\model1.js', the PLP application logged info: Packing list matches bandm Model 1 with filename: packinglist-bandm-model1.xlsx

      at Object.info [as logInfo] (app/utilities/logger.js:20:11)

  console.info
    Whilst running the 'matches()' method in 'app\services\matchers\bandm\model1.js', the PLP application logged info: Packing list matches bandm Model 1 with filename: packinglist-bandm-model1.xlsx

      at Object.info [as logInfo] (app/utilities/logger.js:20:11)

  console.info
    Whilst running the 'matches()' method in 'app\services\matchers\bandm\model1.js', the PLP application logged info: Packing list matches bandm Model 1 with filename: packinglist-bandm-model1.xlsx

      at Object.info [as logInfo] (app/utilities/logger.js:20:11)

  console.info
    Whilst running the 'matches()' method in 'app\services\matchers\bandm\model1.js', the PLP application logged info: Packing list matches bandm Model 1 with filename: packinglist-bandm-model1.xlsx

      at Object.info [as logInfo] (app/utilities/logger.js:20:11)

  console.info
    Whilst running the 'matches()' method in 'app\services\matchers\bandm\model1.js', the PLP application logged info: Packing list matches bandm Model 1 with filename: packinglist-bandm-model1.xlsx

      at Object.info [as logInfo] (app/utilities/logger.js:20:11)

  console.info
    Whilst running the 'matches()' method in 'app\services\matchers\bandm\model1.js', the PLP application logged info: Packing list matches bandm Model 1 with filename: packinglist-bandm-model1.xlsx

      at Object.info [as logInfo] (app/utilities/logger.js:20:11)

  console.info
    Whilst running the 'matches()' method in 'app\services\matchers\bandm\model1.js', the PLP application logged info: Packing list matches bandm Model 1 with filename: packinglist-bandm-model1.xlsx

      at Object.info [as logInfo] (app/utilities/logger.js:20:11)

  console.info
    Whilst running the 'matches()' method in 'app\services\matchers\bandm\model1.js', the PLP application logged info: Packing list matches bandm Model 1 with filename: packinglist-bandm-model1.xlsx

      at Object.info [as logInfo] (app/utilities/logger.js:20:11)

  console.info
    Whilst running the 'matches()' method in 'app\services\matchers\bandm\model1.js', the PLP application logged info: Packing list matches bandm Model 1 with filename: packinglist-bandm-model1.xlsx

      at Object.info [as logInfo] (app/utilities/logger.js:20:11)

  console.info
    Whilst running the 'matches()' method in 'app\services\matchers\bandm\model1.js', the PLP application logged info: Packing list matches bandm Model 1 with filename: packinglist-bandm-model1.xlsx

      at Object.info [as logInfo] (app/utilities/logger.js:20:11)

  console.info
    Whilst running the 'matches()' method in 'app\services\matchers\bandm\model1.js', the PLP application logged info: Packing list matches bandm Model 1 with filename: packinglist-bandm-model1.xlsx

      at Object.info [as logInfo] (app/utilities/logger.js:20:11)

PASS test/unit/services/parser-service/bandm/model1.test.js
  matchesBAndMModel1
    ÔêÜ matches valid BAndM Model 1 file, calls parser and returns 
all_required_fields_present as true (7 ms)
    ÔêÜ matches valid BAndM Model 1 file, calls parser, but returns 
all_required_fields_present as false when cells missing (3 ms)
    ÔêÜ returns 'No Match' for incorrect file extension (1 ms)
    ÔêÜ matches valid BAndM Model 1 file, calls parser and returns 
all_required_fields_present as false for multiple rms (1 ms)
    ÔêÜ matches valid BAndM Model 1 file file, calls parser and returns 
all_required_fields_present as false for missing kg unit (2 ms)
    ÔêÜ AC1: matches BAndM Model 1 file, returns all_required_fields_present 
as false for missing NIRMS statement (1 ms)
    ÔêÜ AC2: matches BAndM Model 1 file, returns all_required_fields_present 
as false for null CoO value (2 ms)
    ÔêÜ AC3: matches BAndM Model 1 file, returns all_required_fields_present 
as false for invalid CoO value (1 ms)
    ÔêÜ AC4: matches BAndM Model 1 file, returns all_required_fields_present 
as false for multiple null CoO values (2 ms)
    ÔêÜ AC5: matches BAndM Model 1 file, returns all_required_fields_present 
as false for multiple invalid CoO values (1 ms)
    ÔêÜ AC6: matches BAndM Model 1 file, returns all_required_fields_present 
as true for CoO value X or x (1 ms)
    ÔêÜ AC7: matches BAndM Model 1 file, returns all_required_fields_present 
as false for prohibited item with treatment type (2 ms)
    ÔêÜ AC8: matches BAndM Model 1 file, returns all_required_fields_present 
as false for multiple prohibited items with treatment type (1 ms)
    ÔêÜ AC9: matches BAndM Model 1 file, returns all_required_fields_present 
as false for prohibited item without treatment type (1 ms)
    ÔêÜ AC10: matches BAndM Model 1 file, returns all_required_fields_present 
as false for multiple prohibited items without treatment type (2 ms)
    ÔêÜ AC11: matches BAndM Model 1 file, returns all_required_fields_present 
as false for null treatment type with null identifier (1 ms)

  console.log
    MDM Config loaded: {
      apiUrl: undefined,
      subscriptionKey: 'undefined',
      authUrl: undefined,
      clientId: undefined,
      scope: undefined
    }

      at Object.log (app/config/mdm-config.js:28:9)

  console.info
    Whilst running the 'matches()' method in 'app\services\matchers\asda\model4.js', the PLP application logged info: Packing list matches Asda Model 4 CSV with filename: packinglist.csv

      at Object.info [as logInfo] (app/utilities/logger.js:20:11)

  console.info
    Whilst running the 'matches()' method in 'app\services\matchers\asda\model4.js', the PLP application logged info: Packing list matches Asda Model 4 CSV with filename: packinglist.csv

      at Object.info [as logInfo] (app/utilities/logger.js:20:11)

  console.info
    Whilst running the 'findParser' method in 'app\services\parsers\parser-factory.js', the PLP application logged info: Failed to parse packing list with filename: packinglist.wrong, no match

      at Object.info [as logInfo] (app/utilities/logger.js:20:11)

  console.info
    Whilst running the 'matches()' method in 'app\services\matchers\asda\model4.js', the PLP application logged info: Packing list matches Asda Model 4 CSV with filename: packinglist.csv

      at Object.info [as logInfo] (app/utilities/logger.js:20:11)

PASS test/unit/services/parser-service/asda/model4.test.js
  matchesAsdaModel4
    ÔêÜ matches valid ASDA Model 4 CSV file, calls parser and returns 
all_required_fields_present as true (8 ms)
    ÔêÜ matches valid ASDA Model 4 CSV file, calls parser, but returns 
all_required_fields_present as false when cells missing (1 ms)
    ÔêÜ returns 'No Match' for incorrect file extension (1 ms)
    ÔêÜ matches valid ASDA Model 4 CSV file, calls parser and returns 
all_required_fields_present as false for multiple rms (1 ms)
    ÔêÜ returns 'No Match' for empty model

  console.log
    MDM Config loaded: {
      apiUrl: undefined,
      subscriptionKey: 'undefined',
      authUrl: undefined,
      clientId: undefined,
      scope: undefined
    }

      at Object.log (app/config/mdm-config.js:28:9)

  console.info
    Whilst running the 'matches()' method in 'app\services\matchers\iceland\model2.js', the PLP application logged info: Packing list matches Iceland 2 CSV with filename: packinglist.csv

      at Object.info [as logInfo] (app/utilities/logger.js:20:11)

  console.info
    Whilst running the 'matches()' method in 'app\services\matchers\iceland\model2.js', the PLP application logged info: Packing list matches Iceland 2 CSV with filename: packinglist.csv

      at Object.info [as logInfo] (app/utilities/logger.js:20:11)

  console.info
    Whilst running the 'findParser' method in 'app\services\parsers\parser-factory.js', the PLP application logged info: Failed to parse packing list with filename: packinglist.wrong, no match

      at Object.info [as logInfo] (app/utilities/logger.js:20:11)

  console.info
    Whilst running the 'matches()' method in 'app\services\matchers\iceland\model2.js', the PLP application logged info: Packing list matches Iceland 2 CSV with filename: packinglist.csv

      at Object.info [as logInfo] (app/utilities/logger.js:20:11)

  console.info
    Whilst running the 'matches()' method in 'app\services\matchers\iceland\model2.js', the PLP application logged info: Packing list matches Iceland 2 CSV with filename: packinglist.csv

      at Object.info [as logInfo] (app/utilities/logger.js:20:11)

  console.info
    Whilst running the 'matches()' method in 'app\services\matchers\iceland\model2.js', the PLP application logged info: Packing list matches Iceland 2 CSV with filename: packinglist.csv

      at Object.info [as logInfo] (app/utilities/logger.js:20:11)

  console.info
    Whilst running the 'matches()' method in 'app\services\matchers\iceland\model2.js', the PLP application logged info: Packing list matches Iceland 2 CSV with filename: packinglist.csv

      at Object.info [as logInfo] (app/utilities/logger.js:20:11)

  console.info
    Whilst running the 'matches()' method in 'app\services\matchers\iceland\model2.js', the PLP application logged info: Packing list matches Iceland 2 CSV with filename: packinglist.csv

      at Object.info [as logInfo] (app/utilities/logger.js:20:11)

  console.info
    Whilst running the 'matches()' method in 'app\services\matchers\iceland\model2.js', the PLP application logged info: Packing list matches Iceland 2 CSV with filename: packinglist.csv

      at Object.info [as logInfo] (app/utilities/logger.js:20:11)

  console.info
    Whilst running the 'matches()' method in 'app\services\matchers\iceland\model2.js', the PLP application logged info: Packing list matches Iceland 2 CSV with filename: packinglist.csv

      at Object.info [as logInfo] (app/utilities/logger.js:20:11)

  console.info
    Whilst running the 'matches()' method in 'app\services\matchers\iceland\model2.js', the PLP application logged info: Packing list matches Iceland 2 CSV with filename: packinglist.csv

      at Object.info [as logInfo] (app/utilities/logger.js:20:11)

  console.info
    Whilst running the 'matches()' method in 'app\services\matchers\iceland\model2.js', the PLP application logged info: Packing list matches Iceland 2 CSV with filename: packinglist.csv

      at Object.info [as logInfo] (app/utilities/logger.js:20:11)

  console.info
    Whilst running the 'matches()' method in 'app\services\matchers\iceland\model2.js', the PLP application logged info: Packing list matches Iceland 2 CSV with filename: packinglist.csv

      at Object.info [as logInfo] (app/utilities/logger.js:20:11)

  console.info
    Whilst running the 'matches()' method in 'app\services\matchers\iceland\model2.js', the PLP application logged info: Packing list matches Iceland 2 CSV with filename: packinglist.csv

      at Object.info [as logInfo] (app/utilities/logger.js:20:11)

  console.info
    Whilst running the 'matches()' method in 'app\services\matchers\iceland\model2.js', the PLP application logged info: Packing list matches Iceland 2 CSV with filename: packinglist.csv

      at Object.info [as logInfo] (app/utilities/logger.js:20:11)

  console.info
    Whilst running the 'matches()' method in 'app\services\matchers\iceland\model2.js', the PLP application logged info: Packing list matches Iceland 2 CSV with filename: packinglist.csv

      at Object.info [as logInfo] (app/utilities/logger.js:20:11)

  console.info
    Whilst running the 'matches()' method in 'app\services\matchers\iceland\model2.js', the PLP application logged info: Packing list matches Iceland 2 CSV with filename: packinglist.csv

      at Object.info [as logInfo] (app/utilities/logger.js:20:11)

  console.info
    Whilst running the 'matches()' method in 'app\services\matchers\iceland\model2.js', the PLP application logged info: Packing list matches Iceland 2 CSV with filename: packinglist.csv

      at Object.info [as logInfo] (app/utilities/logger.js:20:11)

  console.info
    Whilst running the 'matches()' method in 'app\services\matchers\iceland\model2.js', the PLP application logged info: Packing list matches Iceland 2 CSV with filename: packinglist.csv

      at Object.info [as logInfo] (app/utilities/logger.js:20:11)

  console.info
    Whilst running the 'matches()' method in 'app\services\matchers\iceland\model2.js', the PLP application logged info: Packing list matches Iceland 2 CSV with filename: packinglist.csv

      at Object.info [as logInfo] (app/utilities/logger.js:20:11)

PASS test/unit/services/parser-service/iceland/model2.test.js
  matchesIcelandModel2
    ÔêÜ matches valid Iceland Model 2 CSV file, calls parser and returns 
all_required_fields_present as true (7 ms)
    ÔêÜ matches valid Iceland Model 2 CSV file, calls parser, but returns 
all_required_fields_present as false when cells missing (1 ms)
    ÔêÜ returns 'No Match' for incorrect file extension (1 ms)
    ÔêÜ matches valid Iceland Model 2 CSV file, calls parser and returns 
all_required_fields_present as false for multiple rms (1 ms)
    ÔêÜ matches valid Iceland Model 2 CSV file, calls parser and returns 
all_required_fields_present as false for missing kg unit (2 ms)
    ÔêÜ returns 'No Match' for empty model
  ICELAND2 CoO Validation Tests
    ÔêÜ NOT within NIRMS Scheme - passes validation (2 ms)
    ÔêÜ Null NIRMS value - validation errors (1 ms)
    ÔêÜ Invalid NIRMS value - validation errors (1 ms)
    ÔêÜ Null NIRMS value, more than 3 - validation errors with summary (1 ms)
    ÔêÜ Invalid NIRMS value, more than 3 - validation errors with summary (2 
ms)
    ÔêÜ Null CoO Value - validation errors (1 ms)
    ÔêÜ Invalid CoO Value - validation errors (4 ms)
    ÔêÜ Null CoO Value, more than 3 - validation errors with summary (2 ms)
    ÔêÜ Invalid CoO Value, more than 3 - validation errors with summary (1 ms)
    ÔêÜ CoO Value is X or x - passes validation (1 ms)
    ÔêÜ Item Present on Prohibited Item List (Treatment Type specified) - 
validation errors (2 ms)
    ÔêÜ Item Present on Prohibited Item List, more than 3 (Treatment Type 
specified) - validation errors with summary (1 ms)
    ÔêÜ Item Present on Prohibited Item List (no Treatment Type specified) - 
validation errors (1 ms)
    ÔêÜ Item Present on Prohibited Item List, more than 3 (no Treatment Type 
specified) - validation errors with summary (1 ms)
    ÔêÜ Valid CoO Validation: Complete packing list with all fields valid (1 
ms)

  console.log
    MDM Config loaded: {
      apiUrl: undefined,
      subscriptionKey: 'undefined',
      authUrl: undefined,
      clientId: undefined,
      scope: undefined
    }

      at Object.log (app/config/mdm-config.js:28:9)

  console.info
    Whilst running the 'matches()' method in 'app\services\matchers\boots\model1.js', the PLP application logged info: Packing list matches boots Model 1 with filename: packinglist-boots-model1.xlsx

      at Object.info [as logInfo] (app/utilities/logger.js:20:11)

  console.info
    Whilst running the 'matches()' method in 'app\services\matchers\boots\model1.js', the PLP application logged info: Packing list matches boots Model 1 with filename: packinglist-boots-model1.xlsx

      at Object.info [as logInfo] (app/utilities/logger.js:20:11)

  console.info
    Whilst running the 'findParser' method in 'app\services\parsers\parser-factory.js', the PLP application logged info: Failed to parse packing list with filename: packinglist.wrong, no match

      at Object.info [as logInfo] (app/utilities/logger.js:20:11)

  console.info
    Whilst running the 'matches()' method in 'app\services\matchers\boots\model1.js', the PLP application logged info: Packing list matches boots Model 1 with filename: packinglist-boots-model1.xlsx

      at Object.info [as logInfo] (app/utilities/logger.js:20:11)

  console.info
    Whilst running the 'matches()' method in 'app\services\matchers\boots\model1.js', the PLP application logged info: Packing list matches boots Model 1 with filename: packinglist-boots-model1.xlsx

      at Object.info [as logInfo] (app/utilities/logger.js:20:11)

PASS test/unit/services/parser-service/boots/model1.test.js
  matchesBootsModel1
    ÔêÜ matches valid Boots Model 1 file, calls parser and returns 
all_required_fields_present as true (11 ms)
    ÔêÜ matches valid Boots Model 1 file, calls parser, but returns 
all_required_fields_present as false when cells missing (2 ms)
    ÔêÜ returns 'No Match' for incorrect file extension (1 ms)
    ÔêÜ matches valid Boots Model 1 file, calls parser and returns 
all_required_fields_present as false for multiple rms (1 ms)
    ÔêÜ matches valid Boots Model 1 file, calls parser and returns 
all_required_fields_present as false for missing kg unit (1 ms)

  console.log
    MDM Config loaded: {
      apiUrl: undefined,
      subscriptionKey: 'undefined',
      authUrl: undefined,
      clientId: undefined,
      scope: undefined
    }

      at Object.log (app/config/mdm-config.js:28:9)

  console.info
    Whilst running the 'matches()' method in 'app\services\matchers\giovanni\model2.js', the PLP application logged info: Packing list matches giovanni Model 2 with filename: packinglist-giovanni-model1.xlsx

      at Object.info [as logInfo] (app/utilities/logger.js:20:11)

  console.info
    Whilst running the 'matches()' method in 'app\services\matchers\giovanni\model2.js', the PLP application logged info: Packing list matches giovanni Model 2 with filename: packinglist-giovanni-model1.xlsx

      at Object.info [as logInfo] (app/utilities/logger.js:20:11)

  console.info
    Whilst running the 'findParser' method in 'app\services\parsers\parser-factory.js', the PLP application logged info: Failed to parse packing list with filename: packinglist.wrong, no match

      at Object.info [as logInfo] (app/utilities/logger.js:20:11)

  console.info
    Whilst running the 'matches()' method in 'app\services\matchers\giovanni\model2.js', the PLP application logged info: Packing list matches giovanni Model 2 with filename: packinglist-giovanni-model1.xlsx

      at Object.info [as logInfo] (app/utilities/logger.js:20:11)

  console.info
    Whilst running the 'matches()' method in 'app\services\matchers\giovanni\model2.js', the PLP application logged info: Packing list matches giovanni Model 2 with filename: packinglist-giovanni-model1.xlsx

      at Object.info [as logInfo] (app/utilities/logger.js:20:11)

PASS test/unit/services/parser-service/giovanni/model2.test.js
  matchesGiovanniModel2
    ÔêÜ matches valid Giovanni Model 2 file, calls parser and returns 
all_required_fields_present as true (8 ms)
    ÔêÜ matches valid Giovanni Model 2 file, calls parser, but returns 
all_required_fields_present as false when cells missing (2 ms)
    ÔêÜ returns 'No Match' for incorrect file extension (1 ms)
    ÔêÜ matches valid Giovanni Model 2 file, calls parser and returns 
all_required_fields_present as false for multiple rms (1 ms)
    ÔêÜ matches valid Giovanni Model 2 file, calls parser and returns 
all_required_fields_present as false for missing kg unit (1 ms)

  console.log
    MDM Config loaded: {
      apiUrl: undefined,
      subscriptionKey: 'undefined',
      authUrl: undefined,
      clientId: undefined,
      scope: undefined
    }

      at Object.log (app/config/mdm-config.js:28:9)

  console.info
    Whilst running the 'matches()' method in 'app\services\matchers\cds\model1.js', the PLP application logged info: Packing list matches cds Model 1 with filename: packinglist-cds-model1.xlsx

      at Object.info [as logInfo] (app/utilities/logger.js:20:11)

  console.info
    Whilst running the 'matches()' method in 'app\services\matchers\cds\model1.js', the PLP application logged info: Packing list matches cds Model 1 with filename: packinglist-cds-model1.xlsx

      at Object.info [as logInfo] (app/utilities/logger.js:20:11)

  console.info
    Whilst running the 'findParser' method in 'app\services\parsers\parser-factory.js', the PLP application logged info: Failed to parse packing list with filename: packinglist.wrong, no match

      at Object.info [as logInfo] (app/utilities/logger.js:20:11)

  console.info
    Whilst running the 'matches()' method in 'app\services\matchers\cds\model1.js', the PLP application logged info: Packing list matches cds Model 1 with filename: packinglist-cds-model1.xlsx

      at Object.info [as logInfo] (app/utilities/logger.js:20:11)

  console.info
    Whilst running the 'matches()' method in 'app\services\matchers\cds\model1.js', the PLP application logged info: Packing list matches cds Model 1 with filename: packinglist-cds-model1.xlsx

      at Object.info [as logInfo] (app/utilities/logger.js:20:11)

PASS test/unit/services/parser-service/cds/model1.test.js
  matchesCdsModel1
    ÔêÜ matches valid CDS Model 1 file, calls parser and returns 
all_required_fields_present as true (8 ms)
    ÔêÜ matches valid CDS Model 1 file, calls parser, but returns 
all_required_fields_present as false when cells missing (6 ms)
    ÔêÜ returns 'No Match' for incorrect file extension (1 ms)
    ÔêÜ matches valid CDS Model 1 file, calls parser and returns 
all_required_fields_present as false for multiple rms (2 ms)
    ÔêÜ matches valid CDS Model 1 file, calls parser and returns 
all_required_fields_present as false for missing kg unit (1 ms)

  console.log
    MDM Config loaded: {
      apiUrl: undefined,
      subscriptionKey: 'undefined',
      authUrl: undefined,
      clientId: undefined,
      scope: undefined
    }

      at Object.log (app/config/mdm-config.js:28:9)

PASS test/unit/routes/upsert-idcoms.test.js
  upsert idcoms
    ÔêÜ should not call the sendParsed when application id is not specified (2 
ms)
    ÔêÜ should log the exception when an error occurs
    ÔêÜ should perform the sendParsed when application id is specified and 
isApproved is true
    ÔêÜ should perform the sendParsed when application id is specified and 
isApproved is false (6 ms)

  console.log
    MDM Config loaded: {
      apiUrl: undefined,
      subscriptionKey: 'undefined',
      authUrl: undefined,
      clientId: undefined,
      scope: undefined
    }

      at Object.log (app/config/mdm-config.js:28:9)

  console.info
    Whilst running the 'matches()' method in 'app\services\matchers\tjmorris\model1.js', the PLP application logged info: Packing list matches tjmorris Model 1 with filename: packinglist-tjmorris-model1.xls

      at Object.info [as logInfo] (app/utilities/logger.js:20:11)

  console.info
    Whilst running the 'matches()' method in 'app\services\matchers\tjmorris\model1.js', the PLP application logged info: Packing list matches tjmorris Model 1 with filename: packinglist-tjmorris-model1.xls

      at Object.info [as logInfo] (app/utilities/logger.js:20:11)

  console.info
    Whilst running the 'findParser' method in 'app\services\parsers\parser-factory.js', the PLP application logged info: Failed to parse packing list with filename: packinglist.wrong, no match

      at Object.info [as logInfo] (app/utilities/logger.js:20:11)

  console.info
    Whilst running the 'matches()' method in 'app\services\matchers\tjmorris\model1.js', the PLP application logged info: Packing list matches tjmorris Model 1 with filename: packinglist-tjmorris-model1.xls

      at Object.info [as logInfo] (app/utilities/logger.js:20:11)

  console.info
    Whilst running the 'matches()' method in 'app\services\matchers\tjmorris\model1.js', the PLP application logged info: Packing list matches tjmorris Model 1 with filename: packinglist-tjmorris-model1.xls

      at Object.info [as logInfo] (app/utilities/logger.js:20:11)

PASS test/unit/services/parser-service/tjmorris/model1.test.js
  matchesTJMorrisModel1
    ÔêÜ matches valid TJMorris Model 1 file, calls parser and returns 
all_required_fields_present as true (8 ms)
    ÔêÜ matches valid TJMorris Model 1 file, calls parser, but returns 
all_required_fields_present as false when cells missing (2 ms)
    ÔêÜ returns 'No Match' for incorrect file extension (1 ms)
    ÔêÜ matches valid TJMorris Model 1 file, calls parser and returns 
all_required_fields_present as false for multiple rms (2 ms)
    ÔêÜ matches valid TJMorris Model 1 file, calls parser and returns 
all_required_fields_present as false for missing kg unit (5 ms)

  console.log
    MDM Config loaded: {
      apiUrl: undefined,
      subscriptionKey: 'undefined',
      authUrl: undefined,
      clientId: undefined,
      scope: undefined
    }

      at Object.log (app/config/mdm-config.js:28:9)

  console.info
    Whilst running the 'matches()' method in 'app\services\matchers\fowlerwelch\model1.js', the PLP application logged info: Packing list matches fowlerwelch Model 1 with filename: packinglist.xlsx

      at Object.info [as logInfo] (app/utilities/logger.js:20:11)

  console.info
    Whilst running the 'matches()' method in 'app\services\matchers\fowlerwelch\model1.js', the PLP application logged info: Packing list matches fowlerwelch Model 1 with filename: packinglist.xlsx

      at Object.info [as logInfo] (app/utilities/logger.js:20:11)

  console.info
    Whilst running the 'matches()' method in 'app\services\matchers\fowlerwelch\model1.js', the PLP application logged info: Packing list matches fowlerwelch Model 1 with filename: packinglist.xlsx

      at Object.info [as logInfo] (app/utilities/logger.js:20:11)

  console.info
    Whilst running the 'findParser' method in 'app\services\parsers\parser-factory.js', the PLP application logged info: Failed to parse packing list with filename: packinglist.wrong, no match

      at Object.info [as logInfo] (app/utilities/logger.js:20:11)

  console.info
    Whilst running the 'matches()' method in 'app\services\matchers\fowlerwelch\model1.js', the PLP application logged info: Packing list matches fowlerwelch Model 1 with filename: packinglist.xlsx

      at Object.info [as logInfo] (app/utilities/logger.js:20:11)

  console.info
    Whilst running the 'matches()' method in 'app\services\matchers\fowlerwelch\model1.js', the PLP application logged info: Packing list matches fowlerwelch Model 1 with filename: packinglist.xlsx

      at Object.info [as logInfo] (app/utilities/logger.js:20:11)

PASS test/unit/services/parser-service/fowlerwelch/model1.test.js
  matchesFowlerWelchModel1
    ÔêÜ matches valid FowlerWelch Model 1 file, calls parser and returns 
all_required_fields_present as true (8 ms)
    ÔêÜ matches valid FowlerWelch Model 1 file, calls parser, but returns 
all_required_fields_present as false when cells missing (3 ms)
    ÔêÜ matches valid FowlerWelch Model 1 file, calls parser, but returns 
all_required_fields_present as false when cells missing (3 ms)
    ÔêÜ returns 'No Match' for incorrect file extension (1 ms)
    ÔêÜ matches valid FowlerWelch Model 1 file, calls parser and returns 
all_required_fields_present as false for multiple rms (2 ms)
    ÔêÜ matches valid FowlerWelch Model 1 file, calls parser and returns 
all_required_fields_present as false for missing kg unit (6 ms)

  console.info
    Whilst running the 'matches()' method in 'app\services\matchers\greggs\model1.js', the PLP application logged info: Packing list matches Greggs Model 1 with filename: greggs-model1.pdf

      at Object.info [as logInfo] (app/utilities/logger.js:20:11)

  console.info
    Whilst running the 'matches()' method in 'app\services\matchers\greggs\model1.js', the PLP application logged info: Packing list matches Greggs Model 1 with filename: greggs-model1.pdf

      at Object.info [as logInfo] (app/utilities/logger.js:20:11)

  console.info
    Whilst running the 'findParser' method in 'app\services\parsers\parser-factory.js', the PLP application logged info: Failed to parse packing list with filename: packinglist.wrong, no match

      at Object.info [as logInfo] (app/utilities/logger.js:20:11)

  console.info
    Whilst running the 'matches()' method in 'app\services\matchers\greggs\model1.js', the PLP application logged info: Packing list matches Greggs Model 1 with filename: greggs-model1.pdf

      at Object.info [as logInfo] (app/utilities/logger.js:20:11)

  console.info
    Whilst running the 'matches()' method in 'app\services\matchers\greggs\model1.js', the PLP application logged info: Packing list matches Greggs Model 1 with filename: greggs-model1.pdf

      at Object.info [as logInfo] (app/utilities/logger.js:20:11)

  console.info
    Whilst running the 'matches()' method in 'app\services\matchers\greggs\model1.js', the PLP application logged info: Packing list matches Greggs Model 1 with filename: greggs-model1.pdf

      at Object.info [as logInfo] (app/utilities/logger.js:20:11)

PASS test/unit/services/parser-service/greggs/model1.test.js
  findParser
    ÔêÜ matches valid Greggs Model 1 file, calls parser and returns 
all_required_fields_present as true (6 ms)
    ÔêÜ matches valid Greggs Model 1 file, calls parser, but returns 
all_required_fields_present as false when cells missing (2 ms)
    ÔêÜ wrong file extension (1 ms)
    ÔêÜ parses model multiple RMS (1 ms)
    ÔêÜ parses model missing unit of weight (1 ms)
    ÔêÜ extracts rms number from sentence string (1 ms)

  console.info
    Whilst running the 'matches()' method in 'app\services\matchers\iceland\model1.js', the PLP application logged info: Packing list matches Iceland Model 1 with filename: iceland-model1.pdf

      at Object.info [as logInfo] (app/utilities/logger.js:20:11)

  console.info
    Whilst running the 'matches()' method in 'app\services\matchers\iceland\model1.js', the PLP application logged info: Packing list matches Iceland Model 1 with filename: iceland-model1.pdf

      at Object.info [as logInfo] (app/utilities/logger.js:20:11)

  console.info
    Whilst running the 'findParser' method in 'app\services\parsers\parser-factory.js', the PLP application logged info: Failed to parse packing list with filename: packinglist.wrong, no match

      at Object.info [as logInfo] (app/utilities/logger.js:20:11)

  console.info
    Whilst running the 'matches()' method in 'app\services\matchers\iceland\model1.js', the PLP application logged info: Packing list matches Iceland Model 1 with filename: iceland-model1.pdf

      at Object.info [as logInfo] (app/utilities/logger.js:20:11)

PASS test/unit/services/parser-service/iceland/model1.test.js
  findParser
    ÔêÜ matches valid Iceland Model 1 file, calls parser and returns 
all_required_fields_present as true (6 ms)
    ÔêÜ matches valid Iceland Model 1 file, calls parser, but returns 
all_required_fields_present as false when cells missing (1 ms)
    ÔêÜ wrong file extension (1 ms)
    ÔêÜ returns multiple establishment numbers (1 ms)

  console.log
    MDM Config loaded: {
      apiUrl: undefined,
      subscriptionKey: 'undefined',
      authUrl: undefined,
      clientId: undefined,
      scope: undefined
    }

      at Object.log (app/config/mdm-config.js:28:9)

  console.info
    Whilst running the 'matches()' method in 'app\services\matchers\nutricia\model2.js', the PLP application logged info: Packing list matches Nutricia Model 2 with filename: packinglist-nutricia-model2.xlsx

      at Object.info [as logInfo] (app/utilities/logger.js:20:11)

  console.info
    Whilst running the 'matches()' method in 'app\services\matchers\nutricia\model2.js', the PLP application logged info: Packing list matches Nutricia Model 2 with filename: packinglist-nutricia-model2.xlsx

      at Object.info [as logInfo] (app/utilities/logger.js:20:11)

  console.info
    Whilst running the 'findParser' method in 'app\services\parsers\parser-factory.js', the PLP application logged info: Failed to parse packing list with filename: packinglist.wrong, no match

      at Object.info [as logInfo] (app/utilities/logger.js:20:11)

  console.info
    Whilst running the 'matches()' method in 'app\services\matchers\nutricia\model2.js', the PLP application logged info: Packing list matches Nutricia Model 2 with filename: packinglist-nutricia-model2.xlsx

      at Object.info [as logInfo] (app/utilities/logger.js:20:11)

  console.info
    Whilst running the 'findParser' method in 'app\services\parsers\parser-factory.js', the PLP application logged info: Failed to parse packing list with filename: packinglist-nutricia-model2.xlsx, no match

      at Object.info [as logInfo] (app/utilities/logger.js:20:11)

  console.info
    Whilst running the 'matches()' method in 'app\services\matchers\nutricia\model2.js', the PLP application logged info: Packing list matches Nutricia Model 2 with filename: packinglist-nutricia-model2.xlsx

      at Object.info [as logInfo] (app/utilities/logger.js:20:11)

PASS test/unit/services/parser-service/nutricia/model2.test.js
  matchesNutriciaModel2
    ÔêÜ matches valid Nutricia Model 2 file, calls parser and returns 
all_required_fields_present as true (10 ms)
    ÔêÜ matches valid Nutricia Model 2 file, calls parser, but returns 
all_required_fields_present as false when cells missing (2 ms)
    ÔêÜ returns 'No Match' for incorrect file extension (1 ms)
    ÔêÜ matches valid Nutricia Model 2 file (1 ms)
    ÔêÜ return check rms establishment number
    ÔêÜ return no match when contains rms number but not supplier (2 ms)
    ÔêÜ returns multiple rms numbers failure reason (1 ms)

  console.info
    Whilst running the 'sendParsedAdp()' method in 'app\messaging\send-parsed-message.js', the PLP application logged info: Sent message to TP queue for application id appid with parsed result true

      at Object.info [as logInfo] (app/utilities/logger.js:20:11)

  console.info
    Whilst running the 'sendParsed()' method in 'app\messaging\send-parsed-message.js', the PLP application logged info: Sent message to TP queue for application id true with parsed result 123

      at Object.info [as logInfo] (app/utilities/logger.js:20:11)

  console.error
    Whilst running the 'sendParsed() > sender.sendMessages' method in 'app\messaging\send-parsed-message.js', the PLP application encounterd: TypeError: specificMockImpl.apply is not a function

    [0m [90m  6 |[39m [90m */[39m
     [90m  7 |[39m [36mfunction[39m logError(fileName[33m,[39m method[33m,[39m error) {
    [31m[1m>[22m[39m[90m  8 |[39m   console[33m.[39merror(
     [90m    |[39m           [31m[1m^[22m[39m
     [90m  9 |[39m     [32m`Whilst running the '${method}' method in '${fileName}', the PLP application encounterd: ${error}`[39m[33m,[39m
     [90m 10 |[39m   )[33m;[39m
     [90m 11 |[39m }[0m

      at Object.error [as logError] (app/utilities/logger.js:8:11)
      at logError (app/messaging/send-parsed-message.js:48:16)
      at Object.sendParsed (test/unit/messaging/send-parsed-message.test.js:92:11)

PASS test/unit/messaging/send-parsed-message.test.js
  sendParsedAdp
    ÔêÜ should send a message (4 ms)
  sendParsed
    ÔêÜ should send message (1 ms)
    ÔêÜ should error (2 ms)

  console.log
    MDM Config loaded: {
      apiUrl: undefined,
      subscriptionKey: 'undefined',
      authUrl: undefined,
      clientId: undefined,
      scope: undefined
    }

      at Object.log (app/config/mdm-config.js:28:9)

  console.info
    Whilst running the 'matches()' method in 'app\services\matchers\mands\model1.js', the PLP application logged info: Packing list matches MandS Model 1 with filename: PackingList.xlsx

      at Object.info [as logInfo] (app/utilities/logger.js:20:11)

  console.error
    Whilst running the 'matches()' method in 'app\services\matchers\mands\model1.js', the PLP application encounterd: TypeError: Cannot read properties of undefined (reading 'NIRMSNumber')

    [0m [90m  6 |[39m [90m */[39m
     [90m  7 |[39m [36mfunction[39m logError(fileName[33m,[39m method[33m,[39m error) {
    [31m[1m>[22m[39m[90m  8 |[39m   console[33m.[39merror(
     [90m    |[39m           [31m[1m^[22m[39m
     [90m  9 |[39m     [32m`Whilst running the '${method}' method in '${fileName}', the PLP application encounterd: ${error}`[39m[33m,[39m
     [90m 10 |[39m   )[33m;[39m
     [90m 11 |[39m }[0m

      at Object.error [as logError] (app/utilities/logger.js:8:11)
      at Object.logError [as matches] (app/services/matchers/mands/model1.js:56:12)
      at test/unit/services/matchers/mands/model1.test.js:35:20

PASS test/unit/services/matchers/mands/model1.test.js
  matchesMandS
    ÔêÜ returns '4' for iceland model (2 ms)
    ÔêÜ returns '3' for iceland model (1 ms)
    ÔêÜ returns '1' for iceland model
    ÔêÜ returns '1' for iceland model

  console.log
    MDM Config loaded: {
      apiUrl: undefined,
      subscriptionKey: 'undefined',
      authUrl: undefined,
      clientId: undefined,
      scope: undefined
    }

      at Object.log (app/config/mdm-config.js:28:9)

  console.info
    Whilst running the 'matches()' method in 'app\services\matchers\greggs\model1.js', the PLP application logged info: Packing list matches Greggs Model 1 with filename: PackingList.xlsx

      at Object.info [as logInfo] (app/utilities/logger.js:20:11)

  console.error
    Whilst running the 'matches()' method in 'app\services\matchers\greggs\model1.js', the PLP application encounterd: TypeError: Cannot read properties of undefined (reading 'NIRMSNumber')

    [0m [90m  6 |[39m [90m */[39m
     [90m  7 |[39m [36mfunction[39m logError(fileName[33m,[39m method[33m,[39m error) {
    [31m[1m>[22m[39m[90m  8 |[39m   console[33m.[39merror(
     [90m    |[39m           [31m[1m^[22m[39m
     [90m  9 |[39m     [32m`Whilst running the '${method}' method in '${fileName}', the PLP application encounterd: ${error}`[39m[33m,[39m
     [90m 10 |[39m   )[33m;[39m
     [90m 11 |[39m }[0m

      at Object.error [as logError] (app/utilities/logger.js:8:11)
      at Object.logError [as matches] (app/services/matchers/greggs/model1.js:61:12)
      at test/unit/services/matchers/greggs/model1.test.js:36:20

  console.info
    Whilst running the 'matches()' method in 'app\services\matchers\greggs\model1.js', the PLP application logged info: Packing list matches Greggs Model 1 with filename: PackingList.xlsx

      at Object.info [as logInfo] (app/utilities/logger.js:20:11)

PASS test/unit/services/matchers/greggs/model1.test.js
  matchesGreggs
    ÔêÜ returns '4' for greggs model (2 ms)
    ÔêÜ returns '3' for greggs model (1 ms)
    ÔêÜ returns '1' for greggs model (1 ms)
    ÔêÜ returns '1' for greggs model
    ÔêÜ returns '4' for greggs model

  console.log
    MDM Config loaded: {
      apiUrl: undefined,
      subscriptionKey: 'undefined',
      authUrl: undefined,
      clientId: undefined,
      scope: undefined
    }

      at Object.log (app/config/mdm-config.js:28:9)

  console.info
    Whilst running the 'matches()' method in 'app\services\matchers\iceland\model1.js', the PLP application logged info: Packing list matches Iceland Model 1 with filename: PackingList.xlsx

      at Object.info [as logInfo] (app/utilities/logger.js:20:11)

  console.error
    Whilst running the 'matches()' method in 'app\services\matchers\iceland\model1.js', the PLP application encounterd: TypeError: Cannot read properties of undefined (reading 'PartialNIRMSNumber')

    [0m [90m  6 |[39m [90m */[39m
     [90m  7 |[39m [36mfunction[39m logError(fileName[33m,[39m method[33m,[39m error) {
    [31m[1m>[22m[39m[90m  8 |[39m   console[33m.[39merror(
     [90m    |[39m           [31m[1m^[22m[39m
     [90m  9 |[39m     [32m`Whilst running the '${method}' method in '${fileName}', the PLP application encounterd: ${error}`[39m[33m,[39m
     [90m 10 |[39m   )[33m;[39m
     [90m 11 |[39m }[0m

      at Object.error [as logError] (app/utilities/logger.js:8:11)
      at Object.logError [as matches] (app/services/matchers/iceland/model1.js:56:12)
      at test/unit/services/matchers/iceland/model1.test.js:35:20

PASS test/unit/services/matchers/iceland/model1.test.js
  matchesIceland
    ÔêÜ returns '4' for iceland model (2 ms)
    ÔêÜ returns '3' for iceland model (1 ms)
    ÔêÜ returns '1' for iceland model (1 ms)
    ÔêÜ returns '1' for iceland model

  console.log
    MDM Config loaded: {
      apiUrl: undefined,
      subscriptionKey: 'undefined',
      authUrl: undefined,
      clientId: undefined,
      scope: undefined
    }

      at Object.log (app/config/mdm-config.js:28:9)

PASS test/unit/routes/get-dispatch-location.test.js
  get dispatch location
    ÔêÜ should not call the getDispatchLocation when application id is not 
specified (2 ms)
    ÔêÜ should log the exception when an error occurs (1 ms)
    ÔêÜ should perform the getDispatchLocation when application id is 
specified (1 ms)

  console.log
    MDM Config loaded: {
      apiUrl: undefined,
      subscriptionKey: 'undefined',
      authUrl: undefined,
      clientId: undefined,
      scope: undefined
    }

      at Object.log (app/config/mdm-config.js:28:9)

PASS test/unit/messaging/index.error.test.js
  messaging module
    ÔêÜ should log error message when config.plpSubscription.name is not set 
(2 ms)

PASS test/unit/config/database-config.test.js
  database config
    ÔêÜ valid access token generated for production (2 ms)
    ÔêÜ valid database config export for development
    ÔêÜ valid database config export for production (1 ms)
    ÔêÜ valid database config export for test

  console.error
    Whilst running the 'getBlanketValueFromOffset()' method in 'app\services\parser-map.js', the PLP application encounterd: Error: Position not found.

    [0m [90m  6 |[39m [90m */[39m
     [90m  7 |[39m [36mfunction[39m logError(fileName[33m,[39m method[33m,[39m error) {
    [31m[1m>[22m[39m[90m  8 |[39m   console[33m.[39merror(
     [90m    |[39m           [31m[1m^[22m[39m
     [90m  9 |[39m     [32m`Whilst running the '${method}' method in '${fileName}', the PLP application encounterd: ${error}`[39m[33m,[39m
     [90m 10 |[39m   )[33m;[39m
     [90m 11 |[39m }[0m

      at Object.error [as logError] (app/utilities/logger.js:8:11)
      at logError (app/services/parser-map.js:167:12)
      at getBlanketValueFromOffset (app/services/parser-map.js:133:28)
      at extractBlanketValues (app/services/parser-map.js:70:25)
      at Object.mapParser [as parse] (app/services/parsers/kepak/model1.js:47:33)
      at Object.parse (test/unit/services/parsers/kepak/model1.test.js:8:27)

  console.error
    Whilst running the 'getBlanketValueFromOffset()' method in 'app\services\parser-map.js', the PLP application encounterd: Error: Position not found.

    [0m [90m  6 |[39m [90m */[39m
     [90m  7 |[39m [36mfunction[39m logError(fileName[33m,[39m method[33m,[39m error) {
    [31m[1m>[22m[39m[90m  8 |[39m   console[33m.[39merror(
     [90m    |[39m           [31m[1m^[22m[39m
     [90m  9 |[39m     [32m`Whilst running the '${method}' method in '${fileName}', the PLP application encounterd: ${error}`[39m[33m,[39m
     [90m 10 |[39m   )[33m;[39m
     [90m 11 |[39m }[0m

      at Object.error [as logError] (app/utilities/logger.js:8:11)
      at logError (app/services/parser-map.js:167:12)
      at getBlanketValueFromOffset (app/services/parser-map.js:133:28)
      at extractBlanketValues (app/services/parser-map.js:70:25)
      at Object.mapParser [as parse] (app/services/parsers/kepak/model1.js:47:33)
      at Object.parse (test/unit/services/parsers/kepak/model1.test.js:14:27)

  console.error
    Whilst running the 'getBlanketValueFromOffset()' method in 'app\services\parser-map.js', the PLP application encounterd: Error: Position not found.

    [0m [90m  6 |[39m [90m */[39m
     [90m  7 |[39m [36mfunction[39m logError(fileName[33m,[39m method[33m,[39m error) {
    [31m[1m>[22m[39m[90m  8 |[39m   console[33m.[39merror(
     [90m    |[39m           [31m[1m^[22m[39m
     [90m  9 |[39m     [32m`Whilst running the '${method}' method in '${fileName}', the PLP application encounterd: ${error}`[39m[33m,[39m
     [90m 10 |[39m   )[33m;[39m
     [90m 11 |[39m }[0m

      at Object.error [as logError] (app/utilities/logger.js:8:11)
      at logError (app/services/parser-map.js:167:12)
      at getBlanketValueFromOffset (app/services/parser-map.js:133:28)
      at extractBlanketValues (app/services/parser-map.js:70:25)
      at Object.mapParser [as parse] (app/services/parsers/kepak/model1.js:47:33)
      at Object.parse (test/unit/services/parsers/kepak/model1.test.js:14:27)

  console.error
    Whilst running the 'getBlanketValueFromOffset()' method in 'app\services\parser-map.js', the PLP application encounterd: Error: Position not found.

    [0m [90m  6 |[39m [90m */[39m
     [90m  7 |[39m [36mfunction[39m logError(fileName[33m,[39m method[33m,[39m error) {
    [31m[1m>[22m[39m[90m  8 |[39m   console[33m.[39merror(
     [90m    |[39m           [31m[1m^[22m[39m
     [90m  9 |[39m     [32m`Whilst running the '${method}' method in '${fileName}', the PLP application encounterd: ${error}`[39m[33m,[39m
     [90m 10 |[39m   )[33m;[39m
     [90m 11 |[39m }[0m

      at Object.error [as logError] (app/utilities/logger.js:8:11)
      at logError (app/services/parser-map.js:167:12)
      at getBlanketValueFromOffset (app/services/parser-map.js:133:28)
      at extractBlanketValues (app/services/parser-map.js:70:25)
      at Object.mapParser [as parse] (app/services/parsers/kepak/model1.js:47:33)
      at Object.parse (test/unit/services/parsers/kepak/model1.test.js:20:27)

  console.error
    Whilst running the 'getBlanketValueFromOffset()' method in 'app\services\parser-map.js', the PLP application encounterd: Error: Position not found.

    [0m [90m  6 |[39m [90m */[39m
     [90m  7 |[39m [36mfunction[39m logError(fileName[33m,[39m method[33m,[39m error) {
    [31m[1m>[22m[39m[90m  8 |[39m   console[33m.[39merror(
     [90m    |[39m           [31m[1m^[22m[39m
     [90m  9 |[39m     [32m`Whilst running the '${method}' method in '${fileName}', the PLP application encounterd: ${error}`[39m[33m,[39m
     [90m 10 |[39m   )[33m;[39m
     [90m 11 |[39m }[0m

      at Object.error [as logError] (app/utilities/logger.js:8:11)
      at logError (app/services/parser-map.js:167:12)
      at getBlanketValueFromOffset (app/services/parser-map.js:133:28)
      at extractBlanketValues (app/services/parser-map.js:70:25)
      at Object.mapParser [as parse] (app/services/parsers/kepak/model1.js:47:33)
      at Object.parse (test/unit/services/parsers/kepak/model1.test.js:26:27)

  console.error
    Whilst running the 'matches()' method in 'app\services\parsers\kepak\model1.js', the PLP application encounterd: TypeError: Cannot convert undefined or null to object

    [0m [90m  6 |[39m [90m */[39m
     [90m  7 |[39m [36mfunction[39m logError(fileName[33m,[39m method[33m,[39m error) {
    [31m[1m>[22m[39m[90m  8 |[39m   console[33m.[39merror(
     [90m    |[39m           [31m[1m^[22m[39m
     [90m  9 |[39m     [32m`Whilst running the '${method}' method in '${fileName}', the PLP application encounterd: ${error}`[39m[33m,[39m
     [90m 10 |[39m   )[33m;[39m
     [90m 11 |[39m }[0m

      at Object.error (app/utilities/logger.js:8:11)
      at Object.logError [as parse] (app/services/parsers/kepak/model1.js:70:12)
      at Object.parse (test/unit/services/parsers/kepak/model1.test.js:35:12)

PASS test/unit/services/parsers/kepak/model1.test.js
  parseKepakModel1
    ÔêÜ parses json (6 ms)
    ÔêÜ parses multiple sheets (3 ms)
    ÔêÜ parses valid json with dragdown (2 ms)
    ÔêÜ parses empty json (1 ms)
    ÔêÜ should call logger.logError when an error is thrown (2 ms)

PASS test/unit/services/database-service.test.js
  Database setup
    ÔêÜ should call Sequelize constructor with correct arguments (5 ms)

  console.error
    Whilst running the 'matches()' method in 'app\services\parsers\tescos\model1.js', the PLP application encounterd: TypeError: Cannot convert undefined or null to object

    [0m [90m  6 |[39m [90m */[39m
     [90m  7 |[39m [36mfunction[39m logError(fileName[33m,[39m method[33m,[39m error) {
    [31m[1m>[22m[39m[90m  8 |[39m   console[33m.[39merror(
     [90m    |[39m           [31m[1m^[22m[39m
     [90m  9 |[39m     [32m`Whilst running the '${method}' method in '${fileName}', the PLP application encounterd: ${error}`[39m[33m,[39m
     [90m 10 |[39m   )[33m;[39m
     [90m 11 |[39m }[0m

      at Object.error (app/utilities/logger.js:8:11)
      at Object.logError [as parse] (app/services/parsers/tescos/model1.js:69:12)
      at Object.parse (test/unit/services/parsers/tescos/model1.test.js:35:12)

PASS test/unit/services/parsers/tescos/model1.test.js
  parseTescoModel1
    ÔêÜ parses populated json (3 ms)
    ÔêÜ parses multiple sheets
    ÔêÜ parses missing required values
    ÔêÜ parses empty json
    ÔêÜ should call logger.logError when an error is thrown (2 ms)

  console.error
    Whilst running the 'parse()' method in 'app\services\parsers\booker\model2.js', the PLP application encounterd: TypeError: Cannot convert undefined or null to object

    [0m [90m  6 |[39m [90m */[39m
     [90m  7 |[39m [36mfunction[39m logError(fileName[33m,[39m method[33m,[39m error) {
    [31m[1m>[22m[39m[90m  8 |[39m   console[33m.[39merror(
     [90m    |[39m           [31m[1m^[22m[39m
     [90m  9 |[39m     [32m`Whilst running the '${method}' method in '${fileName}', the PLP application encounterd: ${error}`[39m[33m,[39m
     [90m 10 |[39m   )[33m;[39m
     [90m 11 |[39m }[0m

      at Object.error (app/utilities/logger.js:8:11)
      at Object.logError [as parse] (app/services/parsers/booker/model2.js:69:12)
      at Object.parse (test/unit/services/parsers/booker/model2.test.js:34:12)

PASS test/unit/services/parsers/booker/model2.test.js
  parseBookerModel2
    ÔêÜ parses populated json (5 ms)
    ÔêÜ parses populated json with total (1 ms)
    ÔêÜ parses multiple sheets (1 ms)
    ÔêÜ parses empty json
    ÔêÜ should call logger.logError when an error is thrown (4 ms)

  console.error
    Whilst running the 'parse()' method in 'app\services\parsers\tjmorris\model2.js', the PLP application encounterd: TypeError: Cannot convert undefined or null to object

    [0m [90m  6 |[39m [90m */[39m
     [90m  7 |[39m [36mfunction[39m logError(fileName[33m,[39m method[33m,[39m error) {
    [31m[1m>[22m[39m[90m  8 |[39m   console[33m.[39merror(
     [90m    |[39m           [31m[1m^[22m[39m
     [90m  9 |[39m     [32m`Whilst running the '${method}' method in '${fileName}', the PLP application encounterd: ${error}`[39m[33m,[39m
     [90m 10 |[39m   )[33m;[39m
     [90m 11 |[39m }[0m

      at Object.error (app/utilities/logger.js:8:11)
      at Object.logError [as parse] (app/services/parsers/tjmorris/model2.js:57:12)
      at Object.parse (test/unit/services/parsers/tjmorris/model2.test.js:29:12)

PASS test/unit/services/parsers/tjmorris/model2.test.js
  parseTjmorrisModel2
    ÔêÜ parses valid json (3 ms)
    ÔêÜ parses multiple sheets
    ÔêÜ parses empty json (1 ms)
    ÔêÜ should call logger.logError when an error is thrown (2 ms)

  console.error
    Whilst running the 'matches()' method in 'app\services\parsers\warrens\model2.js', the PLP application encounterd: TypeError: Cannot convert undefined or null to object

    [0m [90m  6 |[39m [90m */[39m
     [90m  7 |[39m [36mfunction[39m logError(fileName[33m,[39m method[33m,[39m error) {
    [31m[1m>[22m[39m[90m  8 |[39m   console[33m.[39merror(
     [90m    |[39m           [31m[1m^[22m[39m
     [90m  9 |[39m     [32m`Whilst running the '${method}' method in '${fileName}', the PLP application encounterd: ${error}`[39m[33m,[39m
     [90m 10 |[39m   )[33m;[39m
     [90m 11 |[39m }[0m

      at Object.error (app/utilities/logger.js:8:11)
      at logError (app/services/parsers/warrens/model2.js:66:12)
      at Object.parseModel [as parse] (app/services/parsers/fowlerwelch/model2.js:6:10)
      at Object.parse (test/unit/services/parsers/fowlerwelch/model2.test.js:34:12)

PASS test/unit/services/parsers/fowlerwelch/model2.test.js
  parseFowlerwelchModel2
    ÔêÜ parses json (4 ms)
    ÔêÜ parses multiple sheets (2 ms)
    ÔêÜ parses empty json
    ÔêÜ should call logger.logError when an error is thrown (4 ms)

  console.error
    Whilst running the 'getBlanketValueFromOffset()' method in 'app\services\parser-map.js', the PLP application encounterd: Error: Position not found.

    [0m [90m  6 |[39m [90m */[39m
     [90m  7 |[39m [36mfunction[39m logError(fileName[33m,[39m method[33m,[39m error) {
    [31m[1m>[22m[39m[90m  8 |[39m   console[33m.[39merror(
     [90m    |[39m           [31m[1m^[22m[39m
     [90m  9 |[39m     [32m`Whilst running the '${method}' method in '${fileName}', the PLP application encounterd: ${error}`[39m[33m,[39m
     [90m 10 |[39m   )[33m;[39m
     [90m 11 |[39m }[0m

      at Object.error [as logError] (app/utilities/logger.js:8:11)
      at logError (app/services/parser-map.js:167:12)
      at getBlanketValueFromOffset (app/services/parser-map.js:133:28)
      at extractBlanketValues (app/services/parser-map.js:70:25)
      at Object.mapParser [as parse] (app/services/parsers/giovanni/model1.js:41:33)
      at Object.parse (test/unit/services/parsers/giovanni/model1.test.js:8:27)

  console.error
    Whilst running the 'getBlanketValueFromOffset()' method in 'app\services\parser-map.js', the PLP application encounterd: Error: Position not found.

    [0m [90m  6 |[39m [90m */[39m
     [90m  7 |[39m [36mfunction[39m logError(fileName[33m,[39m method[33m,[39m error) {
    [31m[1m>[22m[39m[90m  8 |[39m   console[33m.[39merror(
     [90m    |[39m           [31m[1m^[22m[39m
     [90m  9 |[39m     [32m`Whilst running the '${method}' method in '${fileName}', the PLP application encounterd: ${error}`[39m[33m,[39m
     [90m 10 |[39m   )[33m;[39m
     [90m 11 |[39m }[0m

      at Object.error [as logError] (app/utilities/logger.js:8:11)
      at logError (app/services/parser-map.js:167:12)
      at getBlanketValueFromOffset (app/services/parser-map.js:133:28)
      at extractBlanketValues (app/services/parser-map.js:70:25)
      at Object.mapParser [as parse] (app/services/parsers/giovanni/model1.js:41:33)
      at Object.parse (test/unit/services/parsers/giovanni/model1.test.js:14:27)

  console.error
    Whilst running the 'getBlanketValueFromOffset()' method in 'app\services\parser-map.js', the PLP application encounterd: Error: Position not found.

    [0m [90m  6 |[39m [90m */[39m
     [90m  7 |[39m [36mfunction[39m logError(fileName[33m,[39m method[33m,[39m error) {
    [31m[1m>[22m[39m[90m  8 |[39m   console[33m.[39merror(
     [90m    |[39m           [31m[1m^[22m[39m
     [90m  9 |[39m     [32m`Whilst running the '${method}' method in '${fileName}', the PLP application encounterd: ${error}`[39m[33m,[39m
     [90m 10 |[39m   )[33m;[39m
     [90m 11 |[39m }[0m

      at Object.error [as logError] (app/utilities/logger.js:8:11)
      at logError (app/services/parser-map.js:167:12)
      at getBlanketValueFromOffset (app/services/parser-map.js:133:28)
      at extractBlanketValues (app/services/parser-map.js:70:25)
      at Object.mapParser [as parse] (app/services/parsers/giovanni/model1.js:41:33)
      at Object.parse (test/unit/services/parsers/giovanni/model1.test.js:14:27)

  console.error
    Whilst running the 'getBlanketValueFromOffset()' method in 'app\services\parser-map.js', the PLP application encounterd: Error: Position not found.

    [0m [90m  6 |[39m [90m */[39m
     [90m  7 |[39m [36mfunction[39m logError(fileName[33m,[39m method[33m,[39m error) {
    [31m[1m>[22m[39m[90m  8 |[39m   console[33m.[39merror(
     [90m    |[39m           [31m[1m^[22m[39m
     [90m  9 |[39m     [32m`Whilst running the '${method}' method in '${fileName}', the PLP application encounterd: ${error}`[39m[33m,[39m
     [90m 10 |[39m   )[33m;[39m
     [90m 11 |[39m }[0m

      at Object.error [as logError] (app/utilities/logger.js:8:11)
      at logError (app/services/parser-map.js:167:12)
      at getBlanketValueFromOffset (app/services/parser-map.js:133:28)
      at extractBlanketValues (app/services/parser-map.js:70:25)
      at Object.mapParser [as parse] (app/services/parsers/giovanni/model1.js:41:33)
      at Object.parse (test/unit/services/parsers/giovanni/model1.test.js:20:27)

  console.error
    Whilst running the 'matches()' method in 'app\services\parsers\giovanni\model1.js', the PLP application encounterd: TypeError: Cannot convert undefined or null to object

    [0m [90m  6 |[39m [90m */[39m
     [90m  7 |[39m [36mfunction[39m logError(fileName[33m,[39m method[33m,[39m error) {
    [31m[1m>[22m[39m[90m  8 |[39m   console[33m.[39merror(
     [90m    |[39m           [31m[1m^[22m[39m
     [90m  9 |[39m     [32m`Whilst running the '${method}' method in '${fileName}', the PLP application encounterd: ${error}`[39m[33m,[39m
     [90m 10 |[39m   )[33m;[39m
     [90m 11 |[39m }[0m

      at Object.error (app/utilities/logger.js:8:11)
      at Object.logError [as parse] (app/services/parsers/giovanni/model1.js:80:12)
      at Object.parse (test/unit/services/parsers/giovanni/model1.test.js:29:12)

PASS test/unit/services/parsers/giovanni/model1.test.js
  parseGiovanniModel1
    ÔêÜ parses json (6 ms)
    ÔêÜ parses multiple sheets (3 ms)
    ÔêÜ parses empty json (2 ms)
    ÔêÜ should call logger.logError when an error is thrown (1 ms)

  console.error
    Whilst running the 'matches()' method in 'app\services\parsers\tescos\model3.js', the PLP application encounterd: TypeError: Cannot convert undefined or null to object

    [0m [90m  6 |[39m [90m */[39m
     [90m  7 |[39m [36mfunction[39m logError(fileName[33m,[39m method[33m,[39m error) {
    [31m[1m>[22m[39m[90m  8 |[39m   console[33m.[39merror(
     [90m    |[39m           [31m[1m^[22m[39m
     [90m  9 |[39m     [32m`Whilst running the '${method}' method in '${fileName}', the PLP application encounterd: ${error}`[39m[33m,[39m
     [90m 10 |[39m   )[33m;[39m
     [90m 11 |[39m }[0m

      at Object.error (app/utilities/logger.js:8:11)
      at Object.logError [as parse] (app/services/parsers/tescos/model3.js:70:12)
      at Object.parse (test/unit/services/parsers/tescos/model3.test.js:35:12)

PASS test/unit/services/parsers/tescos/model3.test.js
  parseTescoModel3
    ÔêÜ parses populated json (4 ms)
    ÔêÜ parses multiple sheets (1 ms)
    ÔêÜ parses missing required values (1 ms)
    ÔêÜ parses empty json
    ÔêÜ should call logger.logError when an error is thrown (2 ms)

  console.error
    Whilst running the 'parse()' method in 'app\services\parsers\savers\model1.js', the PLP application encounterd: TypeError: Cannot convert undefined or null to object

    [0m [90m  6 |[39m [90m */[39m
     [90m  7 |[39m [36mfunction[39m logError(fileName[33m,[39m method[33m,[39m error) {
    [31m[1m>[22m[39m[90m  8 |[39m   console[33m.[39merror(
     [90m    |[39m           [31m[1m^[22m[39m
     [90m  9 |[39m     [32m`Whilst running the '${method}' method in '${fileName}', the PLP application encounterd: ${error}`[39m[33m,[39m
     [90m 10 |[39m   )[33m;[39m
     [90m 11 |[39m }[0m

      at Object.error [as logError] (app/utilities/logger.js:8:11)
      at Object.logError [as parse] (app/services/parsers/savers/model1.js:71:12)
      at parse (test/unit/services/parsers/savers/model1.test.js:15:27)

PASS test/unit/services/parsers/savers/model1.test.js
  parse a packing list using the SAVERS1 parser
    ÔêÜ parses model (3 ms)
    ÔêÜ parses model
    ÔêÜ parses model (1 ms)
    ÔêÜ parses model (2 ms)

  console.error
    Whilst running the 'matches()' method in 'app\services\parsers\sainsburys\model1.js', the PLP application encounterd: TypeError: Cannot convert undefined or null to object

    [0m [90m  6 |[39m [90m */[39m
     [90m  7 |[39m [36mfunction[39m logError(fileName[33m,[39m method[33m,[39m error) {
    [31m[1m>[22m[39m[90m  8 |[39m   console[33m.[39merror(
     [90m    |[39m           [31m[1m^[22m[39m
     [90m  9 |[39m     [32m`Whilst running the '${method}' method in '${fileName}', the PLP application encounterd: ${error}`[39m[33m,[39m
     [90m 10 |[39m   )[33m;[39m
     [90m 11 |[39m }[0m

      at Object.error (app/utilities/logger.js:8:11)
      at Object.logError [as parse] (app/services/parsers/sainsburys/model1.js:59:12)
      at Object.parse (test/unit/services/parsers/sainsburys/model1.test.js:28:12)

PASS test/unit/services/parsers/sainsburys/model1.test.js
  parseSainsburysModel1
    ÔêÜ parses populated json (4 ms)
    ÔêÜ parses multiple sheets
    ÔêÜ parses empty json
    ÔêÜ should call logger.logError when an error is thrown (3 ms)

  console.error
    Whilst running the 'matches()' method in 'app\services\parsers\davenport\model1.js', the PLP application encounterd: TypeError: Cannot convert undefined or null to object

    [0m [90m  6 |[39m [90m */[39m
     [90m  7 |[39m [36mfunction[39m logError(fileName[33m,[39m method[33m,[39m error) {
    [31m[1m>[22m[39m[90m  8 |[39m   console[33m.[39merror(
     [90m    |[39m           [31m[1m^[22m[39m
     [90m  9 |[39m     [32m`Whilst running the '${method}' method in '${fileName}', the PLP application encounterd: ${error}`[39m[33m,[39m
     [90m 10 |[39m   )[33m;[39m
     [90m 11 |[39m }[0m

      at Object.error (app/utilities/logger.js:8:11)
      at Object.logError [as parse] (app/services/parsers/davenport/model1.js:62:12)
      at Object.parse (test/unit/services/parsers/davenport/model1.test.js:31:12)

PASS test/unit/services/parsers/davenport/model1.test.js
  parseDavenportModel1
    ÔêÜ parses json (3 ms)
    ÔêÜ parses multiple sheets (1 ms)
    ÔêÜ parses empty json
    ÔêÜ should call logger.logError when an error is thrown (3 ms)

  console.error
    Whilst running the 'parse()' method in 'app\services\parsers\booker\model1.js', the PLP application encounterd: Error

    [0m [90m  6 |[39m [90m */[39m
     [90m  7 |[39m [36mfunction[39m logError(fileName[33m,[39m method[33m,[39m error) {
    [31m[1m>[22m[39m[90m  8 |[39m   console[33m.[39merror(
     [90m    |[39m           [31m[1m^[22m[39m
     [90m  9 |[39m     [32m`Whilst running the '${method}' method in '${fileName}', the PLP application encounterd: ${error}`[39m[33m,[39m
     [90m 10 |[39m   )[33m;[39m
     [90m 11 |[39m }[0m

      at Object.error (app/utilities/logger.js:8:11)
      at Object.logError [as parse] (app/services/parsers/booker/model1.js:54:12)
      at Object.parse (test/unit/services/parsers/booker/model1.test.js:45:18)

PASS test/unit/services/parsers/booker/model1.test.js
  parse
    ÔêÜ parses model (3 ms)
    ÔêÜ parses landscape model (1 ms)
    ÔêÜ should call logger.logError when an error is thrown (3 ms)

  console.error
    Whilst running the 'parsers()' method in 'app\services\parsers\tescos\model2.js', the PLP application encounterd: TypeError: Cannot convert undefined or null to object

    [0m [90m  6 |[39m [90m */[39m
     [90m  7 |[39m [36mfunction[39m logError(fileName[33m,[39m method[33m,[39m error) {
    [31m[1m>[22m[39m[90m  8 |[39m   console[33m.[39merror(
     [90m    |[39m           [31m[1m^[22m[39m
     [90m  9 |[39m     [32m`Whilst running the '${method}' method in '${fileName}', the PLP application encounterd: ${error}`[39m[33m,[39m
     [90m 10 |[39m   )[33m;[39m
     [90m 11 |[39m }[0m

      at Object.error [as logError] (app/utilities/logger.js:8:11)
      at Object.logError [as parse] (app/services/parsers/tescos/model2.js:90:12)
      at Object.parse (test/unit/services/parsers/tescos/model2.test.js:20:27)

  console.error
    Whilst running the 'parsers()' method in 'app\services\parsers\tescos\model2.js', the PLP application encounterd: TypeError: Cannot convert undefined or null to object

    [0m [90m  6 |[39m [90m */[39m
     [90m  7 |[39m [36mfunction[39m logError(fileName[33m,[39m method[33m,[39m error) {
    [31m[1m>[22m[39m[90m  8 |[39m   console[33m.[39merror(
     [90m    |[39m           [31m[1m^[22m[39m
     [90m  9 |[39m     [32m`Whilst running the '${method}' method in '${fileName}', the PLP application encounterd: ${error}`[39m[33m,[39m
     [90m 10 |[39m   )[33m;[39m
     [90m 11 |[39m }[0m

      at Object.error (app/utilities/logger.js:8:11)
      at Object.logError [as parse] (app/services/parsers/tescos/model2.js:90:12)
      at Object.parse (test/unit/services/parsers/tescos/model2.test.js:29:12)

PASS test/unit/services/parsers/tescos/model2.test.js
  parseTescoModel2
    ÔêÜ parses populated json (4 ms)
    ÔêÜ parses multiple sheets (1 ms)
    ÔêÜ parses empty json (3 ms)
    ÔêÜ should call logger.logError when an error is thrown (1 ms)

  console.error
    Whilst running the 'matches()' method in 'app\services\parsers\nutricia\model1.js', the PLP application encounterd: TypeError: Cannot convert undefined or null to object

    [0m [90m  6 |[39m [90m */[39m
     [90m  7 |[39m [36mfunction[39m logError(fileName[33m,[39m method[33m,[39m error) {
    [31m[1m>[22m[39m[90m  8 |[39m   console[33m.[39merror(
     [90m    |[39m           [31m[1m^[22m[39m
     [90m  9 |[39m     [32m`Whilst running the '${method}' method in '${fileName}', the PLP application encounterd: ${error}`[39m[33m,[39m
     [90m 10 |[39m   )[33m;[39m
     [90m 11 |[39m }[0m

      at Object.error (app/utilities/logger.js:8:11)
      at Object.logError [as parse] (app/services/parsers/nutricia/model1.js:58:12)
      at Object.parse (test/unit/services/parsers/nutricia/model1.test.js:29:12)

PASS test/unit/services/parsers/nutricia/model1.test.js
  parseNutricaModel1
    ÔêÜ parses json (4 ms)
    ÔêÜ parses multiple sheets (1 ms)
    ÔêÜ parses empty json
    ÔêÜ should call logger.logError when an error is thrown (3 ms)

  console.error
    Whilst running the 'matches()' method in 'app\services\parsers\giovanni\model2.js', the PLP application encounterd: TypeError: Cannot convert undefined or null to object

    [0m [90m  6 |[39m [90m */[39m
     [90m  7 |[39m [36mfunction[39m logError(fileName[33m,[39m method[33m,[39m error) {
    [31m[1m>[22m[39m[90m  8 |[39m   console[33m.[39merror(
     [90m    |[39m           [31m[1m^[22m[39m
     [90m  9 |[39m     [32m`Whilst running the '${method}' method in '${fileName}', the PLP application encounterd: ${error}`[39m[33m,[39m
     [90m 10 |[39m   )[33m;[39m
     [90m 11 |[39m }[0m

      at Object.error (app/utilities/logger.js:8:11)
      at Object.logError [as parse] (app/services/parsers/giovanni/model2.js:68:12)
      at Object.parse (test/unit/services/parsers/giovanni/model2.test.js:28:12)

PASS test/unit/services/parsers/giovanni/model2.test.js
  parseGiovanniModel2
    ÔêÜ parses json (3 ms)
    ÔêÜ parses multiple sheets
    ÔêÜ parses empty json
    ÔêÜ should call logger.logError when an error is thrown (2 ms)

  console.error
    Whilst running the 'matches()' method in 'app\services\parsers\bandm\model1.js', the PLP application encounterd: TypeError: Cannot convert undefined or null to object

    [0m [90m  6 |[39m [90m */[39m
     [90m  7 |[39m [36mfunction[39m logError(fileName[33m,[39m method[33m,[39m error) {
    [31m[1m>[22m[39m[90m  8 |[39m   console[33m.[39merror(
     [90m    |[39m           [31m[1m^[22m[39m
     [90m  9 |[39m     [32m`Whilst running the '${method}' method in '${fileName}', the PLP application encounterd: ${error}`[39m[33m,[39m
     [90m 10 |[39m   )[33m;[39m
     [90m 11 |[39m }[0m

      at Object.error (app/utilities/logger.js:8:11)
      at Object.logError [as parse] (app/services/parsers/bandm/model1.js:68:12)
      at Object.parse (test/unit/services/parsers/bandm/model1.test.js:52:12)

PASS test/unit/services/parsers/bandm/model1.test.js
  parseBandMModel1
    ÔêÜ parses populated json (4 ms)
    ÔêÜ parses populated json with case insensitive headers (1 ms)
    ÔêÜ parses multiple sheets (1 ms)
    ÔêÜ parses empty json
    ÔêÜ should call logger.logError when an error is thrown (3 ms)

PASS test/unit/services/matchers/no-match/model1.test.js
  no-match model1 - noRemosMatchCsv
    ÔêÜ returns true when standard RMS value present (1 ms)
    ÔêÜ returns true when lower-case rms (case-insensitive)
    ÔêÜ returns false when no RMS values present
    ÔêÜ returns false when empty array
  matchesNoMatch
    ÔêÜ returns 'true' for 'RMS-GB-000000-000'
    ÔêÜ returns 'false' for 'RMS-GB-0000000-000'
    ÔêÜ returns 'false' for 'RMS-GB-000000'

  console.info
    Whilst running the 'matches()' method in 'app\services\matchers\giovanni\model3.js', the PLP application logged info: Packing list matches Giovanni Model 3 with filename: test.pdf

      at Object.info [as logInfo] (app/utilities/logger.js:20:11)

  console.error
    Whilst running the 'matches()' method in 'app\services\matchers\giovanni\model3.js', the PLP application encounterd: TypeError: Cannot read properties of undefined (reading 'pages')

    [0m [90m  6 |[39m [90m */[39m
     [90m  7 |[39m [36mfunction[39m logError(fileName[33m,[39m method[33m,[39m error) {
    [31m[1m>[22m[39m[90m  8 |[39m   console[33m.[39merror(
     [90m    |[39m           [31m[1m^[22m[39m
     [90m  9 |[39m     [32m`Whilst running the '${method}' method in '${fileName}', the PLP application encounterd: ${error}`[39m[33m,[39m
     [90m 10 |[39m   )[33m;[39m
     [90m 11 |[39m }[0m

      at Object.error [as logError] (app/utilities/logger.js:8:11)
      at Object.logError [as matches] (app/services/matchers/giovanni/model3.js:43:12)
      at Object.<anonymous> (test/unit/services/matchers/giovanni/model3.test.js:59:20)

  console.error
    Whilst running the 'matches()' method in 'app\services\matchers\giovanni\model3.js', the PLP application encounterd: TypeError: Cannot read properties of undefined (reading 'pages')

    [0m [90m  6 |[39m [90m */[39m
     [90m  7 |[39m [36mfunction[39m logError(fileName[33m,[39m method[33m,[39m error) {
    [31m[1m>[22m[39m[90m  8 |[39m   console[33m.[39merror(
     [90m    |[39m           [31m[1m^[22m[39m
     [90m  9 |[39m     [32m`Whilst running the '${method}' method in '${fileName}', the PLP application encounterd: ${error}`[39m[33m,[39m
     [90m 10 |[39m   )[33m;[39m
     [90m 11 |[39m }[0m

      at Object.error (app/utilities/logger.js:8:11)
      at Object.logError [as matches] (app/services/matchers/giovanni/model3.js:43:12)
      at Object.<anonymous> (test/unit/services/matchers/giovanni/model3.test.js:65:5)

PASS test/unit/services/matchers/giovanni/model3.test.js
  matches
    ÔêÜ return correct (3 ms)
    ÔêÜ returns 'Empty File' matcher result for empty json
    ÔêÜ returns 'Wrong Establishment Number' matcher result for missing 
establishment number
    ÔêÜ return 'Wrong Header' matcher result for incorrect header values
    ÔêÜ return 'Wrong Header' matcher result for incorrect header values for 
multiple pages
    ÔêÜ return 'Generic Error' matcher result when an error occurs
    ÔêÜ should call logger.logError when an error is thrown (1 ms)

  console.error
    Whilst running the 'matches()' method in 'app\services\parsers\asda\model2.js', the PLP application encounterd: TypeError: Cannot convert undefined or null to object

    [0m [90m  6 |[39m [90m */[39m
     [90m  7 |[39m [36mfunction[39m logError(fileName[33m,[39m method[33m,[39m error) {
    [31m[1m>[22m[39m[90m  8 |[39m   console[33m.[39merror(
     [90m    |[39m           [31m[1m^[22m[39m
     [90m  9 |[39m     [32m`Whilst running the '${method}' method in '${fileName}', the PLP application encounterd: ${error}`[39m[33m,[39m
     [90m 10 |[39m   )[33m;[39m
     [90m 11 |[39m }[0m

      at Object.error (app/utilities/logger.js:8:11)
      at Object.logError [as parse] (app/services/parsers/asda/model2.js:69:12)
      at Object.parse (test/unit/services/parsers/asda/model2.test.js:34:12)

PASS test/unit/services/parsers/asda/model2.test.js
  parseAsdaModel2
    ÔêÜ parses populated json (4 ms)
    ÔêÜ parses populated json with total (1 ms)
    ÔêÜ parses multiple sheets
    ÔêÜ parses empty json (1 ms)
    ÔêÜ should call logger.logError when an error is thrown (3 ms)

  console.info
    Whilst running the 'matches()' method in 'app\services\matchers\nutricia\model2.js', the PLP application logged info: Packing list matches Nutricia Model 2 with filename: packinglist.xlsx

      at Object.info [as logInfo] (app/utilities/logger.js:20:11)

  console.error
    Whilst running the 'matches()' method in 'app\services\matchers\nutricia\model2.js', the PLP application encounterd: TypeError: Cannot convert undefined or null to object

    [0m [90m  6 |[39m [90m */[39m
     [90m  7 |[39m [36mfunction[39m logError(fileName[33m,[39m method[33m,[39m error) {
    [31m[1m>[22m[39m[90m  8 |[39m   console[33m.[39merror(
     [90m    |[39m           [31m[1m^[22m[39m
     [90m  9 |[39m     [32m`Whilst running the '${method}' method in '${fileName}', the PLP application encounterd: ${error}`[39m[33m,[39m
     [90m 10 |[39m   )[33m;[39m
     [90m 11 |[39m }[0m

      at Object.error [as logError] (app/utilities/logger.js:8:11)
      at Object.logError [as matches] (app/services/matchers/nutricia/model2.js:47:12)
      at Object.matches (test/unit/services/matchers/nutricia/model2.test.js:54:28)

  console.error
    Whilst running the 'matches()' method in 'app\services\matchers\nutricia\model2.js', the PLP application encounterd: TypeError: Cannot convert undefined or null to object

    [0m [90m  6 |[39m [90m */[39m
     [90m  7 |[39m [36mfunction[39m logError(fileName[33m,[39m method[33m,[39m error) {
    [31m[1m>[22m[39m[90m  8 |[39m   console[33m.[39merror(
     [90m    |[39m           [31m[1m^[22m[39m
     [90m  9 |[39m     [32m`Whilst running the '${method}' method in '${fileName}', the PLP application encounterd: ${error}`[39m[33m,[39m
     [90m 10 |[39m   )[33m;[39m
     [90m 11 |[39m }[0m

      at Object.error (app/utilities/logger.js:8:11)
      at Object.logError [as matches] (app/services/matchers/nutricia/model2.js:47:12)
      at Object.matches (test/unit/services/matchers/nutricia/model2.test.js:62:13)

PASS test/unit/services/matchers/nutricia/model2.test.js
  matchesNutriciaModel2
    ÔêÜ returns Correct (7 ms)
    ÔêÜ returns 'Empty File' matcher result for empty json
    ÔêÜ returns 'Wrong Establishment Number' matcher result for missing 
establishment number
    ÔêÜ returns 'Wrong Establishment Number' matcher result for missing 
establishment numbers of multiple sheets (1 ms)
    ÔêÜ return 'Wrong Header' matcher result for incorrect header values
    ÔêÜ return 'Wrong Header' matcher result for incorrect header values of 
multiple sheets
    ÔêÜ return 'Generic Error' matcher result when an error occurs (1 ms)
    ÔêÜ should call logger.logError when an error is thrown (1 ms)

  console.error
    Whilst running the 'matches()' method in 'app\services\parsers\warrens\model2.js', the PLP application encounterd: TypeError: Cannot convert undefined or null to object

    [0m [90m  6 |[39m [90m */[39m
     [90m  7 |[39m [36mfunction[39m logError(fileName[33m,[39m method[33m,[39m error) {
    [31m[1m>[22m[39m[90m  8 |[39m   console[33m.[39merror(
     [90m    |[39m           [31m[1m^[22m[39m
     [90m  9 |[39m     [32m`Whilst running the '${method}' method in '${fileName}', the PLP application encounterd: ${error}`[39m[33m,[39m
     [90m 10 |[39m   )[33m;[39m
     [90m 11 |[39m }[0m

      at Object.error (app/utilities/logger.js:8:11)
      at logError (app/services/parsers/warrens/model2.js:66:12)
      at Object.parseModel [as parse] (app/services/parsers/warrens/model2.js:72:10)
      at Object.parse (test/unit/services/parsers/warrens/model2.test.js:34:12)

PASS test/unit/services/parsers/warrens/model2.test.js
  parseWarrensModel2
    ÔêÜ parses json (3 ms)
    ÔêÜ parses multiple sheets
    ÔêÜ parses empty json (1 ms)
    ÔêÜ should call logger.logError when an error is thrown (2 ms)

  console.error
    Whilst running the 'matches()' method in 'app\services\parsers\mars\model1.js', the PLP application encounterd: TypeError: Cannot convert undefined or null to object

    [0m [90m  6 |[39m [90m */[39m
     [90m  7 |[39m [36mfunction[39m logError(fileName[33m,[39m method[33m,[39m error) {
    [31m[1m>[22m[39m[90m  8 |[39m   console[33m.[39merror(
     [90m    |[39m           [31m[1m^[22m[39m
     [90m  9 |[39m     [32m`Whilst running the '${method}' method in '${fileName}', the PLP application encounterd: ${error}`[39m[33m,[39m
     [90m 10 |[39m   )[33m;[39m
     [90m 11 |[39m }[0m

      at Object.error (app/utilities/logger.js:8:11)
      at Object.logError [as parse] (app/services/parsers/mars/model1.js:58:12)
      at Object.parse (test/unit/services/parsers/mars/model1.test.js:29:12)

PASS test/unit/services/parsers/mars/model1.test.js
  parseMarsModel1
    ÔêÜ parses json (3 ms)
    ÔêÜ parses multiple sheets
    ÔêÜ parses empty json (1 ms)
    ÔêÜ should call logger.logError when an error is thrown (2 ms)

  console.error
    Whilst running the 'parse()' method in 'app\services\parsers\boots\model1.js', the PLP application encounterd: TypeError: Cannot convert undefined or null to object

    [0m [90m  6 |[39m [90m */[39m
     [90m  7 |[39m [36mfunction[39m logError(fileName[33m,[39m method[33m,[39m error) {
    [31m[1m>[22m[39m[90m  8 |[39m   console[33m.[39merror(
     [90m    |[39m           [31m[1m^[22m[39m
     [90m  9 |[39m     [32m`Whilst running the '${method}' method in '${fileName}', the PLP application encounterd: ${error}`[39m[33m,[39m
     [90m 10 |[39m   )[33m;[39m
     [90m 11 |[39m }[0m

      at Object.error [as logError] (app/utilities/logger.js:8:11)
      at Object.logError [as parse] (app/services/parsers/boots/model1.js:69:12)
      at parse (test/unit/services/parsers/boots/model1.test.js:12:27)

PASS test/unit/services/parsers/boots/model1.test.js
  parse a packing list using the BOOTS1 parser
    ÔêÜ parses model (4 ms)
    ÔêÜ parses model (1 ms)
    ÔêÜ parses model
    ÔêÜ parses model (2 ms)

  console.error
    Whilst running the 'parse()' method in 'app\services\parsers\asda\model4.js', the PLP application encounterd: TypeError: array is not iterable

    [0m [90m  6 |[39m [90m */[39m
     [90m  7 |[39m [36mfunction[39m logError(fileName[33m,[39m method[33m,[39m error) {
    [31m[1m>[22m[39m[90m  8 |[39m   console[33m.[39merror(
     [90m    |[39m           [31m[1m^[22m[39m
     [90m  9 |[39m     [32m`Whilst running the '${method}' method in '${fileName}', the PLP application encounterd: ${error}`[39m[33m,[39m
     [90m 10 |[39m   )[33m;[39m
     [90m 11 |[39m }[0m

      at Object.error (app/utilities/logger.js:8:11)
      at Object.logError [as parse] (app/services/parsers/asda/model4.js:62:12)
      at Object.parse (test/unit/services/parsers/asda/model4.test.js:39:27)

PASS test/unit/services/parsers/asda/model4.test.js
  parseAsdaModel4
    ÔêÜ should parse valid ASDA Model 4 CSV correctly (3 ms)
    ÔêÜ should parse valid ASDA Model 4 CSV correctly with attestation at the 
bottom
    ÔêÜ should return NOMATCH for empty CSV (1 ms)
    ÔêÜ should return NOMATCH for CSV with missing required data
    ÔêÜ should handle parsing errors gracefully (3 ms)

PASS test/unit/services/parsers/turners/model1.test.js
  parse a packing list using the TURNERS1 parser
    ÔêÜ parses model (4 ms)
    ÔêÜ parses model (1 ms)
    ÔêÜ parses model
  turners model1 - isHeaderRow function
    ÔêÜ returns true when all headers match their patterns (4 ms)
    ÔêÜ returns true when headers match with case variations (1 ms)
    ÔêÜ returns false when one header doesn't match pattern
    ÔêÜ returns false when multiple headers don't match patterns
    ÔêÜ returns false when missing required properties
    ÔêÜ returns false when empty item object (1 ms)
    ÔêÜ returns false when item with null values
    ÔêÜ returns false when item with undefined values
    ÔêÜ handles non-string values gracefully
    ÔêÜ validates with actual TURNERS1 header patterns

  console.error
    Whilst running the 'matches()' method in 'app\services\parsers\asda\model3.js', the PLP application encounterd: TypeError: Cannot convert undefined or null to object

    [0m [90m  6 |[39m [90m */[39m
     [90m  7 |[39m [36mfunction[39m logError(fileName[33m,[39m method[33m,[39m error) {
    [31m[1m>[22m[39m[90m  8 |[39m   console[33m.[39merror(
     [90m    |[39m           [31m[1m^[22m[39m
     [90m  9 |[39m     [32m`Whilst running the '${method}' method in '${fileName}', the PLP application encounterd: ${error}`[39m[33m,[39m
     [90m 10 |[39m   )[33m;[39m
     [90m 11 |[39m }[0m

      at Object.error (app/utilities/logger.js:8:11)
      at Object.logError [as parse] (app/services/parsers/asda/model3.js:59:12)
      at Object.parse (test/unit/services/parsers/asda/model3.test.js:28:12)

PASS test/unit/services/parsers/asda/model3.test.js
  parseAsdaModel3
    ÔêÜ parses populated json (4 ms)
    ÔêÜ parses multiple sheets (1 ms)
    ÔêÜ parses empty json
    ÔêÜ should call logger.logError when an error is thrown (3 ms)

  console.error
    Whilst running the 'matches()' method in 'app\services\parsers\nutricia\model2.js', the PLP application encounterd: TypeError: Cannot convert undefined or null to object

    [0m [90m  6 |[39m [90m */[39m
     [90m  7 |[39m [36mfunction[39m logError(fileName[33m,[39m method[33m,[39m error) {
    [31m[1m>[22m[39m[90m  8 |[39m   console[33m.[39merror(
     [90m    |[39m           [31m[1m^[22m[39m
     [90m  9 |[39m     [32m`Whilst running the '${method}' method in '${fileName}', the PLP application encounterd: ${error}`[39m[33m,[39m
     [90m 10 |[39m   )[33m;[39m
     [90m 11 |[39m }[0m

      at Object.error (app/utilities/logger.js:8:11)
      at Object.logError [as parse] (app/services/parsers/nutricia/model2.js:58:12)
      at Object.parse (test/unit/services/parsers/nutricia/model2.test.js:29:12)

PASS test/unit/services/parsers/nutricia/model2.test.js
  parseNutricaModel2
    ÔêÜ parses json (3 ms)
    ÔêÜ parses multiple sheets (1 ms)
    ÔêÜ parses empty json (1 ms)
    ÔêÜ should call logger.logError when an error is thrown (2 ms)

  console.error
    Whilst running the 'matches()' method in 'app\services\parsers\davenport\model2.js', the PLP application encounterd: TypeError: Cannot convert undefined or null to object

    [0m [90m  6 |[39m [90m */[39m
     [90m  7 |[39m [36mfunction[39m logError(fileName[33m,[39m method[33m,[39m error) {
    [31m[1m>[22m[39m[90m  8 |[39m   console[33m.[39merror(
     [90m    |[39m           [31m[1m^[22m[39m
     [90m  9 |[39m     [32m`Whilst running the '${method}' method in '${fileName}', the PLP application encounterd: ${error}`[39m[33m,[39m
     [90m 10 |[39m   )[33m;[39m
     [90m 11 |[39m }[0m

      at Object.error (app/utilities/logger.js:8:11)
      at Object.logError [as parse] (app/services/parsers/davenport/model2.js:62:12)
      at Object.parse (test/unit/services/parsers/davenport/model2.test.js:31:12)

PASS test/unit/services/parsers/davenport/model2.test.js
  parseDavenportModel2
    ÔêÜ parses json (4 ms)
    ÔêÜ parses multiple sheets (1 ms)
    ÔêÜ parses empty json
    ÔêÜ should call logger.logError when an error is thrown (2 ms)

  console.error
    Whilst running the 'matches()' method in 'app\services\parsers\cds\model1.js', the PLP application encounterd: TypeError: Cannot convert undefined or null to object

    [0m [90m  6 |[39m [90m */[39m
     [90m  7 |[39m [36mfunction[39m logError(fileName[33m,[39m method[33m,[39m error) {
    [31m[1m>[22m[39m[90m  8 |[39m   console[33m.[39merror(
     [90m    |[39m           [31m[1m^[22m[39m
     [90m  9 |[39m     [32m`Whilst running the '${method}' method in '${fileName}', the PLP application encounterd: ${error}`[39m[33m,[39m
     [90m 10 |[39m   )[33m;[39m
     [90m 11 |[39m }[0m

      at Object.error (app/utilities/logger.js:8:11)
      at Object.logError [as parse] (app/services/parsers/cds/model1.js:58:12)
      at Object.parse (test/unit/services/parsers/cds/model1.test.js:29:12)

PASS test/unit/services/parsers/cds/model1.test.js
  parseCdsModel1
    ÔêÜ parses populated json (3 ms)
    ÔêÜ parses multiple sheets
    ÔêÜ parses empty json (1 ms)
    ÔêÜ should call logger.logError when an error is thrown (2 ms)

PASS test/unit/services/parser-map.test.js
  extractNetWeightUnit
    ÔêÜ should return null when findUnitInHeader is false (1 ms)
  mapPdfParser
    ÔêÜ should return empty array when PackingListContents.values is missing 
(1 ms)
    ÔêÜ should reset item numbers when page number changes (1 ms)
  getBlanketValueFromOffset
    ÔêÜ should return value at correct offset position (1 ms)
    ÔêÜ should handle negative column offset
    ÔêÜ should handle positive column offset
    ÔêÜ should handle zero offsets
    ÔêÜ should handle column offset that results in different letter
  isNotEmpty
    ÔêÜ Scenario 0: isNotEmpty({"A": "Some value", "B": "Another value", "C": 
"Third value"}) should return {"Prop1": "A", "Prop2": "B"} (1 ms)
    ÔêÜ Scenario 0: isNotEmpty({"A": "Some value", "C": "Third value"}) should 
return {"Prop1": "A", "Prop2": "B"}
    ÔêÜ Scenario 0: isNotEmpty({"A": "Some value", "B": "Another value"}) 
should return {"Prop1": "A", "Prop2": "B"}
    ÔêÜ Scenario 0: isNotEmpty({"B": "Another value", "C": "Third value"}) 
should return {"Prop1": "A", "Prop2": "B"}
    ÔêÜ Scenario 0: isNotEmpty({"C": "Third value"}) should return {"Prop1": 
"A", "Prop2": "B"}
    ÔêÜ Scenario 0: isNotEmpty({}) should return {"Prop1": "A", "Prop2": "B"}
    ÔêÜ Scenario 0: isNotEmpty({"C": "Third value"}) should return {"Prop1": 
"A", "Prop2": "B", "Prop3": "C"}

  console.error
    Whilst running the 'parse()' method in 'app\services\parsers\giovanni\model3.js', the PLP application encounterd: Error

    [0m [90m  6 |[39m [90m */[39m
     [90m  7 |[39m [36mfunction[39m logError(fileName[33m,[39m method[33m,[39m error) {
    [31m[1m>[22m[39m[90m  8 |[39m   console[33m.[39merror(
     [90m    |[39m           [31m[1m^[22m[39m
     [90m  9 |[39m     [32m`Whilst running the '${method}' method in '${fileName}', the PLP application encounterd: ${error}`[39m[33m,[39m
     [90m 10 |[39m   )[33m;[39m
     [90m 11 |[39m }[0m

      at Object.error (app/utilities/logger.js:8:11)
      at Object.logError [as parse] (app/services/parsers/giovanni/model3.js:44:12)
      at Object.parse (test/unit/services/parsers/giovanni/model3.test.js:47:18)

PASS test/unit/services/parsers/giovanni/model3.test.js
  parse
    ÔêÜ parses model (3 ms)
    ÔêÜ parses model with short commodity code (1 ms)
    ÔêÜ should call logger.logError when an error is thrown (3 ms)

  console.error
    Whilst running the 'matches()' method in 'app\services\parsers\buffaload-logistics\model1.js', the PLP application encounterd: TypeError: Cannot convert undefined or null to object

    [0m [90m  6 |[39m [90m */[39m
     [90m  7 |[39m [36mfunction[39m logError(fileName[33m,[39m method[33m,[39m error) {
    [31m[1m>[22m[39m[90m  8 |[39m   console[33m.[39merror(
     [90m    |[39m           [31m[1m^[22m[39m
     [90m  9 |[39m     [32m`Whilst running the '${method}' method in '${fileName}', the PLP application encounterd: ${error}`[39m[33m,[39m
     [90m 10 |[39m   )[33m;[39m
     [90m 11 |[39m }[0m

      at Object.error (app/utilities/logger.js:8:11)
      at Object.logError [as parse] (app/services/parsers/buffaload-logistics/model1.js:58:12)
      at Object.parse (test/unit/services/parsers/buffaload-logistics/model1.test.js:28:12)

PASS test/unit/services/parsers/buffaload-logistics/model1.test.js
  parsesBuffaloadLogisticsModel1
    ÔêÜ parses valid json (3 ms)
    ÔêÜ parses multiple sheets (1 ms)
    ÔêÜ parses empty json
    ÔêÜ should call logger.logError when an error is thrown (2 ms)

  console.log
    MDM Config loaded: {
      apiUrl: undefined,
      subscriptionKey: 'undefined',
      authUrl: undefined,
      clientId: undefined,
      scope: undefined
    }

      at Object.log (app/config/mdm-config.js:28:9)

PASS test/unit/services/document-intelligence.test.js
  createDocumentIntelligenceAdminClient
    ÔêÜ creates admin client (1 ms)
  getLatestModelByName
    ÔêÜ returns the model with the highest epoch when mixed with non-epoch 
models (1 ms)
    ÔêÜ returns the model with the highest version when no epochs exist
    ÔêÜ returns null if no matching models are found
    ÔêÜ returns the first model when all models have invalid or no epoch 
values (1 ms)
  runAnalysis
    ÔêÜ returns document
  createDocumentIntelligenceClient
    ÔêÜ creates client

  console.error
    Whilst running the 'parse()' method in 'app\services\parsers\iceland\model2.js', the PLP application encounterd: TypeError: array is not iterable

    [0m [90m  6 |[39m [90m */[39m
     [90m  7 |[39m [36mfunction[39m logError(fileName[33m,[39m method[33m,[39m error) {
    [31m[1m>[22m[39m[90m  8 |[39m   console[33m.[39merror(
     [90m    |[39m           [31m[1m^[22m[39m
     [90m  9 |[39m     [32m`Whilst running the '${method}' method in '${fileName}', the PLP application encounterd: ${error}`[39m[33m,[39m
     [90m 10 |[39m   )[33m;[39m
     [90m 11 |[39m }[0m

      at Object.error (app/utilities/logger.js:8:11)
      at Object.logError [as parse] (app/services/parsers/iceland/model2.js:62:12)
      at Object.parse (test/unit/services/parsers/iceland/model2.test.js:32:27)

PASS test/unit/services/parsers/iceland/model2.test.js
  parseIcelandModel2
    ÔêÜ should parse valid Iceland Model 2 CSV correctly (3 ms)
    ÔêÜ should return NOMATCH for empty CSV
    ÔêÜ should return NOMATCH for CSV with missing required data (1 ms)
    ÔêÜ should handle parsing errors gracefully (2 ms)

  console.info
    Whilst running the 'matches()' method in 'app\services\matchers\booker\model1.js', the PLP application logged info: Packing list matches Booker Model 1 with filename: test.pdf

      at Object.info [as logInfo] (app/utilities/logger.js:20:11)

  console.error
    Whilst running the 'matches()' method in 'app\services\matchers\booker\model1.js', the PLP application encounterd: TypeError: Cannot read properties of undefined (reading 'pages')

    [0m [90m  6 |[39m [90m */[39m
     [90m  7 |[39m [36mfunction[39m logError(fileName[33m,[39m method[33m,[39m error) {
    [31m[1m>[22m[39m[90m  8 |[39m   console[33m.[39merror(
     [90m    |[39m           [31m[1m^[22m[39m
     [90m  9 |[39m     [32m`Whilst running the '${method}' method in '${fileName}', the PLP application encounterd: ${error}`[39m[33m,[39m
     [90m 10 |[39m   )[33m;[39m
     [90m 11 |[39m }[0m

      at Object.error [as logError] (app/utilities/logger.js:8:11)
      at Object.logError [as matches] (app/services/matchers/booker/model1.js:43:12)
      at Object.<anonymous> (test/unit/services/matchers/booker/model1.test.js:59:20)

  console.error
    Whilst running the 'matches()' method in 'app\services\matchers\booker\model1.js', the PLP application encounterd: TypeError: Cannot read properties of undefined (reading 'pages')

    [0m [90m  6 |[39m [90m */[39m
     [90m  7 |[39m [36mfunction[39m logError(fileName[33m,[39m method[33m,[39m error) {
    [31m[1m>[22m[39m[90m  8 |[39m   console[33m.[39merror(
     [90m    |[39m           [31m[1m^[22m[39m
     [90m  9 |[39m     [32m`Whilst running the '${method}' method in '${fileName}', the PLP application encounterd: ${error}`[39m[33m,[39m
     [90m 10 |[39m   )[33m;[39m
     [90m 11 |[39m }[0m

      at Object.error (app/utilities/logger.js:8:11)
      at Object.logError [as matches] (app/services/matchers/booker/model1.js:43:12)
      at Object.<anonymous> (test/unit/services/matchers/booker/model1.test.js:65:5)

PASS test/unit/services/matchers/booker/model1.test.js
  matches
    ÔêÜ return correct (3 ms)
    ÔêÜ returns 'Empty File' matcher result for empty json (1 ms)
    ÔêÜ returns 'Wrong Establishment Number' matcher result for missing 
establishment number
    ÔêÜ return 'Wrong Header' matcher result for incorrect header values
    ÔêÜ return 'Wrong Header' matcher result for incorrect header values for 
multiple pages (1 ms)
    ÔêÜ return 'Generic Error' matcher result when an error occurs (1 ms)
    ÔêÜ should call logger.logError when an error is thrown (1 ms)

  console.error
    Whilst running the 'parse()' method in 'app\services\parsers\mands\model1.js', the PLP application encounterd: TypeError: Cannot read properties of null (reading 'fields')

    [0m [90m  6 |[39m [90m */[39m
     [90m  7 |[39m [36mfunction[39m logError(fileName[33m,[39m method[33m,[39m error) {
    [31m[1m>[22m[39m[90m  8 |[39m   console[33m.[39merror(
     [90m    |[39m           [31m[1m^[22m[39m
     [90m  9 |[39m     [32m`Whilst running the '${method}' method in '${fileName}', the PLP application encounterd: ${error}`[39m[33m,[39m
     [90m 10 |[39m   )[33m;[39m
     [90m 11 |[39m }[0m

      at Object.error (app/utilities/logger.js:8:11)
      at Object.logError [as parse] (app/services/parsers/mands/model1.js:44:12)
      at Object.parse (test/unit/services/parsers/mands/model1.test.js:20:18)

PASS test/unit/services/parsers/mands/model1.test.js
  parseMandS1
    ÔêÜ parses model (2 ms)
    ÔêÜ parses model (1 ms)
    ÔêÜ should call logger.logError when an error is thrown (2 ms)

  console.error
    Whilst running the 'matches()' method in 'app\services\parsers\co-op\model1.js', the PLP application encounterd: TypeError: Cannot convert undefined or null to object

    [0m [90m  6 |[39m [90m */[39m
     [90m  7 |[39m [36mfunction[39m logError(fileName[33m,[39m method[33m,[39m error) {
    [31m[1m>[22m[39m[90m  8 |[39m   console[33m.[39merror(
     [90m    |[39m           [31m[1m^[22m[39m
     [90m  9 |[39m     [32m`Whilst running the '${method}' method in '${fileName}', the PLP application encounterd: ${error}`[39m[33m,[39m
     [90m 10 |[39m   )[33m;[39m
     [90m 11 |[39m }[0m

      at Object.error (app/utilities/logger.js:8:11)
      at Object.logError [as parse] (app/services/parsers/co-op/model1.js:58:12)
      at Object.parse (test/unit/services/parsers/co-op/model1.test.js:29:12)

PASS test/unit/services/parsers/co-op/model1.test.js
  parseCoopModel1
    ÔêÜ parses populated json (4 ms)
    ÔêÜ parses multiple sheets (1 ms)
    ÔêÜ parses empty json
    ÔêÜ should call logger.logError when an error is thrown (2 ms)

  console.log
    MDM Config loaded: {
      apiUrl: undefined,
      subscriptionKey: 'undefined',
      authUrl: undefined,
      clientId: undefined,
      scope: undefined
    }

      at Object.log (app/config/mdm-config.js:28:9)

PASS test/unit/config/index.test.js
  config index
    ÔêÜ should be a valid object (1 ms)

  console.error
    Whilst running the 'parse()' method in 'app\services\parsers\greggs\model1.js', the PLP application encounterd: TypeError: Cannot read properties of null (reading 'fields')

    [0m [90m  6 |[39m [90m */[39m
     [90m  7 |[39m [36mfunction[39m logError(fileName[33m,[39m method[33m,[39m error) {
    [31m[1m>[22m[39m[90m  8 |[39m   console[33m.[39merror(
     [90m    |[39m           [31m[1m^[22m[39m
     [90m  9 |[39m     [32m`Whilst running the '${method}' method in '${fileName}', the PLP application encounterd: ${error}`[39m[33m,[39m
     [90m 10 |[39m   )[33m;[39m
     [90m 11 |[39m }[0m

      at Object.error (app/utilities/logger.js:8:11)
      at Object.logError [as parse] (app/services/parsers/greggs/model1.js:53:12)
      at Object.parse (test/unit/services/parsers/greggs/model1.test.js:20:12)

PASS test/unit/services/parsers/greggs/model1.test.js
  parseGreggs1
    ÔêÜ parses model (2 ms)
    ÔêÜ parses model
    ÔêÜ parses model
    ÔêÜ should call logger.logError when an error is thrown (3 ms)

PASS test/unit/utilities/pdf-helper.test.js
  findSmaller
    ÔêÜ returns smaller number (1 ms)
    ÔêÜ returns smaller number
    ÔêÜ returns smaller number
    ÔêÜ returns smaller number
    ÔêÜ returns smaller number
  removeEmptyStringElements
    ÔêÜ return json without empty string
  getHeaders
    ÔêÜ returns correct headers (1 ms)
  sanitise
    ÔêÜ removes empty strings
    ÔêÜ orders correctly by x and y (1 ms)
  extractEstablishmentNumbers
    ÔêÜ returns empty array for empty pdfJson
    ÔêÜ extracts single establishment number from pdfJson (1 ms)
    ÔêÜ extracts multiple establishment numbers from pdfJson
  extractEstablishmentNumbersFromString
    ÔêÜ returns empty array for empty pdfJson
    ÔêÜ extracts single establishment number from pdfJson
    ÔêÜ extracts multiple establishment numbers from pdfJson (1 ms)

  console.error
    Whilst running the 'parse()' method in 'app\services\parsers\iceland\model1.js', the PLP application encounterd: TypeError: Cannot read properties of null (reading 'fields')

    [0m [90m  6 |[39m [90m */[39m
     [90m  7 |[39m [36mfunction[39m logError(fileName[33m,[39m method[33m,[39m error) {
    [31m[1m>[22m[39m[90m  8 |[39m   console[33m.[39merror(
     [90m    |[39m           [31m[1m^[22m[39m
     [90m  9 |[39m     [32m`Whilst running the '${method}' method in '${fileName}', the PLP application encounterd: ${error}`[39m[33m,[39m
     [90m 10 |[39m   )[33m;[39m
     [90m 11 |[39m }[0m

      at Object.error (app/utilities/logger.js:8:11)
      at Object.logError [as parse] (app/services/parsers/iceland/model1.js:45:12)
      at Object.parse (test/unit/services/parsers/iceland/model1.test.js:27:18)

PASS test/unit/services/parsers/iceland/model1.test.js
  parseIceland1
    ÔêÜ parses model (2 ms)
    ÔêÜ parses model (1 ms)
    ÔêÜ should call logger.logError when an error is thrown (3 ms)
    ÔêÜ should process establishment numbers when sanitizedFullPackingList is 
provided (1 ms)
    ÔêÜ should not process establishment numbers when sanitizedFullPackingList 
is not provided

  console.info
    Whilst running the 'matches()' method in 'app\services\matchers\giovanni\model1.js', the PLP application logged info: Packing list matches giovanni Model 1 with filename: packinglist.xlsx

      at Object.info [as logInfo] (app/utilities/logger.js:20:11)

  console.error
    Whilst running the 'matches()' method in 'app\services\matchers\giovanni\model1.js', the PLP application encounterd: TypeError: Cannot convert undefined or null to object

    [0m [90m  6 |[39m [90m */[39m
     [90m  7 |[39m [36mfunction[39m logError(fileName[33m,[39m method[33m,[39m error) {
    [31m[1m>[22m[39m[90m  8 |[39m   console[33m.[39merror(
     [90m    |[39m           [31m[1m^[22m[39m
     [90m  9 |[39m     [32m`Whilst running the '${method}' method in '${fileName}', the PLP application encounterd: ${error}`[39m[33m,[39m
     [90m 10 |[39m   )[33m;[39m
     [90m 11 |[39m }[0m

      at Object.error [as logError] (app/utilities/logger.js:8:11)
      at logError (app/services/matchers/giovanni/model1.js:43:12)
      at Object.matchesModel [as matches] (app/services/matchers/giovanni/model1.js:49:10)
      at Object.matches (test/unit/services/matchers/giovanni/model1.test.js:49:28)

  console.error
    Whilst running the 'matches()' method in 'app\services\matchers\giovanni\model1.js', the PLP application encounterd: TypeError: Cannot convert undefined or null to object

    [0m [90m  6 |[39m [90m */[39m
     [90m  7 |[39m [36mfunction[39m logError(fileName[33m,[39m method[33m,[39m error) {
    [31m[1m>[22m[39m[90m  8 |[39m   console[33m.[39merror(
     [90m    |[39m           [31m[1m^[22m[39m
     [90m  9 |[39m     [32m`Whilst running the '${method}' method in '${fileName}', the PLP application encounterd: ${error}`[39m[33m,[39m
     [90m 10 |[39m   )[33m;[39m
     [90m 11 |[39m }[0m

      at Object.error (app/utilities/logger.js:8:11)
      at logError (app/services/matchers/giovanni/model1.js:43:12)
      at Object.matchesModel [as matches] (app/services/matchers/giovanni/model1.js:49:10)
      at Object.matches (test/unit/services/matchers/giovanni/model1.test.js:57:13)

PASS test/unit/services/matchers/giovanni/model1.test.js
  matchesGiovanni
    ÔêÜ returns 'Empty File' matcher result for empty json (1 ms)
    ÔêÜ returns Correct (2 ms)
    ÔêÜ returns 'Wrong Establishment Number' matcher result for missing 
establishment number
    ÔêÜ returns 'Wrong Establishment Number' matcher result for missing 
establishment numbers of multiple sheets
    ÔêÜ return 'Wrong Header' matcher result for incorrect header values (1 ms)
    ÔêÜ return 'Wrong Header' matcher result for incorrect header values of 
multiple sheets
    ÔêÜ return 'Generic Error' matcher result when an error occurs (1 ms)
    ÔêÜ should call logger.logError when an error is thrown (2 ms)

  console.info
    Whilst running the 'matches()' method in 'app\services\matchers\davenport\model1.js', the PLP application logged info: Packing list matches davenport Model 1 with filename: packinglist.xlsx

      at Object.info [as logInfo] (app/utilities/logger.js:20:11)

  console.error
    Whilst running the 'matches()' method in 'app\services\matchers\davenport\model1.js', the PLP application encounterd: TypeError: Cannot convert undefined or null to object

    [0m [90m  6 |[39m [90m */[39m
     [90m  7 |[39m [36mfunction[39m logError(fileName[33m,[39m method[33m,[39m error) {
    [31m[1m>[22m[39m[90m  8 |[39m   console[33m.[39merror(
     [90m    |[39m           [31m[1m^[22m[39m
     [90m  9 |[39m     [32m`Whilst running the '${method}' method in '${fileName}', the PLP application encounterd: ${error}`[39m[33m,[39m
     [90m 10 |[39m   )[33m;[39m
     [90m 11 |[39m }[0m

      at Object.error [as logError] (app/utilities/logger.js:8:11)
      at Object.logError [as matches] (app/services/matchers/davenport/model1.js:52:12)
      at Object.matches (test/unit/services/matchers/davenport/model1.test.js:60:28)

  console.error
    Whilst running the 'matches()' method in 'app\services\matchers\davenport\model1.js', the PLP application encounterd: TypeError: Cannot convert undefined or null to object

    [0m [90m  6 |[39m [90m */[39m
     [90m  7 |[39m [36mfunction[39m logError(fileName[33m,[39m method[33m,[39m error) {
    [31m[1m>[22m[39m[90m  8 |[39m   console[33m.[39merror(
     [90m    |[39m           [31m[1m^[22m[39m
     [90m  9 |[39m     [32m`Whilst running the '${method}' method in '${fileName}', the PLP application encounterd: ${error}`[39m[33m,[39m
     [90m 10 |[39m   )[33m;[39m
     [90m 11 |[39m }[0m

      at Object.error (app/utilities/logger.js:8:11)
      at Object.logError [as matches] (app/services/matchers/davenport/model1.js:52:12)
      at Object.matches (test/unit/services/matchers/davenport/model1.test.js:68:13)

PASS test/unit/services/matchers/davenport/model1.test.js
  matchesDavenportModel1
    ÔêÜ returns Correct (3 ms)
    ÔêÜ returns 'Empty File' matcher result for empty json (1 ms)
    ÔêÜ returns 'Wrong Establishment Number' matcher result for missing 
establishment number
    ÔêÜ returns 'Wrong Establishment Number' matcher result for missing 
establishment numbers of multiple sheets (1 ms)
    ÔêÜ return 'Wrong Header' matcher result for missing header values
    ÔêÜ return 'Wrong Header' matcher result for incorrect header values
    ÔêÜ return 'Wrong Header' matcher result for incorrect header values of 
multiple sheets (1 ms)
    ÔêÜ return 'Generic Error' matcher result when an error occurs (1 ms)
    ÔêÜ should call logger.logError when an error is thrown (5 ms)
    ÔêÜ skips processing for sheets listed in invalidSheets

  console.info
    Whilst running the 'matches()' method in 'app\services\matchers\bandm\model1.js', the PLP application logged info: Packing list matches bandm Model 1 with filename: packinglist.xlsx

      at Object.info [as logInfo] (app/utilities/logger.js:20:11)

  console.error
    Whilst running the 'matches()' method in 'app\services\matchers\bandm\model1.js', the PLP application encounterd: TypeError: Cannot convert undefined or null to object

    [0m [90m  6 |[39m [90m */[39m
     [90m  7 |[39m [36mfunction[39m logError(fileName[33m,[39m method[33m,[39m error) {
    [31m[1m>[22m[39m[90m  8 |[39m   console[33m.[39merror(
     [90m    |[39m           [31m[1m^[22m[39m
     [90m  9 |[39m     [32m`Whilst running the '${method}' method in '${fileName}', the PLP application encounterd: ${error}`[39m[33m,[39m
     [90m 10 |[39m   )[33m;[39m
     [90m 11 |[39m }[0m

      at Object.error [as logError] (app/utilities/logger.js:8:11)
      at Object.logError [as matches] (app/services/matchers/bandm/model1.js:48:12)
      at Object.matches (test/unit/services/matchers/bandm/model1.test.js:77:28)

  console.error
    Whilst running the 'matches()' method in 'app\services\matchers\bandm\model1.js', the PLP application encounterd: TypeError: Cannot convert undefined or null to object

    [0m [90m  6 |[39m [90m */[39m
     [90m  7 |[39m [36mfunction[39m logError(fileName[33m,[39m method[33m,[39m error) {
    [31m[1m>[22m[39m[90m  8 |[39m   console[33m.[39merror(
     [90m    |[39m           [31m[1m^[22m[39m
     [90m  9 |[39m     [32m`Whilst running the '${method}' method in '${fileName}', the PLP application encounterd: ${error}`[39m[33m,[39m
     [90m 10 |[39m   )[33m;[39m
     [90m 11 |[39m }[0m

      at Object.error (app/utilities/logger.js:8:11)
      at Object.logError [as matches] (app/services/matchers/bandm/model1.js:48:12)
      at Object.matches (test/unit/services/matchers/bandm/model1.test.js:85:13)

PASS test/unit/services/matchers/bandm/model1.test.js
  matchesBandMModel1
    ÔêÜ returns correct (3 ms)
    ÔêÜ returns 'Empty File' matcher result for empty json
    ÔêÜ returns 'Wrong Establishment Number' matcher result for missing 
establishment number
    ÔêÜ returns 'Wrong Establishment Number' matcher result for missing 
establishment numbers of multiple sheets (1 ms)
    ÔêÜ return 'Wrong Header' matcher result for incorrect header values
    ÔêÜ return 'Wrong Header' matcher result for incorrect header values of 
multiple sheets
    ÔêÜ return 'Generic Error' matcher result when an error occurs (1 ms)
    ÔêÜ should call logger.logError when an error is thrown (6 ms)

  console.error
    Whilst running the 'matches()' method in 'app\services\parsers\tjmorris\model1.js', the PLP application encounterd: TypeError: Cannot convert undefined or null to object

    [0m [90m  6 |[39m [90m */[39m
     [90m  7 |[39m [36mfunction[39m logError(fileName[33m,[39m method[33m,[39m error) {
    [31m[1m>[22m[39m[90m  8 |[39m   console[33m.[39merror(
     [90m    |[39m           [31m[1m^[22m[39m
     [90m  9 |[39m     [32m`Whilst running the '${method}' method in '${fileName}', the PLP application encounterd: ${error}`[39m[33m,[39m
     [90m 10 |[39m   )[33m;[39m
     [90m 11 |[39m }[0m

      at Object.error (app/utilities/logger.js:8:11)
      at Object.logError [as parse] (app/services/parsers/tjmorris/model1.js:63:12)
      at Object.parse (test/unit/services/parsers/tjmorris/model1.test.js:29:12)

PASS test/unit/services/parsers/tjmorris/model1.test.js
  parseTjmorrisModel1
    ÔêÜ parses valid json (3 ms)
    ÔêÜ parses multiple sheets
    ÔêÜ parses empty json (1 ms)
    ÔêÜ should call logger.logError when an error is thrown (2 ms)

  console.info
    Whilst running the 'matches()' method in 'app\services\matchers\fowlerwelch\model1.js', the PLP application logged info: Packing list matches fowlerwelch Model 1 with filename: packinglist.xlsx

      at Object.info [as logInfo] (app/utilities/logger.js:20:11)

  console.info
    Whilst running the 'matches()' method in 'app\services\matchers\fowlerwelch\model1.js', the PLP application logged info: Packing list matches fowlerwelch Model 1 with filename: packinglist.xlsx

      at Object.info [as logInfo] (app/utilities/logger.js:20:11)

  console.error
    Whilst running the 'matches()' method in 'app\services\matchers\fowlerwelch\model1.js', the PLP application encounterd: TypeError: Cannot convert undefined or null to object

    [0m [90m  6 |[39m [90m */[39m
     [90m  7 |[39m [36mfunction[39m logError(fileName[33m,[39m method[33m,[39m error) {
    [31m[1m>[22m[39m[90m  8 |[39m   console[33m.[39merror(
     [90m    |[39m           [31m[1m^[22m[39m
     [90m  9 |[39m     [32m`Whilst running the '${method}' method in '${fileName}', the PLP application encounterd: ${error}`[39m[33m,[39m
     [90m 10 |[39m   )[33m;[39m
     [90m 11 |[39m }[0m

      at Object.error [as logError] (app/utilities/logger.js:8:11)
      at logError (app/services/matchers/fowlerwelch/model1.js:46:12)
      at Object.matchesModel [as matches] (app/services/matchers/warrens/model1.js:4:10)
      at Object.matches (test/unit/services/matchers/warrens/model1.test.js:68:28)

  console.error
    Whilst running the 'matches()' method in 'app\services\matchers\fowlerwelch\model1.js', the PLP application encounterd: TypeError: Cannot convert undefined or null to object

    [0m [90m  6 |[39m [90m */[39m
     [90m  7 |[39m [36mfunction[39m logError(fileName[33m,[39m method[33m,[39m error) {
    [31m[1m>[22m[39m[90m  8 |[39m   console[33m.[39merror(
     [90m    |[39m           [31m[1m^[22m[39m
     [90m  9 |[39m     [32m`Whilst running the '${method}' method in '${fileName}', the PLP application encounterd: ${error}`[39m[33m,[39m
     [90m 10 |[39m   )[33m;[39m
     [90m 11 |[39m }[0m

      at Object.error (app/utilities/logger.js:8:11)
      at logError (app/services/matchers/fowlerwelch/model1.js:46:12)
      at Object.matchesModel [as matches] (app/services/matchers/warrens/model1.js:4:10)
      at Object.matches (test/unit/services/matchers/warrens/model1.test.js:76:13)

PASS test/unit/services/matchers/warrens/model1.test.js
  matchesWarrens1
    ÔêÜ returns 'Empty File' matcher result for empty json (1 ms)
    ÔêÜ returns 'Wrong Establishment Number' matcher result for missing 
establishment number for one sheet
    ÔêÜ returns 'Wrong Establishment Number' matcher result for missing 
establishment numbers of multiple sheets
    ÔêÜ returns 'Wrong Header' matcher result for incorrect header values of 
one sheet (1 ms)
    ÔêÜ returns 'Wrong Header' matcher result for incorrect header values of 
multiple sheets
    ÔêÜ returns correct for correct headers for one sheet (2 ms)
    ÔêÜ returns correct for correct headers of multiple sheets (1 ms)
    ÔêÜ return 'Generic Error' matcher result when an error occurs (1 ms)
    ÔêÜ should call logger.logError when an error is thrown (6 ms)

  console.info
    Whilst running the 'matches()' method in 'app\services\matchers\tjmorris\model1.js', the PLP application logged info: Packing list matches tjmorris Model 1 with filename: packinglist.xls

      at Object.info [as logInfo] (app/utilities/logger.js:20:11)

  console.error
    Whilst running the 'matches()' method in 'app\services\matchers\tjmorris\model1.js', the PLP application encounterd: TypeError: Cannot convert undefined or null to object

    [0m [90m  6 |[39m [90m */[39m
     [90m  7 |[39m [36mfunction[39m logError(fileName[33m,[39m method[33m,[39m error) {
    [31m[1m>[22m[39m[90m  8 |[39m   console[33m.[39merror(
     [90m    |[39m           [31m[1m^[22m[39m
     [90m  9 |[39m     [32m`Whilst running the '${method}' method in '${fileName}', the PLP application encounterd: ${error}`[39m[33m,[39m
     [90m 10 |[39m   )[33m;[39m
     [90m 11 |[39m }[0m

      at Object.error [as logError] (app/utilities/logger.js:8:11)
      at Object.logError [as matches] (app/services/matchers/tjmorris/model1.js:56:12)
      at Object.matches (test/unit/services/matchers/tjmorris/model1.test.js:147:28)

  console.error
    Whilst running the 'matches()' method in 'app\services\matchers\tjmorris\model1.js', the PLP application encounterd: TypeError: Cannot convert undefined or null to object

    [0m [90m  6 |[39m [90m */[39m
     [90m  7 |[39m [36mfunction[39m logError(fileName[33m,[39m method[33m,[39m error) {
    [31m[1m>[22m[39m[90m  8 |[39m   console[33m.[39merror(
     [90m    |[39m           [31m[1m^[22m[39m
     [90m  9 |[39m     [32m`Whilst running the '${method}' method in '${fileName}', the PLP application encounterd: ${error}`[39m[33m,[39m
     [90m 10 |[39m   )[33m;[39m
     [90m 11 |[39m }[0m

      at Object.error (app/utilities/logger.js:8:11)
      at Object.logError [as matches] (app/services/matchers/tjmorris/model1.js:56:12)
      at Object.matches (test/unit/services/matchers/tjmorris/model1.test.js:155:13)

PASS test/unit/services/matchers/tjmorris/model1.test.js
  matchesTjmorris
    ÔêÜ returns 'Empty File' matcher result for empty json (2 ms)
    ÔêÜ returns 'Wrong Establishment Number' matcher result for missing 
establishment number
    ÔêÜ returns 'Wrong Establishment Number' matcher result for missing 
establishment numbers of multiple sheets (1 ms)
    ÔêÜ returns wrong header for incorrect header values
    ÔêÜ returns wrong header for invalid header values
    ÔêÜ return 'Wrong Header' matcher result for incorrect header values of 
multiple sheets (1 ms)
    ÔêÜ returns Correct (1 ms)
    ÔêÜ return 'Generic Error' matcher result when an error occurs (5 ms)
    ÔêÜ should call logger.logError when an error is thrown (2 ms)

  console.info
    Whilst running the 'matches()' method in 'app\services\matchers\giovanni\model2.js', the PLP application logged info: Packing list matches giovanni Model 2 with filename: packinglist.xlsx

      at Object.info [as logInfo] (app/utilities/logger.js:20:11)

  console.error
    Whilst running the 'matches()' method in 'app\services\matchers\giovanni\model2.js', the PLP application encounterd: TypeError: Cannot convert undefined or null to object

    [0m [90m  6 |[39m [90m */[39m
     [90m  7 |[39m [36mfunction[39m logError(fileName[33m,[39m method[33m,[39m error) {
    [31m[1m>[22m[39m[90m  8 |[39m   console[33m.[39merror(
     [90m    |[39m           [31m[1m^[22m[39m
     [90m  9 |[39m     [32m`Whilst running the '${method}' method in '${fileName}', the PLP application encounterd: ${error}`[39m[33m,[39m
     [90m 10 |[39m   )[33m;[39m
     [90m 11 |[39m }[0m

      at Object.error [as logError] (app/utilities/logger.js:8:11)
      at logError (app/services/matchers/giovanni/model2.js:43:12)
      at Object.matchesModel [as matches] (app/services/matchers/giovanni/model2.js:49:10)
      at Object.matches (test/unit/services/matchers/giovanni/model2.test.js:48:28)

  console.error
    Whilst running the 'matches()' method in 'app\services\matchers\giovanni\model2.js', the PLP application encounterd: TypeError: Cannot convert undefined or null to object

    [0m [90m  6 |[39m [90m */[39m
     [90m  7 |[39m [36mfunction[39m logError(fileName[33m,[39m method[33m,[39m error) {
    [31m[1m>[22m[39m[90m  8 |[39m   console[33m.[39merror(
     [90m    |[39m           [31m[1m^[22m[39m
     [90m  9 |[39m     [32m`Whilst running the '${method}' method in '${fileName}', the PLP application encounterd: ${error}`[39m[33m,[39m
     [90m 10 |[39m   )[33m;[39m
     [90m 11 |[39m }[0m

      at Object.error (app/utilities/logger.js:8:11)
      at logError (app/services/matchers/giovanni/model2.js:43:12)
      at Object.matchesModel [as matches] (app/services/matchers/giovanni/model2.js:49:10)
      at Object.matches (test/unit/services/matchers/giovanni/model2.test.js:56:13)

PASS test/unit/services/matchers/giovanni/model2.test.js
  matchesGiovanni
    ÔêÜ returns 'Empty File' matcher result for empty json (1 ms)
    ÔêÜ returns Correct (2 ms)
    ÔêÜ returns 'Wrong Establishment Number' matcher result for missing 
establishment number
    ÔêÜ returns 'Wrong Establishment Number' matcher result for missing 
establishment numbers of multiple sheets (1 ms)
    ÔêÜ return 'Wrong Header' matcher result for incorrect header values
    ÔêÜ return 'Wrong Header' matcher result for incorrect header values of 
multiple sheets
    ÔêÜ return 'Generic Error' matcher result when an error occurs (2 ms)
    ÔêÜ should call logger.logError when an error is thrown (5 ms)

  console.info
    Whilst running the 'matches()' method in 'app\services\matchers\tescos\model1.js', the PLP application logged info: Packing list matches tescos Model 1 with filename: PackingListTesco1.xlsx

      at Object.info [as logInfo] (app/utilities/logger.js:20:11)

  console.error
    Whilst running the 'matches()' method in 'app\services\matchers\tescos\model1.js', the PLP application encounterd: TypeError: Cannot convert undefined or null to object

    [0m [90m  6 |[39m [90m */[39m
     [90m  7 |[39m [36mfunction[39m logError(fileName[33m,[39m method[33m,[39m error) {
    [31m[1m>[22m[39m[90m  8 |[39m   console[33m.[39merror(
     [90m    |[39m           [31m[1m^[22m[39m
     [90m  9 |[39m     [32m`Whilst running the '${method}' method in '${fileName}', the PLP application encounterd: ${error}`[39m[33m,[39m
     [90m 10 |[39m   )[33m;[39m
     [90m 11 |[39m }[0m

      at Object.error [as logError] (app/utilities/logger.js:8:11)
      at Object.logError [as matches] (app/services/matchers/tescos/model1.js:47:12)
      at Object.matches (test/unit/services/matchers/tescos/model1.test.js:78:28)

  console.error
    Whilst running the 'matches()' method in 'app\services\matchers\tescos\model1.js', the PLP application encounterd: TypeError: Cannot convert undefined or null to object

    [0m [90m  6 |[39m [90m */[39m
     [90m  7 |[39m [36mfunction[39m logError(fileName[33m,[39m method[33m,[39m error) {
    [31m[1m>[22m[39m[90m  8 |[39m   console[33m.[39merror(
     [90m    |[39m           [31m[1m^[22m[39m
     [90m  9 |[39m     [32m`Whilst running the '${method}' method in '${fileName}', the PLP application encounterd: ${error}`[39m[33m,[39m
     [90m 10 |[39m   )[33m;[39m
     [90m 11 |[39m }[0m

      at Object.error (app/utilities/logger.js:8:11)
      at Object.logError [as matches] (app/services/matchers/tescos/model1.js:47:12)
      at Object.matches (test/unit/services/matchers/tescos/model1.test.js:86:13)

PASS test/unit/services/matchers/tescos/model1.test.js
  matchesTescoModel1
    ÔêÜ returns Correct (3 ms)
    ÔêÜ returns 'Empty File' matcher result for empty json
    ÔêÜ returns 'Wrong Establishment Number' matcher result for missing 
establishment number
    ÔêÜ returns 'Wrong Establishment Number' matcher result for missing 
establishment numbers of multiple sheets
    ÔêÜ return 'Wrong Header' matcher result for incorrect header values
    ÔêÜ return 'Wrong Header' matcher result for incorrect header values of 
multiple sheets
    ÔêÜ return 'Generic Error' matcher result when an error occurs (1 ms)
    ÔêÜ should call logger.logError when an error is thrown (6 ms)

  console.info
    Whilst running the 'matches()' method in 'app\services\matchers\fowlerwelch\model1.js', the PLP application logged info: Packing list matches fowlerwelch Model 1 with filename: packinglist.xlsx

      at Object.info [as logInfo] (app/utilities/logger.js:20:11)

  console.info
    Whilst running the 'matches()' method in 'app\services\matchers\fowlerwelch\model1.js', the PLP application logged info: Packing list matches fowlerwelch Model 1 with filename: packinglist.xlsx

      at Object.info [as logInfo] (app/utilities/logger.js:20:11)

  console.error
    Whilst running the 'matches()' method in 'app\services\matchers\fowlerwelch\model1.js', the PLP application encounterd: TypeError: Cannot convert undefined or null to object

    [0m [90m  6 |[39m [90m */[39m
     [90m  7 |[39m [36mfunction[39m logError(fileName[33m,[39m method[33m,[39m error) {
    [31m[1m>[22m[39m[90m  8 |[39m   console[33m.[39merror(
     [90m    |[39m           [31m[1m^[22m[39m
     [90m  9 |[39m     [32m`Whilst running the '${method}' method in '${fileName}', the PLP application encounterd: ${error}`[39m[33m,[39m
     [90m 10 |[39m   )[33m;[39m
     [90m 11 |[39m }[0m

      at Object.error [as logError] (app/utilities/logger.js:8:11)
      at logError (app/services/matchers/fowlerwelch/model1.js:46:12)
      at Object.matchesModel [as matches] (app/services/matchers/fowlerwelch/model1.js:52:10)
      at Object.matches (test/unit/services/matchers/fowlerwelch/model1.test.js:119:28)

  console.error
    Whilst running the 'matches()' method in 'app\services\matchers\fowlerwelch\model1.js', the PLP application encounterd: TypeError: Cannot convert undefined or null to object

    [0m [90m  6 |[39m [90m */[39m
     [90m  7 |[39m [36mfunction[39m logError(fileName[33m,[39m method[33m,[39m error) {
    [31m[1m>[22m[39m[90m  8 |[39m   console[33m.[39merror(
     [90m    |[39m           [31m[1m^[22m[39m
     [90m  9 |[39m     [32m`Whilst running the '${method}' method in '${fileName}', the PLP application encounterd: ${error}`[39m[33m,[39m
     [90m 10 |[39m   )[33m;[39m
     [90m 11 |[39m }[0m

      at Object.error (app/utilities/logger.js:8:11)
      at logError (app/services/matchers/fowlerwelch/model1.js:46:12)
      at Object.matchesModel [as matches] (app/services/matchers/fowlerwelch/model1.js:52:10)
      at Object.matches (test/unit/services/matchers/fowlerwelch/model1.test.js:127:13)

  console.info
    Whilst running the 'matches()' method in 'app\services\matchers\fowlerwelch\model1.js', the PLP application logged info: Packing list matches fowlerwelch Model 1 with filename: packinglist.xlsx

      at Object.info [as logInfo] (app/utilities/logger.js:20:11)

PASS test/unit/services/matchers/fowlerwelch/model1.test.js
  matchesFowlerWelch
    ÔêÜ returns 'Empty File' matcher result for empty json (2 ms)
    ÔêÜ returns 'Wrong Establishment Number' matcher result for missing 
establishment number for one sheet (1 ms)
    ÔêÜ returns 'Wrong Establishment Number' matcher result for missing 
establishment numbers of multiple sheets
    ÔêÜ returns 'Wrong Header' matcher result for incorrect header values of 
one sheet (1 ms)
    ÔêÜ returns 'Wrong Header' matcher result for incorrect header values of 
multiple sheets
    ÔêÜ returns correct for correct headers for one sheet (2 ms)
    ÔêÜ returns correct for correct headers of multiple sheets (5 ms)
    ÔêÜ if the key is equal to 'K' and doesn't include 'Net Weight' in its 
header, return 'Wrong Header' matcher result
    ÔêÜ if the header doesn't start with the header[key], return 'Wrong 
Header' matcher result
    ÔêÜ if all reauired headers are missing, return 'Wrong Header' matcher 
result (1 ms)
    ÔêÜ return 'Generic Error' matcher result when an error occurs (1 ms)
    ÔêÜ should call logger.logError when an error is thrown (2 ms)
    ÔêÜ skips processing for sheets listed in invalidSheets

  console.info
    Whilst running the 'matches()' method in 'app\services\matchers\asda\model3.js', the PLP application logged info: Packing list matches Asda Model 3 with filename: packinglist-asda-model3.xls

      at Object.info [as logInfo] (app/utilities/logger.js:20:11)

  console.error
    Whilst running the 'matches()' method in 'app\services\matchers\asda\model3.js', the PLP application encounterd: TypeError: Cannot convert undefined or null to object

    [0m [90m  6 |[39m [90m */[39m
     [90m  7 |[39m [36mfunction[39m logError(fileName[33m,[39m method[33m,[39m error) {
    [31m[1m>[22m[39m[90m  8 |[39m   console[33m.[39merror(
     [90m    |[39m           [31m[1m^[22m[39m
     [90m  9 |[39m     [32m`Whilst running the '${method}' method in '${fileName}', the PLP application encounterd: ${error}`[39m[33m,[39m
     [90m 10 |[39m   )[33m;[39m
     [90m 11 |[39m }[0m

      at Object.error [as logError] (app/utilities/logger.js:8:11)
      at Object.logError [as matches] (app/services/matchers/asda/model3.js:44:12)
      at Object.matches (test/unit/services/matchers/asda/model3.test.js:48:28)

  console.error
    Whilst running the 'matches()' method in 'app\services\matchers\asda\model3.js', the PLP application encounterd: TypeError: Cannot convert undefined or null to object

    [0m [90m  6 |[39m [90m */[39m
     [90m  7 |[39m [36mfunction[39m logError(fileName[33m,[39m method[33m,[39m error) {
    [31m[1m>[22m[39m[90m  8 |[39m   console[33m.[39merror(
     [90m    |[39m           [31m[1m^[22m[39m
     [90m  9 |[39m     [32m`Whilst running the '${method}' method in '${fileName}', the PLP application encounterd: ${error}`[39m[33m,[39m
     [90m 10 |[39m   )[33m;[39m
     [90m 11 |[39m }[0m

      at Object.error (app/utilities/logger.js:8:11)
      at Object.logError [as matches] (app/services/matchers/asda/model3.js:44:12)
      at Object.matches (test/unit/services/matchers/asda/model3.test.js:56:13)

PASS test/unit/services/matchers/asda/model3.test.js
  matchesAsdaModel3
    ÔêÜ returns Correct (2 ms)
    ÔêÜ returns 'Empty File' matcher result for empty json
    ÔêÜ returns 'Wrong Establishment Number' matcher result for missing 
establishment number
    ÔêÜ returns 'Wrong Establishment Number' matcher result for missing 
establishment numbers of multiple sheets (1 ms)
    ÔêÜ return 'Wrong Header' matcher result for incorrect header values
    ÔêÜ return 'Wrong Header' matcher result for incorrect header values of 
multiple sheets
    ÔêÜ return 'Generic Error' matcher result when an error occurs (1 ms)
    ÔêÜ should call logger.logError when an error is thrown (1 ms)

PASS test/unit/utilities/regex.test.js
  test function
    ÔêÜ should return true when the regex matches a value in the object (2 ms)
    ÔêÜ should return false when the regex does not match any value in the 
object (1 ms)
    ÔêÜ should skip non-string values and still find matches in string values 
(4 ms)
    ÔêÜ should return true when regex matches the beginning or end of a string 
(1 ms)
    ÔêÜ should return false if the array is empty
    ÔêÜ should return false if no objects have matching properties
    ÔêÜ should skip inherited properties (1 ms)
  findMatch function
    ÔêÜ should return the matching value when the regex matches a value in the 
object
    ÔêÜ should return the matching substring from a complex string (1 ms)
    ÔêÜ should return null when the regex does not match any value in the 
object
    ÔêÜ should skip non-string values and return matching string values
    ÔêÜ should return the first match it finds in the object (1 ms)
    ÔêÜ should return null if the array is empty
    ÔêÜ should return null if no objects have matching properties
    ÔêÜ should skip inherited properties and return the correct match
  testAllPatterns function
    ÔêÜ should return true when all regex patterns match values in the object
    ÔêÜ should return false when not all regex patterns match values in the 
object (1 ms)
    ÔêÜ should return true when all regex patterns match across different 
properties
    ÔêÜ should return false if no regex patterns match
    ÔêÜ should skip non-string values and still match patterns in string 
properties
    ÔêÜ should return false if no objects have matching properties
  findAllMatches function
    ÔêÜ should return the matching value when the regex matches a value in the 
object (1 ms)
    ÔêÜ should return the matching substring from a complex string (1 ms)
    ÔêÜ should return empty array when the regex does not match any value in 
the object
    ÔêÜ should skip non-string values and return matching string values
    ÔêÜ should return null if the array is empty (1 ms)
    ÔêÜ should return null if no objects have matching properties
    ÔêÜ should skip inherited properties and return the correct match
    ÔêÜ should add multiple matches
    ÔêÜ shouldn't add the same match twice
  positionFinder function
    ÔêÜ should return the row and column position of the first match
    ÔêÜ should return the first match when multiple matches exist
    ÔêÜ should return null values when no match is found (1 ms)
    ÔêÜ should find matches in different columns
    ÔêÜ should handle empty array
    ÔêÜ should handle objects with no string properties
    ÔêÜ should handle case-insensitive matching

  console.info
    Whilst running the 'matches()' method in 'app\services\matchers\tjmorris\model2.js', the PLP application logged info: Packing list matches Tjmorris Model 2 with filename: packinglist.xls

      at Object.info [as logInfo] (app/utilities/logger.js:20:11)

  console.error
    Whilst running the 'matches()' method in 'app\services\matchers\tjmorris\model2.js', the PLP application encounterd: TypeError: Cannot convert undefined or null to object

    [0m [90m  6 |[39m [90m */[39m
     [90m  7 |[39m [36mfunction[39m logError(fileName[33m,[39m method[33m,[39m error) {
    [31m[1m>[22m[39m[90m  8 |[39m   console[33m.[39merror(
     [90m    |[39m           [31m[1m^[22m[39m
     [90m  9 |[39m     [32m`Whilst running the '${method}' method in '${fileName}', the PLP application encounterd: ${error}`[39m[33m,[39m
     [90m 10 |[39m   )[33m;[39m
     [90m 11 |[39m }[0m

      at Object.error [as logError] (app/utilities/logger.js:8:11)
      at Object.logError [as matches] (app/services/matchers/tjmorris/model2.js:47:12)
      at Object.matches (test/unit/services/matchers/tjmorris/model2.test.js:111:28)

  console.error
    Whilst running the 'matches()' method in 'app\services\matchers\tjmorris\model2.js', the PLP application encounterd: TypeError: Cannot convert undefined or null to object

    [0m [90m  6 |[39m [90m */[39m
     [90m  7 |[39m [36mfunction[39m logError(fileName[33m,[39m method[33m,[39m error) {
    [31m[1m>[22m[39m[90m  8 |[39m   console[33m.[39merror(
     [90m    |[39m           [31m[1m^[22m[39m
     [90m  9 |[39m     [32m`Whilst running the '${method}' method in '${fileName}', the PLP application encounterd: ${error}`[39m[33m,[39m
     [90m 10 |[39m   )[33m;[39m
     [90m 11 |[39m }[0m

      at Object.error (app/utilities/logger.js:8:11)
      at Object.logError [as matches] (app/services/matchers/tjmorris/model2.js:47:12)
      at Object.matches (test/unit/services/matchers/tjmorris/model2.test.js:119:13)

PASS test/unit/services/matchers/tjmorris/model2.test.js
  matchesTjmorris
    ÔêÜ returns 'Empty File' matcher result for empty json (2 ms)
    ÔêÜ returns 'Wrong Establishment Number' matcher result for missing 
establishment number (1 ms)
    ÔêÜ returns 'Wrong Establishment Number' matcher result for missing 
establishment numbers of multiple sheets
    ÔêÜ returns wrong header for incorrect header values (1 ms)
    ÔêÜ returns wrong header for invalid header values
    ÔêÜ return 'Wrong Header' matcher result for incorrect header values of 
multiple sheets
    ÔêÜ returns Correct (2 ms)
    ÔêÜ return 'Generic Error' matcher result when an error occurs (1 ms)
    ÔêÜ should call logger.logError when an error is thrown (1 ms)

  console.info
    Whilst running the 'matches()' method in 'app\services\matchers\tescos\model3.js', the PLP application logged info: Packing list matches tescos Model 3 with filename: PackingListTesco3.xlsx

      at Object.info [as logInfo] (app/utilities/logger.js:20:11)

  console.error
    Whilst running the 'matches()' method in 'app\services\matchers\tescos\model3.js', the PLP application encounterd: TypeError: Cannot convert undefined or null to object

    [0m [90m  6 |[39m [90m */[39m
     [90m  7 |[39m [36mfunction[39m logError(fileName[33m,[39m method[33m,[39m error) {
    [31m[1m>[22m[39m[90m  8 |[39m   console[33m.[39merror(
     [90m    |[39m           [31m[1m^[22m[39m
     [90m  9 |[39m     [32m`Whilst running the '${method}' method in '${fileName}', the PLP application encounterd: ${error}`[39m[33m,[39m
     [90m 10 |[39m   )[33m;[39m
     [90m 11 |[39m }[0m

      at Object.error [as logError] (app/utilities/logger.js:8:11)
      at Object.logError [as matches] (app/services/matchers/tescos/model3.js:47:12)
      at Object.matches (test/unit/services/matchers/tescos/model3.test.js:78:28)

  console.error
    Whilst running the 'matches()' method in 'app\services\matchers\tescos\model3.js', the PLP application encounterd: TypeError: Cannot convert undefined or null to object

    [0m [90m  6 |[39m [90m */[39m
     [90m  7 |[39m [36mfunction[39m logError(fileName[33m,[39m method[33m,[39m error) {
    [31m[1m>[22m[39m[90m  8 |[39m   console[33m.[39merror(
     [90m    |[39m           [31m[1m^[22m[39m
     [90m  9 |[39m     [32m`Whilst running the '${method}' method in '${fileName}', the PLP application encounterd: ${error}`[39m[33m,[39m
     [90m 10 |[39m   )[33m;[39m
     [90m 11 |[39m }[0m

      at Object.error (app/utilities/logger.js:8:11)
      at Object.logError [as matches] (app/services/matchers/tescos/model3.js:47:12)
      at Object.matches (test/unit/services/matchers/tescos/model3.test.js:86:13)

PASS test/unit/services/matchers/tescos/model3.test.js
  matchesTescoModel1
    ÔêÜ returns Correct (3 ms)
    ÔêÜ returns 'Empty File' matcher result for empty json (1 ms)
    ÔêÜ returns 'Wrong Establishment Number' matcher result for missing 
establishment number
    ÔêÜ returns 'Wrong Establishment Number' matcher result for missing 
establishment numbers of multiple sheets
    ÔêÜ return 'Wrong Header' matcher result for incorrect header values (1 ms)
    ÔêÜ return 'Wrong Header' matcher result for incorrect header values of 
multiple sheets
    ÔêÜ return 'Generic Error' matcher result when an error occurs (1 ms)
    ÔêÜ should call logger.logError when an error is thrown (1 ms)

  console.info
    Whilst running the 'matches()' method in 'app\services\matchers\buffaload-logistics\model1.js', the PLP application logged info: Packing list matches buffaload-logistics Model 1 with filename: PackingList.xlsx

      at Object.info [as logInfo] (app/utilities/logger.js:20:11)

  console.error
    Whilst running the 'matches()' method in 'app\services\matchers\buffaload-logistics\model1.js', the PLP application encounterd: TypeError: Cannot convert undefined or null to object

    [0m [90m  6 |[39m [90m */[39m
     [90m  7 |[39m [36mfunction[39m logError(fileName[33m,[39m method[33m,[39m error) {
    [31m[1m>[22m[39m[90m  8 |[39m   console[33m.[39merror(
     [90m    |[39m           [31m[1m^[22m[39m
     [90m  9 |[39m     [32m`Whilst running the '${method}' method in '${fileName}', the PLP application encounterd: ${error}`[39m[33m,[39m
     [90m 10 |[39m   )[33m;[39m
     [90m 11 |[39m }[0m

      at Object.error [as logError] (app/utilities/logger.js:8:11)
      at Object.logError [as matches] (app/services/matchers/buffaload-logistics/model1.js:48:12)
      at Object.matches (test/unit/services/matchers/buffaload-logistics/model1.test.js:69:28)

  console.error
    Whilst running the 'matches()' method in 'app\services\matchers\buffaload-logistics\model1.js', the PLP application encounterd: TypeError: Cannot convert undefined or null to object

    [0m [90m  6 |[39m [90m */[39m
     [90m  7 |[39m [36mfunction[39m logError(fileName[33m,[39m method[33m,[39m error) {
    [31m[1m>[22m[39m[90m  8 |[39m   console[33m.[39merror(
     [90m    |[39m           [31m[1m^[22m[39m
     [90m  9 |[39m     [32m`Whilst running the '${method}' method in '${fileName}', the PLP application encounterd: ${error}`[39m[33m,[39m
     [90m 10 |[39m   )[33m;[39m
     [90m 11 |[39m }[0m

      at Object.error (app/utilities/logger.js:8:11)
      at Object.logError [as matches] (app/services/matchers/buffaload-logistics/model1.js:48:12)
      at Object.matches (test/unit/services/matchers/buffaload-logistics/model1.test.js:77:13)

PASS test/unit/services/matchers/buffaload-logistics/model1.test.js
  matchesBuffaloadLogisticsModel1
    ÔêÜ returns Correct (3 ms)
    ÔêÜ returns 'Empty File' matcher result for empty json
    ÔêÜ returns 'Wrong Establishment Number' matcher result for missing 
establishment number
    ÔêÜ returns 'Wrong Establishment Number' matcher result for missing 
establishment numbers of multiple sheets (1 ms)
    ÔêÜ return 'Wrong Header' matcher result for incorrect header values
    ÔêÜ return 'Wrong Header' matcher result for incorrect header values of 
multiple sheets
    ÔêÜ return 'Generic Error' matcher result when an error occurs (2 ms)
    ÔêÜ should call logger.logError when an error is thrown (1 ms)

  console.info
    Whilst running the 'matches()' method in 'app\services\matchers\nisa\model1.js', the PLP application logged info: Packing list matches nisa Model 1 with filename: PackingList.xlsx

      at Object.info [as logInfo] (app/utilities/logger.js:20:11)

  console.info
    Whilst running the 'matches()' method in 'app\services\matchers\nisa\model1.js', the PLP application logged info: Packing list matches nisa Model 1 with filename: PackingList.xlsx

      at Object.info [as logInfo] (app/utilities/logger.js:20:11)

  console.error
    Whilst running the 'matches()' method in 'app\services\matchers\nisa\model1.js', the PLP application encounterd: TypeError: Cannot convert undefined or null to object

    [0m [90m  6 |[39m [90m */[39m
     [90m  7 |[39m [36mfunction[39m logError(fileName[33m,[39m method[33m,[39m error) {
    [31m[1m>[22m[39m[90m  8 |[39m   console[33m.[39merror(
     [90m    |[39m           [31m[1m^[22m[39m
     [90m  9 |[39m     [32m`Whilst running the '${method}' method in '${fileName}', the PLP application encounterd: ${error}`[39m[33m,[39m
     [90m 10 |[39m   )[33m;[39m
     [90m 11 |[39m }[0m

      at Object.error [as logError] (app/utilities/logger.js:8:11)
      at Object.logError [as matches] (app/services/matchers/nisa/model1.js:45:12)
      at Object.matches (test/unit/services/matchers/nisa/model1.test.js:76:28)

  console.error
    Whilst running the 'matches()' method in 'app\services\matchers\nisa\model1.js', the PLP application encounterd: TypeError: Cannot convert undefined or null to object

    [0m [90m  6 |[39m [90m */[39m
     [90m  7 |[39m [36mfunction[39m logError(fileName[33m,[39m method[33m,[39m error) {
    [31m[1m>[22m[39m[90m  8 |[39m   console[33m.[39merror(
     [90m    |[39m           [31m[1m^[22m[39m
     [90m  9 |[39m     [32m`Whilst running the '${method}' method in '${fileName}', the PLP application encounterd: ${error}`[39m[33m,[39m
     [90m 10 |[39m   )[33m;[39m
     [90m 11 |[39m }[0m

      at Object.error (app/utilities/logger.js:8:11)
      at Object.logError [as matches] (app/services/matchers/nisa/model1.js:45:12)
      at Object.matches (test/unit/services/matchers/nisa/model1.test.js:84:13)

PASS test/unit/services/matchers/nisa/model1.test.js
  matchesNisa
    ÔêÜ returns Correct (4 ms)
    ÔêÜ returns Correct With Footer (1 ms)
    ÔêÜ returns 'Empty File' matcher result for empty json (1 ms)
    ÔêÜ returns 'Wrong Establishment Number' matcher result for missing 
establishment number
    ÔêÜ returns 'Wrong Establishment Number' matcher result for missing 
establishment numbers of multiple sheets
    ÔêÜ return 'Wrong Header' matcher result for incorrect header values (1 ms)
    ÔêÜ return 'Wrong Header' matcher result for incorrect header values of 
multiple sheets
    ÔêÜ return 'Generic Error' matcher result when an error occurs (1 ms)
    ÔêÜ should call logger.logError when an error is thrown (2 ms)

  console.info
    Whilst running the 'matches()' method in 'app\services\matchers\booker\model2.js', the PLP application logged info: Packing list matches Booker Model 2 with filename: packinglist.xls

      at Object.info [as logInfo] (app/utilities/logger.js:20:11)

  console.error
    Whilst running the 'matches()' method in 'app\services\matchers\booker\model2.js', the PLP application encounterd: TypeError: Cannot convert undefined or null to object

    [0m [90m  6 |[39m [90m */[39m
     [90m  7 |[39m [36mfunction[39m logError(fileName[33m,[39m method[33m,[39m error) {
    [31m[1m>[22m[39m[90m  8 |[39m   console[33m.[39merror(
     [90m    |[39m           [31m[1m^[22m[39m
     [90m  9 |[39m     [32m`Whilst running the '${method}' method in '${fileName}', the PLP application encounterd: ${error}`[39m[33m,[39m
     [90m 10 |[39m   )[33m;[39m
     [90m 11 |[39m }[0m

      at Object.error [as logError] (app/utilities/logger.js:8:11)
      at Object.logError [as matches] (app/services/matchers/booker/model2.js:48:12)
      at Object.matches (test/unit/services/matchers/booker/model2.test.js:70:28)

  console.error
    Whilst running the 'matches()' method in 'app\services\matchers\booker\model2.js', the PLP application encounterd: TypeError: Cannot convert undefined or null to object

    [0m [90m  6 |[39m [90m */[39m
     [90m  7 |[39m [36mfunction[39m logError(fileName[33m,[39m method[33m,[39m error) {
    [31m[1m>[22m[39m[90m  8 |[39m   console[33m.[39merror(
     [90m    |[39m           [31m[1m^[22m[39m
     [90m  9 |[39m     [32m`Whilst running the '${method}' method in '${fileName}', the PLP application encounterd: ${error}`[39m[33m,[39m
     [90m 10 |[39m   )[33m;[39m
     [90m 11 |[39m }[0m

      at Object.error (app/utilities/logger.js:8:11)
      at Object.logError [as matches] (app/services/matchers/booker/model2.js:48:12)
      at Object.matches (test/unit/services/matchers/booker/model2.test.js:78:13)

PASS test/unit/services/matchers/booker/model2.test.js
  matchesBookerModel2
    ÔêÜ returns Correct (3 ms)
    ÔêÜ returns 'Empty File' matcher result for empty json
    ÔêÜ returns 'Wrong Establishment Number' matcher result for missing 
establishment number (1 ms)
    ÔêÜ returns 'Wrong Establishment Number' matcher result for missing 
establishment numbers of multiple sheets
    ÔêÜ return 'Wrong Header' matcher result for incorrect header values
    ÔêÜ return 'Wrong Header' matcher result for incorrect header values of 
multiple sheets (1 ms)
    ÔêÜ return 'Generic Error' matcher result when an error occurs (1 ms)
    ÔêÜ should call logger.logError when an error is thrown (1 ms)

  console.info
    Whilst running the 'matches()' method in 'app\services\matchers\boots\model1.js', the PLP application logged info: Packing list matches boots Model 1 with filename: PackingList.xlsx

      at Object.info [as logInfo] (app/utilities/logger.js:20:11)

  console.error
    Whilst running the 'matches()' method in 'app\services\matchers\boots\model1.js', the PLP application encounterd: TypeError: Cannot convert undefined or null to object

    [0m [90m  6 |[39m [90m */[39m
     [90m  7 |[39m [36mfunction[39m logError(fileName[33m,[39m method[33m,[39m error) {
    [31m[1m>[22m[39m[90m  8 |[39m   console[33m.[39merror(
     [90m    |[39m           [31m[1m^[22m[39m
     [90m  9 |[39m     [32m`Whilst running the '${method}' method in '${fileName}', the PLP application encounterd: ${error}`[39m[33m,[39m
     [90m 10 |[39m   )[33m;[39m
     [90m 11 |[39m }[0m

      at Object.error [as logError] (app/utilities/logger.js:8:11)
      at Object.logError [as matches] (app/services/matchers/boots/model1.js:48:12)
      at matches (test/unit/services/matchers/boots/model1.test.js:19:34)

PASS test/unit/services/matchers/boots/model1.test.js
  matchesBoots
    ÔêÜ returns '4' for boots model (3 ms)
    ÔêÜ returns '3' for boots model (1 ms)
    ÔêÜ returns '1' for boots model (1 ms)
    ÔêÜ returns '1' for boots model
    ÔêÜ returns '2' for boots model
    ÔêÜ returns '5' for boots model

PASS test/unit/services/dynamics-service.test.js
  bearerTokenRequest
    ÔêÜ returns token successfully (3 ms)
    ÔêÜ throws error when response not ok (8 ms)
    ÔêÜ throws error when no access token in response (1 ms)
    ÔêÜ throws error when fetch fails (3 ms)
  getDispatchLocation
    ÔêÜ returns rms_remosid successfully (1 ms)
    ÔêÜ returns null when bearer token request fails (1 ms)
    ÔêÜ returns null immediately on HTTP error without retrying (1 ms)
    ÔêÜ returns null after max retries exceeded on fetch failures (1 ms)
    ÔêÜ handles network error and retries (1 ms)
    ÔêÜ returns null when all attempts fail with network error
    ÔêÜ returns null immediately on 403 without retrying (1 ms)
    ÔêÜ uses custom retry parameters for fetch failures (1 ms)

  console.info
    Whilst running the 'matches()' method in 'app\services\matchers\giovanni\model1.js', the PLP application logged info: Packing list matches giovanni Model 1 with filename: packinglist.xlsx

      at Object.info [as logInfo] (app/utilities/logger.js:20:11)

  console.error
    Whilst running the 'matches()' method in 'app\services\matchers\giovanni\model1.js', the PLP application encounterd: TypeError: Cannot convert undefined or null to object

    [0m [90m  6 |[39m [90m */[39m
     [90m  7 |[39m [36mfunction[39m logError(fileName[33m,[39m method[33m,[39m error) {
    [31m[1m>[22m[39m[90m  8 |[39m   console[33m.[39merror(
     [90m    |[39m           [31m[1m^[22m[39m
     [90m  9 |[39m     [32m`Whilst running the '${method}' method in '${fileName}', the PLP application encounterd: ${error}`[39m[33m,[39m
     [90m 10 |[39m   )[33m;[39m
     [90m 11 |[39m }[0m

      at Object.error [as logError] (app/utilities/logger.js:8:11)
      at logError (app/services/matchers/giovanni/model1.js:43:12)
      at Object.matchesModel [as matches] (app/services/matchers/nutricia/model1.js:5:10)
      at Object.matches (test/unit/services/matchers/nutricia/model1.test.js:54:28)

  console.error
    Whilst running the 'matches()' method in 'app\services\matchers\giovanni\model1.js', the PLP application encounterd: TypeError: Cannot convert undefined or null to object

    [0m [90m  6 |[39m [90m */[39m
     [90m  7 |[39m [36mfunction[39m logError(fileName[33m,[39m method[33m,[39m error) {
    [31m[1m>[22m[39m[90m  8 |[39m   console[33m.[39merror(
     [90m    |[39m           [31m[1m^[22m[39m
     [90m  9 |[39m     [32m`Whilst running the '${method}' method in '${fileName}', the PLP application encounterd: ${error}`[39m[33m,[39m
     [90m 10 |[39m   )[33m;[39m
     [90m 11 |[39m }[0m

      at Object.error (app/utilities/logger.js:8:11)
      at logError (app/services/matchers/giovanni/model1.js:43:12)
      at Object.matchesModel [as matches] (app/services/matchers/nutricia/model1.js:5:10)
      at Object.matches (test/unit/services/matchers/nutricia/model1.test.js:62:13)

PASS test/unit/services/matchers/nutricia/model1.test.js
  matchesNutriciaModel1
    ÔêÜ returns Correct (3 ms)
    ÔêÜ returns 'Empty File' matcher result for empty json
    ÔêÜ returns 'Wrong Establishment Number' matcher result for missing 
establishment number
    ÔêÜ returns 'Wrong Establishment Number' matcher result for missing 
establishment numbers of multiple sheets (1 ms)
    ÔêÜ return 'Wrong Header' matcher result for incorrect header values
    ÔêÜ return 'Wrong Header' matcher result for incorrect header values of 
multiple sheets
    ÔêÜ return 'Generic Error' matcher result when an error occurs (2 ms)
    ÔêÜ should call logger.logError when an error is thrown (1 ms)

  console.info
    Whilst running the 'matches()' method in 'app\services\matchers\giovanni\model1.js', the PLP application logged info: Packing list matches giovanni Model 1 with filename: packinglist.xlsx

      at Object.info [as logInfo] (app/utilities/logger.js:20:11)

  console.error
    Whilst running the 'matches()' method in 'app\services\matchers\giovanni\model1.js', the PLP application encounterd: TypeError: Cannot convert undefined or null to object

    [0m [90m  6 |[39m [90m */[39m
     [90m  7 |[39m [36mfunction[39m logError(fileName[33m,[39m method[33m,[39m error) {
    [31m[1m>[22m[39m[90m  8 |[39m   console[33m.[39merror(
     [90m    |[39m           [31m[1m^[22m[39m
     [90m  9 |[39m     [32m`Whilst running the '${method}' method in '${fileName}', the PLP application encounterd: ${error}`[39m[33m,[39m
     [90m 10 |[39m   )[33m;[39m
     [90m 11 |[39m }[0m

      at Object.error [as logError] (app/utilities/logger.js:8:11)
      at logError (app/services/matchers/giovanni/model1.js:43:12)
      at Object.matchesModel [as matches] (app/services/matchers/kepak/model1.js:5:10)
      at Object.matches (test/unit/services/matchers/kepak/model1.test.js:54:28)

  console.error
    Whilst running the 'matches()' method in 'app\services\matchers\giovanni\model1.js', the PLP application encounterd: TypeError: Cannot convert undefined or null to object

    [0m [90m  6 |[39m [90m */[39m
     [90m  7 |[39m [36mfunction[39m logError(fileName[33m,[39m method[33m,[39m error) {
    [31m[1m>[22m[39m[90m  8 |[39m   console[33m.[39merror(
     [90m    |[39m           [31m[1m^[22m[39m
     [90m  9 |[39m     [32m`Whilst running the '${method}' method in '${fileName}', the PLP application encounterd: ${error}`[39m[33m,[39m
     [90m 10 |[39m   )[33m;[39m
     [90m 11 |[39m }[0m

      at Object.error (app/utilities/logger.js:8:11)
      at logError (app/services/matchers/giovanni/model1.js:43:12)
      at Object.matchesModel [as matches] (app/services/matchers/kepak/model1.js:5:10)
      at Object.matches (test/unit/services/matchers/kepak/model1.test.js:62:13)

PASS test/unit/services/matchers/kepak/model1.test.js
  matchesKepakModel1
    ÔêÜ returns Correct (4 ms)
    ÔêÜ returns 'Empty File' matcher result for empty json
    ÔêÜ returns 'Wrong Establishment Number' matcher result for missing 
establishment number
    ÔêÜ returns 'Wrong Establishment Number' matcher result for missing 
establishment numbers of multiple sheets (1 ms)
    ÔêÜ return 'Wrong Header' matcher result for incorrect header values
    ÔêÜ return 'Wrong Header' matcher result for incorrect header values of 
multiple sheets
    ÔêÜ return 'Generic Error' matcher result when an error occurs (1 ms)
    ÔêÜ should call logger.logError when an error is thrown (1 ms)

  console.info
    Whilst running the 'matches()' method in 'app\services\matchers\cds\model2.js', the PLP application logged info: Packing list matches cds Model 2 with filename: packinglist.xlsx

      at Object.info [as logInfo] (app/utilities/logger.js:20:11)

  console.error
    Whilst running the 'matches()' method in 'app\services\matchers\cds\model2.js', the PLP application encounterd: TypeError: Cannot convert undefined or null to object

    [0m [90m  6 |[39m [90m */[39m
     [90m  7 |[39m [36mfunction[39m logError(fileName[33m,[39m method[33m,[39m error) {
    [31m[1m>[22m[39m[90m  8 |[39m   console[33m.[39merror(
     [90m    |[39m           [31m[1m^[22m[39m
     [90m  9 |[39m     [32m`Whilst running the '${method}' method in '${fileName}', the PLP application encounterd: ${error}`[39m[33m,[39m
     [90m 10 |[39m   )[33m;[39m
     [90m 11 |[39m }[0m

      at Object.error [as logError] (app/utilities/logger.js:8:11)
      at Object.logError [as matches] (app/services/matchers/cds/model2.js:44:12)
      at Object.matches (test/unit/services/matchers/cds/model2.test.js:69:28)

  console.error
    Whilst running the 'matches()' method in 'app\services\matchers\cds\model2.js', the PLP application encounterd: TypeError: Cannot convert undefined or null to object

    [0m [90m  6 |[39m [90m */[39m
     [90m  7 |[39m [36mfunction[39m logError(fileName[33m,[39m method[33m,[39m error) {
    [31m[1m>[22m[39m[90m  8 |[39m   console[33m.[39merror(
     [90m    |[39m           [31m[1m^[22m[39m
     [90m  9 |[39m     [32m`Whilst running the '${method}' method in '${fileName}', the PLP application encounterd: ${error}`[39m[33m,[39m
     [90m 10 |[39m   )[33m;[39m
     [90m 11 |[39m }[0m

      at Object.error (app/utilities/logger.js:8:11)
      at Object.logError [as matches] (app/services/matchers/cds/model2.js:44:12)
      at Object.matches (test/unit/services/matchers/cds/model2.test.js:77:13)

PASS test/unit/services/matchers/cds/model2.test.js
  matchesCdsModel2
    ÔêÜ returns Correct (3 ms)
    ÔêÜ returns 'Empty File' matcher result for empty json (1 ms)
    ÔêÜ returns 'Wrong Establishment Number' matcher result for missing 
establishment number
    ÔêÜ returns 'Wrong Establishment Number' matcher result for missing 
establishment numbers of multiple sheets
    ÔêÜ return 'Wrong Header' matcher result for incorrect header values (1 ms)
    ÔêÜ return 'Wrong Header' matcher result for incorrect header values of 
multiple sheets
    ÔêÜ return 'Generic Error' matcher result when an error occurs (1 ms)
    ÔêÜ should call logger.logError when an error is thrown (1 ms)

  console.info
    Whilst running the 'matches()' method in 'app\services\matchers\warrens\model2.js', the PLP application logged info: Packing list matches Warrens 2 with filename: packinglist.xlsx

      at Object.info [as logInfo] (app/utilities/logger.js:20:11)

  console.info
    Whilst running the 'matches()' method in 'app\services\matchers\warrens\model2.js', the PLP application logged info: Packing list matches Warrens 2 with filename: packinglist.xlsx

      at Object.info [as logInfo] (app/utilities/logger.js:20:11)

  console.error
    Whilst running the 'matches()' method in 'app\services\matchers\warrens\model2.js', the PLP application encounterd: TypeError: Cannot convert undefined or null to object

    [0m [90m  6 |[39m [90m */[39m
     [90m  7 |[39m [36mfunction[39m logError(fileName[33m,[39m method[33m,[39m error) {
    [31m[1m>[22m[39m[90m  8 |[39m   console[33m.[39merror(
     [90m    |[39m           [31m[1m^[22m[39m
     [90m  9 |[39m     [32m`Whilst running the '${method}' method in '${fileName}', the PLP application encounterd: ${error}`[39m[33m,[39m
     [90m 10 |[39m   )[33m;[39m
     [90m 11 |[39m }[0m

      at Object.error [as logError] (app/utilities/logger.js:8:11)
      at logError (app/services/matchers/warrens/model2.js:46:12)
      at Object.matchesModel [as matches] (app/services/matchers/warrens/model2.js:52:10)
      at Object.matches (test/unit/services/matchers/warrens/model2.test.js:68:28)

  console.error
    Whilst running the 'matches()' method in 'app\services\matchers\warrens\model2.js', the PLP application encounterd: TypeError: Cannot convert undefined or null to object

    [0m [90m  6 |[39m [90m */[39m
     [90m  7 |[39m [36mfunction[39m logError(fileName[33m,[39m method[33m,[39m error) {
    [31m[1m>[22m[39m[90m  8 |[39m   console[33m.[39merror(
     [90m    |[39m           [31m[1m^[22m[39m
     [90m  9 |[39m     [32m`Whilst running the '${method}' method in '${fileName}', the PLP application encounterd: ${error}`[39m[33m,[39m
     [90m 10 |[39m   )[33m;[39m
     [90m 11 |[39m }[0m

      at Object.error (app/utilities/logger.js:8:11)
      at logError (app/services/matchers/warrens/model2.js:46:12)
      at Object.matchesModel [as matches] (app/services/matchers/warrens/model2.js:52:10)
      at Object.matches (test/unit/services/matchers/warrens/model2.test.js:76:13)

PASS test/unit/services/matchers/warrens/model2.test.js
  matchesWarrens2
    ÔêÜ returns 'Empty File' matcher result for empty json (1 ms)
    ÔêÜ returns 'Wrong Establishment Number' matcher result for missing 
establishment number for one sheet
    ÔêÜ returns 'Wrong Establishment Number' matcher result for missing 
establishment numbers of multiple sheets
    ÔêÜ returns 'Wrong Header' matcher result for incorrect header values of 
one sheet (1 ms)
    ÔêÜ returns 'Wrong Header' matcher result for incorrect header values of 
multiple sheets
    ÔêÜ returns correct for correct headers for one sheet (2 ms)
    ÔêÜ returns correct for correct headers of multiple sheets (1 ms)
    ÔêÜ return 'Generic Error' matcher result when an error occurs (1 ms)
    ÔêÜ should call logger.logError when an error is thrown (1 ms)

  console.info
    Whilst running the 'matches()' method in 'app\services\matchers\savers\model1.js', the PLP application logged info: Packing list matches savers Model 1 with filename: PackingList.xlsx

      at Object.info [as logInfo] (app/utilities/logger.js:20:11)

  console.info
    Whilst running the 'matches()' method in 'app\services\matchers\savers\model1.js', the PLP application logged info: Packing list matches savers Model 1 with filename: PackingList.xlsx

      at Object.info [as logInfo] (app/utilities/logger.js:20:11)

  console.error
    Whilst running the 'matches()' method in 'app\services\matchers\savers\model1.js', the PLP application encounterd: TypeError: Cannot convert undefined or null to object

    [0m [90m  6 |[39m [90m */[39m
     [90m  7 |[39m [36mfunction[39m logError(fileName[33m,[39m method[33m,[39m error) {
    [31m[1m>[22m[39m[90m  8 |[39m   console[33m.[39merror(
     [90m    |[39m           [31m[1m^[22m[39m
     [90m  9 |[39m     [32m`Whilst running the '${method}' method in '${fileName}', the PLP application encounterd: ${error}`[39m[33m,[39m
     [90m 10 |[39m   )[33m;[39m
     [90m 11 |[39m }[0m

      at Object.error [as logError] (app/utilities/logger.js:8:11)
      at Object.logError [as matches] (app/services/matchers/savers/model1.js:50:12)
      at matches (test/unit/services/matchers/savers/model1.test.js:20:34)

PASS test/unit/services/matchers/savers/model1.test.js
  matchesSavers
    ÔêÜ returns '4' for savers model (4 ms)
    ÔêÜ returns '4' for savers model (1 ms)
    ÔêÜ returns '3' for savers model (1 ms)
    ÔêÜ returns '1' for savers model
    ÔêÜ returns '1' for savers model (1 ms)
    ÔêÜ returns '2' for savers model
    ÔêÜ returns '5' for savers model

  console.info
    Whilst running the 'matches()' method in 'app\services\matchers\warrens\model2.js', the PLP application logged info: Packing list matches Warrens 2 with filename: packinglist.xlsx

      at Object.info [as logInfo] (app/utilities/logger.js:20:11)

  console.info
    Whilst running the 'matches()' method in 'app\services\matchers\warrens\model2.js', the PLP application logged info: Packing list matches Warrens 2 with filename: packinglist.xlsx

      at Object.info [as logInfo] (app/utilities/logger.js:20:11)

  console.error
    Whilst running the 'matches()' method in 'app\services\matchers\warrens\model2.js', the PLP application encounterd: TypeError: Cannot convert undefined or null to object

    [0m [90m  6 |[39m [90m */[39m
     [90m  7 |[39m [36mfunction[39m logError(fileName[33m,[39m method[33m,[39m error) {
    [31m[1m>[22m[39m[90m  8 |[39m   console[33m.[39merror(
     [90m    |[39m           [31m[1m^[22m[39m
     [90m  9 |[39m     [32m`Whilst running the '${method}' method in '${fileName}', the PLP application encounterd: ${error}`[39m[33m,[39m
     [90m 10 |[39m   )[33m;[39m
     [90m 11 |[39m }[0m

      at Object.error [as logError] (app/utilities/logger.js:8:11)
      at logError (app/services/matchers/warrens/model2.js:46:12)
      at Object.matchesModel [as matches] (app/services/matchers/fowlerwelch/model2.js:4:10)
      at Object.matches (test/unit/services/matchers/fowlerwelch/model2.test.js:68:28)

  console.error
    Whilst running the 'matches()' method in 'app\services\matchers\warrens\model2.js', the PLP application encounterd: TypeError: Cannot convert undefined or null to object

    [0m [90m  6 |[39m [90m */[39m
     [90m  7 |[39m [36mfunction[39m logError(fileName[33m,[39m method[33m,[39m error) {
    [31m[1m>[22m[39m[90m  8 |[39m   console[33m.[39merror(
     [90m    |[39m           [31m[1m^[22m[39m
     [90m  9 |[39m     [32m`Whilst running the '${method}' method in '${fileName}', the PLP application encounterd: ${error}`[39m[33m,[39m
     [90m 10 |[39m   )[33m;[39m
     [90m 11 |[39m }[0m

      at Object.error (app/utilities/logger.js:8:11)
      at logError (app/services/matchers/warrens/model2.js:46:12)
      at Object.matchesModel [as matches] (app/services/matchers/fowlerwelch/model2.js:4:10)
      at Object.matches (test/unit/services/matchers/fowlerwelch/model2.test.js:76:13)

PASS test/unit/services/matchers/fowlerwelch/model2.test.js
  matchesFowlerwelch2
    ÔêÜ returns 'Empty File' matcher result for empty json (1 ms)
    ÔêÜ returns 'Wrong Establishment Number' matcher result for missing 
establishment number for one sheet
    ÔêÜ returns 'Wrong Establishment Number' matcher result for missing 
establishment numbers of multiple sheets
    ÔêÜ returns 'Wrong Header' matcher result for incorrect header values of 
one sheet
    ÔêÜ returns 'Wrong Header' matcher result for incorrect header values of 
multiple sheets
    ÔêÜ returns correct for correct headers for one sheet (3 ms)
    ÔêÜ returns correct for correct headers of multiple sheets
    ÔêÜ return 'Generic Error' matcher result when an error occurs (1 ms)
    ÔêÜ should call logger.logError when an error is thrown (1 ms)

  console.info
    Whilst running the 'matches()' method in 'app\services\matchers\davenport\model2.js', the PLP application logged info: Packing list matches davenport Model 2 with filename: packinglist.xlsx

      at Object.info [as logInfo] (app/utilities/logger.js:20:11)

  console.error
    Whilst running the 'matches()' method in 'app\services\matchers\davenport\model2.js', the PLP application encounterd: TypeError: Cannot convert undefined or null to object

    [0m [90m  6 |[39m [90m */[39m
     [90m  7 |[39m [36mfunction[39m logError(fileName[33m,[39m method[33m,[39m error) {
    [31m[1m>[22m[39m[90m  8 |[39m   console[33m.[39merror(
     [90m    |[39m           [31m[1m^[22m[39m
     [90m  9 |[39m     [32m`Whilst running the '${method}' method in '${fileName}', the PLP application encounterd: ${error}`[39m[33m,[39m
     [90m 10 |[39m   )[33m;[39m
     [90m 11 |[39m }[0m

      at Object.error [as logError] (app/utilities/logger.js:8:11)
      at Object.logError [as matches] (app/services/matchers/davenport/model2.js:52:12)
      at Object.matches (test/unit/services/matchers/davenport/model2.test.js:60:28)

  console.error
    Whilst running the 'matches()' method in 'app\services\matchers\davenport\model2.js', the PLP application encounterd: TypeError: Cannot convert undefined or null to object

    [0m [90m  6 |[39m [90m */[39m
     [90m  7 |[39m [36mfunction[39m logError(fileName[33m,[39m method[33m,[39m error) {
    [31m[1m>[22m[39m[90m  8 |[39m   console[33m.[39merror(
     [90m    |[39m           [31m[1m^[22m[39m
     [90m  9 |[39m     [32m`Whilst running the '${method}' method in '${fileName}', the PLP application encounterd: ${error}`[39m[33m,[39m
     [90m 10 |[39m   )[33m;[39m
     [90m 11 |[39m }[0m

      at Object.error (app/utilities/logger.js:8:11)
      at Object.logError [as matches] (app/services/matchers/davenport/model2.js:52:12)
      at Object.matches (test/unit/services/matchers/davenport/model2.test.js:68:13)

PASS test/unit/services/matchers/davenport/model2.test.js
  matchesDavenportModel2
    ÔêÜ returns Correct (3 ms)
    ÔêÜ returns 'Empty File' matcher result for empty json
    ÔêÜ returns 'Wrong Establishment Number' matcher result for missing 
establishment number
    ÔêÜ returns 'Wrong Establishment Number' matcher result for missing 
establishment numbers of multiple sheets
    ÔêÜ return 'Wrong Header' matcher result for missing header values
    ÔêÜ return 'Wrong Header' matcher result for incorrect header values
    ÔêÜ return 'Wrong Header' matcher result for incorrect header values of 
multiple sheets
    ÔêÜ return 'Generic Error' matcher result when an error occurs (1 ms)
    ÔêÜ should call logger.logError when an error is thrown (1 ms)
    ÔêÜ skips processing for sheets listed in invalidSheets

PASS test/unit/messaging/create-message.test.js
  createMessage
    ÔêÜ should create a message (2 ms)
    ÔêÜ should create a failure message

  console.info
    Whilst running the 'matches()' method in 'app\services\matchers\mars\model1.js', the PLP application logged info: Packing list matches Mars Model 1 with filename: packinglist.xlsx

      at Object.info [as logInfo] (app/utilities/logger.js:20:11)

  console.error
    Whilst running the 'matches()' method in 'app\services\matchers\mars\model1.js', the PLP application encounterd: TypeError: Cannot convert undefined or null to object

    [0m [90m  6 |[39m [90m */[39m
     [90m  7 |[39m [36mfunction[39m logError(fileName[33m,[39m method[33m,[39m error) {
    [31m[1m>[22m[39m[90m  8 |[39m   console[33m.[39merror(
     [90m    |[39m           [31m[1m^[22m[39m
     [90m  9 |[39m     [32m`Whilst running the '${method}' method in '${fileName}', the PLP application encounterd: ${error}`[39m[33m,[39m
     [90m 10 |[39m   )[33m;[39m
     [90m 11 |[39m }[0m

      at Object.error [as logError] (app/utilities/logger.js:8:11)
      at Object.logError [as matches] (app/services/matchers/mars/model1.js:43:12)
      at Object.matches (test/unit/services/matchers/mars/model1.test.js:49:28)

  console.error
    Whilst running the 'matches()' method in 'app\services\matchers\mars\model1.js', the PLP application encounterd: TypeError: Cannot convert undefined or null to object

    [0m [90m  6 |[39m [90m */[39m
     [90m  7 |[39m [36mfunction[39m logError(fileName[33m,[39m method[33m,[39m error) {
    [31m[1m>[22m[39m[90m  8 |[39m   console[33m.[39merror(
     [90m    |[39m           [31m[1m^[22m[39m
     [90m  9 |[39m     [32m`Whilst running the '${method}' method in '${fileName}', the PLP application encounterd: ${error}`[39m[33m,[39m
     [90m 10 |[39m   )[33m;[39m
     [90m 11 |[39m }[0m

      at Object.error (app/utilities/logger.js:8:11)
      at Object.logError [as matches] (app/services/matchers/mars/model1.js:43:12)
      at Object.matches (test/unit/services/matchers/mars/model1.test.js:57:13)

PASS test/unit/services/matchers/mars/model1.test.js
  matchesMarsModel1
    ÔêÜ returns 'Empty File' matcher result for empty json (1 ms)
    ÔêÜ returns Correct (2 ms)
    ÔêÜ returns 'Wrong Establishment Number' matcher result for missing 
establishment number
    ÔêÜ returns 'Wrong Establishment Number' matcher result for missing 
establishment numbers of multiple sheets
    ÔêÜ return 'Wrong Header' matcher result for incorrect header values (1 ms)
    ÔêÜ return 'Wrong Header' matcher result for incorrect header values of 
multiple sheets
    ÔêÜ return 'Generic Error' matcher result when an error occurs (1 ms)
    ÔêÜ should call logger.logError when an error is thrown (1 ms)

PASS test/unit/utilities/csv-utility.test.js
  csv-utility
    ÔêÜ parses CSV from Buffer (6 ms)
    ÔêÜ parses CSV from Readable stream (1 ms)
    ÔêÜ parses CSV from filename (8 ms)

PASS test/unit/models/item.test.js
  Item Model
    ÔêÜ should define the model with correct fields (3 ms)

  console.info
    Whilst running the 'matches()' method in 'app\services\matchers\cds\model1.js', the PLP application logged info: Packing list matches cds Model 1 with filename: packinglist.xlsx

      at Object.info [as logInfo] (app/utilities/logger.js:20:11)

  console.error
    Whilst running the 'matches()' method in 'app\services\matchers\cds\model1.js', the PLP application encounterd: TypeError: Cannot convert undefined or null to object

    [0m [90m  6 |[39m [90m */[39m
     [90m  7 |[39m [36mfunction[39m logError(fileName[33m,[39m method[33m,[39m error) {
    [31m[1m>[22m[39m[90m  8 |[39m   console[33m.[39merror(
     [90m    |[39m           [31m[1m^[22m[39m
     [90m  9 |[39m     [32m`Whilst running the '${method}' method in '${fileName}', the PLP application encounterd: ${error}`[39m[33m,[39m
     [90m 10 |[39m   )[33m;[39m
     [90m 11 |[39m }[0m

      at Object.error [as logError] (app/utilities/logger.js:8:11)
      at Object.logError [as matches] (app/services/matchers/cds/model1.js:44:12)
      at Object.matches (test/unit/services/matchers/cds/model1.test.js:69:28)

  console.error
    Whilst running the 'matches()' method in 'app\services\matchers\cds\model1.js', the PLP application encounterd: TypeError: Cannot convert undefined or null to object

    [0m [90m  6 |[39m [90m */[39m
     [90m  7 |[39m [36mfunction[39m logError(fileName[33m,[39m method[33m,[39m error) {
    [31m[1m>[22m[39m[90m  8 |[39m   console[33m.[39merror(
     [90m    |[39m           [31m[1m^[22m[39m
     [90m  9 |[39m     [32m`Whilst running the '${method}' method in '${fileName}', the PLP application encounterd: ${error}`[39m[33m,[39m
     [90m 10 |[39m   )[33m;[39m
     [90m 11 |[39m }[0m

      at Object.error (app/utilities/logger.js:8:11)
      at Object.logError [as matches] (app/services/matchers/cds/model1.js:44:12)
      at Object.matches (test/unit/services/matchers/cds/model1.test.js:77:13)

PASS test/unit/services/matchers/cds/model1.test.js
  matchesCdsModel1
    ÔêÜ returns Correct (3 ms)
    ÔêÜ returns 'Empty File' matcher result for empty json (1 ms)
    ÔêÜ returns 'Wrong Establishment Number' matcher result for missing 
establishment number
    ÔêÜ returns 'Wrong Establishment Number' matcher result for missing 
establishment numbers of multiple sheets
    ÔêÜ return 'Wrong Header' matcher result for incorrect header values (1 ms)
    ÔêÜ return 'Wrong Header' matcher result for incorrect header values of 
multiple sheets
    ÔêÜ return 'Generic Error' matcher result when an error occurs (1 ms)
    ÔêÜ should call logger.logError when an error is thrown (2 ms)

  console.info
    Whilst running the 'matches()' method in 'app\services\matchers\asda\model4.js', the PLP application logged info: Packing list matches Asda Model 4 CSV with filename: test.csv

      at Object.info (app/utilities/logger.js:20:11)

PASS test/unit/services/matchers/asda/model4.test.js
  matchesAsdaModel4
    ÔêÜ should return CORRECT for valid ASDA Model 4 CSV (4 ms)
    ÔêÜ should return EMPTY_FILE for empty CSV (1 ms)
    ÔêÜ should return WRONG_ESTABLISHMENT_NUMBER for CSV with wrong 
establishment number
    ÔêÜ should return WRONG_HEADER for CSV with wrong headers
    ÔêÜ should return EMPTY_FILE and log error when exception occurs (1 ms)

  console.info
    Whilst running the 'matches()' method in 'app\services\matchers\nisa\model2.js', the PLP application logged info: Packing list matches nisa Model 2 with filename: PackingList.xlsx

      at Object.info [as logInfo] (app/utilities/logger.js:20:11)

  console.info
    Whilst running the 'matches()' method in 'app\services\matchers\nisa\model2.js', the PLP application logged info: Packing list matches nisa Model 2 with filename: PackingList.xlsx

      at Object.info [as logInfo] (app/utilities/logger.js:20:11)

  console.error
    Whilst running the 'matches()' method in 'app\services\matchers\nisa\model2.js', the PLP application encounterd: TypeError: Cannot convert undefined or null to object

    [0m [90m  6 |[39m [90m */[39m
     [90m  7 |[39m [36mfunction[39m logError(fileName[33m,[39m method[33m,[39m error) {
    [31m[1m>[22m[39m[90m  8 |[39m   console[33m.[39merror(
     [90m    |[39m           [31m[1m^[22m[39m
     [90m  9 |[39m     [32m`Whilst running the '${method}' method in '${fileName}', the PLP application encounterd: ${error}`[39m[33m,[39m
     [90m 10 |[39m   )[33m;[39m
     [90m 11 |[39m }[0m

      at Object.error [as logError] (app/utilities/logger.js:8:11)
      at Object.logError [as matches] (app/services/matchers/nisa/model2.js:45:12)
      at Object.matches (test/unit/services/matchers/nisa/model2.test.js:76:28)

  console.error
    Whilst running the 'matches()' method in 'app\services\matchers\nisa\model2.js', the PLP application encounterd: TypeError: Cannot convert undefined or null to object

    [0m [90m  6 |[39m [90m */[39m
     [90m  7 |[39m [36mfunction[39m logError(fileName[33m,[39m method[33m,[39m error) {
    [31m[1m>[22m[39m[90m  8 |[39m   console[33m.[39merror(
     [90m    |[39m           [31m[1m^[22m[39m
     [90m  9 |[39m     [32m`Whilst running the '${method}' method in '${fileName}', the PLP application encounterd: ${error}`[39m[33m,[39m
     [90m 10 |[39m   )[33m;[39m
     [90m 11 |[39m }[0m

      at Object.error (app/utilities/logger.js:8:11)
      at Object.logError [as matches] (app/services/matchers/nisa/model2.js:45:12)
      at Object.matches (test/unit/services/matchers/nisa/model2.test.js:84:13)

PASS test/unit/services/matchers/nisa/model2.test.js
  matchesNisa2
    ÔêÜ returns Correct (3 ms)
    ÔêÜ returns Correct With Totals (1 ms)
    ÔêÜ returns 'Empty File' matcher result for empty json
    ÔêÜ returns 'Wrong Establishment Number' matcher result for missing 
establishment number
    ÔêÜ returns 'Wrong Establishment Number' matcher result for missing 
establishment numbers of multiple sheets
    ÔêÜ return 'Wrong Header' matcher result for incorrect header values
    ÔêÜ return 'Wrong Header' matcher result for incorrect header values of 
multiple sheets
    ÔêÜ return 'Generic Error' matcher result when an error occurs (1 ms)
    ÔêÜ should call logger.logError when an error is thrown (2 ms)

  console.info
    Whilst running the 'matches()' method in 'app\services\matchers\tescos\model2.js', the PLP application logged info: Packing list matches tescos Model 2 with filename: PackingListTesco2.xlsx

      at Object.info [as logInfo] (app/utilities/logger.js:20:11)

  console.error
    Whilst running the 'matches()' method in 'app\services\matchers\tescos\model2.js', the PLP application encounterd: TypeError: Cannot convert undefined or null to object

    [0m [90m  6 |[39m [90m */[39m
     [90m  7 |[39m [36mfunction[39m logError(fileName[33m,[39m method[33m,[39m error) {
    [31m[1m>[22m[39m[90m  8 |[39m   console[33m.[39merror(
     [90m    |[39m           [31m[1m^[22m[39m
     [90m  9 |[39m     [32m`Whilst running the '${method}' method in '${fileName}', the PLP application encounterd: ${error}`[39m[33m,[39m
     [90m 10 |[39m   )[33m;[39m
     [90m 11 |[39m }[0m

      at Object.error [as logError] (app/utilities/logger.js:8:11)
      at Object.logError [as matches] (app/services/matchers/tescos/model2.js:48:12)
      at Object.matches (test/unit/services/matchers/tescos/model2.test.js:71:28)

  console.error
    Whilst running the 'matches()' method in 'app\services\matchers\tescos\model2.js', the PLP application encounterd: TypeError: Cannot convert undefined or null to object

    [0m [90m  6 |[39m [90m */[39m
     [90m  7 |[39m [36mfunction[39m logError(fileName[33m,[39m method[33m,[39m error) {
    [31m[1m>[22m[39m[90m  8 |[39m   console[33m.[39merror(
     [90m    |[39m           [31m[1m^[22m[39m
     [90m  9 |[39m     [32m`Whilst running the '${method}' method in '${fileName}', the PLP application encounterd: ${error}`[39m[33m,[39m
     [90m 10 |[39m   )[33m;[39m
     [90m 11 |[39m }[0m

      at Object.error (app/utilities/logger.js:8:11)
      at Object.logError [as matches] (app/services/matchers/tescos/model2.js:48:12)
      at Object.matches (test/unit/services/matchers/tescos/model2.test.js:79:13)

PASS test/unit/services/matchers/tescos/model2.test.js
  matchesTescoModel2
    ÔêÜ returns Correct (4 ms)
    ÔêÜ returns 'Empty File' matcher result for empty json (1 ms)
    ÔêÜ returns 'Wrong Establishment Number' matcher result for missing 
establishment number
    ÔêÜ returns 'Wrong Establishment Number' matcher result for missing 
establishment numbers of multiple sheets
    ÔêÜ return 'Wrong Header' matcher result for incorrect header values (1 ms)
    ÔêÜ return 'Wrong Header' matcher result for incorrect header values of 
multiple sheets
    ÔêÜ return 'Generic Error' matcher result when an error occurs (1 ms)
    ÔêÜ should call logger.logError when an error is thrown (1 ms)

  console.info
    Whilst running the 'matches()' method in 'app\services\matchers\asda\model2.js', the PLP application logged info: Packing list matches Asda Model 2 with filename: packinglist.xls

      at Object.info [as logInfo] (app/utilities/logger.js:20:11)

  console.error
    Whilst running the 'matches()' method in 'app\services\matchers\asda\model2.js', the PLP application encounterd: TypeError: Cannot convert undefined or null to object

    [0m [90m  6 |[39m [90m */[39m
     [90m  7 |[39m [36mfunction[39m logError(fileName[33m,[39m method[33m,[39m error) {
    [31m[1m>[22m[39m[90m  8 |[39m   console[33m.[39merror(
     [90m    |[39m           [31m[1m^[22m[39m
     [90m  9 |[39m     [32m`Whilst running the '${method}' method in '${fileName}', the PLP application encounterd: ${error}`[39m[33m,[39m
     [90m 10 |[39m   )[33m;[39m
     [90m 11 |[39m }[0m

      at Object.error [as logError] (app/utilities/logger.js:8:11)
      at Object.logError [as matches] (app/services/matchers/asda/model2.js:45:12)
      at Object.matches (test/unit/services/matchers/asda/model2.test.js:70:28)

  console.error
    Whilst running the 'matches()' method in 'app\services\matchers\asda\model2.js', the PLP application encounterd: TypeError: Cannot convert undefined or null to object

    [0m [90m  6 |[39m [90m */[39m
     [90m  7 |[39m [36mfunction[39m logError(fileName[33m,[39m method[33m,[39m error) {
    [31m[1m>[22m[39m[90m  8 |[39m   console[33m.[39merror(
     [90m    |[39m           [31m[1m^[22m[39m
     [90m  9 |[39m     [32m`Whilst running the '${method}' method in '${fileName}', the PLP application encounterd: ${error}`[39m[33m,[39m
     [90m 10 |[39m   )[33m;[39m
     [90m 11 |[39m }[0m

      at Object.error (app/utilities/logger.js:8:11)
      at Object.logError [as matches] (app/services/matchers/asda/model2.js:45:12)
      at Object.matches (test/unit/services/matchers/asda/model2.test.js:78:13)

PASS test/unit/services/matchers/asda/model2.test.js
  matchesAsdaModel2
    ÔêÜ returns Correct (3 ms)
    ÔêÜ returns 'Empty File' matcher result for empty json (1 ms)
    ÔêÜ returns 'Wrong Establishment Number' matcher result for missing 
establishment number
    ÔêÜ returns 'Wrong Establishment Number' matcher result for missing 
establishment numbers of multiple sheets
    ÔêÜ return 'Wrong Header' matcher result for incorrect header values
    ÔêÜ return 'Wrong Header' matcher result for incorrect header values of 
multiple sheets
    ÔêÜ return 'Generic Error' matcher result when an error occurs (1 ms)
    ÔêÜ should call logger.logError when an error is thrown (1 ms)

  console.info
    Whilst running the 'matches()' method in 'app\services\matchers\iceland\model2.js', the PLP application logged info: Packing list matches Iceland 2 CSV with filename: test.csv

      at Object.info (app/utilities/logger.js:20:11)

PASS test/unit/services/matchers/iceland/model2.test.js
  matchesAsdaModel4
    ÔêÜ should return CORRECT for valid Iceland 2 CSV (4 ms)
    ÔêÜ should return EMPTY_FILE for empty CSV
    ÔêÜ should return WRONG_ESTABLISHMENT_NUMBER for CSV with wrong 
establishment number
    ÔêÜ should return WRONG_HEADER for CSV with wrong headers (1 ms)
    ÔêÜ should return EMPTY_FILE and log error when exception occurs

  console.info
    Whilst running the 'matches()' method in 'app\services\matchers\sainsburys\model1.js', the PLP application logged info: Packing list matches sainsburys Model 1 with filename: packinglist.xlsx

      at Object.info [as logInfo] (app/utilities/logger.js:20:11)

  console.error
    Whilst running the 'matches()' method in 'app\services\matchers\sainsburys\model1.js', the PLP application encounterd: TypeError: Cannot convert undefined or null to object

    [0m [90m  6 |[39m [90m */[39m
     [90m  7 |[39m [36mfunction[39m logError(fileName[33m,[39m method[33m,[39m error) {
    [31m[1m>[22m[39m[90m  8 |[39m   console[33m.[39merror(
     [90m    |[39m           [31m[1m^[22m[39m
     [90m  9 |[39m     [32m`Whilst running the '${method}' method in '${fileName}', the PLP application encounterd: ${error}`[39m[33m,[39m
     [90m 10 |[39m   )[33m;[39m
     [90m 11 |[39m }[0m

      at Object.error [as logError] (app/utilities/logger.js:8:11)
      at Object.logError [as matches] (app/services/matchers/sainsburys/model1.js:48:12)
      at Object.matches (test/unit/services/matchers/sainsburys/model1.test.js:82:28)

  console.error
    Whilst running the 'matches()' method in 'app\services\matchers\sainsburys\model1.js', the PLP application encounterd: TypeError: Cannot convert undefined or null to object

    [0m [90m  6 |[39m [90m */[39m
     [90m  7 |[39m [36mfunction[39m logError(fileName[33m,[39m method[33m,[39m error) {
    [31m[1m>[22m[39m[90m  8 |[39m   console[33m.[39merror(
     [90m    |[39m           [31m[1m^[22m[39m
     [90m  9 |[39m     [32m`Whilst running the '${method}' method in '${fileName}', the PLP application encounterd: ${error}`[39m[33m,[39m
     [90m 10 |[39m   )[33m;[39m
     [90m 11 |[39m }[0m

      at Object.error (app/utilities/logger.js:8:11)
      at Object.logError [as matches] (app/services/matchers/sainsburys/model1.js:48:12)
      at Object.matches (test/unit/services/matchers/sainsburys/model1.test.js:90:13)

PASS test/unit/services/matchers/sainsburys/model1.test.js
  matchesSainsburysModel1
    ÔêÜ returns 'Empty File' matcher result for empty json (1 ms)
    ÔêÜ returns 'Wrong Establishment Number' matcher result for missing 
establishment number (1 ms)
    ÔêÜ returns 'Wrong Establishment Number' matcher result for missing 
establishment numbers of multiple sheets
    ÔêÜ returns wrong header for incorrect header values (1 ms)
    ÔêÜ return 'Wrong Header' matcher result for incorrect header values of 
multiple sheets
    ÔêÜ returns Correct (2 ms)
    ÔêÜ return 'Generic Error' matcher result when an error occurs (1 ms)
    ÔêÜ should call logger.logError when an error is thrown (1 ms)

  console.info
    Whilst running the 'matches()' method in 'app\services\matchers\co-op\model1.js', the PLP application logged info: Packing list matches co-op Model 1 with filename: packinglist.xlsx

      at Object.info [as logInfo] (app/utilities/logger.js:20:11)

  console.error
    Whilst running the 'matches()' method in 'app\services\matchers\co-op\model1.js', the PLP application encounterd: TypeError: Cannot convert undefined or null to object

    [0m [90m  6 |[39m [90m */[39m
     [90m  7 |[39m [36mfunction[39m logError(fileName[33m,[39m method[33m,[39m error) {
    [31m[1m>[22m[39m[90m  8 |[39m   console[33m.[39merror(
     [90m    |[39m           [31m[1m^[22m[39m
     [90m  9 |[39m     [32m`Whilst running the '${method}' method in '${fileName}', the PLP application encounterd: ${error}`[39m[33m,[39m
     [90m 10 |[39m   )[33m;[39m
     [90m 11 |[39m }[0m

      at Object.error [as logError] (app/utilities/logger.js:8:11)
      at Object.logError [as matches] (app/services/matchers/co-op/model1.js:44:12)
      at Object.matches (test/unit/services/matchers/co-op/model1.test.js:72:28)

  console.error
    Whilst running the 'matches()' method in 'app\services\matchers\co-op\model1.js', the PLP application encounterd: TypeError: Cannot convert undefined or null to object

    [0m [90m  6 |[39m [90m */[39m
     [90m  7 |[39m [36mfunction[39m logError(fileName[33m,[39m method[33m,[39m error) {
    [31m[1m>[22m[39m[90m  8 |[39m   console[33m.[39merror(
     [90m    |[39m           [31m[1m^[22m[39m
     [90m  9 |[39m     [32m`Whilst running the '${method}' method in '${fileName}', the PLP application encounterd: ${error}`[39m[33m,[39m
     [90m 10 |[39m   )[33m;[39m
     [90m 11 |[39m }[0m

      at Object.error (app/utilities/logger.js:8:11)
      at Object.logError [as matches] (app/services/matchers/co-op/model1.js:44:12)
      at Object.matches (test/unit/services/matchers/co-op/model1.test.js:80:13)

PASS test/unit/services/matchers/co-op/model1.test.js
  matchesCoopModel1
    ÔêÜ returns Correct (8 ms)
    ÔêÜ returns 'Empty File' matcher result for empty json
    ÔêÜ returns 'Wrong Establishment Number' matcher result for missing 
establishment number (1 ms)
    ÔêÜ returns 'Wrong Establishment Number' matcher result for missing 
establishment numbers of multiple sheets
    ÔêÜ return 'Wrong Header' matcher result for incorrect header values (1 ms)
    ÔêÜ return 'Wrong Header' matcher result for incorrect header values of 
multiple sheets
    ÔêÜ return 'Generic Error' matcher result when an error occurs (1 ms)
    ÔêÜ should call logger.logError when an error is thrown (1 ms)

PASS test/unit/plugins/router.test.js
  router plugin
    ÔêÜ should register routes when register is called (2 ms)

  console.info
    Whilst running the 'start()' method in 'app\messaging\index.js', the PLP application logged info: Ready to receive messages

      at Object.info [as logInfo] (app/utilities/logger.js:20:11)

  console.info
    Whilst running the 'start()' method in 'app\messaging\index.js', the PLP application logged info: Ready to receive messages

      at Object.info [as logInfo] (app/utilities/logger.js:20:11)

  console.info
    Whilst running the 'stop()' method in 'app\messaging\index.js', the PLP application logged info: Stopped receiving messages

      at Object.info [as logInfo] (app/utilities/logger.js:20:11)

PASS test/unit/messaging/index.test.js
  messaging module
    ÔêÜ start should create a new MessageReceiver and subscribe (2 ms)
    ÔêÜ stop should close connection

PASS test/unit/utilities/file-extension.test.js
  file-extension-check
    ÔêÜ matches: when the input is 'test-file.xls' and the extension is 'xls', 
the result should be '4' (1 ms)
    ÔêÜ matches: when the input is 'test-file.xlsX' and the extension is 
'xlsx', the result should be '4'
    ÔêÜ matches: when the input is 'test-file.xlsX' and the extension is 
'xLsx', the result should be '4'
    ÔêÜ matches: when the input is 'test-file.Xls' and the extension is 'xls', 
the result should be '4' (1 ms)
    ÔêÜ matches: when the input is 'test-file.csv' and the extension is 'csv', 
the result should be '4'
    ÔêÜ matches: when the input is 'test-file.Csv' and the extension is 'csv', 
the result should be '4'
    ÔêÜ matches: when the input is 'test-file.CsV' and the extension is 'cSV', 
the result should be '4'
    ÔêÜ matches: when the input is 'car' and the extension is 'xls', the 
result should be '0' (1 ms)
    ÔêÜ matches: when the input is 'car.abc' and the extension is 'xls', the 
result should be '0'
    ÔêÜ isExcel: when the input is 'test-file.xls', the result should be 'true'
    ÔêÜ isExcel: when the input is 'test-file.xlsx', the result should be 
'true' (1 ms)
    ÔêÜ isExcel: when the input is 'test-file.csv', the result should be 
'false'
    ÔêÜ isExcel: when the input is 'test-file.pdf', the result should be 
'false'
    ÔêÜ isExcel: when the input is 'test-file.abc', the result should be 
'false'
    ÔêÜ isExcel: when the input is 'test-file', the result should be 'false'

PASS test/unit/app/utilities/csv-utility.test.js
  csv-utility.convertCsvToJson
    ÔêÜ parses a simple CSV file into arrays (6 ms)

PASS test/unit/services/matches-header.test.js
  matchesHeader
    ÔêÜ returns correct header (1 ms)
    ÔêÜ returns incorrect header (1 ms)
    ÔêÜ return incorrect header for null
    ÔêÜ return incorrect header for -1 row.

  console.info
    Whilst running the 'setup()' method in 'app\services\', the PLP application logged info: App Insights is running!

      at Object.info [as logInfo] (app/utilities/logger.js:20:11)

  console.error
    Whilst running the 'setup()' method in 'app\services\', the PLP application encounterd: App Insights is not running!

    [0m [90m  6 |[39m [90m */[39m
     [90m  7 |[39m [36mfunction[39m logError(fileName[33m,[39m method[33m,[39m error) {
    [31m[1m>[22m[39m[90m  8 |[39m   console[33m.[39merror(
     [90m    |[39m           [31m[1m^[22m[39m
     [90m  9 |[39m     [32m`Whilst running the '${method}' method in '${fileName}', the PLP application encounterd: ${error}`[39m[33m,[39m
     [90m 10 |[39m   )[33m;[39m
     [90m 11 |[39m }[0m

      at Object.error [as logError] (app/utilities/logger.js:8:11)
      at Object.logError [as setup] (app/services/app-insights.js:20:14)
      at Object.setup (test/unit/services/app-insights.test.js:33:51)

PASS test/unit/services/app-insights.test.js
  App Insights setup
    ÔêÜ should call appInsights.setup when APPINSIGHTS_CONNECTIONSTRING is set 
(5 ms)
    ÔêÜ should not call appInsights.setup when APPINSIGHTS_CONNECTIONSTRING is 
not set (1 ms)

  console.info
    Whilst running the 'matches()' method in 'app\services\matchers\turners\model1.js', the PLP application logged info: Packing list matches Turners Model 1 with filename: packinglist.xlsx

      at Object.info [as logInfo] (app/utilities/logger.js:20:11)

  console.error
    Whilst running the 'matches()' method in 'app\services\matchers\turners\model1.js', the PLP application encounterd: TypeError: Cannot convert undefined or null to object

    [0m [90m  6 |[39m [90m */[39m
     [90m  7 |[39m [36mfunction[39m logError(fileName[33m,[39m method[33m,[39m error) {
    [31m[1m>[22m[39m[90m  8 |[39m   console[33m.[39merror(
     [90m    |[39m           [31m[1m^[22m[39m
     [90m  9 |[39m     [32m`Whilst running the '${method}' method in '${fileName}', the PLP application encounterd: ${error}`[39m[33m,[39m
     [90m 10 |[39m   )[33m;[39m
     [90m 11 |[39m }[0m

      at Object.error [as logError] (app/utilities/logger.js:8:11)
      at Object.logError [as matches] (app/services/matchers/turners/model1.js:47:12)
      at Object.matches (test/unit/services/matchers/turners/model1.test.js:70:28)

  console.error
    Whilst running the 'matches()' method in 'app\services\matchers\turners\model1.js', the PLP application encounterd: TypeError: Cannot convert undefined or null to object

    [0m [90m  6 |[39m [90m */[39m
     [90m  7 |[39m [36mfunction[39m logError(fileName[33m,[39m method[33m,[39m error) {
    [31m[1m>[22m[39m[90m  8 |[39m   console[33m.[39merror(
     [90m    |[39m           [31m[1m^[22m[39m
     [90m  9 |[39m     [32m`Whilst running the '${method}' method in '${fileName}', the PLP application encounterd: ${error}`[39m[33m,[39m
     [90m 10 |[39m   )[33m;[39m
     [90m 11 |[39m }[0m

      at Object.error (app/utilities/logger.js:8:11)
      at Object.logError [as matches] (app/services/matchers/turners/model1.js:47:12)
      at Object.matches (test/unit/services/matchers/turners/model1.test.js:78:13)

PASS test/unit/services/matchers/turners/model1.test.js
  matchesTurnersModel1
    ÔêÜ returns Correct (2 ms)
    ÔêÜ returns 'Empty File' matcher result for empty json
    ÔêÜ returns 'Wrong Establishment Number' matcher result for missing 
establishment number (1 ms)
    ÔêÜ returns 'Wrong Establishment Number' matcher result for missing 
establishment numbers of multiple sheets
    ÔêÜ return 'Wrong Header' matcher result for incorrect header values
    ÔêÜ return 'Wrong Header' matcher result for incorrect header values of 
multiple sheets (1 ms)
    ÔêÜ return 'Generic Error' matcher result when an error occurs (1 ms)
    ÔêÜ should call logger.logError when an error is thrown (1 ms)

PASS test/unit/utilities/row-finder.test.js
  findHeaderRow
    ÔêÜ when the header is 'DESCRIPTION' should return '1' (1 ms)
    ÔêÜ when the header is 'DESCRIPTIONN' should return '-1'

  console.error
    Whilst running the 'sanitise()' method in 'app\utilities\json-file.js', the PLP application encounterd: Invalid JSON string provided: SyntaxError: Expected ',' or '}' after property value in JSON at position 30 (line 1 column 31)

    [0m [90m  6 |[39m [90m */[39m
     [90m  7 |[39m [36mfunction[39m logError(fileName[33m,[39m method[33m,[39m error) {
    [31m[1m>[22m[39m[90m  8 |[39m   console[33m.[39merror(
     [90m    |[39m           [31m[1m^[22m[39m
     [90m  9 |[39m     [32m`Whilst running the '${method}' method in '${fileName}', the PLP application encounterd: ${error}`[39m[33m,[39m
     [90m 10 |[39m   )[33m;[39m
     [90m 11 |[39m }[0m

      at Object.error [as logError] (app/utilities/logger.js:8:11)
      at Object.logError (app/utilities/json-file.js:40:12)
      at Object.sanitise (test/unit/utilities/json-file.test.js:36:29)

PASS test/unit/utilities/json-file.test.js
  json-checks
    ÔêÜ should replace empty string values with null (1 ms)
    ÔêÜ should trim trailing and leading whitespaces from non-empty string 
values
    ÔêÜ should handle nested objects and arrays
    ÔêÜ should return null for invalid JSON string (2 ms)
    ÔêÜ should leave non-string values unchanged

PASS test/unit/config/constants.test.js
  constants config
    ÔêÜ should return the correct environment (2 ms)

PASS test/unit/models/packing-list.test.js
  Packing list Model
    ÔêÜ should define the model with correct fields (3 ms)

  console.log
    MDM Config loaded: {
      apiUrl: 'https://test-mdm.example.com',
      subscriptionKey: '***set***',
      authUrl: undefined,
      clientId: undefined,
      scope: undefined
    }

      at Object.log (app/config/mdm-config.js:28:9)

  console.log
    MDM Config loaded: {
      apiUrl: 'https://test-mdm.example.com',
      subscriptionKey: '***set***',
      authUrl: undefined,
      clientId: undefined,
      scope: undefined
    }

      at Object.log (app/config/mdm-config.js:28:9)

  console.log
    MDM Config loaded: {
      apiUrl: undefined,
      subscriptionKey: 'undefined',
      authUrl: undefined,
      clientId: undefined,
      scope: undefined
    }

      at Object.log (app/config/mdm-config.js:28:9)

PASS test/unit/config/mdm-config.test.js
  mdm-config
    ÔêÜ should load MDM API URL from environment variable (4 ms)
    ÔêÜ should load MDM subscription key from environment variable (2 ms)
    ÔêÜ should handle missing environment variables (2 ms)

PASS test/unit/services/parser-combine.test.js
  combineParser
    ÔêÜ parses valid json (2 ms)

  console.error
    Whilst running the 'get()' method in 'app\routes\healthy.js', the PLP application encounterd: Error running healthy check: Error: test error

    [0m [90m  6 |[39m [90m */[39m
     [90m  7 |[39m [36mfunction[39m logError(fileName[33m,[39m method[33m,[39m error) {
    [31m[1m>[22m[39m[90m  8 |[39m   console[33m.[39merror(
     [90m    |[39m           [31m[1m^[22m[39m
     [90m  9 |[39m     [32m`Whilst running the '${method}' method in '${fileName}', the PLP application encounterd: ${error}`[39m[33m,[39m
     [90m 10 |[39m   )[33m;[39m
     [90m 11 |[39m }[0m

      at Object.error [as logError] (app/utilities/logger.js:8:11)
      at Object.logError [as handler] (app/routes/healthy.js:16:16)
      at Object.<anonymous> (test/unit/routes/healthy.test.js:39:5)

PASS test/unit/routes/healthy.test.js
  healthy route
    ÔêÜ should return 200 when sequelize.authenticate is successful (2 ms)
    ÔêÜ should return 503 when sequelize.authenticate throws an error (1 ms)

PASS test/unit/routes/healthz.test.js
  health route
    ÔêÜ should return 200 when handler is called (2 ms)

PASS test/unit/server.hapi.server.test.js
  cresteServer
    ÔêÜ should log the exception when an error occurs when configuring the 
hapi server (3 ms)

PASS test/unit/services/matcher-result.test.js
  matcherResultContainsCorrectValues
    ÔêÜ contains the Wrong Extension definition (1 ms)
    ÔêÜ contains the Wrong Extension value
    ÔêÜ contains the Wrong Establishment Numder definition
    ÔêÜ contains the Wrong Establishment Numder value
    ÔêÜ contains the Wrong Header definition
    ÔêÜ contains the Wrong Header value
    ÔêÜ contains the Generic Error definition
    ÔêÜ contains the Generic Error value
    ÔêÜ contains the 'Correct' definition (1 ms)
    ÔêÜ contains the 'Correct' value


=============================== Coverage summary ===============================
Statements   : 94.73% ( 3601/3801 )
Branches     : 88.13% ( 847/961 )
Functions    : 96.16% ( 476/495 )
Lines        : 94.78% ( 3581/3778 )
================================================================================
Summary of all failing tests
FAIL test/regression/process-non-ai.test.js (6.999 s)
  ÔùÅ Excel Process Non-AI ÔÇ║ should process multiple Excel files and return 
responses

    thrown: "Exceeded timeout of 5000 ms for a test.
    Add a timeout value to this test to increase the timeout, if this is a 
long-running test. See https://jestjs.io/docs/api#testname-fn-timeout."

    [0m [90m 122 |[39m   })[33m;[39m
     [90m 123 |[39m
    [31m[1m>[22m[39m[90m 124 |[39m   test([32m"should process multiple 
Excel files and return responses"[39m[33m,[39m [36masync[39m () 
[33m=>[39m {
     [90m     |[39m   [31m[1m^[22m[39m
     [90m 125 |[39m     [90m// Allow custom root path via environment 
variable or use default[39m
     [90m 126 |[39m     [36mconst[39m customPath [33m=[39m 
process[33m.[39menv[33m.[39m[33mTEST_FOLDER_PATH[39m[33m;[39m
     [90m 127 |[39m     [36mconst[39m packingListDir [33m=[39m 
customPath[0m

      at test (test/regression/process-non-ai.test.js:124:3)
      at Object.describe (test/regression/process-non-ai.test.js:117:1)

FAIL test/unit/services/validators/packing-list-column-validator.test.js
  ÔùÅ validatePackingListByIndexAndType ÔÇ║ valid data

    expect(received).toBeTruthy()

    Received: undefined

    [0m [90m 27 |[39m       packingListValidator[33m.[39mvalidatePackingLi
stByIndexAndType(packingList)[33m;[39m
     [90m 28 |[39m
    [31m[1m>[22m[39m[90m 29 |[39m     
expect(result[33m.[39mhasAllFields)[33m.[39mtoBeTruthy()[33m;[39m
     [90m    |[39m                                 [31m[1m^[22m[39m
     [90m 30 |[39m     expect(result[33m.[39mmissingIdentifier[33m.[39mle
ngth)[33m.[39mtoBe([35m0[39m)[33m;[39m
     [90m 31 |[39m     expect(result[33m.[39minvalidProductCodes[33m.[39m
length)[33m.[39mtoBe([35m0[39m)[33m;[39m
     [90m 32 |[39m     expect(result[33m.[39mmissingDescription[33m.[39ml
ength)[33m.[39mtoBe([35m0[39m)[33m;[39m[0m

      at Object.toBeTruthy 
(test/unit/services/validators/packing-list-column-validator.test.js:29:33)

  ÔùÅ validatePackingListByIndexAndType ÔÇ║ missing remos number

    TypeError: Cannot read properties of undefined (reading 'length')

    [0m [90m 65 |[39m
     [90m 66 |[39m     
expect(result[33m.[39mhasAllFields)[33m.[39mtoBeFalsy()[33m;[39m
    [31m[1m>[22m[39m[90m 67 |[39m     expect(result[33m.[39mmissingIden
tifier[33m.[39mlength)[33m.[39mtoBe([35m0[39m)[33m;[39m
     [90m    |[39m                                     [31m[1m^[22m[39m
     [90m 68 |[39m     expect(result[33m.[39minvalidProductCodes[33m.[39m
length)[33m.[39mtoBe([35m0[39m)[33m;[39m
     [90m 69 |[39m     expect(result[33m.[39mmissingDescription[33m.[39ml
ength)[33m.[39mtoBe([35m0[39m)[33m;[39m
     [90m 70 |[39m     expect(result[33m.[39mmissingPackages[33m.[39mleng
th)[33m.[39mtoBe([35m0[39m)[33m;[39m[0m

      at Object.length 
(test/unit/services/validators/packing-list-column-validator.test.js:67:37)

  ÔùÅ validatePackingListByIndexAndType ÔÇ║ missing commodity code

    TypeError: Cannot read properties of undefined (reading 'length')

    [0m [90m 105 |[39m
     [90m 106 |[39m     
expect(result[33m.[39mhasAllFields)[33m.[39mtoBeFalsy()[33m;[39m
    [31m[1m>[22m[39m[90m 107 |[39m     expect(result[33m.[39mmissingIde
ntifier[33m.[39mlength)[33m.[39mtoBe([35m1[39m)[33m;[39m
     [90m     |[39m                                     [31m[1m^[22m[39m
     [90m 108 |[39m     expect(result[33m.[39minvalidProductCodes[33m.[39
mlength)[33m.[39mtoBe([35m0[39m)[33m;[39m
     [90m 109 |[39m     expect(result[33m.[39mmissingDescription[33m.[39m
length)[33m.[39mtoBe([35m0[39m)[33m;[39m
     [90m 110 |[39m     expect(result[33m.[39mmissingPackages[33m.[39mlen
gth)[33m.[39mtoBe([35m0[39m)[33m;[39m[0m

      at Object.length 
(test/unit/services/validators/packing-list-column-validator.test.js:107:37)

  ÔùÅ validatePackingListByIndexAndType ÔÇ║ missing treatment type

    TypeError: Cannot read properties of undefined (reading 'length')

    [0m [90m 145 |[39m
     [90m 146 |[39m     
expect(result[33m.[39mhasAllFields)[33m.[39mtoBeFalsy()[33m;[39m
    [31m[1m>[22m[39m[90m 147 |[39m     expect(result[33m.[39mmissingIde
ntifier[33m.[39mlength)[33m.[39mtoBe([35m1[39m)[33m;[39m
     [90m     |[39m                                     [31m[1m^[22m[39m
     [90m 148 |[39m     expect(result[33m.[39minvalidProductCodes[33m.[39
mlength)[33m.[39mtoBe([35m0[39m)[33m;[39m
     [90m 149 |[39m     expect(result[33m.[39mmissingDescription[33m.[39m
length)[33m.[39mtoBe([35m0[39m)[33m;[39m
     [90m 150 |[39m     expect(result[33m.[39mmissingPackages[33m.[39mlen
gth)[33m.[39mtoBe([35m0[39m)[33m;[39m[0m

      at Object.length 
(test/unit/services/validators/packing-list-column-validator.test.js:147:37)

  ÔùÅ validatePackingListByIndexAndType ÔÇ║ missing nature of products

    TypeError: Cannot read properties of undefined (reading 'length')

    [0m [90m 185 |[39m
     [90m 186 |[39m     
expect(result[33m.[39mhasAllFields)[33m.[39mtoBeFalsy()[33m;[39m
    [31m[1m>[22m[39m[90m 187 |[39m     expect(result[33m.[39mmissingIde
ntifier[33m.[39mlength)[33m.[39mtoBe([35m1[39m)[33m;[39m
     [90m     |[39m                                     [31m[1m^[22m[39m
     [90m 188 |[39m     expect(result[33m.[39minvalidProductCodes[33m.[39
mlength)[33m.[39mtoBe([35m0[39m)[33m;[39m
     [90m 189 |[39m     expect(result[33m.[39mmissingDescription[33m.[39m
length)[33m.[39mtoBe([35m0[39m)[33m;[39m
     [90m 190 |[39m     expect(result[33m.[39mmissingPackages[33m.[39mlen
gth)[33m.[39mtoBe([35m0[39m)[33m;[39m[0m

      at Object.length 
(test/unit/services/validators/packing-list-column-validator.test.js:187:37)

  ÔùÅ validatePackingListByIndexAndType ÔÇ║ missing description

    TypeError: Cannot read properties of undefined (reading 'length')

    [0m [90m 225 |[39m
     [90m 226 |[39m     
expect(result[33m.[39mhasAllFields)[33m.[39mtoBeFalsy()[33m;[39m
    [31m[1m>[22m[39m[90m 227 |[39m     expect(result[33m.[39mmissingIde
ntifier[33m.[39mlength)[33m.[39mtoBe([35m0[39m)[33m;[39m
     [90m     |[39m                                     [31m[1m^[22m[39m
     [90m 228 |[39m     expect(result[33m.[39minvalidProductCodes[33m.[39
mlength)[33m.[39mtoBe([35m0[39m)[33m;[39m
     [90m 229 |[39m     expect(result[33m.[39mmissingDescription[33m.[39m
length)[33m.[39mtoBe([35m1[39m)[33m;[39m
     [90m 230 |[39m     expect(result[33m.[39mmissingPackages[33m.[39mlen
gth)[33m.[39mtoBe([35m0[39m)[33m;[39m[0m

      at Object.length 
(test/unit/services/validators/packing-list-column-validator.test.js:227:37)

  ÔùÅ validatePackingListByIndexAndType ÔÇ║ missing packages

    TypeError: Cannot read properties of undefined (reading 'length')

    [0m [90m 265 |[39m
     [90m 266 |[39m     
expect(result[33m.[39mhasAllFields)[33m.[39mtoBeFalsy()[33m;[39m
    [31m[1m>[22m[39m[90m 267 |[39m     expect(result[33m.[39mmissingIde
ntifier[33m.[39mlength)[33m.[39mtoBe([35m0[39m)[33m;[39m
     [90m     |[39m                                     [31m[1m^[22m[39m
     [90m 268 |[39m     expect(result[33m.[39minvalidProductCodes[33m.[39
mlength)[33m.[39mtoBe([35m0[39m)[33m;[39m
     [90m 269 |[39m     expect(result[33m.[39mmissingDescription[33m.[39m
length)[33m.[39mtoBe([35m0[39m)[33m;[39m
     [90m 270 |[39m     expect(result[33m.[39mmissingPackages[33m.[39mlen
gth)[33m.[39mtoBe([35m1[39m)[33m;[39m[0m

      at Object.length 
(test/unit/services/validators/packing-list-column-validator.test.js:267:37)

  ÔùÅ validatePackingListByIndexAndType ÔÇ║ missing net weight

    TypeError: Cannot read properties of undefined (reading 'length')

    [0m [90m 305 |[39m
     [90m 306 |[39m     
expect(result[33m.[39mhasAllFields)[33m.[39mtoBeFalsy()[33m;[39m
    [31m[1m>[22m[39m[90m 307 |[39m     expect(result[33m.[39mmissingIde
ntifier[33m.[39mlength)[33m.[39mtoBe([35m0[39m)[33m;[39m
     [90m     |[39m                                     [31m[1m^[22m[39m
     [90m 308 |[39m     expect(result[33m.[39minvalidProductCodes[33m.[39
mlength)[33m.[39mtoBe([35m0[39m)[33m;[39m
     [90m 309 |[39m     expect(result[33m.[39mmissingDescription[33m.[39m
length)[33m.[39mtoBe([35m0[39m)[33m;[39m
     [90m 310 |[39m     expect(result[33m.[39mmissingPackages[33m.[39mlen
gth)[33m.[39mtoBe([35m0[39m)[33m;[39m[0m

      at Object.length 
(test/unit/services/validators/packing-list-column-validator.test.js:307:37)

  ÔùÅ validatePackingListByIndexAndType ÔÇ║ missing net weight unit

    TypeError: Cannot read properties of undefined (reading 'length')

    [0m [90m 345 |[39m
     [90m 346 |[39m     
expect(result[33m.[39mhasAllFields)[33m.[39mtoBeFalsy()[33m;[39m
    [31m[1m>[22m[39m[90m 347 |[39m     expect(result[33m.[39mmissingIde
ntifier[33m.[39mlength)[33m.[39mtoBe([35m0[39m)[33m;[39m
     [90m     |[39m                                     [31m[1m^[22m[39m
     [90m 348 |[39m     expect(result[33m.[39minvalidProductCodes[33m.[39
mlength)[33m.[39mtoBe([35m0[39m)[33m;[39m
     [90m 349 |[39m     expect(result[33m.[39mmissingDescription[33m.[39m
length)[33m.[39mtoBe([35m0[39m)[33m;[39m
     [90m 350 |[39m     expect(result[33m.[39mmissingPackages[33m.[39mlen
gth)[33m.[39mtoBe([35m0[39m)[33m;[39m[0m

      at Object.length 
(test/unit/services/validators/packing-list-column-validator.test.js:347:37)

  ÔùÅ validatePackingListByIndexAndType ÔÇ║ invalid packages

    TypeError: Cannot read properties of undefined (reading 'length')

    [0m [90m 384 |[39m
     [90m 385 |[39m     
expect(result[33m.[39mhasAllFields)[33m.[39mtoBeFalsy()[33m;[39m
    [31m[1m>[22m[39m[90m 386 |[39m     expect(result[33m.[39minvalidPro
ductCodes[33m.[39mlength)[33m.[39mtoBe([35m0[39m)[33m;[39m
     [90m     |[39m                                       
[31m[1m^[22m[39m
     [90m 387 |[39m     expect(result[33m.[39mmissingIdentifier[33m.[39ml
ength)[33m.[39mtoBe([35m0[39m)[33m;[39m
     [90m 388 |[39m     expect(result[33m.[39mmissingDescription[33m.[39m
length)[33m.[39mtoBe([35m0[39m)[33m;[39m
     [90m 389 |[39m     expect(result[33m.[39mmissingPackages[33m.[39mlen
gth)[33m.[39mtoBe([35m0[39m)[33m;[39m[0m

      at Object.length 
(test/unit/services/validators/packing-list-column-validator.test.js:386:39)

  ÔùÅ validatePackingListByIndexAndType ÔÇ║ invalid net weight

    TypeError: Cannot read properties of undefined (reading 'length')

    [0m [90m 424 |[39m
     [90m 425 |[39m     
expect(result[33m.[39mhasAllFields)[33m.[39mtoBeFalsy()[33m;[39m
    [31m[1m>[22m[39m[90m 426 |[39m     expect(result[33m.[39minvalidPro
ductCodes[33m.[39mlength)[33m.[39mtoBe([35m0[39m)[33m;[39m
     [90m     |[39m                                       
[31m[1m^[22m[39m
     [90m 427 |[39m     expect(result[33m.[39mmissingIdentifier[33m.[39ml
ength)[33m.[39mtoBe([35m0[39m)[33m;[39m
     [90m 428 |[39m     expect(result[33m.[39mmissingDescription[33m.[39m
length)[33m.[39mtoBe([35m0[39m)[33m;[39m
     [90m 429 |[39m     expect(result[33m.[39mmissingPackages[33m.[39mlen
gth)[33m.[39mtoBe([35m0[39m)[33m;[39m[0m

      at Object.length 
(test/unit/services/validators/packing-list-column-validator.test.js:426:39)

  ÔùÅ validatePackingListByIndexAndType ÔÇ║ multiple failures

    TypeError: Cannot read properties of undefined (reading 'length')

    [0m [90m 488 |[39m
     [90m 489 |[39m     
expect(result[33m.[39mhasAllFields)[33m.[39mtoBeFalsy()[33m;[39m
    [31m[1m>[22m[39m[90m 490 |[39m     expect(result[33m.[39mmissingIde
ntifier[33m.[39mlength)[33m.[39mtoBe([35m1[39m)[33m;[39m
     [90m     |[39m                                     [31m[1m^[22m[39m
     [90m 491 |[39m     expect(result[33m.[39minvalidProductCodes[33m.[39
mlength)[33m.[39mtoBe([35m1[39m)[33m;[39m
     [90m 492 |[39m     expect(result[33m.[39mmissingDescription[33m.[39m
length)[33m.[39mtoBe([35m0[39m)[33m;[39m
     [90m 493 |[39m     expect(result[33m.[39mmissingPackages[33m.[39mlen
gth)[33m.[39mtoBe([35m0[39m)[33m;[39m[0m

      at Object.length 
(test/unit/services/validators/packing-list-column-validator.test.js:490:37)

FAIL test/unit/services/parser-service/giovanni/model1.test.js
  ÔùÅ GIOVANNI1 CoO Validation Tests - Type 4 ÔÇ║ BAC9: Prohibited items 
validation without treatment type

    TypeError: Cannot read properties of undefined (reading 'failure_reasons')

    [0m [90m 154 |[39m       filename[33m,[39m
     [90m 155 |[39m     )[33m;[39m
    [31m[1m>[22m[39m[90m 156 |[39m     expect(result[33m.[39mbusiness_c
hecks[33m.[39mfailure_reasons)[33m.[39mtoContain(
     [90m     |[39m                                   [31m[1m^[22m[39m
     [90m 157 |[39m       [32m"Prohibited item identified on the packing 
list"[39m[33m,[39m
     [90m 158 |[39m     )[33m;[39m
     [90m 159 |[39m     expect(result[33m.[39mbusiness_checks[33m.[39mall
_required_fields_present)[33m.[39mtoBe([36mfalse[39m)[33m;[39m[0m

      at Object.failure_reasons 
(test/unit/services/parser-service/giovanni/model1.test.js:156:35)

FAIL test/unit/services/parser-service/turners/model1.test.js
  ÔùÅ matchesTurnersModel1 ÔÇ║ matches valid TURNERS Model 1 file, calls 
parser and returns all_required_fields_present as false for prohibited items

    expect(received).toMatchObject(expected)

    Matcher error: expected value must be a non-null object

    Expected has value: undefined

    [0m [90m 123 |[39m     )[33m;[39m
     [90m 124 |[39m
    [31m[1m>[22m[39m[90m 125 |[39m     expect(result)[33m.[39mtoMatchOb
ject(test_results[33m.[39mprohibitedItemsTestResult)[33m;[39m
     [90m     |[39m                    [31m[1m^[22m[39m
     [90m 126 |[39m   })[33m;[39m
     [90m 127 |[39m })[33m;[39m
     [90m 128 |[39m[0m

      at Object.toMatchObject 
(test/unit/services/parser-service/turners/model1.test.js:125:20)

FAIL test/unit/services/parser-service/buffaload-logistics/model1.test.js
  ÔùÅ BUFFALOAD1 CoO Validation Tests ÔÇ║ Item Present on Prohibited Item List 
(Treatment Type specified) - validation errors

    TypeError: Cannot read properties of undefined (reading 
'all_required_fields_present')

    [0m [90m 193 |[39m     )[33m;[39m
     [90m 194 |[39m
    [31m[1m>[22m[39m[90m 195 |[39m     expect(result[33m.[39mbusiness_c
hecks[33m.[39mall_required_fields_present)[33m.[39mtoBe([36mfalse[39m)[3
3m;[39m
     [90m     |[39m                                   [31m[1m^[22m[39m
     [90m 196 |[39m     expect(result[33m.[39mbusiness_checks[33m.[39mfai
lure_reasons)[33m.[39mtoBe(
     [90m 197 |[39m       failureReasons[33m.[39m[33mPROHIBITED_ITEM[39m 
[33m+[39m [32m' in sheet "Tabelle1" row 3.\n'[39m[33m,[39m
     [90m 198 |[39m     )[33m;[39m[0m

      at Object.all_required_fields_present 
(test/unit/services/parser-service/buffaload-logistics/model1.test.js:195:35)

  ÔùÅ BUFFALOAD1 CoO Validation Tests ÔÇ║ Item Present on Prohibited Item List 
(Treatment Type specified) - validation errors

    TypeError: Cannot read properties of undefined (reading 
'all_required_fields_present')

    [0m [90m 205 |[39m     )[33m;[39m
     [90m 206 |[39m
    [31m[1m>[22m[39m[90m 207 |[39m     expect(result[33m.[39mbusiness_c
hecks[33m.[39mall_required_fields_present)[33m.[39mtoBe([36mfalse[39m)[3
3m;[39m
     [90m     |[39m                                   [31m[1m^[22m[39m
     [90m 208 |[39m     expect(result[33m.[39mbusiness_checks[33m.[39mfai
lure_reasons)[33m.[39mtoBe(
     [90m 209 |[39m       failureReasons[33m.[39m[33mPROHIBITED_ITEM[39m 
[33m+[39m
     [90m 210 |[39m         [32m' in sheet "Tabelle1" row 3, sheet 
"Tabelle1" row 4, sheet "Tabelle1" row 5 in addition to 1 other 
locations.\n'[39m[33m,[39m[0m

      at Object.all_required_fields_present 
(test/unit/services/parser-service/buffaload-logistics/model1.test.js:207:35)

  ÔùÅ BUFFALOAD1 CoO Validation Tests ÔÇ║ Item Present on Prohibited Item List 
(no Treatment Type specified) - validation errors

    TypeError: Cannot read properties of undefined (reading 
'all_required_fields_present')

    [0m [90m 218 |[39m     )[33m;[39m
     [90m 219 |[39m
    [31m[1m>[22m[39m[90m 220 |[39m     expect(result[33m.[39mbusiness_c
hecks[33m.[39mall_required_fields_present)[33m.[39mtoBe([36mfalse[39m)[3
3m;[39m
     [90m     |[39m                                   [31m[1m^[22m[39m
     [90m 221 |[39m     expect(result[33m.[39mbusiness_checks[33m.[39mfai
lure_reasons)[33m.[39mtoBe(
     [90m 222 |[39m       failureReasons[33m.[39m[33mPROHIBITED_ITEM[39m 
[33m+[39m [32m' in sheet "Tabelle1" row 3.\n'[39m[33m,[39m
     [90m 223 |[39m     )[33m;[39m[0m

      at Object.all_required_fields_present 
(test/unit/services/parser-service/buffaload-logistics/model1.test.js:220:35)

  ÔùÅ BUFFALOAD1 CoO Validation Tests ÔÇ║ Item Present on Prohibited Item List 
(no Treatment Type specified) - validation errors

    TypeError: Cannot read properties of undefined (reading 
'all_required_fields_present')

    [0m [90m 230 |[39m     )[33m;[39m
     [90m 231 |[39m
    [31m[1m>[22m[39m[90m 232 |[39m     expect(result[33m.[39mbusiness_c
hecks[33m.[39mall_required_fields_present)[33m.[39mtoBe([36mfalse[39m)[3
3m;[39m
     [90m     |[39m                                   [31m[1m^[22m[39m
     [90m 233 |[39m     expect(result[33m.[39mbusiness_checks[33m.[39mfai
lure_reasons)[33m.[39mtoBe(
     [90m 234 |[39m       failureReasons[33m.[39m[33mPROHIBITED_ITEM[39m 
[33m+[39m
     [90m 235 |[39m         [32m' in sheet "Tabelle1" row 3, sheet 
"Tabelle1" row 4, sheet "Tabelle1" row 5 in addition to 1 other 
locations.\n'[39m[33m,[39m[0m

      at Object.all_required_fields_present 
(test/unit/services/parser-service/buffaload-logistics/model1.test.js:232:35)

FAIL test/unit/services/parser-service/nisa/model1.test.js
  ÔùÅ findParser ÔÇ║ matches valid NISA Model 1 file, calls parser and returns 
all_required_fields_present as false for prohibited items

    TypeError: Cannot read properties of undefined (reading 'failure_reasons')

    [0m [90m 119 |[39m     )[33m;[39m
     [90m 120 |[39m
    [31m[1m>[22m[39m[90m 121 |[39m     expect(result[33m.[39mbusiness_c
hecks[33m.[39mfailure_reasons)[33m.[39mtoBe(
     [90m     |[39m                                   [31m[1m^[22m[39m
     [90m 122 |[39m       failureReasons[33m.[39m[33mPROHIBITED_ITEM[39m 
[33m+[39m
     [90m 123 |[39m         [32m' in sheet "Customer Order" row 2 and sheet 
"Customer Order" row 4.\n'[39m[33m,[39m
     [90m 124 |[39m     )[33m;[39m[0m

      at Object.failure_reasons 
(test/unit/services/parser-service/nisa/model1.test.js:121:35)

FAIL test/unit/services/parser-service/tjmorris/model2.test.js
  ÔùÅ matchesTJMorrisModel2 ÔÇ║ matches valid TJMorris Model 2 file, calls 
parser and returns all_required_fields_present as false for prohibited items

    TypeError: Cannot read properties of undefined (reading 'failure_reasons')

    [0m [90m 119 |[39m     )[33m;[39m
     [90m 120 |[39m
    [31m[1m>[22m[39m[90m 121 |[39m     expect(result[33m.[39mbusiness_c
hecks[33m.[39mfailure_reasons)[33m.[39mtoBe(
     [90m     |[39m                                   [31m[1m^[22m[39m
     [90m 122 |[39m       failureReasons[33m.[39m[33mPROHIBITED_ITEM[39m 
[33m+[39m
     [90m 123 |[39m         [32m' in sheet "Sheet1" row 2 and sheet 
"Sheet1" row 4.\n'[39m[33m,[39m
     [90m 124 |[39m     )[33m;[39m[0m

      at Object.failure_reasons 
(test/unit/services/parser-service/tjmorris/model2.test.js:121:35)

FAIL test/unit/services/parser-service/cds/model2.test.js
  ÔùÅ matchesCdsModel2_CoOValidation ÔÇ║ matches valid CDS Model 2 file with 
items not on prohibited list

    expect(received).toMatchObject(expected)

    Matcher error: expected value must be a non-null object

    Expected has value: undefined

    [0m [90m 139 |[39m       filename[33m,[39m
     [90m 140 |[39m     )[33m;[39m
    [31m[1m>[22m[39m[90m 141 |[39m     
expect(result)[33m.[39mtoMatchObject(
     [90m     |[39m                    [31m[1m^[22m[39m
     [90m 142 |[39m       
test_results[33m.[39mvalidTestResultNotOnProhibitedItemsList[33m,[39m
     [90m 143 |[39m     )[33m;[39m
     [90m 144 |[39m   })[33m;[39m[0m

      at Object.toMatchObject 
(test/unit/services/parser-service/cds/model2.test.js:141:20)

  ÔùÅ matchesCdsModel2_CoOValidation ÔÇ║ matches CDS Model 2 file with items 
on prohibited list and returns validation errors

    expect(received).toMatchObject(expected)

    Matcher error: expected value must be a non-null object

    Expected has value: undefined

    [0m [90m 149 |[39m       filename[33m,[39m
     [90m 150 |[39m     )[33m;[39m
    [31m[1m>[22m[39m[90m 151 |[39m     
expect(result)[33m.[39mtoMatchObject(
     [90m     |[39m                    [31m[1m^[22m[39m
     [90m 152 |[39m       
test_results[33m.[39mvalidTestResultOnProhibitedItemsList[33m,[39m
     [90m 153 |[39m     )[33m;[39m
     [90m 154 |[39m   })[33m;[39m[0m

      at Object.toMatchObject 
(test/unit/services/parser-service/cds/model2.test.js:151:20)

  ÔùÅ matchesCdsModel2_CoOValidation ÔÇ║ matches CDS Model 2 file with 
multiple prohibited items (more than 3) with no treatment type and returns 
validation errors

    expect(received).toMatchObject(expected)

    Matcher error: expected value must be a non-null object

    Expected has value: undefined

    [0m [90m 159 |[39m       filename[33m,[39m
     [90m 160 |[39m     )[33m;[39m
    [31m[1m>[22m[39m[90m 161 |[39m     
expect(result)[33m.[39mtoMatchObject(
     [90m     |[39m                    [31m[1m^[22m[39m
     [90m 162 |[39m       test_results[33m.[39mvalidTestResultMultipleProhi
bitedItemsList_NoTreatmentType[33m,[39m
     [90m 163 |[39m     )[33m;[39m
     [90m 164 |[39m   })[33m;[39m[0m

      at Object.toMatchObject 
(test/unit/services/parser-service/cds/model2.test.js:161:20)

  ÔùÅ matchesCdsModel2_CoOValidation ÔÇ║ matches CDS Model 2 file with 
multiple prohibited items (more than 3) with treatment type and returns 
validation errors

    expect(received).toMatchObject(expected)

    Matcher error: expected value must be a non-null object

    Expected has value: undefined

    [0m [90m 169 |[39m       filename[33m,[39m
     [90m 170 |[39m     )[33m;[39m
    [31m[1m>[22m[39m[90m 171 |[39m     
expect(result)[33m.[39mtoMatchObject(
     [90m     |[39m                    [31m[1m^[22m[39m
     [90m 172 |[39m       test_results[33m.[39mvalidTestResultMultipleProhi
bitedItemsListMoreThan3_TreatmentType[33m,[39m
     [90m 173 |[39m     )[33m;[39m
     [90m 174 |[39m   })[33m;[39m[0m

      at Object.toMatchObject 
(test/unit/services/parser-service/cds/model2.test.js:171:20)

FAIL test/unit/services/parser-service/davenport/model2.test.js
  ÔùÅ matchesDavenportModel2 ÔÇ║ matches valid Davenport Model 2 file, calls 
parser and returns all_required_fields_present as false for prohibited items

    TypeError: Cannot read properties of undefined (reading 'failure_reasons')

    [0m [90m 137 |[39m     )[33m;[39m
     [90m 138 |[39m
    [31m[1m>[22m[39m[90m 139 |[39m     expect(result[33m.[39mbusiness_c
hecks[33m.[39mfailure_reasons)[33m.[39mtoBe(
     [90m     |[39m                                   [31m[1m^[22m[39m
     [90m 140 |[39m       failureReasons[33m.[39m[33mPROHIBITED_ITEM[39m 
[33m+[39m
     [90m 141 |[39m         [32m' in sheet "Revised" row 3 and sheet 
"Revised" row 4.\n'[39m[33m,[39m
     [90m 142 |[39m     )[33m;[39m[0m

      at Object.failure_reasons 
(test/unit/services/parser-service/davenport/model2.test.js:139:35)

FAIL test/unit/services/parser-service/sainsburys/model1.test.js
  ÔùÅ matchesSainsburysModel1 ÔÇ║ matches valid Sainsburys Model 1 file, calls 
parser and returns all_required_fields_present as false for prohibited items

    TypeError: Cannot read properties of undefined (reading 'failure_reasons')

    [0m [90m 120 |[39m     )[33m;[39m
     [90m 121 |[39m
    [31m[1m>[22m[39m[90m 122 |[39m     expect(result[33m.[39mbusiness_c
hecks[33m.[39mfailure_reasons)[33m.[39mtoBe(
     [90m     |[39m                                   [31m[1m^[22m[39m
     [90m 123 |[39m       failureReasons[33m.[39m[33mPROHIBITED_ITEM[39m 
[33m+[39m
     [90m 124 |[39m         [32m' in sheet "Sheet1" row 2 and sheet 
"Sheet1" row 4.\n'[39m[33m,[39m
     [90m 125 |[39m     )[33m;[39m[0m

      at Object.failure_reasons 
(test/unit/services/parser-service/sainsburys/model1.test.js:122:35)

FAIL test/unit/services/parser-service/co-op/model1.test.js
  ÔùÅ matchesCoopModel1 ÔÇ║ matches valid Co-op Model 1 file, calls parser and 
returns all_required_fields_present as false for prohibited items

    TypeError: Cannot read properties of undefined (reading 'failure_reasons')

    [0m [90m 120 |[39m     )[33m;[39m
     [90m 121 |[39m
    [31m[1m>[22m[39m[90m 122 |[39m     expect(result[33m.[39mbusiness_c
hecks[33m.[39mfailure_reasons)[33m.[39mtoBe(
     [90m     |[39m                                   [31m[1m^[22m[39m
     [90m 123 |[39m       failureReasons[33m.[39m[33mPROHIBITED_ITEM[39m 
[33m+[39m
     [90m 124 |[39m         [32m' in sheet "Input Packing Sheet" row 2 and 
sheet "Input Packing Sheet" row 4.\n'[39m[33m,[39m
     [90m 125 |[39m     )[33m;[39m[0m

      at Object.failure_reasons 
(test/unit/services/parser-service/co-op/model1.test.js:122:35)

FAIL test/unit/services/parser-service/savers/model1.test.js
  ÔùÅ matchesSaversModel1 ÔÇ║ matches valid SAVERS Model 1 file, calls parser 
and returns all_required_fields_present as false for prohibited items

    TypeError: Cannot read properties of undefined (reading 'failure_reasons')

    [0m [90m 120 |[39m     )[33m;[39m
     [90m 121 |[39m
    [31m[1m>[22m[39m[90m 122 |[39m     expect(result[33m.[39mbusiness_c
hecks[33m.[39mfailure_reasons)[33m.[39mtoBe(
     [90m     |[39m                                   [31m[1m^[22m[39m
     [90m 123 |[39m       failureReasons[33m.[39m[33mPROHIBITED_ITEM[39m 
[33m+[39m
     [90m 124 |[39m         [32m' in sheet "(DO NOT SORT) Packing List" row 
6.\n'[39m[33m,[39m
     [90m 125 |[39m     )[33m;[39m[0m

      at Object.failure_reasons 
(test/unit/services/parser-service/savers/model1.test.js:122:35)

FAIL test/unit/services/parser-service/tescos/model3.test.js
  ÔùÅ matchesTescosModel3 ÔÇ║ matches valid Tesco Model 3 file, calls parser 
and returns all_required_fields_present as false for prohibited items

    TypeError: Cannot read properties of undefined (reading 'failure_reasons')

    [0m [90m 118 |[39m     )[33m;[39m
     [90m 119 |[39m
    [31m[1m>[22m[39m[90m 120 |[39m     expect(result[33m.[39mbusiness_c
hecks[33m.[39mfailure_reasons)[33m.[39mtoBe(
     [90m     |[39m                                   [31m[1m^[22m[39m
     [90m 121 |[39m       failureReasons[33m.[39m[33mPROHIBITED_ITEM[39m 
[33m+[39m [32m' in sheet "Input Data Sheet" row 6.\n'[39m[33m,[39m
     [90m 122 |[39m     )[33m;[39m
     [90m 123 |[39m   })[33m;[39m[0m

      at Object.failure_reasons 
(test/unit/services/parser-service/tescos/model3.test.js:120:35)

FAIL test/unit/services/parser-service/mands/model1.test.js
  ÔùÅ findParser ÔÇ║ matches valid MandS Model 1 file, calls parser and 
returns all_required_fields_present as false for prohibited items

    expect(received).toBe(expected) // Object.is equality

    Expected: "Prohibited item identified on the packing list in page 1 row 1 
and page 1 row 3.
    "
    Received: null

    [0m [90m 258 |[39m     )[33m;[39m
     [90m 259 |[39m
    [31m[1m>[22m[39m[90m 260 |[39m     expect(result[33m.[39mbusiness_c
hecks[33m.[39mfailure_reasons)[33m.[39mtoBe(
     [90m     |[39m                                                    
[31m[1m^[22m[39m
     [90m 261 |[39m       
failureReasonsDescriptions[33m.[39m[33mPROHIBITED_ITEM[39m [33m+[39m
     [90m 262 |[39m         [32m" in page 1 row 1 and page 1 row 
3.\n"[39m[33m,[39m
     [90m 263 |[39m     )[33m;[39m[0m

      at Object.toBe 
(test/unit/services/parser-service/mands/model1.test.js:260:52)


Test Suites: 14 failed, 154 passed, 168 total
Tests:       31 failed, 2 skipped, 1237 passed, 1270 total
Snapshots:   0 total
Time:        121.576 s
Ran all test suites.
Force exiting Jest: Have you considered using `--detectOpenHandles` to detect 
async operations that kept running after all tests finished?
